Script started on 2026-01-29 13:13:30+01:00 [TERM="xterm-256color" TTY="/dev/pts/0" COLUMNS="56" LINES="10"]
ITINF25/lektion3
$ 
ITINF25/lektion3
$ ITINF25/lektion3
$ ls
disk1.qcow2	 OVMF_VARS_4M.fd.bak
disk2.qcow2	 OVMF_VARS_4M.qcow2
emu		 recordings
emu-ignored	 tiny.iso
OVMF_VARS_4M.fd  ubuntu-24.04.3-desktop-amd64.iso
ITINF25/lektion3
$ cp ~/Dropbox/c8/iso/archlinux-2026.01.01-x86_64.iso /
cp: cannot create regular file '/archlinux-2026.01.01-x86_64.iso': Permission denied
ITINF25/lektion3
$ cp ~/Dropbox/c8/iso/archlinux-2026.01.01-x86_64.iso .
ITINF25/lektion3
$ ITINF25/lektion3
$ lls
bash: lls: command not found
ITINF25/lektion3
$ ITINF25/lektion3
$ ls
archlinux-2026.01.01-x86_64.iso
disk1.qcow2
disk2.qcow2
emu
emu-total-ignored
OVMF_VARS_4M.fd
OVMF_VARS_4M.fd.bak
OVMF_VARS_4M.qcow2
recordings
tiny.iso
ubuntu-24.04.3-desktop-amd64.iso
ITINF25/lektion3
$ .
rm OV
MF_VARS_4M.* tiny.iso disk
1.qcow2 disk
2.qcow2 
ITINF25/lektion3
$ ITINF25/lektion3
$ ls
archlinux-2026.01.01-x86_64.iso
emu
emu-total-ignored
recordings
ubuntu-24.04.3-desktop-amd64.iso
ITINF25/lektion3
$ tocuhuch ITINF25/lektion3
$ touch s
ITINF25/lektion3
$ chmod +_x s
ITINF25/lektion3
$ ITINF25/lektion3
$ nano s 
>ITINF25/lektion3e: s [ Writing... ] [ Wrote 2 lines ]        s                         
$ nano s 
>ITINF25/lektion3e: s [ Writing... ] [ Wrote 4 lines ]        s                         
$ ./sITINF25/lektion3
$ ./s
./s
ITINF25/lektion3
$ ./
$ pwdITINF25/lektion3
$ pwd
/shared/kent/Documents/nackademin/linux2/l2-live/ITINF25/lektion3
ITINF25/lektion3
$ /shared/kent/Documents/nackademin/linux2/l2-live/ITINF25/lektion3
/shared/kent/Documents/nackademin/linux2/l2-live/ITINF25/lektion3/s
/shared/kent/Documents/nackademin/linux2/l2-live/ITINF25/lektion3/s
ITINF25/lektion3
$ ITINF25/lektion3
$ code s
ITINF25/lektion3
$ ./sITINF25/lektion3
$ ./s
.
ITINF25/lektion3
/shared/kent/Documents/nackademin/linux2/l2-live/ITINF25/lektion3/s
/shared/kent/Documents/nackademin/linux2/l2-live/ITINF25/lektion3
ITINF25/lektion3
$ /shared/kent/Documents/nackademin/linux2/l2-live/ITINF25/lektion3/sITINF25/lektion3
$ /shared/kent/Documents/nackademin/linux2/l2-live/ITINF25/lektion3/s
x: /shared/kent/Documents/nackademin/linux2/l2-live/ITINF25/lektion3
ITINF25/lektion3
$ ITINF25/lektion3
$ pwd
/shared/kent/Documents/nackademin/linux2/l2-live/ITINF25/lektion3
ITINF25/lektion3
./sshared/kent/Documents/nackademin/linux2/l2-live/ITINF25/lektion3/s
ITINF25/lektion3
$ ./s
SCRIPT_DIR: 
ITINF25/lektion3
$ pwd
/shared/kent/Documents/nackademin/linux2/l2-live/ITINF25/lektion3
ITINF25/lektion3
$ ITINF25/lektion3
$ echo 'DETTA "RÄR DATA > data.txt
ITINF25/lektion3
$ ./s ITINF25/lektion3
$ ./s 
DETTA ÄR DATA
SCRIPT_DIR: /shared/kent/Documents/nackademin/linux2/l2-live/ITINF25/lektion3
ITINF25/lektion3
$ mv s script_dir
ITINF25/lektion3
$ ITINF25/lektion3
$ ls
archlinux-2026.01.01-x86_64.iso
data.txt
emu
emu-total-ignored
recordings
script_dir
ubuntu-24.04.3-desktop-amd64.iso
ITINF25/lektion3
$ rm ubuntu-24.04.3-desktop-amd64.iso 
ITINF25/lektion3
$ ITINF25/lektion3
$ ls /usr/share/OVMF/
OVMF_CODE_4M.fd		  OVMF_CODE.secboot.fd
OVMF_CODE_4M.ms.fd	  OVMF_VARS_4M.fd
OVMF_CODE_4M.secboot.fd   OVMF_VARS_4M.ms.fd
OVMF_CODE_4M.snakeoil.fd  OVMF_VARS_4M.snakeoil.fd
OVMF_CODE.fd		  OVMF_VARS.fd
OVMF_CODE.ms.fd		  OVMF_VARS.ms.fd
ITINF25/lektion3
$ 
ITINF25/lektion3
$ 
ITINF25/lektion3
$ ITINF25/lektion3
$ ls archlinux-2026.01.01-x86_64.iso 
archlinux-2026.01.01-x86_64.iso
ITINF25/lektion3
$ ITINF25/lektion3
$ qem
u-img create -f qcowqcow2 disk1 30G
Formatting 'disk1', fmt=qcow2 cluster_size=65536 extended_l2=off compression_type=zlib size=32212254720 lazy_refcounts=off refcount_bits=16
ITINF25/lektion3
$ qemu-img create -f qcow2 disk1 30 302 30

Formatting 'disk2', fmt=qcow2 cluster_size=65536 extended_l2=off compression_type=zlib size=32212254720 lazy_refcounts=off refcount_bits=16
ITINF25/lektion3
$ ITINF25/lektion3
$ ./emu-total-ignored

ls
archlinux-2026.01.01-x86_64.iso  emu
data.txt			 emu-total-ignored
disk1				 recordings
disk2				 script_dir
ITINF25/lektion3
$ chmod 
chmod: missing operand
Try 'chmod --help' for more information.
ITINF25/lektion3
$ 
chmod +x em
u
ITINF25/lektion3
$ ITINF25/lektion3
$ mv em
u{,1}
ITINF25/lektion3
$ ls
archlinux-2026.01.01-x86_64.iso  emu1
data.txt			 emu-total-ignored
disk1				 recordings
disk2				 script_dir
ITINF25/lektion3
$ code em
u1
ITINF25/lektion3
$ cp /usr/share/OVMF/OVMF_VARS_4M.fd
/usr/share/OVMF/OVMF_VARS_4M.fd .
ITINF25/lektion3
$ ITINF25/lektion3
$ ls
archlinux-2026.01.01-x86_64.iso  emu-total-ignored
data.txt			 OVMF_VARS_4M.fd
disk1				 recordings
disk2				 script_dir
emu1
ITINF25/lektion3
$ ITINF25/lektion3
$ ./em
u1 
qemu-system-x86_64: -drive file=/shared/kent/Documents/nackademin/linux2/l2-live/ITINF25/lektion3/disk1.qcow2,format=qcow2: Could not open '/shared/kent/Documents/nackademin/linux2/l2-live/ITINF25/lektion3/disk1.qcow2': No such file or directory
Connect with:
socat - UNIX-CONNECT:"/shared/kent/Documents/nackademin/linux2/l2-live/ITINF25/lektion3/qemu-mon.sock"
ITINF25/lektion3
$ ITINF25/lektion3
$ ls
archlinux-2026.01.01-x86_64.iso  emu-total-ignored
data.txt			 OVMF_VARS_4M.fd
disk1				 recordings
disk2				 script_dir
emu1
ITINF25/lektion3
$ mv dis
k1{,.qcow2}
ITINF25/lektion3
$ mv disk1{,.qcow2{,.qcow22{,.qcow2
ITINF25/lektion3
$ ITINF25/lektion3
$ ls
archlinux-2026.01.01-x86_64.iso  emu-total-ignored
data.txt			 OVMF_VARS_4M.fd
disk1.qcow2			 recordings
disk2.qcow2			 script_dir
emu1
ITINF25/lektion3
./emu1 ITINF25/lektion3cow2}
$ ./emu1 
Connect with:
socat - UNIX-CONNECT:"/shared/kent/Documents/nackademin/linux2/l2-live/ITINF25/lektion3/qemu-mon.sock"
ITINF25/lektion3
$ ./emu1 ITINF25/lektion3
$ ./emu1 
Connect with:
socat - UNIX-CONNECT:"/shared/kent/Documents/nackademin/linux2/l2-live/ITINF25/lektion3/qemu-mon.sock"
ITINF25/lektion3
$ socat - UNIX-CONNECT:"/shared/kent/Documents/nackademin/linux2/l2-live/ITINF25/lektion3/qemu-mon.sock"
$ socat - UNIX-CONNECT:"/shared/kent/Documents/nackademin/linux2/l2-live/ITINF25/lektion3/qemu-mon.sock"ITINF25/lektion3
$ socat - UNIX-CONNECT:"/shared/kent/Documents/nackademin/linux2/l2-live/ITINF25/lektion3/qemu-mon.sock"
QEMU 7.2.22 monitor - type 'help' for more information
(qemu) help
hhehelhelp
announce_self [interfaces] [id] -- Trigger GARP/RARP announcements
balloon target -- request VM to change its memory allocation (in MB)
block_job_cancel [-f] device -- stop an active background block operation (use -f
			 if you want to abort the operation immediately
			 instead of keep running until data is in sync)
block_job_complete device -- stop an active background block operation
block_job_pause device -- pause an active background block operation
block_job_resume device -- resume a paused background block operation
block_job_set_speed device speed -- set maximum speed for a background block operation
block_resize device size -- resize a block image
block_set_io_throttle device bps bps_rd bps_wr iops iops_rd iops_wr -- change I/O throttle limits for a block drive
block_stream device [speed [base]] -- copy data from a backing file into a block device
boot_set bootdevice -- define new values for the boot device list
calc_dirty_rate [-r] [-b] second [sample_pages_per_GB] -- start a round of guest dirty rate measurement (using -r to
			 specify dirty ring as the method of calculation and
			 -b to specify dirty bitmap as method of calculation)
cancel_vcpu_dirty_limit [cpu_index] -- cancel dirty page rate limit, use cpu_index to cancel
					 limit on a specified virtual cpu
change device [-f] filename [format [read-only-mode]] -- change a removable medium, optional format, use -f to force the operation
chardev-add args -- add chardev
chardev-change id args -- change chardev
chardev-remove id -- remove chardev
chardev-send-break id -- send a break on chardev
client_migrate_info protocol hostname port tls-port cert-subject -- set migration information for remote display
closefd closefd name -- close a file descriptor previously passed via SCM rights
commit device|all -- commit changes to the disk images (if -snapshot is used) or backing files
cont|c  -- resume emulation
cpu index -- set the default CPU
delvm tag -- delete a VM snapshot from its tag
device_add driver[,prop=value][,...] -- add device, like -device on the command line
device_del device -- remove device
drive_add [-n] [[<domain>:]<bus>:]<slot>
[file=file][,if=type][,bus=n]
[,unit=m][,media=d][,index=i]
[,snapshot=on|off][,cache=on|off]
[,readonly=on|off][,copy-on-read=on|off] -- add drive to PCI storage controller
drive_backup [-n] [-f] [-c] device target [format] -- initiates a point-in-time
			copy for a device. The device's contents are
			copied to the new image file, excluding data that
			is written after the command is started.
			The -n flag requests QEMU to reuse the image found
			in new-image-file, instead of recreating it from scratch.
			The -f flag requests QEMU to copy the whole disk,
			so that the result does not need a backing file.
			The -c flag requests QEMU to compress backup data
			(if the target format supports it).
			
drive_del device -- remove host block device
drive_mirror [-n] [-f] device target [format] -- initiates live storage
			migration for a device. The device's contents are
			copied to the new image file, including data that
			is written after the command is started.
			The -n flag requests QEMU to reuse the image found
			in new-image-file, instead of recreating it from scratch.
			The -f flag requests QEMU to copy the whole disk,
			so that the result does not need a backing file.
			
dump-guest-memory [-p] [-d] [-z|-l|-s|-w] filename [begin length] -- dump guest memory into file 'filename'.
			-p: do paging to get guest's memory mapping.
			-d: return immediately (do not wait for completion).
			-z: dump in kdump-compressed format, with zlib compression.
			-l: dump in kdump-compressed format, with lzo compression.
			-s: dump in kdump-compressed format, with snappy compression.
			-w: dump in Windows crashdump format (can be used instead of ELF-dump converting),
			    for Windows x86 and x64 guests with vmcoreinfo driver only.
			begin: the starting physical address.
			length: the memory size, in bytes.
dumpdtb filename -- dump the FDT in dtb format to 'filename'
eject [-f] device -- eject a removable medium (use -f to force it)
exit_preconfig  -- exit the preconfig state
expire_password protocol time [-d display] -- set spice/vnc password expire-time
gdbserver [device] -- start gdbserver on given device (default 'tcp::1234'), stop with 'none'
getfd getfd name -- receive a file descriptor via SCM rights and assign it a name
gpa2hpa addr -- print the host physical address corresponding to a guest physical address
gpa2hva addr -- print the host virtual address corresponding to a guest physical address
gva2gpa addr -- print the guest physical address corresponding to a guest virtual address
help|? [cmd] -- show the help
hostfwd_add [netdev_id] [tcp|udp]:[hostaddr]:hostport-[guestaddr]:guestport -- redirect TCP or UDP connections from host to guest (requires -net user)
hostfwd_remove [netdev_id] [tcp|udp]:[hostaddr]:hostport -- remove host-to-guest TCP or UDP redirection
i /fmt addr -- I/O port read
info [subcommand] -- show various information about the system state
loadvm tag -- restore a VM snapshot from its tag
log item1[,...] -- activate logging of the specified items
logfile filename -- output logs to 'filename'
mce [-b] cpu bank status mcgstatus addr misc -- inject a MCE on the given CPU [and broadcast to other CPUs with -b option]
memsave addr size file -- save to disk virtual memory dump starting at 'addr' of size 'size'
migrate [-d] [-b] [-i] [-r] uri -- migrate to URI (using -d to not wait for completion)
			 -b for migration without shared storage with full copy of disk
			 -i for migration without shared storage with incremental copy of disk (base image shared between src and destination)
			 -r to resume a paused migration
migrate_cancel  -- cancel the current VM migration
migrate_continue state -- Continue migration from the given paused state
migrate_incoming uri -- Continue an incoming migration from an -incoming defer
migrate_pause  -- Pause an ongoing migration (postcopy-only)
migrate_recover uri -- Continue a paused incoming postcopy migration
migrate_set_capability capability state -- Enable/Disable the usage of a capability for migration
migrate_set_parameter parameter value -- Set the parameter for migration
migrate_start_postcopy  -- Followup to a migration command to switch the migration to postcopy mode. The postcopy-ram capability must be set on both source and destination before the original migration command .
mouse_button state -- change mouse button state (1=L, 2=M, 4=R)
mouse_move dx dy [dz] -- send mouse move events
mouse_set index -- set which mouse device receives events
nbd_server_add nbd_server_add [-w] device [name] -- export a block device via NBD
nbd_server_remove nbd_server_remove [-f] name -- remove an export previously exposed via NBD
nbd_server_start nbd_server_start [-a] [-w] host:port -- serve block devices on the given host and port
nbd_server_stop nbd_server_stop -- stop serving block devices using the NBD protocol
netdev_add [user|tap|socket|stream|dgram|vde|bridge|hubport|netmap|vhost-user],id=str[,prop=value][,...] -- add host network device
netdev_del id -- remove host network device
nmi  -- inject an NMI
o /fmt addr value -- I/O port write
object_add [qom-type=]type,id=str[,prop=value][,...] -- create QOM object
object_del id -- destroy QOM object
pcie_aer_inject_error [-a] [-c] id <error_status> [<tlp header> [<tlp header prefix>]] -- inject pcie aer error
			 -a for advisory non fatal error
			 -c for correctable error
			<id> = qdev device id
			<error_status> = error string or 32bit
			<tlp header> = 32bit x 4
			<tlp header prefix> = 32bit x 4
pmemsave addr size file -- save to disk physical memory dump starting at 'addr' of size 'size'
print|p /fmt expr -- print expression value (use $reg for CPU register access)
qemu-io [-d] [device] "[command]" -- run a qemu-io command on a block device
			-d: [device] is a device ID rather than a drive ID or node name
qom-get path property -- print QOM property
qom-list path -- list QOM properties
qom-set [-j] path property value -- set QOM property.
			-j: the value is specified in json format.
quit|q  -- quit the emulator
replay_break icount -- set breakpoint at the specified instruction count
replay_delete_break  -- remove replay breakpoint
replay_seek icount -- replay execution to the specified instruction count
ringbuf_read device size -- Read from a ring buffer character device
ringbuf_write device data -- Write to a ring buffer character device
savevm tag -- save a VM snapshot. If no tag is provided, a new snapshot is created
screendump filename [-f format] [device [head]] -- save screen from head 'head' of display device 'device'in specified format 'format' as image 'filename'.Currently only 'png' and 'ppm' formats are supported.
sendkey keys [hold_ms] -- send keys to the VM (e.g. 'sendkey ctrl-alt-f1', default hold time=100 ms)
set_link name on|off -- change the link status of a network adapter
set_password protocol password [-d display] [action-if-connected] -- set spice/vnc password
set_vcpu_dirty_limit dirty_rate [cpu_index] -- set dirty page rate limit, use cpu_index to set limit
					 on a specified virtual cpu
singlestep [on|off] -- run emulation in singlestep mode or switch to normal mode
snapshot_blkdev [-n] device [new-image-file] [format] -- initiates a live snapshot
			of device. If a new image file is specified, the
			new image file will become the new root image.
			If format is specified, the snapshot file will
			be created in that format.
			The default format is qcow2.  The -n flag requests QEMU
			to reuse the image found in new-image-file, instead of
			recreating it from scratch.
snapshot_blkdev_internal device name -- take an internal snapshot of device.
			The format of the image used by device must
			support it, such as qcow2.
			
snapshot_delete_blkdev_internal device name [id] -- delete an internal snapshot of device.
			If id is specified, qemu will try delete
			the snapshot matching both id and name.
			The format of the image used by device must
			support it, such as qcow2.
			
stopcapture capture index -- stop capture
stop|s  -- stop emulation
sum addr size -- compute the checksum of a memory region
sync-profile [on|off|reset] -- enable, disable or reset synchronization profiling. With no arguments, prints whether profiling is on or off.
system_powerdown  -- send system power down event
system_reset  -- reset the system
system_wakeup  -- wakeup guest from suspend
trace-event name on|off [vcpu] -- changes status of a specific trace event (vcpu: vCPU to set, default is all)
watchdog_action [reset|shutdown|poweroff|pause|debug|none] -- change watchdog action
wavcapture path audiodev [frequency [bits [channels]]] -- capture audio to a wave file (default frequency=44100 bits=16 channels=2)
x /fmt addr -- virtual memory dump starting at 'addr'
x_colo_lost_heartbeat  -- Tell COLO that heartbeat is lost,
			a failover or takeover is needed.
xp /fmt addr -- physical memory dump starting at 'addr'
(qemu) savevm gurka
ssasavsavesavevsavevmsavevm savevm gsavevm gusavevm gursavevm gurksavevm gurka
Error: Device 'pflash1' is writable but does not support snapshots
(qemu) ITINF25/lektion3
$ ITINF25/lektion3
$ ls *.fd
OVMF_VARS_4M.fd
ITINF25/lektion3
$ 
ITINF25/lektion3
$ ITINF25/lektion3
$ ls
archlinux-2026.01.01-x86_64.iso  emu-total-ignored
data.txt			 OVMF_VARS_4M.fd
disk1.qcow2			 qemu-mon.sock
disk2.qcow2			 recordings
emu1				 script_dir
emu2
ITINF25/lektion3
$ ITINF25/lektion3
$ qem
$ qemu-img 
qemu-img: Not enough arguments
Try 'qemu-img --help' for more information
ITINF25/lektion3
$ qemu-img --helpITINF25/lektion3
$ qemu-img --help
qemu-img version 7.2.22 (Debian 1:7.2+dfsg-7+deb12u18)
Copyright (c) 2003-2022 Fabrice Bellard and the QEMU Project developers
usage: qemu-img [standard options] command [command options]
QEMU disk image utility

    '-h', '--help'       display this help and exit
    '-V', '--version'    output version information and exit
    '-T', '--trace'      [[enable=]<pattern>][,events=<file>][,file=<file>]
                         specify tracing options

Command syntax:
  amend [--object objectdef] [--image-opts] [-p] [-q] [-f fmt] [-t cache] [--force] -o options filename
  bench [-c count] [-d depth] [-f fmt] [--flush-interval=flush_interval] [-i aio] [-n] [--no-drain] [-o offset] [--pattern=pattern] [-q] [-s buffer_size] [-S step_size] [-t cache] [-w] [-U] filename
  bitmap (--merge SOURCE | --add | --remove | --clear | --enable | --disable)... [-b source_file [-F source_fmt]] [-g granularity] [--object objectdef] [--image-opts | -f fmt] filename bitmap
  check [--object objectdef] [--image-opts] [-q] [-f fmt] [--output=ofmt] [-r [leaks | all]] [-T src_cache] [-U] filename
  commit [--object objectdef] [--image-opts] [-q] [-f fmt] [-t cache] [-b base] [-r rate_limit] [-d] [-p] filename
  compare [--object objectdef] [--image-opts] [-f fmt] [-F fmt] [-T src_cache] [-p] [-q] [-s] [-U] filename1 filename2
  convert [--object objectdef] [--image-opts] [--target-image-opts] [--target-is-zero] [--bitmaps] [-U] [-C] [-c] [-p] [-q] [-n] [-f fmt] [-t cache] [-T src_cache] [-O output_fmt] [-B backing_file [-F backing_fmt]] [-o options] [-l snapshot_param] [-S sparse_size] [-r rate_limit] [-m num_coroutines] [-W] [--salvage] filename [filename2 [...]] output_filename
  create [--object objectdef] [-q] [-f fmt] [-b backing_file [-F backing_fmt]] [-u] [-o options] filename [size]
  dd [--image-opts] [-U] [-f fmt] [-O output_fmt] [bs=block_size] [count=blocks] [skip=blocks] if=input of=output
  info [--object objectdef] [--image-opts] [-f fmt] [--output=ofmt] [--backing-chain] [-U] filename
  map [--object objectdef] [--image-opts] [-f fmt] [--start-offset=offset] [--max-length=len] [--output=ofmt] [-U] filename
  measure [--output=ofmt] [-O output_fmt] [-o options] [--size N | [--object objectdef] [--image-opts] [-f fmt] [-l snapshot_param] filename]
  snapshot [--object objectdef] [--image-opts] [-U] [-q] [-l | -a snapshot | -c snapshot | -d snapshot] filename
  rebase [--object objectdef] [--image-opts] [-U] [-q] [-f fmt] [-t cache] [-T src_cache] [-p] [-u] -b backing_file [-F backing_fmt] filename
  resize [--object objectdef] [--image-opts] [-f fmt] [--preallocation=prealloc] [-q] [--shrink] filename [+ | -]size

Command parameters:
  'filename' is a disk image filename
  'objectdef' is a QEMU user creatable object definition. See the qemu(1)
    manual page for a description of the object properties. The most common
    object type is a 'secret', which is used to supply passwords and/or
    encryption keys.
  'fmt' is the disk image format. It is guessed automatically in most cases
  'cache' is the cache mode used to write the output disk image, the valid
    options are: 'none', 'writeback' (default, except for convert), 'writethrough',
    'directsync' and 'unsafe' (default for convert)
  'src_cache' is the cache mode used to read input disk images, the valid
    options are the same as for the 'cache' option
  'size' is the disk image size in bytes. Optional suffixes
    'k' or 'K' (kilobyte, 1024), 'M' (megabyte, 1024k), 'G' (gigabyte, 1024M),
    'T' (terabyte, 1024G), 'P' (petabyte, 1024T) and 'E' (exabyte, 1024P)  are
    supported. 'b' is ignored.
  'output_filename' is the destination disk image filename
  'output_fmt' is the destination format
  'options' is a comma separated list of format specific options in a
    name=value format. Use -o help for an overview of the options supported by
    the used format
  'snapshot_param' is param used for internal snapshot, format
    is 'snapshot.id=[ID],snapshot.name=[NAME]', or
    '[ID_OR_NAME]'
  '-c' indicates that target image must be compressed (qcow format only)
  '-u' allows unsafe backing chains. For rebasing, it is assumed that old and
       new backing file match exactly. The image doesn't need a working
       backing file before rebasing in this case (useful for renaming the
       backing file). For image creation, allow creating without attempting
       to open the backing file.
  '-h' with or without a command shows this help and lists the supported formats
  '-p' show progress of command (only certain commands)
  '-q' use Quiet mode - do not print any output (except errors)
  '-S' indicates the consecutive number of bytes (defaults to 4k) that must
       contain only zeros for qemu-img to create a sparse image during
       conversion. If the number of bytes is 0, the source will not be scanned for
       unallocated or zero sectors, and the destination image will always be
       fully allocated
  '--output' takes the format in which the output must be done (human or json)
  '-n' skips the target volume creation (useful if the volume is created
       prior to running qemu-img)

Parameters to bitmap subcommand:
  'bitmap' is the name of the bitmap to manipulate, through one or more
       actions from '--add', '--remove', '--clear', '--enable', '--disable',
       or '--merge source'
  '-g granularity' sets the granularity for '--add' actions
  '-b source' and '-F src_fmt' tell '--merge' actions to find the source
       bitmaps from an alternative file

Parameters to check subcommand:
  '-r' tries to repair any inconsistencies that are found during the check.
       '-r leaks' repairs only cluster leaks, whereas '-r all' fixes all
       kinds of errors, with a higher risk of choosing the wrong fix or
       hiding corruption that has already occurred.

Parameters to convert subcommand:
  '--bitmaps' copies all top-level persistent bitmaps to destination
  '-m' specifies how many coroutines work in parallel during the convert
       process (defaults to 8)
  '-W' allow to write to the target out of order rather than sequential

Parameters to snapshot subcommand:
  'snapshot' is the name of the snapshot to create, apply or delete
  '-a' applies a snapshot (revert disk to saved state)
  '-c' creates a snapshot
  '-d' deletes a snapshot
  '-l' lists all snapshots in the given image

Parameters to compare subcommand:
  '-f' first image format
  '-F' second image format
  '-s' run in Strict mode - fail on different image size or sector allocation

Parameters to dd subcommand:
  'bs=BYTES' read and write up to BYTES bytes at a time (default: 512)
  'count=N' copy only N input blocks
  'if=FILE' read from FILE
  'of=FILE' write to FILE
  'skip=N' skip N bs-sized blocks at the start of input

Supported formats: blkdebug blklogwrites blkverify bochs cloop compress copy-before-write copy-on-read dmg file ftp ftps gluster host_cdrom host_device http https iscsi iser luks nbd nfs null-aio null-co nvme parallels preallocate qcow qcow2 qed quorum raw rbd replication snapshot-access ssh throttle vdi vhdx vmdk vpc vvfat

See <https://qemu.org/contribute/report-a-bug> for how to report bugs.
More information on the QEMU project at <https://qemu.org>.
ITINF25/lektion3
$ 
qemu-img --helpconv
ert ITINF25/lektion3
$ qemu-img convert --help
qemu-img version 7.2.22 (Debian 1:7.2+dfsg-7+deb12u18)
Copyright (c) 2003-2022 Fabrice Bellard and the QEMU Project developers
usage: qemu-img [standard options] command [command options]
QEMU disk image utility

    '-h', '--help'       display this help and exit
    '-V', '--version'    output version information and exit
    '-T', '--trace'      [[enable=]<pattern>][,events=<file>][,file=<file>]
                         specify tracing options

Command syntax:
  amend [--object objectdef] [--image-opts] [-p] [-q] [-f fmt] [-t cache] [--force] -o options filename
  bench [-c count] [-d depth] [-f fmt] [--flush-interval=flush_interval] [-i aio] [-n] [--no-drain] [-o offset] [--pattern=pattern] [-q] [-s buffer_size] [-S step_size] [-t cache] [-w] [-U] filename
  bitmap (--merge SOURCE | --add | --remove | --clear | --enable | --disable)... [-b source_file [-F source_fmt]] [-g granularity] [--object objectdef] [--image-opts | -f fmt] filename bitmap
  check [--object objectdef] [--image-opts] [-q] [-f fmt] [--output=ofmt] [-r [leaks | all]] [-T src_cache] [-U] filename
  commit [--object objectdef] [--image-opts] [-q] [-f fmt] [-t cache] [-b base] [-r rate_limit] [-d] [-p] filename
  compare [--object objectdef] [--image-opts] [-f fmt] [-F fmt] [-T src_cache] [-p] [-q] [-s] [-U] filename1 filename2
  convert [--object objectdef] [--image-opts] [--target-image-opts] [--target-is-zero] [--bitmaps] [-U] [-C] [-c] [-p] [-q] [-n] [-f fmt] [-t cache] [-T src_cache] [-O output_fmt] [-B backing_file [-F backing_fmt]] [-o options] [-l snapshot_param] [-S sparse_size] [-r rate_limit] [-m num_coroutines] [-W] [--salvage] filename [filename2 [...]] output_filename
  create [--object objectdef] [-q] [-f fmt] [-b backing_file [-F backing_fmt]] [-u] [-o options] filename [size]
  dd [--image-opts] [-U] [-f fmt] [-O output_fmt] [bs=block_size] [count=blocks] [skip=blocks] if=input of=output
  info [--object objectdef] [--image-opts] [-f fmt] [--output=ofmt] [--backing-chain] [-U] filename
  map [--object objectdef] [--image-opts] [-f fmt] [--start-offset=offset] [--max-length=len] [--output=ofmt] [-U] filename
  measure [--output=ofmt] [-O output_fmt] [-o options] [--size N | [--object objectdef] [--image-opts] [-f fmt] [-l snapshot_param] filename]
  snapshot [--object objectdef] [--image-opts] [-U] [-q] [-l | -a snapshot | -c snapshot | -d snapshot] filename
  rebase [--object objectdef] [--image-opts] [-U] [-q] [-f fmt] [-t cache] [-T src_cache] [-p] [-u] -b backing_file [-F backing_fmt] filename
  resize [--object objectdef] [--image-opts] [-f fmt] [--preallocation=prealloc] [-q] [--shrink] filename [+ | -]size

Command parameters:
  'filename' is a disk image filename
  'objectdef' is a QEMU user creatable object definition. See the qemu(1)
    manual page for a description of the object properties. The most common
    object type is a 'secret', which is used to supply passwords and/or
    encryption keys.
  'fmt' is the disk image format. It is guessed automatically in most cases
  'cache' is the cache mode used to write the output disk image, the valid
    options are: 'none', 'writeback' (default, except for convert), 'writethrough',
    'directsync' and 'unsafe' (default for convert)
  'src_cache' is the cache mode used to read input disk images, the valid
    options are the same as for the 'cache' option
  'size' is the disk image size in bytes. Optional suffixes
    'k' or 'K' (kilobyte, 1024), 'M' (megabyte, 1024k), 'G' (gigabyte, 1024M),
    'T' (terabyte, 1024G), 'P' (petabyte, 1024T) and 'E' (exabyte, 1024P)  are
    supported. 'b' is ignored.
  'output_filename' is the destination disk image filename
  'output_fmt' is the destination format
  'options' is a comma separated list of format specific options in a
    name=value format. Use -o help for an overview of the options supported by
    the used format
  'snapshot_param' is param used for internal snapshot, format
    is 'snapshot.id=[ID],snapshot.name=[NAME]', or
    '[ID_OR_NAME]'
  '-c' indicates that target image must be compressed (qcow format only)
  '-u' allows unsafe backing chains. For rebasing, it is assumed that old and
       new backing file match exactly. The image doesn't need a working
       backing file before rebasing in this case (useful for renaming the
       backing file). For image creation, allow creating without attempting
       to open the backing file.
  '-h' with or without a command shows this help and lists the supported formats
  '-p' show progress of command (only certain commands)
  '-q' use Quiet mode - do not print any output (except errors)
  '-S' indicates the consecutive number of bytes (defaults to 4k) that must
       contain only zeros for qemu-img to create a sparse image during
       conversion. If the number of bytes is 0, the source will not be scanned for
       unallocated or zero sectors, and the destination image will always be
       fully allocated
  '--output' takes the format in which the output must be done (human or json)
  '-n' skips the target volume creation (useful if the volume is created
       prior to running qemu-img)

Parameters to bitmap subcommand:
  'bitmap' is the name of the bitmap to manipulate, through one or more
       actions from '--add', '--remove', '--clear', '--enable', '--disable',
       or '--merge source'
  '-g granularity' sets the granularity for '--add' actions
  '-b source' and '-F src_fmt' tell '--merge' actions to find the source
       bitmaps from an alternative file

Parameters to check subcommand:
  '-r' tries to repair any inconsistencies that are found during the check.
       '-r leaks' repairs only cluster leaks, whereas '-r all' fixes all
       kinds of errors, with a higher risk of choosing the wrong fix or
       hiding corruption that has already occurred.

Parameters to convert subcommand:
  '--bitmaps' copies all top-level persistent bitmaps to destination
  '-m' specifies how many coroutines work in parallel during the convert
       process (defaults to 8)
  '-W' allow to write to the target out of order rather than sequential

Parameters to snapshot subcommand:
  'snapshot' is the name of the snapshot to create, apply or delete
  '-a' applies a snapshot (revert disk to saved state)
  '-c' creates a snapshot
  '-d' deletes a snapshot
  '-l' lists all snapshots in the given image

Parameters to compare subcommand:
  '-f' first image format
  '-F' second image format
  '-s' run in Strict mode - fail on different image size or sector allocation

Parameters to dd subcommand:
  'bs=BYTES' read and write up to BYTES bytes at a time (default: 512)
  'count=N' copy only N input blocks
  'if=FILE' read from FILE
  'of=FILE' write to FILE
  'skip=N' skip N bs-sized blocks at the start of input

Supported formats: blkdebug blklogwrites blkverify bochs cloop compress copy-before-write copy-on-read dmg file ftp ftps gluster host_cdrom host_device http https iscsi iser luks nbd nfs null-aio null-co nvme parallels preallocate qcow qcow2 qed quorum raw rbd replication snapshot-access ssh throttle vdi vhdx vmdk vpc vvfat

See <https://qemu.org/contribute/report-a-bug> for how to report bugs.
More information on the QEMU project at <https://qemu.org>.
ITINF25/lektion3
$ lITINF25/lektion3
$ 
(reverse-i-search)`':q': qemu-img convert --hele': qem': qemu': qemu-': qemu-i': qemu-im': qemu-img': qemu-img--helcreate -f qcow2 disk2 30G
$ qemu-img convert -f raw -O qcow2 OVMF_VARS_4M.fd OVMF_VARS_4M.qcow2
























    ^C
ITINF25/lektion3
$ ITINF25/lektion3
$ ls
archlinux-2026.01.01-x86_64.iso  emu-total-ignored
data.txt			 OVMF_VARS_4M.fd
disk1.qcow2			 qemu-mon.sock
disk2.qcow2			 recordings
emu1				 script_dir
emu2
ITINF25/lektion3
$ qemu-img convert -f raw -O qcow2 OVMF_VARS_4M.fd OVMF_ 
VARS_4M.qcow2
qemu-img convert -f raw -O qcow2 OVMF_VARS_4M.fd OVMF_ 
VARS_4M.qcow
) 
VARS_4M.fd ITINF25/lektion3
$ qemu-img convert -f raw -O qcow2 OVMF_VARS_4M.fd OVMF_VARS_4M.fd 
qemu-img: Could not open 'OVMF_VARS_4M.fd': Failed to get shared "write" lock
Is another process using the image [OVMF_VARS_4M.fd]?
ITINF25/lektion3
$ qemu-img convert -f raw -O qcow2 OVMF_VARS_4M.fd OVMF_VARS_4M.fd ITINF25/lektion3
$ qemu-img convert -f raw -O qcow2 OVMF_VARS_4M.fd OVMF_VARS_4M.fd 
qemu-img: OVMF_VARS_4M.fd: error while converting qcow2: Failed to get "write" lock
Is another process using the image [OVMF_VARS_4M.fd]?
ITINF25/lektion3
$ cp /usr/share/OVMF/OVMF_VARS_4M.fd . .t -f raw -O qcow2 OVMF_VARS_4M.fd OVMF_VARS_4M.fd 

ITINF25/lektion3
qemu-img convert -f raw -O qcow2 OVMF_VARS_4M.fd OVMF_VARS_4M.fd ITINF25/lektion3
$ qemu-img convert -f raw -O qcow2 OVMF_VARS_4M.fd OVMF_VARS_4M.fd 
qemu-img: OVMF_VARS_4M.fd: error while converting qcow2: Failed to get "write" lock
Is another process using the image [OVMF_VARS_4M.fd]?
ITINF25/lektion3
$ qemu-img convert -f raw -O qcow2 OVMF_VARS_4M.fd OVMF_VARS_4M.fd ^C
ITINF25/lektion3
$ qemu-img convert -f raw -O qcow2 OVMF_VARS_4M.fd OVMF_VARS_4M.fd



qcow2ITINF25/lektion3
$ qemu-img convert -f raw -O qcow2 OVMF_VARS_4M.fd OVMF_VARS_4M.qcow2
ITINF25/lektion3
$ ITINF25/lektion3
$ ls
archlinux-2026.01.01-x86_64.iso  emu-total-ignored
data.txt			 OVMF_VARS_4M.fd
disk1.qcow2			 OVMF_VARS_4M.qcow2
disk2.qcow2			 recordings
emu1				 script_dir
emu2
ITINF25/lektion3
$ OVMF_VARS_4M.fd
OVMF_VARS_4M.frOVMF_VARS_4M.fmOVMF_VARS_4M.f OVMF_VARS_4M.f
ITINF25/lektion3
$ ITINF25/lektion3
$ ls
archlinux-2026.01.01-x86_64.iso  emu2
data.txt			 emu-total-ignored
disk1.qcow2			 OVMF_VARS_4M.qcow2
disk2.qcow2			 recordings
emu1				 script_dir
ITINF25/lektion3
./em OVMF_VARS_4M.f
u2 ITINF25/lektion3
$ ./emu2 
Connect with:
socat - UNIX-CONNECT:"/shared/kent/Documents/nackademin/linux2/l2-live/ITINF25/lektion3/qemu-mon.sock"
ITINF25/lektion3
$ ^C
ITINF25/lektion3
$ socat - UNIX-CONNECT:"/shared/kent/Documents/nackademin/linux2/l2-live/ITINF25/lektion3/qemu-mon.sock"
socat - UNIX-CONNECT:"/shared/kent/Documents/nackademin/linux2/l2-live/ITINF25/lektion3/qemu-mon.sock"ITINF25/lektion3
$ socat - UNIX-CONNECT:"/shared/kent/Documents/nackademin/linux2/l2-live/ITINF25/lektion3/qemu-mon.sock"
QEMU 7.2.22 monitor - type 'help' for more information
(qemu) svasavevm test1
ssasavsavesavevsavevmsavevm savevm tsavevm tesavevm tessavevm testsavevm test1
(qemu) ^info snapshots
iininfinfoinfo info sinfo sninfo snainfo snapinfo snapsinfo snapshinfo snapshoinfo snapshotinfo snapshots
List of snapshots present on all disks:
ID        TAG               VM SIZE                DATE     VM CLOCK     ICOUNT
--        test1            1.11 GiB 2026-01-29 13:59:32 00:01:46.562           
(qemu) savevm parts
ssasavsavesavevsavevmsavevm savevm psavevm pasavevm parsavevm partsavevm parts
(qemu) infp o snapshots
iininfinfoinfo info sinfo sninfo snainfo snapinfo snapsinfo snapshinfo snapshoinfo snapshotinfo snapshots
List of snapshots present on all disks:
ID        TAG               VM SIZE                DATE     VM CLOCK     ICOUNT
--        test1            1.11 GiB 2026-01-29 13:59:32 00:01:46.562           
--        parts            1.11 GiB 2026-01-29 14:02:56 00:05:09.544           
(qemu) loadvm test1
lloloaloadloadvloadvmloadvm loadvm tloadvm teloadvm tesloadvm testloadvm test1
(qemu) ^[[loadvm parts
lloloaloadloadvloadvmloadvm loadvm ploadvm paloadvm parloadvm partloadvm parts
(qemu) ^[[A^[[loadvm test1
lloloaloadloadvloadvmloadvm loadvm tloadvm teloadvm tesloadvm testloadvm test1
(qemu) ITINF25/lektion3
$ socat - UNIX-CONNECT:"/shared/kent/Documents/nackademin/linux2/l2-live/ITINF25/lektion3/qemu-mon.sock"
ITINF25/lektion3
$ ./em
u3 ITINF25/lektion3
$ ./emu3 
Connect with:
socat - UNIX-CONNECT:"/shared/kent/Documents/nackademin/linux2/l2-live/ITINF25/lektion3/qemu-mon.sock"
ITINF25/lektion3
$ ITINF25/lektion3
$ ssh -p 2222 root@localhost
Warning: Permanently added '[localhost]:2222' (ED25519) to the list of known hosts.
root@localhost's password: 
To install Arch Linux follow the installation guide:
https://wiki.archlinux.org/title/Installation_guide

For Wi-Fi, authenticate to the wireless network using the iwctl utility.
For mobile broadband (WWAN) modems, connect with the mmcli utility.
Ethernet, WLAN and WWAN interfaces using DHCP should work automatically.

After connecting to the internet, the installation guide can be accessed
via the convenience script Installation_guide.

                                          
0;root@archiso: ~                                       
root@archiso ~ # =root@archiso ~ # 
Connection to localhost closed.
ITINF25/lektion3
$ ssh -p 2222 root@localhos






socat - UNIX-CONNECT:"/shared/kent/Documents/nackademin/linux2/l2-live/ITINF25/lektion3/qemu-mon.sock"
QEMU 7.2.22 monitor - type 'help' for more information
(qemu) savevm sshready
ssasavsavesavevsavevmsavevm savevm ssavevm sssavevm sshsavevm sshrsavevm sshresavevm sshreasavevm sshreadsavevm sshready


^CITINF25/lektion3
$ socat - UNIX-CONNECT:"/shared/kent/Documents/nackademin/linux2/l2-live/ITINF25/lektion3/qemu-mon.sock"





^CITINF25/lektion3
$ socat - UNIX-CONNECT:"/shared/kent/Documents/nackademin/linux2/l2-live/ITINF25/lektion3/qemu-mon.sock"
ITINF25/lektion3
$ fjioj
dialog
cdialog (ComeOn Dialog!) version 1.3-20230209
Copyright 2000-2022,2023 Thomas E. Dickey
This is free software; see the source for copying conditions.  There is NO
warranty; not even for MERCHANTABILITY or FITNESS FOR A PARTICULAR PURPOSE.

* Display dialog boxes from shell scripts *

Usage: dialog <options> { --and-widget <options> }
where options are "common" options, followed by "box" options

Special options:
  [--create-rc "file"]
Common options:
  [--ascii-lines] [--aspect <ratio>] [--backtitle <backtitle>] [--beep]
  [--beep-after] [--begin <y> <x>] [--cancel-label <str>] [--clear]
  [--colors] [--column-separator <str>] [--cr-wrap] [--cursor-off-label]
  [--date-format <str>] [--default-button <str>] [--default-item <str>]
  [--defaultno] [--erase-on-exit] [--exit-label <str>] [--extra-button]
  [--extra-label <str>] [--help-button] [--help-label <str>]
  [--help-status] [--help-tags] [--hfile <str>] [--hline <str>]
  [--ignore] [--input-fd <fd>] [--insecure] [--item-help] [--keep-tite]
  [--keep-window] [--last-key] [--max-input <n>] [--no-cancel]
  [--no-collapse] [--no-hot-list] [--no-items] [--no-kill]
  [--no-label <str>] [--no-lines] [--no-mouse] [--no-nl-expand]
  [--no-ok] [--no-shadow] [--no-tags] [--ok-label <str>]
  [--output-fd <fd>] [--output-separator <str>] [--print-maxsize]
  [--print-size] [--print-text-only <text> <height> <width>]
  [--print-text-size <text> <height> <width>] [--print-version] [--quoted]
  [--reorder] [--scrollbar] [--separate-output] [--separate-widget <str>]
  [--single-quoted] [--size-err] [--sleep <secs>] [--stderr] [--stdout]
  [--tab-correct] [--tab-len <n>] [--time-format <str>] [--timeout <secs>]
  [--title <title>] [--trace <file>] [--trim] [--version] [--visit-items]
  [--week-start <str>] [--yes-label <str>]
Box options:
  --buildlist    <text> <height> <width> <list-height> <tag1> <item1> <status1>...
  --calendar     <text> <height> <width> <day> <month> <year>
  --checklist    <text> <height> <width> <list height> <tag1> <item1> <status1>...
  --dselect      <directory> <height> <width>
  --editbox      <file> <height> <width>
  --form         <text> <height> <width> <form height> <label1> <l_y1> <l_x1> <item1> <i_y1> <i_x1> <flen1> <ilen1>...
  --fselect      <filepath> <height> <width>
  --gauge        <text> <height> <width> [<percent>]
  --infobox      <text> <height> <width>
  --inputbox     <text> <height> <width> [<init>]
  --inputmenu    <text> <height> <width> <menu height> <tag1> <item1>...
  --menu         <text> <height> <width> <menu height> <tag1> <item1>...
  --mixedform    <text> <height> <width> <form height> <label1> <l_y1> <l_x1> <item1> <i_y1> <i_x1> <flen1> <ilen1> <itype>...
  --mixedgauge   <text> <height> <width> <percent> <tag1> <item1>...
  --msgbox       <text> <height> <width>
  --passwordbox  <text> <height> <width> [<init>]
  --passwordform <text> <height> <width> <form height> <label1> <l_y1> <l_x1> <item1> <i_y1> <i_x1> <flen1> <ilen1>...
  --pause        <text> <height> <width> <seconds>
  --prgbox       <text> <command> <height> <width>
  --programbox   <text> <height> <width>
  --progressbox  <text> <height> <width>
  --radiolist    <text> <height> <width> <list height> <tag1> <item1> <status1>...
  --rangebox     <text> <height> <width> <min-value> <max-value> <default-value>
  --tailbox      <file> <height> <width>
  --tailboxbg    <file> <height> <width>
  --textbox      <file> <height> <width>
  --timebox      <text> <height> <width> <hour> <minute> <second>
  --treeview     <text> <height> <width> <list-height> <tag1> <item1> <status1> <depth1>...
  --yesno        <text> <height> <width>

Auto-size with height and width = 0. Maximize with height and width = -1.
Global-auto-size if also menu_height/list_height = 0.
ITINF25/lektion3
$ dialog --texttoxITINF25/lektion3
$ dialog --texttobox "Hello world"
>
Expected at least 20 tokens for --t, have 1.
Use --help to list options.


ITINF25/lektion3
$ dialog --textbox "Hello worldyes
>
Unknown option --yes.
Use --help to list options.


ITINF25/lektion3
$ dialog --yes "Hello worldITINF25/lektion3
$ dialog -yes "Hello world
>
Unknown option -yes.
Use --help to list options.


ITINF25/lektion3
$ dialog
cdialog (ComeOn Dialog!) version 1.3-20230209
Copyright 2000-2022,2023 Thomas E. Dickey
This is free software; see the source for copying conditions.  There is NO
warranty; not even for MERCHANTABILITY or FITNESS FOR A PARTICULAR PURPOSE.

* Display dialog boxes from shell scripts *

Usage: dialog <options> { --and-widget <options> }
where options are "common" options, followed by "box" options

Special options:
  [--create-rc "file"]
Common options:
  [--ascii-lines] [--aspect <ratio>] [--backtitle <backtitle>] [--beep]
  [--beep-after] [--begin <y> <x>] [--cancel-label <str>] [--clear]
  [--colors] [--column-separator <str>] [--cr-wrap] [--cursor-off-label]
  [--date-format <str>] [--default-button <str>] [--default-item <str>]
  [--defaultno] [--erase-on-exit] [--exit-label <str>] [--extra-button]
  [--extra-label <str>] [--help-button] [--help-label <str>]
  [--help-status] [--help-tags] [--hfile <str>] [--hline <str>]
  [--ignore] [--input-fd <fd>] [--insecure] [--item-help] [--keep-tite]
  [--keep-window] [--last-key] [--max-input <n>] [--no-cancel]
  [--no-collapse] [--no-hot-list] [--no-items] [--no-kill]
  [--no-label <str>] [--no-lines] [--no-mouse] [--no-nl-expand]
  [--no-ok] [--no-shadow] [--no-tags] [--ok-label <str>]
  [--output-fd <fd>] [--output-separator <str>] [--print-maxsize]
  [--print-size] [--print-text-only <text> <height> <width>]
  [--print-text-size <text> <height> <width>] [--print-version] [--quoted]
  [--reorder] [--scrollbar] [--separate-output] [--separate-widget <str>]
  [--single-quoted] [--size-err] [--sleep <secs>] [--stderr] [--stdout]
  [--tab-correct] [--tab-len <n>] [--time-format <str>] [--timeout <secs>]
  [--title <title>] [--trace <file>] [--trim] [--version] [--visit-items]
  [--week-start <str>] [--yes-label <str>]
Box options:
  --buildlist    <text> <height> <width> <list-height> <tag1> <item1> <status1>...
  --calendar     <text> <height> <width> <day> <month> <year>
  --checklist    <text> <height> <width> <list height> <tag1> <item1> <status1>...
  --dselect      <directory> <height> <width>
  --editbox      <file> <height> <width>
  --form         <text> <height> <width> <form height> <label1> <l_y1> <l_x1> <item1> <i_y1> <i_x1> <flen1> <ilen1>...
  --fselect      <filepath> <height> <width>
  --gauge        <text> <height> <width> [<percent>]
  --infobox      <text> <height> <width>
  --inputbox     <text> <height> <width> [<init>]
  --inputmenu    <text> <height> <width> <menu height> <tag1> <item1>...
  --menu         <text> <height> <width> <menu height> <tag1> <item1>...
  --mixedform    <text> <height> <width> <form height> <label1> <l_y1> <l_x1> <item1> <i_y1> <i_x1> <flen1> <ilen1> <itype>...
  --mixedgauge   <text> <height> <width> <percent> <tag1> <item1>...
  --msgbox       <text> <height> <width>
  --passwordbox  <text> <height> <width> [<init>]
  --passwordform <text> <height> <width> <form height> <label1> <l_y1> <l_x1> <item1> <i_y1> <i_x1> <flen1> <ilen1>...
  --pause        <text> <height> <width> <seconds>
  --prgbox       <text> <command> <height> <width>
  --programbox   <text> <height> <width>
  --progressbox  <text> <height> <width>
  --radiolist    <text> <height> <width> <list height> <tag1> <item1> <status1>...
  --rangebox     <text> <height> <width> <min-value> <max-value> <default-value>
  --tailbox      <file> <height> <width>
  --tailboxbg    <file> <height> <width>
  --textbox      <file> <height> <width>
  --timebox      <text> <height> <width> <hour> <minute> <second>
  --treeview     <text> <height> <width> <list-height> <tag1> <item1> <status1> <depth1>...
  --yesno        <text> <height> <width>

Auto-size with height and width = 0. Maximize with height and width = -1.
Global-auto-size if also menu_height/list_height = 0.
ITINF25/lektion3
$ dialo -yes "Hello worldno







 30 10
>
Unknown option -yesno.
Use --help to list options.


ITINF25/lektion3
$ dialog -yesno "Hello world" 30 10
cdialog (ComeOn Dialog!) version 1.3-20230209
Copyright 2000-2022,2023 Thomas E. Dickey
This is free software; see the source for copying conditions.  There is NO
warranty; not even for MERCHANTABILITY or FITNESS FOR A PARTICULAR PURPOSE.

* Display dialog boxes from shell scripts *

Usage: dialog <options> { --and-widget <options> }
where options are "common" options, followed by "box" options

Special options:
  [--create-rc "file"]
Common options:
  [--ascii-lines] [--aspect <ratio>] [--backtitle <backtitle>] [--beep]
  [--beep-after] [--begin <y> <x>] [--cancel-label <str>] [--clear]
  [--colors] [--column-separator <str>] [--cr-wrap] [--cursor-off-label]
  [--date-format <str>] [--default-button <str>] [--default-item <str>]
  [--defaultno] [--erase-on-exit] [--exit-label <str>] [--extra-button]
  [--extra-label <str>] [--help-button] [--help-label <str>]
  [--help-status] [--help-tags] [--hfile <str>] [--hline <str>]
  [--ignore] [--input-fd <fd>] [--insecure] [--item-help] [--keep-tite]
  [--keep-window] [--last-key] [--max-input <n>] [--no-cancel]
  [--no-collapse] [--no-hot-list] [--no-items] [--no-kill]
  [--no-label <str>] [--no-lines] [--no-mouse] [--no-nl-expand]
  [--no-ok] [--no-shadow] [--no-tags] [--ok-label <str>]
  [--output-fd <fd>] [--output-separator <str>] [--print-maxsize]
  [--print-size] [--print-text-only <text> <height> <width>]
  [--print-text-size <text> <height> <width>] [--print-version] [--quoted]
  [--reorder] [--scrollbar] [--separate-output] [--separate-widget <str>]
  [--single-quoted] [--size-err] [--sleep <secs>] [--stderr] [--stdout]
  [--tab-correct] [--tab-len <n>] [--time-format <str>] [--timeout <secs>]
  [--title <title>] [--trace <file>] [--trim] [--version] [--visit-items]
  [--week-start <str>] [--yes-label <str>]
Box options:
  --buildlist    <text> <height> <width> <list-height> <tag1> <item1> <status1>...
  --calendar     <text> <height> <width> <day> <month> <year>
  --checklist    <text> <height> <width> <list height> <tag1> <item1> <status1>...
  --dselect      <directory> <height> <width>
  --editbox      <file> <height> <width>
  --form         <text> <height> <width> <form height> <label1> <l_y1> <l_x1> <item1> <i_y1> <i_x1> <flen1> <ilen1>...
  --fselect      <filepath> <height> <width>
  --gauge        <text> <height> <width> [<percent>]
  --infobox      <text> <height> <width>
  --inputbox     <text> <height> <width> [<init>]
  --inputmenu    <text> <height> <width> <menu height> <tag1> <item1>...
  --menu         <text> <height> <width> <menu height> <tag1> <item1>...
  --mixedform    <text> <height> <width> <form height> <label1> <l_y1> <l_x1> <item1> <i_y1> <i_x1> <flen1> <ilen1> <itype>...
  --mixedgauge   <text> <height> <width> <percent> <tag1> <item1>...
  --msgbox       <text> <height> <width>
  --passwordbox  <text> <height> <width> [<init>]
  --passwordform <text> <height> <width> <form height> <label1> <l_y1> <l_x1> <item1> <i_y1> <i_x1> <flen1> <ilen1>...
  --pause        <text> <height> <width> <seconds>
  --prgbox       <text> <command> <height> <width>
  --programbox   <text> <height> <width>
  --progressbox  <text> <height> <width>
  --radiolist    <text> <height> <width> <list height> <tag1> <item1> <status1>...
  --rangebox     <text> <height> <width> <min-value> <max-value> <default-value>
  --tailbox      <file> <height> <width>
  --tailboxbg    <file> <height> <width>
  --textbox      <file> <height> <width>
  --timebox      <text> <height> <width> <hour> <minute> <second>
  --treeview     <text> <height> <width> <list-height> <tag1> <item1> <status1> <depth1>...
  --yesno        <text> <height> <width>

Auto-size with height and width = 0. Maximize with height and width = -1.
Global-auto-size if also menu_height/list_height = 0.
ITINF25/lektion3
$ dialog -yesno "Hello world" 30 1-ITINF25/lektion3
$ dialog --yesno "Hello world" 30 1
>ITINF25/lektion3 (0x        (0x   (0x        (0x   (0x        (0x   (0x        (0x   (0x        (0x   (0x        (0x   (0x        (0x   (0x        (0x   (0x        (0x   (0x        (0x   (0x        (0x   (0tqqqqqqqq(0u   (0x< Yes > <    No  >(0qqqj             Helloworld< Yes > < No  >< Yes > < No  >< Yes > < No  >< Yes > < No  >< Yes > < No  >< Yes > < No  >< Yes > < No  >< Yes > < No  >< Yes > < No  >< Yes > < No  >< Yes > < No  >< Yes > < No  >< Yes > < No  >< Yes > < No  >
$ reset
c104
ITINF25/lektion3
$ 
exit

Script done on 2026-01-29 14:13:42+01:00 [COMMAND_EXIT_CODE="0"]
