Script started on 2026-01-30 19:31:34+01:00 [TERM="xterm-256color" TTY="/dev/pts/6" COLUMNS="72" LINES="1"]
[?2004h[94mITINF25/lektion4
(B[m$ [K(B[m$ [K(B[m$ [K(B[m$ [K(B[m$ [K(B[m$ [K(B[m$ [K(B[m$ [K(B[m$ [K(B[m$ [K(B[m$ [K(B[m$ [K(B[m$ git branch
[?2004l[?1h=  250109[m[m
  250113[m[m
  250819[m[m
  250825[m[m
  250826[m[m
  250901[m[m
  250902[m[m
  250908[m[m
  250911[m[m
  260126[m[m
  260128[m[m
:[K[K  260129[m[m
:[K[K[?1l>[?2004h[94mITINF25/lektion4
(B[m$ [H[2J[94mITINF25/lektion4
(B[m$ ls
[?2004lrecordings  TODO.txt
[?2004h[94mITINF25/lektion4
(B[m$ git branch | grep ''\'*'
[?2004l* 260130
[?2004h[94mITINF25/lektion4
(B[m$ [H[2J[94mITINF25/lektion4
(B[m$ ls
[?2004lrecordings  TODO.txt
[?2004h[94mITINF25/lektion4
(B[m$ (reverse-i-search)`': s': vir[7ms[27mhs': ps -ef | le[7mss[27mh': code ~/.[7mssh[27m/config [7mssh[27m -p 2222 root@localhost[23P(B[m$ ssh[C[C[C[C[C[C[C[C[C[C[C[C[C[C[C[C[C[C[C[C[C[C[C[C[C[C[K[K[K[K[K[K[K[K[K[K[K[K[K[K[K[K[K[K[K[K[K[K[K[K[K[Kssh 192.17y8[K[K[K68.122.198@192.168.122.198r@192.168.122.198o@192.168.122.198o@192.168.122.198t@192.168.122.198
[?2004lroot@192.168.122.198's password: 
To install [38;2;23;147;209mArch Linux[0m follow the installation guide:
https://wiki.archlinux.org/title/Installation_guide

For Wi-Fi, authenticate to the wireless network using the [35miwctl[0m utility.
For mobile broadband (WWAN) modems, connect with the [35mmmcli[0m utility.
Ethernet, WLAN and WWAN interfaces using DHCP should work automatically.

After connecting to the internet, the installation guide can be accessed
via the convenience script [35mInstallation_guide[0m.

[41m [41m [41m [40m [44m [40m [41m [46m [45m [41m [46m [43m [41m [44m [45m [40m [44m [40m [41m [44m [41m [41m [46m [42m [41m [44m [43m [41m [45m [40m [40m [44m [40m [41m [44m [42m [41m [46m [44m [41m [46m [47m [0m
[1m[7m#[27m[1m[0m                                                                                                  ]0;root@archiso: ~[0m[27m[24m[J[1m[31m[39m[0m[1m[31mroot[39m[0m@archiso [1m~ [0m# [K[?1h=[?2004h[0m[27m[24m[J[1m[31m[39m[0m[1m[31mroot[39m[0m@archiso [1m~ [0m# [0m[27m[24m[J[1m[31m[39m[0m[1m[31mroot[39m[0m@archiso [1m~ [0m# [0m[27m[24m[J[1m[31m[39m[0m[1m[31mroot[39m[0m@archiso [1m~ [0m# [0m[27m[24m[J[1m[31m[39m[0m[1m[31mroot[39m[0m@archiso [1m~ [0m# [0m[27m[24m[J[1m[31m[39m[0m[1m[31mroot[39m[0m@archiso [1m~ [0m# [0m[27m[24m[J[1m[31m[39m[0m[1m[31mroot[39m[0m@archiso [1m~ [0m# [0m[27m[24m[J[1m[31m[39m[0m[1m[31mroot[39m[0m@archiso [1m~ [0m# [0m[27m[24m[J[1m[31m[39m[0m[1m[31mroot[39m[0m@archiso [1m~ [0m# llsblk[?1l>[?2004l
]0;root@archiso: lsblkNAME  MAJ:MIN RM   SIZE RO TYPE MOUNTPOINTS
loop0   7:0    0 971.9M  1 loop /run/archiso/airootfs
sr0    11:0    1   1.4G  0 rom  /run/archiso/bootmnt
vda   254:0    0     7G  0 disk 
[1m[7m#[27m[1m[0m                                                                                                  ]0;root@archiso: ~[0m[27m[24m[J[1m[31m[39m[0m[1m[31mroot[39m[0m@archiso [1m~ [0m# [K[?1h=[?2004h## vad √§   da √§r det som normalt kallas sda [?1l>[?2004l
[1m[7m#[27m[1m[0m                                                                                                  ]0;root@archiso: ~[0m[27m[24m[J[1m[31m[39m[0m[1m[31mroot[39m[0m@archiso [1m~ [0m# [K[?1h=[?2004hffdusj   isk [?1l>[?2004l
]0;root@archiso: fdiskfdisk: bad usage
Try 'fdisk --help' for more information.
[1m[7m#[27m[1m[0m                                                                                                  ]0;root@archiso: ~[0m[27m[24m[J[1m[31m1 [39m[0m[1m[31mroot[39m[0m@archiso [1m~ [0m# [K[76C:([78D[?1h=[?2004h- fdisk - /devs /vda[?1l>[?2004l[K
]0;root@archiso: fdisk /dev/vda[32m
Welcome to fdisk (util-linux 2.41.3).
[0mChanges will remain in memory only, until you decide to write them.
Be careful before using the write command.

Device does not contain a recognized partition table.
Created a new DOS (MBR) disklabel with disk identifier 0xb1684d1c.

[?2004hCommand (m for help): m
[?2004l
Help:
[1m
  DOS (MBR)
[0m   a   toggle a bootable flag
   b   edit nested BSD disklabel
   c   toggle the dos compatibility flag
[1m
  Generic
[0m   d   delete a partition
   F   list free unpartitioned space
   l   list known partition types
   n   add a new partition
   p   print the partition table
   t   change a partition type
   v   verify the partition table
   i   print information about a partition
   e   resize a partition
   T   discard (trim) sectors
[1m
  Misc
[0m   m   print this menu
   u   change display/entry units
   x   extra functionality (experts only)
[1m
  Script
[0m   I   load disk layout from sfdisk script file
   O   dump disk layout to sfdisk script file
[1m
  Save & Exit
[0m   w   write table to disk and exit
   q   quit without saving changes
[1m
  Create a new label
[0m   g   create a new empty GPT partition table
   G   create a new empty SGI (IRIX) partition table
   o   create a new empty MBR (DOS) partition table
   s   create a new empty Sun partition table


[?2004hCommand (m for help): g
[?2004lCreated a new GPT disklabel (GUID: 66F60069-C51C-4835-927E-7A5163758E1B).

[?2004hCommand (m for help): n
[?2004l[?2004hPartition number (1-128, default 1): 
[?2004l[?2004hFirst sector (2048-14680030, default 2048): 
[?2004l[?2004hLast sector, +/-sectors or +/-size{K,M,G,T,P} (2048-14680030, default 14678015): +1G
[?2004l
Created a new partition 1 of type 'Linux filesystem' and of size 1 GiB.

[?2004hCommand (m for help): n[Kn
[?2004l[?2004hPartition number (2-128, default 2): 1[K+1G
[?2004l[31mValue out of range.[0m
[?2004hPartition number (2-128, default 2): 2
[?2004l[?2004hFirst sector (2099200-14680030, default 2099200): +1G[K[K2G[K[K[K
[?2004l[?2004hLast sector, +/-sectors or +/-size{K,M,G,T,P} (2099200-14680030, default 14678015): +2G
[?2004l
Created a new partition 2 of type 'Linux filesystem' and of size 2 GiB.

[?2004hCommand (m for help): n
[?2004l[?2004hPartition number (3-128, default 3): 
[?2004l[?2004hFirst sector (6293504-14680030, default 6293504): 
[?2004l[?2004hLast sector, +/-sectors or +/-size{K,M,G,T,P} (6293504-14680030, default 14678015): 
[?2004l
Created a new partition 3 of type 'Linux filesystem' and of size 4 GiB.

[?2004hCommand (m for help): [H[2JCommand (m for help): p
[?2004l[1mDisk /dev/vda: 7 GiB, 7516192768 bytes, 14680064 sectors
[0mUnits: sectors of 1 * 512 = 512 bytes
Sector size (logical/physical): 512 bytes / 512 bytes
I/O size (minimum/optimal): 512 bytes / 512 bytes
Disklabel type: gpt
Disk identifier: 66F60069-C51C-4835-927E-7A5163758E1B

[1mDevice    [0m [1m  Start[0m [1m     End[0m [1mSectors[0m [1mSize[0m [1mType[0m
/dev/vda1     2048  2099199 2097152   1G Linux filesystem
/dev/vda2  2099200  6293503 4194304   2G Linux filesystem
/dev/vda3  6293504 14678015 8384512   4G Linux filesystem

[?2004hCommand (m for help): # vill markera r'tt[K[K[K√§tt filsystemt[K [K.[K: efi, ext4, crypt[K[K[K[K[Kkrypterad beh√•llare
[?2004l[31m#: unknown command[0m

[?2004hCommand (m for help): m
[?2004l
Help:
[1m
  GPT
[0m   M   enter protective/hybrid MBR
[1m
  Generic
[0m   d   delete a partition
   F   list free unpartitioned space
   l   list known partit