Script started on 2026-02-02 10:04:42+01:00 [TERM="xterm-256color" TTY="/dev/pts/0" COLUMNS="115" LINES="30"]
ITINF25/lektion5
$ ITINF25/lektion5
$ doc
ke






$ man docker
DOCKER(1)                             Docker User Manuals                             DOCKER(1)

NAME
       docker - Docker image and container command line interface

SYNOPSIS
       docker [OPTIONS] COMMAND [ARG...]

       docker [--help|-v|--version]

DESCRIPTION
       docker is a client for interacting with the daemon (see dockerd(8)) through the CLI.

       The  Docker CLI has over 30 commands. The commands are listed below and each has its own
       man page which explains usage and arguments.

       To see the man page for a command run man docker .

OPTIONS
       --helpdocker(1) line 1 (press h for help or q to quit)
         Print usage statement(press h for help or q to quit)
 ESESCOBpage docker(1) line 3 (press h for help or q to quit)
       --config=""r(1) line 4 (press h for help or q to quit)
         Specifies the location of the  Docker  client  configuration  files.  The  default  is
       '~/.docker'.(1) line 6 (press h for help or q to quit)
 ESESCOBpage docker(1) line 7 (press h for help or q to quit)
       -D, --debug=true|false (press h for help or q to quit)
         Enable debug mode. Default is false.lp or q to quit)
 ESESCOBpage docker(1) line 10 (press h for help or q to quit)
       -H,   --host=[unix:///var/run/docker.sock]:   tcp://[host]:[port][path]   to   bind   or
       unix://[/path/to/socket] to use. for help or q to quit)
         The socket(s) to bind to in daemon mode specified using one or more
         tcp://host:port/path, unix:///path/to/socket, fd://* or fd://socketfd.
         If the tcp port is not specified, then it will default to either 2375 when
         --tls is off, or 2376 when --tls is on, or --tlsverify is specified.
 ESESCOBpage docker(1) line 17 (press h for help or q to quit)
       -l, --log-level="debug|info|warn|error|fatal"q to quit)
         Set the logging level. Default is info. or q to quit)
 ESESCOBpage docker(1) line 20 (press h for help or q to quit)
       --tls=true|falseline 21 (press h for help or q to quit)
         Use TLS; implied by --tlsverify. Default is false.it)
 ESESCOBpage docker(1) line 23 (press h for help or q to quit)
       --tlscacert=~/.docker/ca.pemss h for help or q to quit)
         Trust certs signed only by this CA.help or q to quit)
 ESESCOBpage docker(1) line 26 (press h for help or q to quit)
       --tlscert=~/.docker/cert.pemss h for help or q to quit)
         Path to TLS certificate file.h for help or q to quit)
 ESESCOBpage docker(1) line 29 (press h for help or q to quit)
       --tlskey=~/.docker/key.pemress h for help or q to quit)
         Path to TLS key file. (press h for help or q to quit)
 ESESCOBpage docker(1) line 32 (press h for help or q to quit)
       --tlsverify=true|false3 (press h for help or q to quit)
         Use TLS and verify the remote (daemon: verify client, client: verify daemon).
         Default is false.e 35 (press h for help or q to quit)
 ESESCOBpage docker(1) line 36 (press h for help or q to quit)
       -v, --version=true|false(press h for help or q to quit)
         Print version information and quit. Default is false.
 ESESCOBpage docker(1) line 39 (press h for help or q to quit)
COMMANDSpage docker(1) line 40 (press h for help or q to quit)
       Use "docker help" or "docker --help" to get an overview of available commands.
 ESESCOBpage docker(1) line 42 (press h for help or q to quit)
EXAMPLESpage docker(1) line 43 (press h for help or q to quit)
       For specific client examples see the man page for the specific Docker command. For exam‐
       ple:e docker(1) line 45 (press h for help or q to quit)
 ESESCOBpage docker(1) line 46 (press h for help or q to quit)
       man docker-run) line 47 (press h for help or q to quit)
 ESESCOBpage docker(1) line 48 (press h for help or q to quit)
HISTORYBpage docker(1) line 49 (press h for help or q to quit)
       April  2014,  Originally  compiled  by William Henry (whenry at redhat dot com) based on
       docker.com source material and internal work.q to quit)
 ESESCOBpage docker(1) line 52 (press h for help or q to quit)
Docker Community                           APRIL 2014                                 DOCKER(1)
 ESESCOBpage docker(1) line 54 (press h for help or q to quit)
 ESESCOBpage docker(1) line 54/72 (END) (press h for help or q to quit)
>ITINF25/lektion5er(1) line 54/72 (END) (press h for help or q to quit)
$ ITINF25/lektion5
$ man doc
ker-pull
DOCKER(1)                             Docker User Manuals                             DOCKER(1)

NAME
       docker-pull - Download an image from a registry

SYNOPSIS
       docker pull [OPTIONS] NAME[:TAG|@DIGEST]

DESCRIPTION
       Alias for docker image pull.

OPTIONS
       -a, --all-tags[=false]      Download all tagged images in the repository

       --platform=""      Set platform if server is multi-platform capable

       -q, --quiet[=false]      Suppress verbose output

SEE ALSO
>ITINF25/lektion5er-pull(1) line 1 (press h for help or q to quit)
$ git lgog
commit 2d11b894bef8e5fc33968a6e238bb97ded8c5e55 (HEAD -> 260202, origin/260202)
Author: Kent Larsson <kent@c8.se>
Date:   Mon Feb 2 10:05:30 2026 +0100

    autocommit complete 1005 (30)

commit 1f3162fd0fdb17fd836608e01a37c9417f40228f
Author: Kent Larsson <kent@c8.se>
Date:   Mon Feb 2 10:05:13 2026 +0100

    autocommit complete 1005 (13)

commit 00dd0adb84cafc7b200f5cc3d860a46b323d13cc
Author: Kent Larsson <kent@c8.se>
Date:   Mon Feb 2 10:04:57 2026 +0100

    autocommit complete 1004 (57)

commit 33c0dc9a9f3fdc625e4e0995d3bcb441f0d08333
>ITINF25/lektion5
man docker-pullITINF25/lektion5
$ man docker-pull
DOCKER(1)                             Docker User Manuals                             DOCKER(1)

NAME
       docker-pull - Download an image from a registry

SYNOPSIS
       docker pull [OPTIONS] NAME[:TAG|@DIGEST]

DESCRIPTION
       Alias for docker image pull.

OPTIONS
       -a, --all-tags[=false]      Download all tagged images in the repository

       --platform=""      Set platform if server is multi-platform capable

       -q, --quiet[=false]      Suppress verbose output

SEE ALSO
       docker(1)ker-pull(1) line 1 (press h for help or q to quit)
 ESESCOBpage docker-pull(1) line 2 (press h for help or q to quit)
Docker Community                            Jan 2026                                  DOCKER(1)
 ESESCOBpage docker-pull(1) line 4 (press h for help or q to quit)
MNAMECOApage docker-pull(1) line 4/22 (END) (press h for help or q to quit)
MESESCOApage docker-pull(1) line 3/22 89% (press h for help or q to quit)
MDOCKER(1)                             Docker User Manuals                             DOCKER(1)
 ESESCOApage docker-pull(1) line 1/22 85% (press h for help or q to quit)
>ITINF25/lektion5er-pull(1) line 1/22 85% (press h for help or q to quit)
$ ITINF25/lektion5
$ tldr docker
docker

Manage Docker containers and images.
Some subcommands such as run have their own usage documentation.
More information: https://docs.docker.com/reference/cli/docker/.

 - List all Docker containers (running and stopped):
   docker ps [-a|--all]

 - Start a container from an image, with a custom name:
   docker run --name container_name image

 - Start or stop an existing container:
   docker start|stop container_name

 - Pull an image from a Docker registry:
   docker pull image

 - Display the list of already downloaded images:
   docker images

 - Open an interactive tty with Bourne shell (sh) inside a running container:
   docker exec [-it|--interactive --tty] container_name sh

 - Remove stopped containers:
   docker rm container1 container2 ...

 - Fetch and follow the logs of a container:
   docker logs [-f|--follow] container_name
ITINF25/lektion5
ITINF25/lektion5
$ hueiheiuh

uhiuhiuhiu


iuooijonano
>ITINF25/lektion5fer?                                                                              Y Yeslcome to nano.  For basic help, type Ctrl+G. ]
$ docker psITINF25/lektion5
$ docker ps
CONTAINER ID   IMAGE     COMMAND                  CREATED       STATUS       PORTS                                         NAMES
dad9452343ad   mariadb   "docker-entrypoint.s…"   7 weeks ago   Up 3 hours   0.0.0.0:3306->3306/tcp, [::]:3306->3306/tcp   mariadb-db-1
ITINF25/lektion5
$ 
$ ITINF25/lektion5
$ docker ps
CONTAINER ID   IMAGE     COMMAND                  CREATED       STATUS       PORTS                                         NAMES
dad9452343ad   mariadb   "docker-entrypoint.s…"   7 weeks ago   Up 3 hours   0.0.0.0:3306->3306/tcp, [::]:3306->3306/tcp   mariadb-db-1
ITINF25/lektion5
$ docker psITINF25/lektion5
$ docker ps
CONTAINER ID   IMAGE     COMMAND                  CREATED       STATUS       PORTS                                         NAMES
dad9452343ad   mariadb   "docker-entrypoint.s…"   7 weeks ago   Up 3 hours   0.0.0.0:3306->3306/tcp, [::]:3306->3306/tcp   mariadb-db-1
ITINF25/lektion5
$ 
$ mkdir Tetesstdoutbytfifildel
ITINF25/lektion5
$ cd stdoutbytfildel/
ITINF25/lektion5/stdoutbytfildel
$ ITINF25/lektion5/stdoutbytfildel
$ ls
ITINF25/lektion5/stdoutbytfildel
$ cat /etc/default/gr
ub
# If you change this file, run 'update-grub' afterwards to update
# /boot/grub/grub.cfg.
# For full documentation of the options in this file, see:
#   info -f grub -n 'Simple configuration'

GRUB_DEFAULT=0
GRUB_TIMEOUT=5
GRUB_DISTRIBUTOR=`lsb_release -i -s 2> /dev/null || echo Debian`
GRUB_CMDLINE_LINUX_DEFAULT="quiet splash i8042.reset i8042.nomux"
GRUB_CMDLINE_LINUX="i8042.kbdreset=1"

# If your computer has multiple operating systems installed, then you
# probably want to run os-prober. However, if your computer is a host
# for guest OSes installed via LVM or raw disk devices, running
# os-prober can cause damage to those guest OSes as it mounts
# filesystems to look for things.
GRUB_DISABLE_OS_PROBER=false

# Uncomment to enable BadRAM filtering, modify to suit your needs
# This works with Linux (no patch required) and with any kernel that obtains
# the memory map information from GRUB (GNU Mach, kernel of FreeBSD ...)
#GRUB_BADRAM="0x01234567,0xfefefefe,0x89abcdef,0xefefefef"

# Uncomment to disable graphical terminal
#GRUB_TERMINAL=console

# The resolution used on graphical terminal
# note that you can use only modes which your graphic card supports via VBE
# you can see them in real GRUB with the command `vbeinfo'
#GRUB_GFXMODE=640x480

# Uncomment if you don't want GRUB to pass "root=UUID=xxx" parameter to Linux
#GRUB_DISABLE_LINUX_UUID=true

# Uncomment to disable generation of recovery mode menu entries
#GRUB_DISABLE_RECOVERY="true"

# Uncomment to get a beep at grub start
#GRUB_INIT_TUNE="480 440 1"
ITINF25/lektion5/stdoutbytfildel
$ cat /etc/default/grub | grep -i vcryptITINF25/lektion5/stdoutbytfildel
$ cat /etc/default/grub | grep -i crypt
ITINF25/lektion5/stdoutbytfildel
$ cat /etc/default/grub | grep -i cryp
b
# If you change this file, run 'update-grub' afterwards to update
# /boot/grub/grub.cfg.
# For full documentation of the options in this file, see:
#   info -f grub -n 'Simple configuration'

GRUB_DEFAULT=0
GRUB_TIMEOUT=5
GRUB_DISTRIBUTOR=`lsb_release -i -s 2> /dev/null || echo Debian`
GRUB_CMDLINE_LINUX_DEFAULT="quiet splash i8042.reset i8042.nomux"
GRUB_CMDLINE_LINUX="i8042.kbdreset=1"

# If your computer has multiple operating systems installed, then you
# probably want to run os-prober. However, if your computer is a host
# for guest OSes installed via LVM or raw disk devices, running
# os-prober can cause damage to those guest OSes as it mounts
# filesystems to look for things.
GRUB_DISABLE_OS_PROBER=false

# Uncomment to enable BadRAM filtering, modify to suit your needs
# This works with Linux (no patch required) and with any kernel that obtains
# the memory map information from GRUB (GNU Mach, kernel of FreeBSD ...)
#GRUB_BADRAM="0x01234567,0xfefefefe,0x89abcdef,0xefefefef"

# Uncomment to disable graphical terminal
#GRUB_TERMINAL=console

# The resolution used on graphical terminal
# note that you can use only modes which your graphic card supports via VBE
# you can see them in real GRUB with the command `vbeinfo'
#GRUB_GFXMODE=640x480

# Uncomment if you don't want GRUB to pass "root=UUID=xxx" parameter to Linux
#GRUB_DISABLE_LINUX_UUID=true

# Uncomment to disable generation of recovery mode menu entries
#GRUB_DISABLE_RECOVERY="true"

# Uncomment to get a beep at grub start
#GRUB_INIT_TUNE="480 440 1"
ITINF25/lektion5/stdoutbytfildel
$ 
ITINF25/lektion5/stdoutbytfildel
$ ITINF25/lektion5/stdoutbytfildel
$ LS
bash: LS: command not found
ITINF25/lektion5/stdoutbytfildel
$ ITINF25/lektion5/stdoutbytfildel
$ ls
ITINF25/lektion5/stdoutbytfildel
$ nano minconfig.conf
>ITINF25/lektion5/stdoutbytfildelf [ Writing... ] [ Wrote 5 lines ]es        
$ sed minconfig.conf-E's
LOGO=YES
SOMETHING=YES PLEASE
ENCRYPT_UUID=
MORE=NO

ITINF25/lektion5/stdoutbytfildel
$ sed -E '' minconfig.conf^ENCRYPT_UUID= 
sed: -e expression #1, char 1: unknown command: `^'
ITINF25/lektion5/stdoutbytfildel
$ sed -E '^ENCRYPT_UUID= ' minconfig.confs/$/12345/ITINF25/lektion5/stdoutbytfildel
$ sed -E '^ENCRYPT_UUID= s/$/12345/' minconfig.conf
sed: -e expression #1, char 1: unknown command: `^'
ITINF25/lektion5/stdoutbytfildel
$ sed -E '^ENCRYPT_UUID= s/$/12345/' minconfig.conf//
LOGO=YES
SOMETHING=YES PLEASE
ENCRYPT_UUID=12345
MORE=NO

ITINF25/lektion5/stdoutbytfildel
$ sed -E '/^ENCRYPT_UUID=/ s/$/12345/' minconfig.conf/UUID/
sed: -e expression #1, char 12: unknown command: `/'
ITINF25/lektion5/stdoutbytfildel
$ sed -E '/^ENCRYPT/ /UUID/ s/$/12345/' minconfig.conf
sed: -e expression #1, char 12: unknown command: `/'
ITINF25/lektion5/stdoutbytfildel
$ ITINF25/lektion5/stdoutbytfildel
$ man sed
SED(1)                  User Commands                  SED(1)

NAME
       sed  -  stream  editor  for filtering and transforming
       text

SYNOPSIS
       sed [-V] [--version] [--help] [-n] [--quiet] [--silent]
           [-l N] [--line-length=N] [-u] [--unbuffered]
           [-E] [-r] [--regexp-extended]
           [-e script] [--expression=script]
           [-f script-file] [--file=script-file]
           [script-if-no-other-script]
           [file...]

DESCRIPTION
       Sed is a stream editor.  A stream editor  is  used  to
       perform  basic text transformations on an input stream
       (a file or input from a pipeline).  While in some ways
       similar  to  an  editor  which  permits scripted edits
       (such as ed), sed works by making only one  pass  over
       the input(s), and is consequently more efficient.  But
       it is sed's ability to filter text in a pipeline which
       particularly distinguishes it from other types of edi‐
       tors.

       -n, --quiet, --silent

              suppress automatic printing of pattern space

       --debug

              annotate program execution help or q to quit)

       -e script, --expression=script

              add the script to the commands to be executed

       -f script-file, --file=script-file

              add the contents of script-file to the commands
              to be executed

       --follow-symlinks

              follow symlinks when processing in place

       -i[SUFFIX], --in-place[=SUFFIX]
 Manual page sed(1) line 33 (press h for help or q to quit)
              edit  files  in  place  (makes backup if SUFFIX
              supplied)

       -l N, --line-length=N

              specify the desired line-wrap  length  for  the
              `l' command

       --posix

              disable all GNU extensions.

       -E, -r, --regexp-extended

              use  extended regular expressions in the script
              (for portability use POSIX -E). or q to quit)

       -s, --separate

              consider files as separate  rather  than  as  a
              single, continuous long stream.

       --sandbox

              operate  in  sandbox  mode  (disable e/r/w com‐
              mands).

       -u, --unbuffered

              load minimal amounts of  data  from  the  input
              files and flush the output buffers more often
 Manual page sed(1) line 65 (press h for help or q to quit)
       -z, --null-data

              separate lines by NUL characters

       --help
              display this help and exit

       --version
              output version information and exit

       If no -e, --expression, -f, or --file option is given,
       then the first non-option argument is taken as the sed
       script  to  interpret.   All  remaining  arguments are
       names of input files; if no input files are specified,
       then the standard input is read.
 Manual page sed(1) line 81 (press h for help or q to quit)
       GNU    sed   home   page:   <https://www.gnu.org/soft‐
       ware/sed/>.   General   help   using   GNU   software:
       <https://www.gnu.org/gethelp/>.   E-mail  bug  reports
       to: <bug-sed@gnu.org>.

       Packaged by Debian  Copyright  ©  2022  Free  Software
       Foundation, Inc.  License GPLv3+: GNU GPL version 3 or
       later  <https://gnu.org/licenses/gpl.html>.   This  is
       free software: you are free to change and redistribute
       it.  There is NO WARRANTY, to the extent permitted  by
       law.

COMMAND SYNOPSIS
       This is just a brief synopsis of sed commands to serve
       as a reminder to those who  already  know  sed;  other
       documentation  (such  as the texinfo document) must be
       consulted for fuller descriptions.

   Zero-address ``commands''
       : label
              Label for b and t commands.

       #comment
              The comment extends until the next newline  (or
              the end of a -e script fragment).

       }      The closing bracket of a { } block.

   Zero- or One- address commands
       =      Print the current line number.

       a \ge sed(1) line 113 (press h for help or q to quit)

       text   Append  text,  which  has each embedded newline
              preceded by a backslash.

       i \

       text   Insert text, which has  each  embedded  newline
              preceded by a backslash.

       q [exit-code]
              Immediately  quit  the  sed script without pro‐
              cessing any more input, except  that  if  auto-
              print is not disabled the current pattern space
              will be printed.  The exit code argument  is  a
              GNU extension.
 Manual page sed(1) line 129 (press h for help or q to quit)
       Q [exit-code]
              Immediately  quit  the  sed script without pro‐
              cessing any more input.  This is a  GNU  exten‐
              sion.

       r filename
              Append text read from filename.

       R filename
              Append a line read from filename.  Each invoca‐
              tion of the command reads a line from the file.
              This is a GNU extension.

   Commands which accept address ranges
       {      Begin a block of commands (end with a }).
 Manual page sed(1) line 145 (press h for help or q to quit)
       b label
              Branch to label; if label is omitted, branch to
              end of script.

       c \

       text   Replace the selected lines with text, which has
              each embedded newline preceded by a backslash.

       d      Delete pattern space.  Start next cycle.

       D      If  pattern  space contains no newline, start a
              normal new cycle as if the d  command  was  is‐
              sued.   Otherwise,  delete  text in the pattern
              space up to the first newline, and restart  cy‐
              cle  with  the resultant pattern space, without
              reading a new line of input.

       h H    Copy/append pattern space to hold space.

       g G    Copy/append hold space to pattern space.

       l      List out the current line in a ``visually unam‐
              biguous'' form.

       l width
              List out the current line in a ``visually unam‐
              biguous'' form, breaking it  at  width  charac‐
              ters.  This is a GNU extension.

       n N    Read/append  the  next  line  of input into the
              pattern space. (press h for help or q to quit)

       p      Print the current pattern space.

       P      Print up to the first embedded newline  of  the
              current pattern space.

       s/regexp/replacement/
              Attempt  to  match  regexp  against the pattern
              space.  If  successful,  replace  that  portion
              matched  with replacement.  The replacement may
              contain the special character  &  to  refer  to
              that   portion   of  the  pattern  space  which
              matched, and the special escapes \1 through  \9
              to  refer to the corresponding matching sub-ex‐
              pressions in the regexp.
 Manual page sed(1) line 193 (press h for help or q to quit)
       t label
              If a s/// has done  a  successful  substitution
              since  the  last  input line was read and since
              the last t or T command, then branch to  label;
              if label is omitted, branch to end of script.

       T label
              If  no  s/// has done a successful substitution
              since the last input line was  read  and  since
              the  last t or T command, then branch to label;
              if label is omitted, branch to end  of  script.
              This is a GNU extension.

       w filename
              Write the current pattern space to filename.
 Manual page sed(1) line 209 (press h for help or q to quit)
       W filename
              Write  the  first  line  of the current pattern
              space to filename.  This is a GNU extension.

       x      Exchange the contents of the hold  and  pattern
              spaces.

       y/source/dest/
              Transliterate  the  characters  in  the pattern
              space which appear in source to the correspond‐
              ing character in dest.

Addresses
       Sed  commands can be given with no addresses, in which
       case the command will be executed for all input lines;
       with  one address, in which case the command will only
       be executed for input lines which match that  address;
       or  with two addresses, in which case the command will
       be executed for all input lines which match the inclu‐
       sive  range  of  lines starting from the first address
       and continuing to the second address.  Three things to
       note  about  address ranges: the syntax is addr1,addr2
       (i.e., the addresses are separated by  a  comma);  the
       line which addr1 matched will always be accepted, even
       if addr2 selects an earlier line; and if  addr2  is  a
       regexp,  it  will  not be tested against the line that
       addr1 matched.

       After the address (or address-range), and  before  the
       command,  a  !   may be inserted, which specifies that
       the command shall only be executed if the address  (or
       address-range) does not match. for help or q to quit)

       The following address types are supported:

       number Match only the specified line number (which in‐
              crements cumulatively across files, unless  the
              -s option is specified on the command line).

       first~step
              Match  every  step'th  line  starting with line
              first.  For example, ``sed -n 1~2p'' will print
              all the odd-numbered lines in the input stream,
              and the address  2~5  will  match  every  fifth
              line,  starting  with the second.  first can be
              zero; in this case, sed operates as if it  were
              equal to step.  (This is an extension.)
 ESESCOBpage sed(1) line 257 (press h for help or q to quit)
M       address-range) does not match.for help or q to quit)
 Manual page sed(1) line 257 (press h for help or q to quit)
       $      Match the last line.

       /regexp/
              Match  lines  matching  the  regular expression
              regexp.  Matching is performed on  the  current
              pattern  space, which can be modified with com‐
              mands such as ``s///''.

       \cregexpc
              Match lines  matching  the  regular  expression
              regexp.  The c may be any character.

       GNU sed also supports some special 2-address forms:

       0,addr2
              Start out in "matched first address" state, un‐
              til  addr2  is  found.   This  is  similar   to
              1,addr2,  except that if addr2 matches the very
              first line of input the 0,addr2 form will be at
              the  end of its range, whereas the 1,addr2 form
              will still be at the beginning  of  its  range.
              This works only when addr2 is a regular expres‐
              sion. line 280 (press h for help or q to quit)
 ESESCOBpage sed(1) line 281 (press h for help or q to quit)
       addr1,+Nd(1) line 282 (press h for help or q to quit)
              Will match addr1  and  the  N  lines  following
              addr1.line 284 (press h for help or q to quit)
 ESESCOBpage sed(1) line 285 (press h for help or q to quit)
       addr1,~Nd(1) line 286 (press h for help or q to quit)
              Will  match addr1 and the lines following addr1
              until the next line whose input line number  is
              a multiple of N.press h for help or q to quit)
 ESESCOBpage sed(1) line 290 (press h for help or q to quit)
REGULAR EXPRESSIONS line 291 (press h for help or q to quit)
       POSIX.2 BREs should be supported, but they aren't com‐
       pletely because of performance problems.  The  \n  se‐
       quence  in  a  regular  expression matches the newline
       character, and similarly for \a,  \t,  and  other  se‐
M              This works only when addr2 is a regular expres‐
M              will still be at the beginning  of  its  range.
M              the  end of its range, whereas the 1,addr2 form
M              first line of input the 0,addr2 form will be at
M              1,addr2,  except that if addr2 matches the very
M              til  addr2  is  found.   This  is  similar   to
M              Start out in "matched first address" state, un‐
M       0,addr2d(1) line 289 (press h for help or q to quit)
MESESCOApage sed(1) line 288 (press h for help or q to quit)
M       GNU sed also supports some special 2-address forms:)
MESESCOApage sed(1) line 286 (press h for help or q to quit)
 ESESCOBpage sed(1) line 285 (press h for help or q to quit)
       addr1,~Nd(1) line 286 (press h for help or q to quit)
              Will  match addr1 and the lines following addr1
              until the next line whose input line number  is
              a multiple of N.press h for help or q to quit)
 ESESCOBpage sed(1) line 290 (press h for help or q to quit)
REGULAR EXPRESSIONS line 291 (press h for help or q to quit)
       POSIX.2 BREs should be supported, but they aren't com‐
       pletely because of performance problems.  The  \n  se‐
       quence  in  a  regular  expression matches the newline
       character, and similarly for \a,  \t,  and  other  se‐
       quences.   The  -E  option  switches to using extended
       regular expressions instead; it has been supported for
       years by GNU sed, and is now included in POSIX. quit)
 ESESCOBpage sed(1) line 299 (press h for help or q to quit)
BUGSSCOBpage sed(1) line 300 (press h for help or q to quit)
       E-mail  bug  reports to bug-sed@gnu.org.  Also, please
       include the output of ``sed --version'' in the body of
       your report if at all possible.for help or q to quit)
 ESESCOBpage sed(1) line 304 (press h for help or q to quit)
AUTHOROBpage sed(1) line 305 (press h for help or q to quit)
       Written  by Jay Fenlason, Tom Lord, Ken Pizzini, Paolo
       Bonzini, Jim Meyering, and Assaf Gordon.or q to quit)
 ESESCOBpage sed(1) line 308 (press h for help or q to quit)
       This sed  program  was  built  with  SELinux  support.
       SELinux is disabled on this system.help or q to quit)
 ESESCOBpage sed(1) line 311 (press h for help or q to quit)
       GNU    sed   home   page:   <https://www.gnu.org/soft‐
M       quences.   The  -E  option  switches to using extended
M       character, and similarly for \a,  \t,  and  other  se‐
M       quence  in  a  regular  expression matches the newline
M       pletely because of performance problems.  The  \n  se‐
M       POSIX.2 BREs should be supported, but they aren't com‐
MREGULAR EXPRESSIONSline 308 (press h for help or q to quit)
MESESCOApage sed(1) line 307 (press h for help or q to quit)
M              a multiple of N.ress h for help or q to quit)
M              until the next line whose input line number  is
M              Will  match addr1 and the lines following addr1
M       addr1,~N(1) line 303 (press h for help or q to quit)
MESESCOApage sed(1) line 302 (press h for help or q to quit)
M              addr1.ine 301 (press h for help or q to quit)
M              Will match addr1  and  the  N  lines  following
M       addr1,+N(1) line 299 (press h for help or q to quit)
MESESCOApage sed(1) line 298 (press h for help or q to quit)
M              sion.line 297 (press h for help or q to quit)
M              This works only when addr2 is a regular expres‐
M              will still be at the beginning  of  its  range.
M              the  end of its range, whereas the 1,addr2 form
M              first line of input the 0,addr2 form will be at
M              1,addr2,  except that if addr2 matches the very
M              til  addr2  is  found.   This  is  similar   to
M              Start out in "matched first address" state, un‐
M       0,addr2d(1) line 289 (press h for help or q to quit)
MESESCOApage sed(1) line 288 (press h for help or q to quit)
M       GNU sed also supports some special 2-address forms:)
MESESCOApage sed(1) line 286 (press h for help or q to quit)
M              regexp.  The c may be any character. to quit)
M              Match lines  matching  the  regular  expression
M       \cregexpc1) line 283 (press h for help or q to quit)
MESESCOApage sed(1) line 282 (press h for help or q to quit)
M              mands such as ``s///''.for help or q to quit)
M              pattern  space, which can be modified with com‐
M              regexp.  Matching is performed on  the  current
M              Match  lines  matching  the  regular expression
M       /regexp/(1) line 277 (press h for help or q to quit)
MESESCOApage sed(1) line 276 (press h for help or q to quit)
M       $      Match the last line. h for help or q to quit)
MESESCOApage sed(1) line 274 (press h for help or q to quit)
M              equal to step.  (This is an extension.) quit)
M              zero; in this case, sed operates as if it  were
M              line,  starting  with the second.  first can be
M              and the address  2~5  will  match  every  fifth
M              all the odd-numbered lines in the input stream,
M              first.  For example, ``sed -n 1~2p'' will print
M              Match  every  step'th  line  starting with line
M       first~step) line 266 (press h for help or q to quit)
MESESCOApage sed(1) line 265 (press h for help or q to quit)
M              -s option is specified on the command line).)
M              crements cumulatively across files, unless  the
M       number Match only the specified line number (which in‐
MESESCOApage sed(1) line 261 (press h for help or q to quit)
M       The following address types are supported:q to quit)
MESESCOApage sed(1) line 259 (press h for help or q to quit)
M       address-range) does not match.for help or q to quit)
M       the command shall only be executed if the address  (or
M       command,  a  !   may be inserted, which specifies that
M       After the address (or address-range), and  before  the
MESESCOApage sed(1) line 254 (press h for help or q to quit)
M       addr1 matched.ne 253 (press h for help or q to quit)
M       regexp,  it  will  not be tested against the line that
M       if addr2 selects an earlier line; and if  addr2  is  a
M       line which addr1 matched will always be accepted, even
M       (i.e., the addresses are separated by  a  comma);  the
M       note  about  address ranges: the syntax is addr1,addr2
M       and continuing to the second address.  Three things to
M       sive  range  of  lines starting from the first address
M       be executed for all input lines which match the inclu‐
M       or  with two addresses, in which case the command will
M       be executed for input lines which match that  address;
M       with  one address, in which case the command will only
M       case the command will be executed for all input lines;
M       Sed  commands can be given with no addresses, in which
MAddressesge sed(1) line 239 (press h for help or q to quit)
MESESCOApage sed(1) line 238 (press h for help or q to quit)
 ESESCOBpage sed(1) line 237 (press h for help or q to quit)
       After the address (or address-range), and  before  the
       command,  a  !   may be inserted, which specifies that
       the command shall only be executed if the address  (or
       address-range) does not match. for help or q to quit)
 ESESCOBpage sed(1) line 242 (press h for help or q to quit)
       The following address types are supported: q to quit)
 ESESCOBpage sed(1) line 244 (press h for help or q to quit)
       number Match only the specified line number (which in‐
              crements cumulatively across files, unless  the
              -s option is specified on the command line).t)
 ESESCOBpage sed(1) line 248 (press h for help or q to quit)
       first~step1) line 249 (press h for help or q to quit)
              Match  every  step'th  line  starting with line
              first.  For example, ``sed -n 1~2p'' will print
              all the odd-numbered lines in the input stream,
              and the address  2~5  will  match  every  fifth
              line,  starting  with the second.  first can be
              zero; in this case, sed operates as if it  were
              equal to step.  (This is an extension.)o quit)
 ESESCOBpage sed(1) line 257 (press h for help or q to quit)
       $      Match the last line.s h for help or q to quit)
 ESESCOBpage sed(1) line 259 (press h for help or q to quit)
       /regexp/d(1) line 260 (press h for help or q to quit)
              Match  lines  matching  the  regular expression
              regexp.  Matching is performed on  the  current
              pattern  space, which can be modified with com‐
              mands such as ``s///''. for help or q to quit)
 ESESCOBpage sed(1) line 265 (press h for help or q to quit)
       \cregexpc(1) line 266 (press h for help or q to quit)
              Match lines  matching  the  regular  expression
              regexp.  The c may be any character.q to quit)
 ESESCOBpage sed(1) line 269 (press h for help or q to quit)
       GNU sed also supports some special 2-address forms:t)
 ESESCOBpage sed(1) line 271 (press h for help or q to quit)
       0,addr2ed(1) line 272 (press h for help or q to quit)
              Start out in "matched first address" state, un‐
              til  addr2  is  found.   This  is  similar   to
              1,addr2,  except that if addr2 matches the very
MESESCOApage sed(1) line 276 (press h for help or q to quit)
M       $      Match the last line. h for help or q to quit)
MESESCOApage sed(1) line 274 (press h for help or q to quit)
              Start out in "matched first address" state, un‐
              til  addr2  is  found.   This  is  similar   to
              1,addr2,  except that if addr2 matches the very
              first line of input the 0,addr2 form will be at
              the  end of its range, whereas the 1,addr2 form
              will still be at the beginning  of  its  range.
              This works only when addr2 is a regular expres‐
              sion. line 280 (press h for help or q to quit)
 ESESCOBpage sed(1) line 281 (press h for help or q to quit)
       addr1,+Nd(1) line 282 (press h for help or q to quit)
              Will match addr1  and  the  N  lines  following
              addr1.line 284 (press h for help or q to quit)
 ESESCOBpage sed(1) line 285 (press h for help or q to quit)
       addr1,~Nd(1) line 286 (press h for help or q to quit)
              Will  match addr1 and the lines following addr1
              until the next line whose input line number  is
              a multiple of N.press h for help or q to quit)
 ESESCOBpage sed(1) line 290 (press h for help or q to quit)
REGULAR EXPRESSIONS line 291 (press h for help or q to quit)
       POSIX.2 BREs should be supported, but they aren't com‐
       pletely because of performance problems.  The  \n  se‐
       quence  in  a  regular  expression matches the newline
       character, and similarly for \a,  \t,  and  other  se‐
       quences.   The  -E  option  switches to using extended
       regular expressions instead; it has been supported for
       years by GNU sed, and is now included in POSIX. quit)
 ESESCOBpage sed(1) line 299 (press h for help or q to quit)
BUGSSCOBpage sed(1) line 300 (press h for help or q to quit)
M              addr1.ine 301 (press h for help or q to quit)
BUGSSCOBpage sed(1) line 300 (press h for help or q to quit)
       E-mail  bug  reports to bug-sed@gnu.org.  Also, please
       include the output of ``sed --version'' in the body of
       your report if at all possible.for help or q to quit)
 ESESCOBpage sed(1) line 304 (press h for help or q to quit)
AUTHOROBpage sed(1) line 305 (press h for help or q to quit)
       Written  by Jay Fenlason, Tom Lord, Ken Pizzini, Paolo
       Bonzini, Jim Meyering, and Assaf Gordon.or q to quit)
 ESESCOBpage sed(1) line 308 (press h for help or q to quit)
>ITINF25/lektion5/stdoutbytfildelss h for help or q to quit)
$ 
ITINF25/lektion5/stdoutbytfildel
$ 
ITINF25/lektion5/stdoutbytfildel
$ sed '/UUID' minconfig.conf minconfig.confITINF25/lektion5/stdoutbytfildel
$ sed '/UUID' minconfig.conf
sed: -e expression #1, char 5: unterminated address regex
ITINF25/lektion5/stdoutbytfildel
$ sed '/UUID' minconfig.con/ITINF25/lektion5/stdoutbytfildel
$ sed '/UUID/' minconfig.con
sed: -e expression #1, char 6: missing command
ITINF25/lektion5/stdoutbytfildel
$ sed '/UUID/' minconfig.con p
LOGO=YES
SOMETHING=YES PLEASE
ENCRYPT_UUID=
ENCRYPT_UUID=
MORE=NO

ITINF25/lektion5/stdoutbytfildel
$ sed '/UUID/ p' minconfig.con-n ITINF25/lektion5/stdoutbytfildel
$ sed -n '/UUID/ p' minconfig.con
ENCRYPT_UUID=
ITINF25/lektion5/stdoutbytfildel
$ sed -n '/UUID/ p' minconfig.con/UUID
sed: -e expression #1, char 8: unknown command: `/'
ITINF25/lektion5/stdoutbytfildel
$ sed -n '/UUID/ /UUID/ p' minconfig.con{  }
ENCRYPT_UUID=
ITINF25/lektion5/stdoutbytfildel
$ sed -n '/UUID/ { /UUID/ p }' minconfig.conENCRYPTITINF25/lektion5/stdoutbytfildel
$ sed -n '/ENCRYPT/ { /UUID/ p }' minconfig.con
ENCRYPT_UUID=
ITINF25/lektion5/stdoutbytfildel
$ sed -n '/ENCRYPT/ { /UUID/ p }' minconfig.con/!
ITINF25/lektion5/stdoutbytfildel
$ sed -n '/ENCRYPT/ { /UUID/! p }' minconfig.con12345ITINF25/lektion5/stdoutbytfildel
$ sed -n '/ENCRYPT/ { /12345/! p }' minconfig.con
ENCRYPT_UUID=
ITINF25/lektion5/stdoutbytfildel
$ sed -n '/ENCRYPT/ { /12345/! p }' minconfig.con
ENCRYPT_UUID=
ITINF25/lektion5/stdoutbytfildel
$ sed -n '/ENCRYPT/ { /12345/! p }' minconfig.cons/$/HEJ/
ITINF25/lektion5/stdoutbytfildel
$ sed -n '/ENCRYPT/ { /12345/! s/$/HEJ/ }' minconfig.con
ITINF25/lektion5/stdoutbytfildel
$ sed -n '/ENCRYPT/ { /12345/! s/$/HEJ/ }' minconfig.conITINF25/lektion5/stdoutbytfildel
$ sed '/ENCRYPT/ { /12345/! s/$/HEJ/ }' minconfig.con
LOGO=YES
SOMETHING=YES PLEASE
ENCRYPT_UUID=HEJ
MORE=NO

ITINF25/lektion5/stdoutbytfildel
$ sed '/ENCRYPT/ { /12345/! s/$/HEJ/ }' minconfig.con
LOGO=YES
SOMETHING=YES PLEASE
ENCRYPT_UUID=HEJ
MORE=NO

ITINF25/lektion5/stdoutbytfildel
$ ITINF25/lektion5/stdoutbytfildel
$ blkid 
bash: blkid: command not found
ITINF25/lektion5/stdoutbytfildel
$ blkid






sudo blkid
[sudo] password for kent: 
/dev/nvme0n1p11: UUID="723aff47-6e78-4d68-90b9-7b369954a351" TYPE="crypto_LUKS" PARTLABEL="DataCrypt" PARTUUID="f553107a-d654-4765-bd3f-59be7ce3b283"
/dev/nvme0n1p5: UUID="01825a8c-41eb-4713-a016-12f7b6bab902" BLOCK_SIZE="4096" TYPE="ext4" PARTLABEL="DebBoot" PARTUUID="57437187-849e-4d33-86ed-b7fe88065076"
/dev/nvme0n1p3: BLOCK_SIZE="512" UUID="D46A79F16A79D12A" TYPE="ntfs" PARTLABEL="Basic data partition" PARTUUID="33ee2485-3997-4009-bc40-28543898bdf5"
/dev/nvme0n1p1: UUID="2E64-153F" BLOCK_SIZE="512" TYPE="vfat" PARTLABEL="EFI system partition" PARTUUID="dcb08ef8-28e2-4f12-8eba-274b1294d1a2"
/dev/nvme0n1p6: UUID="6f516c51-cb2c-4737-8007-7e8ebc6b8bb8" TYPE="crypto_LUKS" PARTLABEL="DebCrypt" PARTUUID="c3db2a61-4a5a-45f6-9f01-f8229656805d"
/dev/nvme0n1p4: BLOCK_SIZE="512" UUID="2E5E7BB45E7B7405" TYPE="ntfs" PARTUUID="4f9e5899-d6f4-4f25-9e5b-c8cc4e9b6ffb"
/dev/mapper/root_decrypt: LABEL="DebDecrypt" UUID="161a00c3-26c1-4611-8ebe-c6b3a55f485e" BLOCK_SIZE="4096" TYPE="ext4"
/dev/mapper/shared_decrypt: UUID="dc5ea6e0-79bd-4a45-9cd2-57414047b355" BLOCK_SIZE="4096" TYPE="ext4"
/dev/nvme0n1p2: PARTLABEL="Microsoft reserved partition" PARTUUID="0fe2620f-c0b3-47f0-a289-11971be0440d"
ITINF25/lektion5/stdoutbytfildel
$ sudo blkid -







ITINF25/lektion5/stdoutbytfildel
$ man blkdid
BLKID(8)            System Administration            BLKID(8)

NAME
       blkid - locate/print block device attributes

SYNOPSIS
       blkid --label label | --uuid uuid

       blkid [--no-encoding --garbage-collect --list-one
       --cache-file file] [--output format] [--match-tag tag]
       [--match-token NAME=value] [device...]

       blkid --probe [--offset offset] [--output format]
       [--size size] [--match-tag tag] [--match-types list]
       [--usages list] [--no-part-details] device...

       blkid --info [--output format] [--match-tag tag]quit)
       device...

DESCRIPTION
       The blkid program is the command-line interface to
       working with the libblkid(3) library. It can determine
       the type of content (e.g., filesystem or swap) that a
       block device holds, and also the attributes (tokens,
       NAME=value pairs) from the content metadata (e.g.,
       LABEL or UUID fields).

       It is recommended to use lsblk(8) command to get
       information about block devices, or lsblk --fs to get
       an overview of filesystems, or findmnt(8) to search in
       already mounted filesystems.

          lsblk(8) provides more information, better to quit)
          control on output formatting, easy to use in
          scripts and it does not require root
          permissions to get actual information. blkid
          reads information directly from devices and
          for non-root users it returns cached
          unverified information. blkid is mostly
          designed for system services and to test
          libblkid(3) functionality.

       When device is specified, tokens from only this device
       are displayed. It is possible to specify multiple
       device arguments on the command line. If none is
       given, all partitions or unpartitioned devices which
       appear in /proc/partitions are shown, if they are
       recognized.
 Manual page blkid(8) line 33 (press h for help or q to quit)
       blkid has two main forms of operation: either
       searching for a device with a specific NAME=value
       pair, or displaying NAME=value pairs for one or more
       specified devices.

       For security reasons blkid silently ignores all
       devices where the probing result is ambivalent
       (multiple colliding filesystems are detected). The
       low-level probing mode (-p) provides more information
       and extra exit status in this case. It’s recommended
       to use wipefs(8) to get a detailed overview and to
       erase obsolete stuff (magic strings) from the device.

OPTIONS
       The size and offset arguments may be followed by the
       multiplicative suffixes like KiB (=1024), MiB to quit)
       (=1024*1024), and so on for GiB, TiB, PiB, EiB, ZiB
       and YiB (the "iB" is optional, e.g., "K" has the same
       meaning as "KiB"), or the suffixes KB (=1000), MB
       (=1000*1000), and so on for GB, TB, PB, EB, ZB and YB.

       -c, --cache-file cachefile
           Read from cachefile instead of reading from the
           default cache file (see the CONFIGURATION FILE
           section for more details). If you want to start
           with a clean cache (i.e., don’t report devices
           previously scanned but not necessarily available
           at this time), specify /dev/null.

       -d, --no-encoding
           Don’t encode non-printing characters. The
           non-printing characters are encoded by ^ and M-it)
           notation by default. Note that the --output udev
           output format uses a different encoding which
           cannot be disabled.

       -D, --no-part-details
           Don’t print information (PART_ENTRY_* tags) from
           partition table in low-level probing mode.

       -g, --garbage-collect
           Perform a garbage collection pass on the blkid
           cache to remove devices which no longer exist.

       -H, --hint setting
           Set probing hint. The hints are an optional way to
           force probing functions to check, for example,
           another location. The currently supported is quit)
           "session_offset=number" to set session offset on
           multi-session UDF.

       -i, --info
           Display information about I/O Limits (aka I/O
           topology). The 'export' output format is
           automatically enabled. This option can be used
           together with the --probe option.

       -k, --list-filesystems
           List all known filesystems and RAIDs and exit.

       -l, --list-one
           Look up only one device that matches the search
           parameter specified with the --match-token option.
           If there are multiple devices that match the quit)
           specified search parameter, then the device with
           the highest priority is returned, and/or the first
           device found at a given priority (but see below
           note about udev). Device types in order of
           decreasing priority are: Device Mapper, EVMS, LVM,
           MD, and finally regular block devices. If this
           option is not specified, blkid will print all of
           the devices that match the search parameter.

           This option forces blkid to use udev when used for
           LABEL or UUID tokens in --match-token. The goal is
           to provide output consistent with other utils
           (like mount(8), etc.) on systems where the same
           tag is used for multiple devices.

       -L, --label labele 113 (press h for help or q to quit)
           Look up the device that uses this filesystem
           label; this is equal to --list-one --output device
           --match-token LABEL=label. This lookup method is
           able to reliably use /dev/disk/by-label udev
           symlinks (dependent on a setting in
           /etc/blkid.conf). Avoid using the symlinks
           directly; it is not reliable to use the symlinks
           without verification. The --label option works on
           systems with and without udev.

           Unfortunately, the original blkid(8) from
           e2fsprogs uses the -L option as a synonym for -o
           list. For better portability, use -l -o device -t
           LABEL=label and -o list in your scripts rather
           than the -L option.
Manual page blkid(8) line 129 (press h for help or q to quit)
       -n, --match-types list
           Restrict the probing functions to the specified
           (comma-separated) list of superblock types
           (names). The list items may be prefixed with "no"
           to specify the types which should be ignored. For
           example:

           blkid --probe --match-types vfat,ext3,ext4
           /dev/sda1

           probes for vfat, ext3 and ext4 filesystems, and

           blkid --probe --match-types nominix /dev/sda1

           probes for all supported formats except minix
           filesystems. This option is only useful togethert)
           with --probe.

       -o, --output format
           Use the specified output format. Note that the
           order of variables and devices is not fixed. See
           also option -s. The format parameter may be:

           full
               print all tags (the default)

           value
               print the value of the tags

           list
               print the devices in a user-friendly format;
               this output format is unsupported for to quit)
               low-level probing (--probe or --info).

               This output format is DEPRECATED in favour of
               the lsblk(8) command.

           device
               print the device name only; this output format
               is always enabled for the --label and --uuid
               options

           udev
               print key="value" pairs for easy import into
               the udev environment; the keys are prefixed by
               ID_FS_ or ID_PART_ prefixes. The value may be
               modified to be safe for udev environment;
M               print the devices in a user-friendly format;)
M           listd(8) line 176 (press h for help or q to quit)
MESESCOAage blkid(8) line 175 (press h for help or q to quit)
M               print the value of the tagshelp or q to quit)
M           value(8) line 173 (press h for help or q to quit)
MESESCOAage blkid(8) line 172 (press h for help or q to quit)
M               print all tags (the default)elp or q to quit)
M           fulld(8) line 170 (press h for help or q to quit)
MESESCOAage blkid(8) line 169 (press h for help or q to quit)
M           also option -s. The format parameter may be:quit)
M           order of variables and devices is not fixed. See)
M           Use the specified output format. Note that theit)
M       -o, --output format65 (press h for help or q to quit)
MESESCOAage blkid(8) line 164 (press h for help or q to quit)
M           with --probe. 163 (press h for help or q to quit)
M           filesystems. This option is only useful together)
M           probes for all supported formats except minixuit)
               print the devices in a user-friendly format;t)
               this output format is unsupported for to quit)
               low-level probing (--probe or --info).to quit)
>ITINF25/lektion5/stdoutbytfildeless h for help or q to quit)
$ sudo blkid /sedev/sda

ITINF25/lektion5/stdoutbytfildel
$ sudo blkid /dev/sda1
ITINF25/lektion5/stdoutbytfildel
$ sudo blkid /dev/sda1 /dev/sda- /dev/sdao /dev/sda /dev/sdau /dev/sdau /dev/sdai /dev/sdad /dev/sda
blkid: unsupported output format uuid
ITINF25/lektion5/stdoutbytfildel
$ sudo blkid -o uuid /dev/sda /dev/sda /dev/sda /dev/sda /dev/sdaU /dev/sdaU /dev/sdaI /dev/sdaD /dev/sda
blkid: unsupported output format UUID
ITINF25/lektion5/stdoutbytfildel
$ sudo blkid -o UUID /dev/sda /dev/sda /dev/sda /dev/sda /dev/sdaG /dev/sdaU /dev/sdaI /dev/sdaD /dev/sda
blkid: unsupported output format GUID
ITINF25/lektion5/stdoutbytfildel
$ ITINF25/lektion5/stdoutbytfildel
$ ITINF25/lektion5/stdoutbytfildel
$ sudo blkid ddd-o-s uui /dev/sdsa /dev/sda- /dev/sdai /dev/sda /dev/sda/dev/sda /dev/sdai /dev/sdao /dev/sda /dev/sda/dev/sda /dev/sda /dev/sdao /dev/sda /dev/sdaa /dev/sda /dev/sdav /dev/sdaa /dev/sdal /dev/sdau /dev/sdae /dev/sda
ITINF25/lektion5/stdoutbytfildel
$ sudo blkid -s uuid -o value /dev/sda2
ITINF25/lektion5/stdoutbytfildel
$ sudo blkid -s uuid -o value /dev/sda





 /dev/sda /dev/sda /dev/sda /dev/sda /dev/sda/dev/sdal /dev/sda /dev/sdaITINF25/lektion5/stdoutbytfildel
$ sudo blkid -s uuid -o /dev/sda
blkid: unsupported output format /dev/sda2
ITINF25/lektion5/stdoutbytfildel
$ sudo blkid -s uuid -o /dev/sda /dev/sda /dev/sda/dev/sda
ITINF25/lektion5/stdoutbytfildel
$ sudo blkid -s uuid /dev/sdaoITINF25/lektion5/stdoutbytfildel
$ sudo blkid -o uuid /dev/sda
blkid: unsupported output format uuid
ITINF25/lektion5/stdoutbytfildel
touch uuidfinderuuid /dev/sda2
ITINF25/lektion5/stdoutbytfildel
$ nano uuidfinder 
>ITINF25/lektion5/stdoutbytfildelWriting... ] [ Wrote 4 lines ] Mac FormM-P Prepend ^T Browse
$ chomd mod +x uuidfinder ITINF25/lektion5/stdoutbytfildel
$ chmod +x uuidfinder 
ITINF25/lektion5/stdoutbytfildel
$ 
ITINF25/lektion5/stdoutbytfildel
$ /./uuidfinder 
a529faababa
ITINF25/lektion5/stdoutbytfildel
$ chmod +x hbyt1 ITINF25/lektion5/stdoutbytfildel
$ chmod +x byt1 
ITINF25/lektion5/stdoutbytfildel
$ ./byt1 
Hej
ITINF25/lektion5/stdoutbytfildel
$ ITINF25/lektion5/stdoutbytfildel
$ ./byt1 
^C
ITINF25/lektion5/stdoutbytfildel
$ ./byt1 ITINF25/lektion5/stdoutbytfildel
$ ./byt1 
^C
ITINF25/lektion5/stdoutbytfildel
$ ./byt1 ITINF25/lektion5/stdoutbytfildel
$ ./byt1 
Hej
Hej
ENCYRRYPT_UUID
1234
ITINF25/lektion5/stdoutbytfildel
$ ITINF25/lektion5/stdoutbytfildel
$ ./byt1 ITINF25/lektion5/stdoutbytfildel
$ ./byt1 
LOGO=YES
SOMETHING=YES PLEASE
1234=
MORE=NO
ITINF25/lektion5/stdoutbytfildel
$ ITINF25/lektion5/stdoutbytfildel
$ ls
byt1  minconfig.conf  uuidfinder
ITINF25/lektion5/stdoutbytfildel
./ITINF25/lektion5/stdoutbytfildel
$ ./byt1 
UUID är: a529faababa
ITINF25/lektion5/stdoutbytfildel
$ ./uuidfinder 
a529faababa
ITINF25/lektion5/stdoutbytfildel
$ ITINF25/lektion5/stdoutbytfildel
byt1uuidfinder 
LOGO=YES
SOMETHING=YES PLEASE
1234=
MORE=NO
ITINF25/lektion5/stdoutbytfildel
$ ./byt1 ITINF25/lektion5/stdoutbytfildel
$ ./byt1 
LOGO=YES
SOMETHING=YES PLEASE
ENCRYPT_UUID1234=
MORE=NO
ITINF25/lektion5/stdoutbytfildel
$ ./byt1 ITINF25/lektion5/stdoutbytfildel
$ ./byt1 
LOGO=YES
SOMETHING=YES PLEASE
ENCRYPT_UUID=1234=
MORE=NO
ITINF25/lektion5/stdoutbytfildel
$ ./byt1 ITINF25/lektion5/stdoutbytfildel
$ ./byt1 
LOGO=YES
SOMETHING=YES PLEASE
ENCRYPT_UUID=1234
MORE=NO
ITINF25/lektion5/stdoutbytfildel
$ ./byt1 ITINF25/lektion5/stdoutbytfildel
$ ./byt1 
LOGO=YES
SOMETHING=YES PLEASE
ENCRYPT_UUID=$uuid
MORE=NO
ITINF25/lektion5/stdoutbytfildel
$ ./byt1 ITINF25/lektion5/stdoutbytfildel
$ ./byt1 
LOGO=YES
SOMETHING=YES PLEASE
ENCRYPT_UUID=a529faababa
MORE=NO
ITINF25/lektion5/stdoutbytfildel
$ ITINF25/lektion5/stdoutbytfildel
$ ls
byt1  minconfig.conf  uuidfinder
ITINF25/lektion5/stdoutbytfildel
$ cp minconfig.conf{,/p.bak}
ITINF25/lektion5/stdoutbytfildel
$ ITINF25/lektion5/stdoutbytfildel
$ ls
byt1  minconfig.conf  minconfig.conf.bak  uuidfinder
ITINF25/lektion5/stdoutbytfildel
$ ITINF25/lektion5/stdoutbytfildel
./byt1 nconfig.conf{,.bak}
ITINF25/lektion5/stdoutbytfildel
$ cp byt1 byt12
ITINF25/lektion5/stdoutbytfildel
$ ITINF25/lektion5/stdoutbytfildel
.p byt1 byt2.conf{,.bak}
code byt2 
ITINF25/lektion5/stdoutbytfildel
$ ITINF25/lektion5/stdoutbytfildel
$ ./byt2ITINF25/lektion5/stdoutbytfildel
$ ./byt2
LOGO=YES
SOMETHING=YES PLEASE
ENCRYPT_UUID=a529faababaabhywt
MORE=NO
ITINF25/lektion5/stdoutbytfildel
$ ./byt2ITINF25/lektion5/stdoutbytfildel
$ ./byt2
LOGO=YES
SOMETHING=YES PLEASE
ENCRYPT_UUID=a529faababaabhywt
MORE=NO
ITINF25/lektion5/stdoutbytfildel
$ ./byt2ITINF25/lektion5/stdoutbytfildel
$ ./byt2
LOGO=YES
SOMETHING=YES PLEASE
ENCRYPT_UUID=abhywt
MORE=NO
ITINF25/lektion5/stdoutbytfildel
$ ./byt2ITINF25/lektion5/stdoutbytfildel
$ ./byt2
LOGO=YES
SOMETHING=YES PLEASE
ENCRYPT_UUID=a529faababa
MORE=NO
ITINF25/lektion5/stdoutbytfildel
$ ITINF25/lektion5/stdoutbytfildel
$ cp byt2 byt3
ITINF25/lektion5/stdoutbytfildel
$ ITINF25/lektion5/stdoutbytfildel
$ cpcode byt3
ITINF25/lektion5/stdoutbytfildel
$ .-byt-b/byt3ITINF25/lektion5/stdoutbytfildel
$ ./byt3
LOGO=YES
SOMETHING=YES PLEASE
ENCRYPT_UUID=abhywt
MORE=NO
ITINF25/lektion5/stdoutbytfildel
$ ./byt3ITINF25/lektion5/stdoutbytfildel
$ ./byt3
LOGO=YES
SOMETHING=YES PLEASE
ENCRYPT_UUID=a529faababa
MORE=NO
ITINF25/lektion5/stdoutbytfildel
$ ex
$ ITINF25/lektion5/stdoutbytfildel
$ n=ubuntu
ITINF25/lektion5/stdoutbytfildel
$ docker run $n; docker ps
docker run $n; docker p











CONTAINER ID   IMAGE     COMMAND                  CREATED       STATUS       PORTS                                         NAMES
dad9452343ad   mariadb   "docker-entrypoint.s…"   7 weeks ago   Up 5 hours   0.0.0.0:3306->3306/tcp, [::]:3306->3306/tcp   mariadb-db-1
ITINF25/lektion5/stdoutbytfildel
$ doccker stop ma
mariadb-db-1
mariadb-db-1
mariadb-db-1
ITINF25/lektion5/stdoutbytfildel
$ ITINF25/lektion5/stdoutbytfildel
$ docker ps
CONTAINER ID   IMAGE     COMMAND   CREATED   STATUS    PORTS     NAMES
ITINF25/lektion5/stdoutbytfildel
$ ITINF25/lektion5/stdoutbytfildel
run $n; docker psriadb-db-1
CONTAINER ID   IMAGE     COMMAND   CREATED   STATUS    PORTS     NAMES
ITINF25/lektion5/stdoutbytfildel
$ docker run $n; docker ps -a
docker run $n; docker ps -aITINF25/lektion5/stdoutbytfildel
$ docker run $n; docker ps -a
CONTAINER ID   IMAGE                     COMMAND                  CREATED              STATUS                              PORTS     NAMES
32b4c96e05e9   ubuntu                    "/bin/bash"              1 second ago         Exited (0) Less than a second ago             relaxed_ritchie
418dfe344268   ubuntu                    "/bin/bash"              About a minute ago   Exited (0) About a minute ago                 trusting_khorana
94d7846cdff0   ubuntu                    "/bin/bash"              About a minute ago   Exited (0) About a minute ago                 wizardly_elbakyan
dad9452343ad   mariadb                   "docker-entrypoint.s…"   7 weeks ago          Exited (0) About a minute ago                 mariadb-db-1
e25dca4a1c02   entrypoint                "/bin/echo hello fish"   4 months ago         Exited (0) 4 months ago                       ep
7f002123a7a3   264f05a43946              "/bin/echo -e"           4 months ago         Exited (0) 4 months ago                       trusting_elion
1e0e6725c1fa   mysql:8                   "docker-entrypoint.s…"   5 months ago         Exited (0) 5 months ago                       mysql
b92ea2378d85   wordpress:php8.2-apache   "docker-entrypoint.s…"   5 months ago         Exited (0) 5 months ago                       wordpress
ea98153cf04b   debian                    "bash"                   5 months ago         Exited (0) 5 months ago                       sharp_vaughan
0d246cf9bf42   debian                    "bash"                   5 months ago         Exited (0) 5 months ago                       confident_turing
ITINF25/lektion5/stdoutbytfildel
$ 
$ ITINF25/lektion5/stdoutbytfildel
$ docker run $n & sleep 0.3 && docker ps
$ docker run $n & sleep 0.3 && docker ps

























&




















[1] 175423
CONTAINER ID   IMAGE     COMMAND   CREATED   STATUS    PORTS     NAMES
ITINF25/lektion5/stdoutbytfildel
$ docker run $n & sleep 0.3 && docker psITINF25/lektion5/stdoutbytfildel
$ docker run $n & sleep 0.3 && docker ps
[2] 175719
[1]   Done                    docker run $n
CONTAINER ID   IMAGE     COMMAND       CREATED        STATUS                  PORTS     NAMES
bf10fa2334d8   ubuntu    "/bin/bash"   1 second ago   Up Less than a second             zealous_jepsen
ITINF25/lektion5/stdoutbytfildel
$ dpcleocker ps
CONTAINER ID   IMAGE     COMMAND   CREATED   STATUS    PORTS     NAMES
[2]+  Done                    docker run $n
ITINF25/lektion5/stdoutbytfildel
$ 
ITINF25/lektion5/stdoutbytfildel
$ ITINF25/lektion5/stdoutbytfildel
$ docker run -d $n; sleep 0.3 && docker ps
docker run -d $n; sleep 0.3 && docker p


;






39ab7bbc97bc3e4fa63eb5c8055b914d24390a70b889eaaedd80bf3974f5ff5d
CONTAINER ID   IMAGE     COMMAND   CREATED   STATUS    PORTS     NAMES
ITINF25/lektion5/stdoutbytfildel
$ lazrydo

cke



docker run -d $n; sleep 0.3 && docker psITINF25/lektion5/stdoutbytfildel
$ docker run -d $n; sleep 0.3 && docker ps
806c42a5eb5c1fbedb92b6e468d43fae15257a960e8bde9b2e225a64070fe373
CONTAINER ID   IMAGE     COMMAND   CREATED   STATUS    PORTS     NAMES
ITINF25/lektion5/stdoutbytfildel
$ docker run -d $n; sleep 0.3 && docker psITINF25/lektion5/stdoutbytfildel
$ docker run -d $n; sleep 0.3 && docker ps
f35bbbef75f1f7257c08d85b4a5ffa1a34f8c0ffffb110946b78c2eeb596836a
CONTAINER ID   IMAGE     COMMAND   CREATED   STATUS    PORTS     NAMES
ITINF25/lektion5/stdoutbytfildel
$ docker run -d $n; sleep 0.3 && docker psITINF25/lektion5/stdoutbytfildel
$ docker run -d $n; sleep 0.3 && docker ps
75f9b4b45fefe2e2364da3a1280f0f2c0c722904011555bcef36a801fd65c03b
CONTAINER ID   IMAGE     COMMAND   CREATED   STATUS    PORTS     NAMES
ITINF25/lektion5/stdoutbytfildel
$ docker run -d $n; sleep 0.3 && docker psITINF25/lektion5/stdoutbytfildel
$ docker run -d $n; sleep 0.3 && docker ps
2c340071692c4e89f6d3a6298cb4b2259eb616b91a8dba80aa048ff484c18651
CONTAINER ID   IMAGE     COMMAND   CREATED   STATUS    PORTS     NAMES
ITINF25/lektion5/stdoutbytfildel
$ docker run -d $n; sleep 0.3 && docker psITINF25/lektion5/stdoutbytfildel
$ docker run -d $n; sleep 0.3 && docker ps
81bb96bb6cd17dc9945681ee568acbe2bb2001156b341319a71852233dc9151a
CONTAINER ID   IMAGE     COMMAND   CREATED   STATUS    PORTS     NAMES
ITINF25/lektion5/stdoutbytfildel
$ docker run -d $n; sleep 0.3 && docker psITINF25/lektion5/stdoutbytfildel
$ docker run -d $n; sleep 0.3 && docker ps
b12623ea6bca662064a9be953223ec5e070da37841632a56a17f8067f5e996bf
CONTAINER ID   IMAGE     COMMAND   CREATED   STATUS    PORTS     NAMES
ITINF25/lektion5/stdoutbytfildel
$ docker run -d $n; sleep 0.3 && docker psITINF25/lektion5/stdoutbytfildel
$ docker run -d $n; sleep 0.3 && docker ps
2136593b774f4a24265dca464138511d64b805bf4876d14f38f0392f6a1e5cb2
CONTAINER ID   IMAGE     COMMAND   CREATED   STATUS    PORTS     NAMES
ITINF25/lektion5/stdoutbytfildel
$ docker run -d $n; sleep 0.3 && docker p2ITINF25/lektion5/stdoutbytfildel
$ docker run -d $n; sleep 0.2 && docker p
87383fddc68e0f760084e6532c17f2cae365f3e45eb840e6836ccf90e9942eee
CONTAINER ID   IMAGE     COMMAND       CREATED        STATUS                  PORTS     NAMES
87383fddc68e   ubuntu    "/bin/bash"   1 second ago   Up Less than a second             elated_driscoll
ITINF25/lektion5/stdoutbytfildel
$ 
ITINF25/lektion5/stdoutbytfildel
$ ITINF25/lektion5/stdoutbytfildel
$ docker ps
CONTAINER ID   IMAGE     COMMAND   CREATED   STATUS    PORTS     NAMES
ITINF25/lektion5/stdoutbytfildel
$ docker ps -aITINF25/lektion5/stdoutbytfildel
$ docker ps -a
CONTAINER ID   IMAGE                     COMMAND                  CREATED              STATUS                          PORTS     NAMES
87383fddc68e   ubuntu                    "/bin/bash"              25 seconds ago       Exited (0) 24 seconds ago                 elated_driscoll
2136593b774f   ubuntu                    "/bin/bash"              30 seconds ago       Exited (0) 30 seconds ago                 priceless_hoover
b12623ea6bca   ubuntu                    "/bin/bash"              32 seconds ago       Exited (0) 32 seconds ago                 gracious_perlman
81bb96bb6cd1   ubuntu                    "/bin/bash"              34 seconds ago       Exited (0) 33 seconds ago                 hardcore_banzai
2c340071692c   ubuntu                    "/bin/bash"              35 seconds ago       Exited (0) 35 seconds ago                 jovial_gagarin
75f9b4b45fef   ubuntu                    "/bin/bash"              37 seconds ago       Exited (0) 37 seconds ago                 sharp_wu
f35bbbef75f1   ubuntu                    "/bin/bash"              39 seconds ago       Exited (0) 39 seconds ago                 eloquent_ardinghelli
806c42a5eb5c   ubuntu                    "/bin/bash"              41 seconds ago       Exited (0) 41 seconds ago                 mystifying_mcclintock
39ab7bbc97bc   ubuntu                    "/bin/bash"              About a minute ago   Exited (0) About a minute ago             awesome_napier
bf10fa2334d8   ubuntu                    "/bin/bash"              4 minutes ago        Exited (0) 4 minutes ago                  zealous_jepsen
d123c3f7397c   ubuntu                    "/bin/bash"              4 minutes ago        Exited (0) 4 minutes ago                  gracious_sammet
32b4c96e05e9   ubuntu                    "/bin/bash"              8 minutes ago        Exited (0) 8 minutes ago                  relaxed_ritchie
418dfe344268   ubuntu                    "/bin/bash"              10 minutes ago       Exited (0) 10 minutes ago                 trusting_khorana
94d7846cdff0   ubuntu                    "/bin/bash"              10 minutes ago       Exited (0) 10 minutes ago                 wizardly_elbakyan
dad9452343ad   mariadb                   "docker-entrypoint.s…"   7 weeks ago          Exited (0) 10 minutes ago                 mariadb-db-1
e25dca4a1c02   entrypoint                "/bin/echo hello fish"   4 months ago         Exited (0) 4 months ago                   ep
7f002123a7a3   264f05a43946              "/bin/echo -e"           4 months ago         Exited (0) 4 months ago                   trusting_elion
1e0e6725c1fa   mysql:8                   "docker-entrypoint.s…"   5 months ago         Exited (0) 5 months ago                   mysql
b92ea2378d85   wordpress:php8.2-apache   "docker-entrypoint.s…"   5 months ago         Exited (0) 5 months ago                   wordpress
ea98153cf04b   debian                    "bash"                   5 months ago         Exited (0) 5 months ago                   sharp_vaughan
0d246cf9bf42   debian                    "bash"                   5 months ago         Exited (0) 5 months ago                   confident_turing
ITINF25/lektion5/stdoutbytfildel
$ 
ITINF25/lektion5/stdoutbytfildel
$ ITINF25/lektion5/stdoutbytfildel
$ ITINF25/lektion5/stdoutbytfildel
$ man docker-run
DOCKER(1)            Docker User Manuals            DOCKER(1)

NAME
       docker-run  -  Create  and run a new container from an
       image

SYNOPSIS
       docker run [-a|--attach[=[]]] [--add-host[=[]]] [--an‐
       notation[=[]]]       [--blkio-weight[=[BLKIO-WEIGHT]]]
       [--blkio-weight-device[=[]]]     [-c|--cpu-shares[=0]]
       [--cap-add[=[]]]  [--cap-drop[=[]]]  [--cgroupns[=[]]]
DOCKER(1)            Docker User Manuals            DOCKER(1)

NAME
       docker-run  -  Create  and run a new container from an
       image

SYNOPSIS
       docker run [-a|--attach[=[]]] [--add-host[=[]]] [--an‐
       notation[=[]]]       [--blkio-weight[=[BLKIO-WEIGHT]]]
       [--blkio-weight-device[=[]]]     [-c|--cpu-shares[=0]]
       [--cap-add[=[]]]  [--cap-drop[=[]]]  [--cgroupns[=[]]]
DOCKER(1)            Docker User Manuals            DOCKER(1)

NAME
       docker-run  -  Create  and run a new container from an
       image

SYNOPSIS
       docker run [-a|--attach[=[]]] [--add-host[=[]]] [--an‐
       notation[=[]]]       [--blkio-weight[=[BLKIO-WEIGHT]]]
       [--blkio-weight-device[=[]]]     [-c|--cpu-shares[=0]]
       [--cap-add[=[]]]  [--cap-drop[=[]]]  [--cgroupns[=[]]]
...skipping...
       [--device-read-iops[=[]]]    [--device-write-bps[=[]]]
       [--device-write-iops[=[]]]   [--dns[=[]]]   [--dns-op‐
       tion[=[]]]  [--dns-search[=[]]] [--domainname[=DOMAIN‐
       NAME]]   [-e|--env[=[]]]   [--entrypoint[=ENTRYPOINT]]
       [--env-file[=[]]]  [--expose[=[]]]  [--group-add[=[]]]
       [-h|--hostname[=HOSTNAME]] [--help] [--init] [-i|--in‐
       teractive]    [--ip[=IPv4-ADDRESS]]   [--ip6[=IPv6-AD‐
       DRESS]] [--ipc[=IPC]] [--isolation[=default]]  [--ker‐
       nel-memory[=KERNEL-MEMORY]]  [-l|--label[=[]]]  [--la‐
       bel-file[=[]]]  [--link[=[]]]   [--link-local-ip[=[]]]
       [--log-driver[=[]]]     [--log-opt[=[]]]    [-m|--mem‐
       ory[=MEMORY]] [--mac-address[=MAC-ADDRESS]] [--memory-
       reservation[=MEMORY-RESERVATION]]           [--memory-
       swap[=LIMIT]]     [--memory-swappiness[=MEMORY-SWAPPI‐
       NESS]] [--mount[=[MOUNT]]] [--name[=NAME]] [--network-
       alias[=[]]]  [--network[="bridge"]]   [--oom-kill-dis‐
       able]     [--oom-score-adj[=0]]     [-P|--publish-all]
       [-p|--publish[=[]]]  [--pid[=[PID]]]   [--userns[=[]]]
       [--pids-limit[=PIDS_LIMIT]]   [--privileged]  [--read-
       only]   [--restart[=RESTART]]   [--rm]    [--security-
...skipping...-run(1) line 28 (press h for help or q to quit)
          Add  a  custom  host-to-IP  mapping  (host=ip,   or
       host:ip)

       Add  a  line to /etc/hosts. The format is hostname=ip,
       or hostname:ip.
          The --add-host option can be set multiple times.

       --annotation=[]
          Add an annotation to the container (passed  through
       to the OCI runtime).

...skipping...-run(1) line 78 (press h for help or q to quit)
       The proportion will only apply when CPU-intensive pro‐
       cesses  are  running.  When tasks in one container are
       idle, other containers can use the left-over CPU time.
       The  actual  amount of CPU time will vary depending on
       the number of containers running on the system.

       For example, consider three containers, one has a cpu-
       share  of 1024 and two others have a cpu-share setting
       of 512. When processes in all three containers attempt
       to  use 100% of CPU, the first container would receive
       50% of the total CPU time. If you add  a  fourth  con‐
...skipping...run(1) line 111 (press h for help or q to quit)
       --device-read-iops=[]
          Limit  read rate from a device (e.g. --device-read-
       iops=/dev/sda:1000)

       --device-write-bps=[]
          Limit write rate to a device (e.g.  --device-write-
       bps=/dev/sda:1mb)

       --device-write-iops=[]
          Limit  write rate to a device (e.g. --device-write-
       iops=/dev/sda:1000)
/ page docker-run(1) line 283 (press h for help or q to quit)
       --dns-search=[]
          Set custom DNS search domains  (Use  --dns-search=.
       if you don't wish to set the search domain)

       --dns-option=[]
          Set custom DNS options

...skipping...run(1) line 291 (press h for help or q to quit)
       --init
          Run an init inside the container that forwards sig‐
       nals and reaps processes

       -i, --interactive=true|false
          Keep  STDIN  open even if not attached. The default
       is false.

       When set to true, keep stdin  open  even  if  not  at‐
       tached.

>ITINF25/lektion5/stdoutbytfildeless h for help or q to quit)
docker ps -run -d $n; sleep 0.2 && docker p $n $n- $ni $nITINF25/lektion5/stdoutbytfildel
$ docker run -i $n
ls
bin
boot
dev
etc
home
lib
lib64
media
mnt
opt
proc
root
run
sbin
srv
sys
tmp
usr
var
cd /etc
ls
alternatives
apt
bash.bashrc
bindresvport.blacklist
cloud
cron.d
cron.daily
debconf.conf
debian_version
default
dpkg
e2scrub.conf
environment
fstab
gai.conf
gnutls
group
group-
gshadow
gshadow-
host.conf
hostname
hosts
init.d
issue
issue.net
kernel
ld.so.cache
ld.so.conf
ld.so.conf.d
legal
libaudit.conf
login.defs
logrotate.d
lsb-release
machine-id
mke2fs.conf
mtab
networks
nsswitch.conf
opt
os-release
pam.conf
pam.d
passwd
passwd-
profile
profile.d
rc0.d
rc1.d
rc2.d
rc3.d
rc4.d
rc5.d
rc6.d
rcS.d
resolv.conf
rmt
security
selinux
shadow
shadow-
shells
skel
subgid
subgid-
subuid
subuid-
sysctl.conf
sysctl.d
systemd
terminfo
update-motd.d
xattr.conf
pwd
/etc
echo $SHELL
/bin/bash
exit
ITINF25/lektion5/stdoutbytfildel
$ ITINF25/lektion5/stdoutbytfildel
$ docker run -i $ $= $ $/ $t $$$$-$t$ $

0;root@e5ee2cb68c7e: /
root@e5ee2cb68c7e:/# 
0;root@e5ee2cb68c7e: /
root@e5ee2cb68c7e:/# ieuhjiuh ieuhieuh eiueheiieuhjiuh ieuhieuh eiueheiieuhjiuh ieuhieuh eiueheiieuhjiuh ieuhieuh eiueheiu
bash: ieuhjiuh: command not found
0;root@e5ee2cb68c7e: /
root@e5ee2cb68c7e:/# ^C
0;root@e5ee2cb68c7e: /
root@e5ee2cb68c7e:/# ^C
0;root@e5ee2cb68c7e: /
root@e5ee2cb68c7e:/# 
exit
ITINF25/lektion5/stdoutbytfildel
$ docker run -i -t $nITINF25/lektion5/stdoutbytfildel
$ docker run -i -t $ $ $
iuheiu iuheiuehiu iuehiueheiu^[[1;5D^[[1;5D^[[1;5C^[[1;5C^[[1;5D
/bin/bash: line 1: iuheiu: command not found
/bin/bash: line 1: $'5D\E[1': command not found
/bin/bash: line 1: $'5D\E[1': command not found
/bin/bash: line 1: $'5C\E[1': command not found
/bin/bash: line 1: $'5C\E[1': command not found
/bin/bash: line 1: 5D: command not found
^[[A
/bin/bash: line 2: $'\E[A': command not found
exit
ITINF25/lektion5/stdoutbytfildel
$ ITINF25/lektion5/stdoutbytfildel
$ docker run -i  $t$
0;root@b94dddfa87ed: /
root@b94dddfa87ed:/# 

ls
ls
ls
hiu
^C^C
0;root@b94dddfa87ed: /
root@b94dddfa87ed:/# ^^^exit
c

exit

ITINF25/lektion5/stdoutbytfildel
$ exit
exit

Script done on 2026-02-02 13:19:58+01:00 [COMMAND_EXIT_CODE="137"]
