Script started on 2026-01-28 10:24:31+01:00 [TERM="xterm-256color" TTY="/dev/pts/4" COLUMNS="79" LINES="11"]
ITINF25/lektion2
$ ITINF25/lektion2
h': ssh -p 10022 kent@localhostTISO -device usb-ehci -device usb-tablet -display none -spice port=8000,password=e port=8000,disable-ticketing=o
$ ss






Warning: Permanently added '[localhost]:10022' (ED25519) to the list of known hosts.
kent@localhost's password: 
Linux deb13 6.12.63+deb13-amd64 #1 SMP PREEMPT_DYNAMIC Debian 6.12.63-1 (2025-12-30) x86_64

The programs included with the Debian GNU/Linux system are free software;
the exact distribution terms for each program are described in the
individual files in /usr/share/doc/*/copyright.

Debian GNU/Linux comes with ABSOLUTELY NO WARRANTY, to the extent
permitted by applicable law.
Last login: Mon Jan 26 01:33:23 2026 from 10.0.2.2
0;kent@deb13: ~
kent@deb13:~$ 0;kent@deb13: ~
kent@deb13:~$ qemu
-bash: qemu: command not found
0;kent@deb13: ~
kent@deb13:~$ 
0;kent@deb13: ~
kent@deb13:~$ 0;kent@deb13: ~
kent@deb13:~$ qemu


sudo apt update
[sudo] password for kent: 
Hit:1 http://debian.mirror.su.se/debian trixie InRelease
Get:2 http://debian.mirror.su.se/debian trixie-updates InRelease [47,3 kB]
Get:3 http://security.debian.org/debian-security trixie-security InRelease [43,4 kB]
Get:4 http://security.debian.org/debian-security trixie-security/main Sources [119 kB]
Get:5 http://security.debian.org/debian-security trixie-security/main amd64 Packages [97,9 kB]
Fetched 308 kB in 1s (489 kB/s)     
7 packages can be upgraded. Run 'apt list --upgradable' to see them.
0;kent@deb13: ~
kent@deb13:~$ 0;kent@deb13: ~
kent@deb13:~$ sudo apt install qe

qelectrotech                qemu-system-misc
qelectrotech-data           qemu-system-modules-opengl
qelectrotech-examples       qemu-system-modules-spice
qemu-block-extra            qemu-system-ppc
qemubuilder                 qemu-system-riscv
qemu-efi-aarch64            qemu-system-s390x
qemu-efi-arm                qemu-system-sparc
qemu-efi-loongarch64        qemu-system-x86
qemu-efi-riscv64            qemu-system-xen
qemu-guest-agent            qemu-user
qemu-system                 qemu-user-binfmt
qemu-system-arm             qemu-user-static
qemu-system-common          qemu-utils
qemu-system-data            qemu-web-desktop
qemu-system-gui             qepcad
qemu-system-mips            
0;kent@deb13: ~
kent@deb13:~$ sudo apt install qqemu-utils qemu-system-x86 qemu-system-gui
qemu-utils qemu-system-x86 qemu-system-gui0;kent@deb13: ~
0;kent@deb13: ~udo apt install qemu-utils qemu-system-x86 qemu-system-gui 
0;kent@deb13: ~udo apt install qemu-utils qemu-system-x86 qemu-system-gui 
0;kent@deb13: ~udo apt install qemu-utils qemu-system-x86 qemu-system-gui 
0;kent@deb13: ~udo apt install qemu-utils qemu-system-x86 qemu-system-gui 
0;kent@deb13: ~udo apt install qemu-utils qemu-system-x86 qemu-system-gui 
0;kent@deb13: ~udo apt install qemu-utils qemu-system-x86 qemu-system-gui 
0;kent@deb13: ~udo apt install qemu-utils qemu-system-x86 qemu-system-gui 
0;kent@deb13: ~udo apt install qemu-utils qemu-system-x86 qemu-system-gui 
0;kent@deb13: ~udo apt install qemu-utils qemu-system-x86 qemu-system-gui 
0;kent@deb13: ~udo apt install qemu-utils qemu-system-x86 qemu-system-gui 
0;kent@deb13: ~udo apt install qemu-utils qemu-system-x86 qemu-system-gui 
0;kent@deb13: ~udo apt install qemu-utils qemu-system-x86 qemu-system-gui 
0;kent@deb13: ~udo apt install qemu-utils qemu-system-x86 qemu-system-gui 
0;kent@deb13: ~udo apt install qemu-utils qemu-system-x86 qemu-system-gui 
0;kent@deb13: ~udo apt install qemu-utils qemu-system-x86 qemu-system-gui 
0;kent@deb13: ~udo apt install qemu-utils qemu-system-x86 qemu-system-gui 
0;kent@deb13: ~udo apt install qemu-utils qemu-system-x86 qemu-system-gui 
0;kent@deb13: ~udo apt install qemu-utils qemu-system-x86 qemu-system-gui 
0;kent@deb13: ~udo apt install qemu-utils qemu-system-x86 qemu-system-gui 
0;kent@deb13: ~udo apt install qemu-utils qemu-system-x86 qemu-system-gui 
0;kent@deb13: ~udo apt install qemu-utils qemu-system-x86 qemu-system-gui 
0;kent@deb13: ~udo apt install qemu-utils qemu-system-x86 qemu-system-gui 
0;kent@deb13: ~udo apt install qemu-utils qemu-system-x86 qemu-system-gui 
0;kent@deb13: ~udo apt install qemu-utils qemu-system-x86 qemu-system-gui 
0;kent@deb13: ~udo apt install qemu-utils qemu-system-x86 qemu-system-gui 
0;kent@deb13: ~udo apt install qemu-utils qemu-system-x86 qemu-system-gui 
0;kent@deb13: ~udo apt install qemu-utils qemu-system-x86 qemu-system-gui 
kent@deb13:~$ sudo apt install qemu-utils qemu-system-x86 qemu-system-gui 
Installing:                     
  qemu-system-gui  qemu-system-x86  qemu-utils

Installing dependencies:
  ibverbs-providers  libpmem1
  ipxe-qemu          librados2
  libaio1t64         librbd1
  libblkio1          librdmacm1t64
  libcacard0         libslirp0
  libcapstone5       libspice-server1
  libdaxctl1         liburing2
  libexecs1          libusbredirparser1t64
  libfdt1            libvdeplug2t64
  libfmt10           libvirglrenderer1
  libgfapi0          ovmf
  libgfrpc0          qemu-block-extra
  libgfxdr0          qemu-system-common
  libglusterfs0      qemu-system-data
  libibverbs1        qemu-system-modules-opengl
  libiscsi7          qemu-system-modules-spice
  libndctl6          seabios

Suggested packages:
  samba  vde2

Summary:
  Upgrading: 0, Installing: 37, Removing: 0, Not Upgrading: 7
  Download size: 45,4 MB
  Space needed: 180 MB / 22,4 GB available

Continue? [Y/n] 
Get:1 http://debian.mirror.su.se/debian trixie/main amd64 libibverbs1 amd64 56.1-1 [62,4 kB]
Get:2 http://debian.mirror.su.se/debian trixie/main amd64 ibverbs-providers amd64 56.1-1 [357 kB]
Get:3 http://debian.mirror.su.se/debian trixie/main amd64 ipxe-qemu all 1.21.1+git20250501.dad20602+dfsg-1 [1 225 kB]
Get:4 http://debian.mirror.su.se/debian trixie/main amd64 libaio1t64 amd64 0.3.113-8+b1 [14,9 kB]
Get:5 http://debian.mirror.su.se/debian trixie/main amd64 libblkio1 amd64 1.5.0-2 [250 kB]
Get:6 http://debian.mirror.su.se/debian trixie/main amd64 libcacard0 amd64 1:2.8.0-3+b2 [90,9 kB]
Get:7 http://debian.mirror.su.se/debian trixie/main amd64 libcapstone5 amd64 5.0.6-1 [780 kB]
Get:8 http://debian.mirror.su.se/debian trixie/main amd64 libdaxctl1 amd64 81-1 [22,2 kB]
Get:9 http://debian.mirror.su.se/debian trixie/main amd64 libexecs1 amd64 1.4-2+b2 [7 820 B]
Get:10 http://debian.mirror.su.se/debian trixie/main amd64 libfdt1 amd64 1.7.2-2+b1 [20,0 kB]
Get:11 http://debian.mirror.su.se/debian trixie/main amd64 libfmt10 amd64 10.1.1+ds1-4 [127 kB]
Get:12 http://debian.mirror.su.se/debian trixie/main amd64 libgfxdr0 amd64 11.1-6 [3 181 kB]
Get:13 http://debian.mirror.su.se/debian trixie/main amd64 libglusterfs0 amd64 11.1-6 [3 417 kB]
Get:14 http://debian.mirror.su.se/debian trixie/main amd64 libgfrpc0 amd64 11.1-6 [3 206 kB]
Get:15 http://debian.mirror.su.se/debian trixie/main amd64 libgfapi0 amd64 11.1-6 [3 243 kB]
Get:16 http://debian.mirror.su.se/debian trixie/main amd64 librdmacm1t64 amd64 56.1-1 [70,4 kB]
Get:17 http://debian.mirror.su.se/debian trixie/main amd64 libiscsi7 amd64 1.20.0-4 [69,7 kB]
Get:18 http://debian.mirror.su.se/debian trixie/main amd64 libndctl6 amd64 81-1 [62,3 kB]
Get:19 http://debian.mirror.su.se/debian trixie/main amd64 libpmem1 amd64 1.13.1-1.1+b1 [91,7 kB]
Get:20 http://debian.mirror.su.se/debian trixie/main amd64 librados2 amd64 18.2.7+ds-1 [3 586 kB]
Get:21 http://debian.mirror.su.se/debian trixie/main amd64 librbd1 amd64 18.2.7+ds-1 [2 507 kB]
Get:22 http://debian.mirror.su.se/debian trixie/main amd64 libslirp0 amd64 4.8.0-1+b1 [66,4 kB]
Get:23 http://debian.mirror.su.se/debian trixie/main amd64 libspice-server1 amd64 0.15.2-1+b1 [349 kB]
Get:24 http://debian.mirror.su.se/debian trixie/main amd64 liburing2 amd64 2.9-1 [26,4 kB]
Get:25 http://debian.mirror.su.se/debian trixie/main amd64 libusbredirparser1t64 amd64 0.15.0-1 [19,6 kB]
Get:26 http://debian.mirror.su.se/debian trixie/main amd64 libvdeplug2t64 amd64 4.0.1-5.1+b1 [28,5 kB]
Get:27 http://debian.mirror.su.se/debian trixie/main amd64 libvirglrenderer1 amd64 1.1.0-2 [410 kB]
Get:28 http://debian.mirror.su.se/debian trixie/main amd64 ovmf all 2025.02-8+deb13u1 [5 780 kB]
Get:29 http://debian.mirror.su.se/debian trixie/main amd64 qemu-system-common amd64 1:10.0.7+ds-0+deb13u1+b1 [989 kB]
Get:30 http://debian.mirror.su.se/debian trixie/main amd64 qemu-system-data all 1:10.0.7+ds-0+deb13u1 [2 129 kB]
Get:31 http://debian.mirror.su.se/debian trixie/main amd64 seabios all 1.16.3-2 [163 kB]
Get:32 http://debian.mirror.su.se/debian trixie/main amd64 qemu-system-x86 amd64 1:10.0.7+ds-0+deb13u1+b1 [10,3 MB]
Get:33 http://debian.mirror.su.se/debian trixie/main amd64 qemu-utils amd64 1:10.0.7+ds-0+deb13u1+b1 [2 005 kB]
Get:34 http://debian.mirror.su.se/debian trixie/main amd64 qemu-block-extra amd64 1:10.0.7+ds-0+deb13u1+b1 [124 kB]
Get:35 http://debian.mirror.su.se/debian trixie/main amd64 qemu-system-modules-opengl amd64 1:10.0.7+ds-0+deb13u1+b1 [183 kB]
Get:36 http://debian.mirror.su.se/debian trixie/main amd64 qemu-system-gui amd64 1:10.0.7+ds-0+deb13u1+b1 [348 kB]
Get:37 http://debian.mirror.su.se/debian trixie/main amd64 qemu-system-modules-spice amd64 1:10.0.7+ds-0+deb13u1+b1 [115 kB]
Fetched 45,4 MB in 3s (14,0 MB/s)                    
Extracting templates from packages: 100%

Selecting previously unselected package libibverbs1:amd64.
(Reading database ... 130276 files and directories currently installed.)
Preparing to unpack .../00-libibverbs1_56.1-1_amd64.deb ...
Progress: [  0%] [                                    ] 8Unpacking libibverbs1:amd64 (56.1-1) ...
Progress: [  1%] [▍                                   ] 8Selecting previously unselected package ibverbs-providers:amd64.
Preparing to unpack .../01-ibverbs-providers_56.1-1_amd64.deb ...
Progress: [  2%] [▋                                   ] 8Unpacking ibverbs-providers:amd64 (56.1-1) ...
Selecting previously unselected package ipxe-qemu.
Preparing to unpack .../02-ipxe-qemu_1.21.1+git20250501.dad20602+dfsg-1_all.deb ...
Progress: [  3%] [█▏                                  ] 8Unpacking ipxe-qemu (1.21.1+git20250501.dad20602+dfsg-1) ...
Progress: [  4%] [█▍                                  ] 8Selecting previously unselected package libaio1t64:amd64.
Preparing to unpack .../03-libaio1t64_0.3.113-8+b1_amd64.deb ...
Unpacking libaio1t64:amd64 (0.3.113-8+b1) ...
Progress: [  5%] [█▉                                  ] 8Selecting previously unselected package libblkio1:amd64.
Preparing to unpack .../04-libblkio1_1.5.0-2_amd64.deb ...
Progress: [  6%] [██▏                                 ] 8Unpacking libblkio1:amd64 (1.5.0-2) ...
Selecting previously unselected package libcacard0:amd64.
Preparing to unpack .../05-libcacard0_1%3a2.8.0-3+b2_amd64.deb ...
Progress: [  7%] [██▋                                 ] 8Unpacking libcacard0:amd64 (1:2.8.0-3+b2) ...
Progress: [  8%] [██▉                                 ] 8Selecting previously unselected package libcapstone5:amd64.
Preparing to unpack .../06-libcapstone5_5.0.6-1_amd64.deb ...
Unpacking libcapstone5:amd64 (5.0.6-1) ...
Progress: [  9%] [███▍                                ] 8Selecting previously unselected package libdaxctl1:amd64.
Preparing to unpack .../07-libdaxctl1_81-1_amd64.deb ...
Progress: [ 10%] [███▌                                ] 8Unpacking libdaxctl1:amd64 (81-1) ...
Selecting previously unselected package libexecs1:amd64.
Preparing to unpack .../08-libexecs1_1.4-2+b2_amd64.deb ...
Progress: [ 11%] [████                                ] 8Unpacking libexecs1:amd64 (1.4-2+b2) ...
Progress: [ 12%] [████▎                               ] 8Selecting previously unselected package libfdt1:amd64.
Preparing to unpack .../09-libfdt1_1.7.2-2+b1_amd64.deb ...
Unpacking libfdt1:amd64 (1.7.2-2+b1) ...
Progress: [ 13%] [████▊                               ] 8Selecting previously unselected package libfmt10:amd64.
Preparing to unpack .../10-libfmt10_10.1.1+ds1-4_amd64.deb ...
Progress: [ 14%] [█████                               ] 8Unpacking libfmt10:amd64 (10.1.1+ds1-4) ...
Selecting previously unselected package libgfxdr0:amd64.
Preparing to unpack .../11-libgfxdr0_11.1-6_amd64.deb ...
Progress: [ 15%] [█████▌                              ] 8Unpacking libgfxdr0:amd64 (11.1-6) ...
Progress: [ 16%] [█████▊                              ] 8Selecting previously unselected package libglusterfs0:amd64.
Preparing to unpack .../12-libglusterfs0_11.1-6_amd64.deb ...
Unpacking libglusterfs0:amd64 (11.1-6) ...
Progress: [ 17%] [██████▎                             ] 8Selecting previously unselected package libgfrpc0:amd64.
Preparing to unpack .../13-libgfrpc0_11.1-6_amd64.deb ...
Progress: [ 18%] [██████▌                             ] 8Unpacking libgfrpc0:amd64 (11.1-6) ...
Selecting previously unselected package libgfapi0:amd64.
Preparing to unpack .../14-libgfapi0_11.1-6_amd64.deb ...
Progress: [ 19%] [███████                             ] 8Unpacking libgfapi0:amd64 (11.1-6) ...
Progress: [ 20%] [███████▏                            ] 8Selecting previously unselected package librdmacm1t64:amd64.
Preparing to unpack .../15-librdmacm1t64_56.1-1_amd64.deb ...
Unpacking librdmacm1t64:amd64 (56.1-1) ...
Progress: [ 21%] [███████▋                            ] 8Selecting previously unselected package libiscsi7:amd64.
Preparing to unpack .../16-libiscsi7_1.20.0-4_amd64.deb ...
Progress: [ 22%] [███████▉                            ] 8Unpacking libiscsi7:amd64 (1.20.0-4) ...
Selecting previously unselected package libndctl6:amd64.
Preparing to unpack .../17-libndctl6_81-1_amd64.deb ...
Progress: [ 23%] [████████▍                           ] 8Unpacking libndctl6:amd64 (81-1) ...
Progress: [ 24%] [████████▋                           ] 8Selecting previously unselected package libpmem1:amd64.
Preparing to unpack .../18-libpmem1_1.13.1-1.1+b1_amd64.deb ...
Unpacking libpmem1:amd64 (1.13.1-1.1+b1) ...
Progress: [ 26%] [█████████▏                          ] 8Selecting previously unselected package librados2.
Preparing to unpack .../19-librados2_18.2.7+ds-1_amd64.deb ...
Progress: [ 26%] [█████████▍                          ] 8Unpacking librados2 (18.2.7+ds-1) ...
Selecting previously unselected package librbd1.
Preparing to unpack .../20-librbd1_18.2.7+ds-1_amd64.deb ...
Progress: [ 28%] [█████████▉                          ] 8Unpacking librbd1 (18.2.7+ds-1) ...
Progress: [ 28%] [██████████▏                         ] 8Selecting previously unselected package libslirp0:amd64.
Preparing to unpack .../21-libslirp0_4.8.0-1+b1_amd64.deb ...
Unpacking libslirp0:amd64 (4.8.0-1+b1) ...
Progress: [ 30%] [██████████▋                         ] 8Selecting previously unselected package libspice-server1:amd64.
Preparing to unpack .../22-libspice-server1_0.15.2-1+b1_amd64.deb ...
Progress: [ 30%] [██████████▊                         ] 8Unpacking libspice-server1:amd64 (0.15.2-1+b1) ...
Selecting previously unselected package liburing2:amd64.
Preparing to unpack .../23-liburing2_2.9-1_amd64.deb ...
Progress: [ 32%] [███████████▎                        ] 8Unpacking liburing2:amd64 (2.9-1) ...
Progress: [ 32%] [███████████▌                        ] 8Selecting previously unselected package libusbredirparser1t64:amd64.
Preparing to unpack .../24-libusbredirparser1t64_0.15.0-1_amd64.deb ...
Unpacking libusbredirparser1t64:amd64 (0.15.0-1) ...
Progress: [ 34%] [████████████                        ] 8Selecting previously unselected package libvdeplug2t64:amd64.
Preparing to unpack .../25-libvdeplug2t64_4.0.1-5.1+b1_amd64.deb ...
Progress: [ 34%] [████████████▎                       ] 8Unpacking libvdeplug2t64:amd64 (4.0.1-5.1+b1) ...
Selecting previously unselected package libvirglrenderer1:amd64.
Preparing to unpack .../26-libvirglrenderer1_1.1.0-2_amd64.deb ...
Progress: [ 36%] [████████████▊                       ] 8Unpacking libvirglrenderer1:amd64 (1.1.0-2) ...
Progress: [ 36%] [█████████████                       ] 8Selecting previously unselected package ovmf.
Preparing to unpack .../27-ovmf_2025.02-8+deb13u1_all.deb ...
Unpacking ovmf (2025.02-8+deb13u1) ...
Progress: [ 38%] [█████████████▌                      ] 8Selecting previously unselected package qemu-system-common.
Preparing to unpack .../28-qemu-system-common_1%3a10.0.7+ds-0+deb13u1+b1_amd64.deb ...
Progress: [ 38%] [█████████████▊                      ] 8Unpacking qemu-system-common (1:10.0.7+ds-0+deb13u1+b1) ...
Selecting previously unselected package qemu-system-data.
Preparing to unpack .../29-qemu-system-data_1%3a10.0.7+ds-0+deb13u1_all.deb ...
Progress: [ 40%] [██████████████▎                     ] 8Unpacking qemu-system-data (1:10.0.7+ds-0+deb13u1) ...
Progress: [ 40%] [██████████████▍                     ] 8Selecting previously unselected package seabios.
Preparing to unpack .../30-seabios_1.16.3-2_all.deb ...
Unpacking seabios (1.16.3-2) ...
Progress: [ 42%] [██████████████▉                     ] 8Selecting previously unselected package qemu-system-x86.
Preparing to unpack .../31-qemu-system-x86_1%3a10.0.7+ds-0+deb13u1+b1_amd64.deb ...
Progress: [ 42%] [███████████████▏                    ] 8Unpacking qemu-system-x86 (1:10.0.7+ds-0+deb13u1+b1) ...
Selecting previously unselected package qemu-utils.
Preparing to unpack .../32-qemu-utils_1%3a10.0.7+ds-0+deb13u1+b1_amd64.deb ...
Progress: [ 44%] [███████████████▋                    ] 8Unpacking qemu-utils (1:10.0.7+ds-0+deb13u1+b1) ...
Progress: [ 44%] [███████████████▉                    ] 8Selecting previously unselected package qemu-block-extra.
Preparing to unpack .../33-qemu-block-extra_1%3a10.0.7+ds-0+deb13u1+b1_amd64.deb ...
Unpacking qemu-block-extra (1:10.0.7+ds-0+deb13u1+b1) ...
Progress: [ 46%] [████████████████▍                   ] 8Selecting previously unselected package qemu-system-modules-opengl.
Preparing to unpack .../34-qemu-system-modules-opengl_1%3a10.0.7+ds-0+deb13u1+b1_amd64.deb ...
Progress: [ 46%] [████████████████▋                   ] 8Unpacking qemu-system-modules-opengl (1:10.0.7+ds-0+deb13u1+b1) ...
Selecting previously unselected package qemu-system-gui.
Preparing to unpack .../35-qemu-system-gui_1%3a10.0.7+ds-0+deb13u1+b1_amd64.deb ...
Progress: [ 48%] [█████████████████▏                  ] 8Unpacking qemu-system-gui (1:10.0.7+ds-0+deb13u1+b1) ...
Progress: [ 48%] [█████████████████▍                  ] 8Selecting previously unselected package qemu-system-modules-spice.
Preparing to unpack .../36-qemu-system-modules-spice_1%3a10.0.7+ds-0+deb13u1+b1_amd64.deb ...
Unpacking qemu-system-modules-spice (1:10.0.7+ds-0+deb13u1+b1) ...
Progress: [ 50%] [█████████████████▉                  ] 8Setting up libibverbs1:amd64 (56.1-1) ...
Progress: [ 50%] [██████████████████                  ] 87Progress: [ 51%] [██████████████████▎                 ] 8Setting up ibverbs-providers:amd64 (56.1-1) ...
Progress: [ 52%] [██████████████████▊                 ] 8Setting up libspice-server1:amd64 (0.15.2-1+b1) ...
Progress: [ 53%] [███████████████████                 ] 8Setting up libfdt1:amd64 (1.7.2-2+b1) ...
Progress: [ 54%] [███████████████████▌                ] 87Progress: [ 55%] [███████████████████▊                ] 8Setting up libexecs1:amd64 (1.4-2+b2) ...
Progress: [ 56%] [████████████████████▎               ] 8Setting up libcacard0:amd64 (1:2.8.0-3+b2) ...
Progress: [ 57%] [████████████████████▌               ] 8Setting up ovmf (2025.02-8+deb13u1) ...
Progress: [ 58%] [█████████████████████               ] 87Progress: [ 59%] [█████████████████████▎              ] 8Setting up libglusterfs0:amd64 (11.1-6) ...
Progress: [ 60%] [█████████████████████▋              ] 8Setting up libvirglrenderer1:amd64 (1.1.0-2) ...
Progress: [ 61%] [█████████████████████▉              ] 8Setting up libcapstone5:amd64 (5.0.6-1) ...
Progress: [ 62%] [██████████████████████▍             ] 87Progress: [ 63%] [██████████████████████▋             ] 8Setting up libdaxctl1:amd64 (81-1) ...
Progress: [ 64%] [███████████████████████▏            ] 8Setting up qemu-system-data (1:10.0.7+ds-0+deb13u1) ...
Progress: [ 65%] [███████████████████████▍            ] 8Setting up seabios (1.16.3-2) ...
Progress: [ 66%] [███████████████████████▉            ] 87Progress: [ 67%] [████████████████████████▏           ] 8Setting up libslirp0:amd64 (4.8.0-1+b1) ...
Progress: [ 68%] [████████████████████████▋           ] 8Setting up libaio1t64:amd64 (0.3.113-8+b1) ...
Progress: [ 69%] [████████████████████████▉           ] 8Setting up libblkio1:amd64 (1.5.0-2) ...
Progress: [ 70%] [█████████████████████████▎          ] 87Progress: [ 71%] [█████████████████████████▌          ] 8Setting up libusbredirparser1t64:amd64 (0.15.0-1) ...
Progress: [ 72%] [██████████████████████████          ] 8Setting up ipxe-qemu (1.21.1+git20250501.dad20602+dfsg-1) ...
Progress: [ 73%] [██████████████████████████▎         ] 8Setting up libndctl6:amd64 (81-1) ...
Progress: [ 74%] [██████████████████████████▊         ] 87Progress: [ 75%] [███████████████████████████         ] 8Setting up librdmacm1t64:amd64 (56.1-1) ...
Progress: [ 77%] [███████████████████████████▌        ] 8Setting up libvdeplug2t64:amd64 (4.0.1-5.1+b1) ...
Progress: [ 77%] [███████████████████████████▊        ] 8Setting up liburing2:amd64 (2.9-1) ...
Progress: [ 79%] [████████████████████████████▎       ] 87Progress: [ 79%] [████████████████████████████▌       ] 8Setting up libiscsi7:amd64 (1.20.0-4) ...
Progress: [ 81%] [████████████████████████████▉       ] 8Setting up libpmem1:amd64 (1.13.1-1.1+b1) ...
Progress: [ 81%] [█████████████████████████████▏      ] 8Setting up libfmt10:amd64 (10.1.1+ds1-4) ...
Progress: [ 83%] [█████████████████████████████▋      ] 87Progress: [ 83%] [█████████████████████████████▉      ] 8Setting up libgfxdr0:amd64 (11.1-6) ...
Progress: [ 85%] [██████████████████████████████▍     ] 8Setting up librados2 (18.2.7+ds-1) ...
Progress: [ 85%] [██████████████████████████████▋     ] 8Setting up qemu-system-common (1:10.0.7+ds-0+deb13u1+b1) ...
Progress: [ 87%] [███████████████████████████████▏    ] 87Progress: [ 87%] [███████████████████████████████▍    ] 8Setting up qemu-system-x86 (1:10.0.7+ds-0+deb13u1+b1) ...
Progress: [ 89%] [███████████████████████████████▉    ] 8Setting up librbd1 (18.2.7+ds-1) ...
Progress: [ 89%] [████████████████████████████████▏   ] 8Setting up qemu-utils (1:10.0.7+ds-0+deb13u1+b1) ...
Progress: [ 91%] [████████████████████████████████▌   ] 87Progress: [ 91%] [████████████████████████████████▊   ] 8Setting up libgfrpc0:amd64 (11.1-6) ...
Progress: [ 93%] [█████████████████████████████████▎  ] 8Setting up qemu-system-modules-opengl (1:10.0.7+ds-0+deb13u1+b1) ...
Progress: [ 93%] [█████████████████████████████████▌  ] 8Setting up qemu-system-gui (1:10.0.7+ds-0+deb13u1+b1) ...
Progress: [ 95%] [██████████████████████████████████  ] 87Progress: [ 95%] [██████████████████████████████████▎ ] 8Setting up libgfapi0:amd64 (11.1-6) ...
Progress: [ 97%] [██████████████████████████████████▊ ] 8Setting up qemu-system-modules-spice (1:10.0.7+ds-0+deb13u1+b1) ...
Progress: [ 97%] [███████████████████████████████████ ] 8Setting up qemu-block-extra (1:10.0.7+ds-0+deb13u1+b1) ...
Progress: [ 99%] [███████████████████████████████████▌] 87Progress: [ 99%] [███████████████████████████████████▊] 8Processing triggers for hicolor-icon-theme (0.18-2) ...
Processing triggers for gnome-menus (3.36.0-3) ...
Processing triggers for libc-bin (2.41-12+deb13u1) ...
Processing triggers for man-db (2.13.1-1) ...
Processing triggers for mailcap (3.74) ...
Processing triggers for desktop-file-utils (0.28-1) ...

0;kent@deb13: ~
kent@deb13:~$ 0;kent@deb13: ~
kent@deb13:~$ qemu
-

qemu-img                    qemu-system-amd64
qemu-io                     qemu-system-i386
qemu-nbd                    qemu-system-x86_64
qemu-pr-helper              qemu-system-x86_64-microvm
qemu-storage-daemon         qemu-vmsr-helper
0;kent@deb13: ~
kent@deb13:~$ qemu


exit
logout
Connection to localhost closed.
ITINF25/lektion2
$ 
ITINF25/lektion2
$ ls
ls
qemu-kommandon.txt  recordings
ITINF25/lektion2
$ nano .gitignore
>ITINF25/lektion2e: .gitignore [ Writing... ] [ Wrote 2 lines ]s        
$ cp ~/Dropbox/
c8

c8/                       c8 - economy/
c8 - contracts/           c8 - future blog-entries/
c8 - cv/                  c8 - timestamps/
ITINF25/lektion2
$ cp ~/Dropbox/c8/iso/ITINF25/lektion2
$ cp ~/Dropbox/c8/iso/

archlinux-2026.01.01-x86_64.iso
debian-13.3.0-amd64-DVD-1.iso
Fedora-Server-dvd-x86_64-40-1.14.iso
proxmox-ve_8.2-1.iso
Rocky-9.4-x86_64-dvd.iso
SERVER_EVAL_x64FRE_en-us.iso
SQL2022-SSEI-Eval.exe
TinyCore-current.iso
TUXEDO-OS-202506201700.iso
ubuntu-24.04.1-desktop-amd64.iso
ubuntu-24.04.3-desktop-amd64.iso
ubuntu-24.04.3-live-server-amd64.iso
ubuntu-24.04-live-server-amd64.iso
ubuntu_flavors/
virtio-win-0.1.271.iso
Win11_Multiver_Needs_Activation_x64.iso
Windows11_Ent_Eval.iso
ITINF25/lektion2
$ cp ~/Dropbox/c8/iso/
TinyCore-current.iso ITINF25/lektion2
$ cp ~/Dropbox/c8/iso/TinyCore-current.iso  ^C
ITINF25/lektion2
$ ITINF25/lektion2
$ pwd
/shared/kent/Documents/nackademin/linux2/l2-live/ITINF25/lektion2
ITINF25/lektion2
$ ITINF25/lektion2
$ ls -a
.  ..  .gitignore  qemu-kommandon.txt  recordings
ITINF25/lektion2
$ ls -a ..
.  ..  lektion1  lektion2
ITINF25/lektion2
$ ls -a ../..
.    date      .gitignore  .profiles  .shellcheckrc
..   DEVOPS24  ITINF24	   README.md  .state
bin  .git      ITINF25	   .shared    .vscode
ITINF25/lektion2
$ ITINF25/lektion2
$ ls -a
.  ..  .gitignore  qemu-kommandon.txt  recordings
ITINF25/lektion2
$ ls -a ../..
.    date      .gitignore  .profiles  .shellcheckrc
..   DEVOPS24  ITINF24	   README.md  .state
bin  .git      ITINF25	   .shared    .vscode
ITINF25/lektion2
$ ls -a ../../.gi
tignore ITINF25/lektion2
$ ls -a ../../.gitignore

















code
ITINF25/lektion2
$ code ../../.gitignore





ls



bin  date  DEVOPS24  ITINF24  ITINF25  README.md
ITINF25/lektion2
$ ls ../..-../..a../.. ../..ITINF25/lektion2
$ ls -a ../..
.    date      .gitignore  .profiles  .shellcheckrc
..   DEVOPS24  ITINF24	   README.md  .state
bin  .git      ITINF25	   .shared    .vscode
ITINF25/lektion2
$ ITINF25/lektion2
$ ls -a
.  ..  .gitignore  qemu-kommandon.txt  recordings
ITINF25/lektion2
$ rm .gitignore ITINF25/lektion2
$ rm .gitignore 
ITINF25/lektion2
$ ITINF25/lektion2
(reverse-i-search)`':c': code ../../.gitignor
failed reverse-i-search)`cp': 
^C
ITINF25/lektion2
$ cp ~/Dropbox/c8/iso/

archlinux-2026.01.01-x86_64.iso
debian-13.3.0-amd64-DVD-1.iso
Fedora-Server-dvd-x86_64-40-1.14.iso
proxmox-ve_8.2-1.iso
Rocky-9.4-x86_64-dvd.iso
SERVER_EVAL_x64FRE_en-us.iso
SQL2022-SSEI-Eval.exe
TinyCore-current.iso
TUXEDO-OS-202506201700.iso
ubuntu-24.04.1-desktop-amd64.iso
ubuntu-24.04.3-desktop-amd64.iso
ubuntu-24.04.3-live-server-amd64.iso
ubuntu-24.04-live-server-amd64.iso
ubuntu_flavors/
virtio-win-0.1.271.iso
Win11_Multiver_Needs_Activation_x64.iso
Windows11_Ent_Eval.iso
ITINF25/lektion2
$ cp ~/Dropbox/c8/iso/TinyCore-current.iso ITINF25/lektion2
$ cp ~/Dropbox/c8/iso/TinyCore-current.iso .
ITINF25/lektion2
$ ITINF25/lektion2
$ ls
qemu-kommandon.txt  recordings	TinyCore-current.iso
ITINF25/lektion2
$ qeITINF25/lektion2
$ qe
mu-sys
tem-

qemu-system-aarch64         qemu-system-ppc
qemu-system-alpha           qemu-system-ppc64
qemu-system-arm             qemu-system-ppc64le
qemu-system-avr             qemu-system-riscv32
qemu-system-cris            qemu-system-riscv64
qemu-system-hppa            qemu-system-rx
qemu-system-i386            qemu-system-s390x
qemu-system-loongarch64     qemu-system-sh4
qemu-system-m68k            qemu-system-sh4eb
qemu-system-microblaze      qemu-system-sparc
qemu-system-microblazeel    qemu-system-sparc64
qemu-system-mips            qemu-system-tricore
qemu-system-mips64          qemu-system-x86_64
qemu-system-mips64el        qemu-system-x86_64-microvm
qemu-system-mipsel          qemu-system-xtensa
qemu-system-nios2           qemu-system-xtensaeb
qemu-system-or1k            
ITINF25/lektion2
$ qemu-system-x86
_64ITINF25/lektion2
$ qemu-system-x86_64

 -



cdr
om 
./TinyCore-current.iso 
ITINF25/lektion2
$ qemu-system-x86_64 -cdrom ./TinyCore-current.iso -device usb-ehci \
-device usb-tablet
-device usb-ehci \
-device usb-tablet

