Script started on 2026-02-10 09:08:54+01:00 [TERM="xterm-256color" TTY="/dev/pts/0" COLUMNS="28" LINES="16"]
ITINF25/lektion9
$ ITINF25/lektion9
$ sudo journa
nalctl -b
[sudo] password for kent: 
feb 10 07:48:06 klad kernel: microcode: microcode updated ear>
feb 10 07:48:06 klad kernel: Linux version 6.1.0-37-amd64 (de>
feb 10 07:48:06 klad kernel: Command line: BOOT_IMAGE=/vmlinu>
feb 10 07:48:06 klad kernel: x86/split lock detection: #AC: c>
feb 10 07:48:06 klad kernel: BIOS-provided physical RAM map:
feb 10 07:48:06 klad kernel: BIOS-e820: [mem 0x00000000000000>
feb 10 07:48:06 klad kernel: BIOS-e820: [mem 0x000000000009f0>
feb 10 07:48:06 klad kernel: BIOS-e820: [mem 0x00000000001000>
feb 10 07:48:06 klad kernel: BIOS-e820: [mem 0x000000003c2c90>
feb 10 07:48:06 klad kernel: BIOS-e820: [mem 0x000000003cbc90>
feb 10 07:48:06 klad kernel: BIOS-e820: [mem 0x000000003e9df0>
feb 10 07:48:06 klad kernel: BIOS-e820: [mem 0x000000003edaf0>
feb 10 07:48:06 klad kernel: BIOS-e820: [mem 0x0000000040a7f0>
feb 10 07:48:06 klad kernel: BIOS-e820: [mem 0x0000000043a2f0>
feb 10 07:48:06 klad kernel: BIOS-e820: [mem 0x0000000043aff0>
feb 10 07:48:06 klad kernel: BIOS-e820: [mem 0x0000000043b000>
feb 10 07:48:06 klad kernel: BIOS-e820: [mem 0x0000000048e000>
feb 10 07:48:06 klad kernel: BIOS-e820: [mem 0x000000004a0000>
lines 1-18...skipping...
feb 10 07:48:06 klad kernel: microcode: microcode updated early to revision 0x4>
feb 10 07:48:06 klad kernel: Linux version 6.1.0-37-amd64 (debian-kernel@lists.>
feb 10 07:48:06 klad kernel: Command line: BOOT_IMAGE=/vmlinuz-6.1.0-37-amd64 r>
feb 10 07:48:06 klad kernel: x86/split lock detection: #AC: crashing the kernel>
feb 10 07:48:06 klad kernel: BIOS-provided physical RAM map:
feb 10 07:48:06 klad kernel: BIOS-e820: [mem 0x0000000000000000-0x000000000009e>
feb 10 07:48:06 klad kernel: BIOS-e820: [mem 0x000000000009f000-0x00000000000ff>
feb 10 07:48:06 klad kernel: BIOS-e820: [mem 0x0000000000100000-0x000000003c2c8>
feb 10 07:48:06 klad kernel: BIOS-e820: [mem 0x000000003c2c9000-0x000000003cbc8>
feb 10 07:48:06 klad kernel: BIOS-e820: [mem 0x000000003cbc9000-0x000000003e9de>
feb 10 07:48:06 klad kernel: BIOS-e820: [mem 0x000000003e9df000-0x000000003edae>
feb 10 07:48:06 klad kernel: BIOS-e820: [mem 0x000000003edaf000-0x0000000040a7e>
feb 10 07:48:06 klad kernel: BIOS-e820: [mem 0x0000000040a7f000-0x0000000043a2e>
feb 10 07:48:06 klad kernel: BIOS-e820: [mem 0x0000000043a2f000-0x0000000043afe>
feb 10 07:48:06 klad kernel: BIOS-e820: [mem 0x0000000043aff000-0x0000000043aff>
feb 10 07:48:06 klad kernel: BIOS-e820: [mem 0x0000000043b00000-0x0000000047fff>
feb 10 07:48:06 klad kernel: BIOS-e820: [mem 0x0000000048e00000-0x0000000048fff>
feb 10 07:48:06 klad kernel: BIOS-e820: [mem 0x000000004a000000-0x00000000507ff>
feb 10 07:48:06 klad kernel: BIOS-e820: [mem 0x00000000c0000000-0x00000000cffff>
feb 10 07:48:06 klad kernel: BIOS-e820: [mem 0x00000000fe010000-0x00000000fe010>
feb 10 07:48:06 klad kernel: BIOS-e820: [mem 0x00000000fed20000-0x00000000fed7f>
feb 10 07:48:06 klad kernel: BIOS-e820: [mem 0x00000000ff000000-0x00000000fffff>
lines 1-22...skipping...
feb 10 07:48:06 klad kernel: microcode: microcode updated early to revision 0x43a, date = 2025-10-12
feb 10 07:48:06 klad kernel: Linux version 6.1.0-37-amd64 (debian-kernel@lists.debian.org) (gcc-12 (D>
feb 10 07:48:06 klad kernel: Command line: BOOT_IMAGE=/vmlinuz-6.1.0-37-amd64 root=UUID=161a00c3-26c1>
feb 10 07:48:06 klad kernel: x86/split lock detection: #AC: crashing the kernel on kernel split_locks>
feb 10 07:48:06 klad kernel: BIOS-provided physical RAM map:
feb 10 07:48:06 klad kernel: BIOS-e820: [mem 0x0000000000000000-0x000000000009efff] usable
feb 10 07:48:06 klad kernel: BIOS-e820: [mem 0x000000000009f000-0x00000000000fffff] reserved
feb 10 07:48:06 klad kernel: BIOS-e820: [mem 0x0000000000100000-0x000000003c2c8fff] usable
feb 10 07:48:06 klad kernel: BIOS-e820: [mem 0x000000003c2c9000-0x000000003cbc8fff] reserved
feb 10 07:48:06 klad kernel: BIOS-e820: [mem 0x000000003cbc9000-0x000000003e9defff] usable
feb 10 07:48:06 klad kernel: BIOS-e820: [mem 0x000000003e9df000-0x000000003edaefff] type 20
feb 10 07:48:06 klad kernel: BIOS-e820: [mem 0x000000003edaf000-0x0000000040a7efff] reserved
feb 10 07:48:06 klad kernel: BIOS-e820: [mem 0x0000000040a7f000-0x0000000043a2efff] ACPI NVS
feb 10 07:48:06 klad kernel: BIOS-e820: [mem 0x0000000043a2f000-0x0000000043afefff] ACPI data
feb 10 07:48:06 klad kernel: BIOS-e820: [mem 0x0000000043aff000-0x0000000043afffff] usable
feb 10 07:48:06 klad kernel: BIOS-e820: [mem 0x0000000043b00000-0x0000000047ffffff] reserved
feb 10 07:48:06 klad kernel: BIOS-e820: [mem 0x0000000048e00000-0x0000000048ffffff] reserved
feb 10 07:48:06 klad kernel: BIOS-e820: [mem 0x000000004a000000-0x00000000507fffff] reserved
feb 10 07:48:06 klad kernel: BIOS-e820: [mem 0x00000000c0000000-0x00000000cfffffff] reserved
feb 10 07:48:06 klad kernel: BIOS-e820: [mem 0x00000000fe010000-0x00000000fe010fff] reserved
feb 10 07:48:06 klad kernel: BIOS-e820: [mem 0x00000000fed20000-0x00000000fed7ffff] reserved
feb 10 07:48:06 klad kernel: BIOS-e820: [mem 0x00000000ff000000-0x00000000ffffffff] reserved
feb 10 07:48:06 klad kernel: BIOS-e820: [mem 0x0000000100000000-0x00000004af7fffff] usable
feb 10 07:48:06 klad kernel: NX (Execute Disable) protection: active
feb 10 07:48:06 klad kernel: efi: EFI v2.80 by INSYDE Corp.
feb 10 07:48:06 klad kernel: efi: ACPI=0x43afe000 ACPI 2.0=0x43afe014 TPMFinalLog=0x439a6000 SMBIOS=0>
>ITINF25/lektion9
$ sudo journalctl -bITINF25/lektion9
$ sudo journalctl -b
feb 10 07:48:06 klad kernel: microcode: microcode updated early to revision 0x43a, date = 2025-10-12
feb 10 07:48:06 klad kernel: Linux version 6.1.0-37-amd64 (debian-kernel@lists.debian.org) (gcc-12 (D>
feb 10 07:48:06 klad kernel: Command line: BOOT_IMAGE=/vmlinuz-6.1.0-37-amd64 root=UUID=161a00c3-26c1>
feb 10 07:48:06 klad kernel: x86/split lock detection: #AC: crashing the kernel on kernel split_locks>
feb 10 07:48:06 klad kernel: BIOS-provided physical RAM map:
feb 10 07:48:06 klad kernel: BIOS-e820: [mem 0x0000000000000000-0x000000000009efff] usable
feb 10 07:48:06 klad kernel: BIOS-e820: [mem 0x000000000009f000-0x00000000000fffff] reserved
feb 10 07:48:06 klad kernel: BIOS-e820: [mem 0x0000000000100000-0x000000003c2c8fff] usable
feb 10 07:48:06 klad kernel: BIOS-e820: [mem 0x000000003c2c9000-0x000000003cbc8fff] reserved
feb 10 07:48:06 klad kernel: BIOS-e820: [mem 0x000000003cbc9000-0x000000003e9defff] usable
feb 10 07:48:06 klad kernel: BIOS-e820: [mem 0x000000003e9df000-0x000000003edaefff] type 20
feb 10 07:48:06 klad kernel: BIOS-e820: [mem 0x000000003edaf000-0x0000000040a7efff] reserved
feb 10 07:48:06 klad kernel: BIOS-e820: [mem 0x0000000040a7f000-0x0000000043a2efff] ACPI NVS
feb 10 07:48:06 klad kernel: BIOS-e820: [mem 0x0000000043a2f000-0x0000000043afefff] ACPI data
feb 10 07:48:06 klad kernel: BIOS-e820: [mem 0x0000000043aff000-0x0000000043afffff] usable
feb 10 07:48:06 klad kernel: BIOS-e820: [mem 0x0000000043b00000-0x0000000047ffffff] reserved
feb 10 07:48:06 klad kernel: BIOS-e820: [mem 0x0000000048e00000-0x0000000048ffffff] reserved
feb 10 07:48:06 klad kernel: BIOS-e820: [mem 0x000000004a000000-0x00000000507fffff] reserved
feb 10 07:48:06 klad kernel: BIOS-e820: [mem 0x00000000c0000000-0x00000000cfffffff] reserved
feb 10 07:48:06 klad kernel: BIOS-e820: [mem 0x00000000fe010000-0x00000000fe010fff] reserved
feb 10 07:48:06 klad kernel: BIOS-e820: [mem 0x00000000fed20000-0x00000000fed7ffff] reserved
feb 10 07:48:06 klad kernel: BIOS-e820: [mem 0x00000000ff000000-0x00000000ffffffff] reserved
feb 10 07:48:06 klad kernel: BIOS-e820: [mem 0x0000000100000000-0x00000004af7fffff] usable
feb 10 07:48:06 klad kernel: NX (Execute Disable) protection: active
feb 10 07:48:06 klad kernel: efi: EFI v2.80 by INSYDE Corp.
feb 10 07:48:06 klad kernel: efi: ACPI=0x43afe000 ACPI 2.0=0x43afe014 TPMFinalLog=0x439a6000 SMBIOS=0>
 ESESCOCpdated early to revision 0x43a, date = 2025-10-12
-amd64 (debian-kernel@lists.debian.org) (gcc-12 (Debian 12.2.0-14+deb12u1) 12.2.0, GNU ld (GNU Binuti>
GE=/vmlinuz-6.1.0-37-amd64 root=UUID=161a00c3-26c1-4611-8ebe-c6b3a55f485e ro i8042.kbdreset=1 quiet s>
on: #AC: crashing the kernel on kernel split_locks and warning on user-space split_locks
 RAM map:
000000000000-0x000000000009efff] usable
00000009f000-0x00000000000fffff] reserved
000000100000-0x000000003c2c8fff] usable
00003c2c9000-0x000000003cbc8fff] reserved
00003cbc9000-0x000000003e9defff] usable
00003e9df000-0x000000003edaefff] type 20
00003edaf000-0x0000000040a7efff] reserved
000040a7f000-0x0000000043a2efff] ACPI NVS
000043a2f000-0x0000000043afefff] ACPI data
000043aff000-0x0000000043afffff] usable
000043b00000-0x0000000047ffffff] reserved
000048e00000-0x0000000048ffffff] reserved
00004a000000-0x00000000507fffff] reserved
0000c0000000-0x00000000cfffffff] reserved
0000fe010000-0x00000000fe010fff] reserved
0000fed20000-0x00000000fed7ffff] reserved
0000ff000000-0x00000000ffffffff] reserved
000100000000-0x00000004af7fffff] usable
rotection: active
DE Corp.
CPI 2.0=0x43afe014 TPMFinalLog=0x439a6000 SMBIOS=0x3f086000 MEMATTR=0x38120018 ESRT=0x3844b498 MOKvar>
 ESESCODfeb 10 07:48:06 klad kernel: microcode: microcode updated early to revision 0x43a, date = 2025-10-12
feb 10 07:48:06 klad kernel: Linux version 6.1.0-37-amd64 (debian-kernel@lists.debian.org) (gcc-12 (D>
feb 10 07:48:06 klad kernel: Command line: BOOT_IMAGE=/vmlinuz-6.1.0-37-amd64 root=UUID=161a00c3-26c1>
feb 10 07:48:06 klad kernel: x86/split lock detection: #AC: crashing the kernel on kernel split_locks>
feb 10 07:48:06 klad kernel: BIOS-provided physical RAM map:
feb 10 07:48:06 klad kernel: BIOS-e820: [mem 0x0000000000000000-0x000000000009efff] usable
feb 10 07:48:06 klad kernel: BIOS-e820: [mem 0x000000000009f000-0x00000000000fffff] reserved
feb 10 07:48:06 klad kernel: BIOS-e820: [mem 0x0000000000100000-0x000000003c2c8fff] usable
feb 10 07:48:06 klad kernel: BIOS-e820: [mem 0x000000003c2c9000-0x000000003cbc8fff] reserved
feb 10 07:48:06 klad kernel: BIOS-e820: [mem 0x000000003cbc9000-0x000000003e9defff] usable
feb 10 07:48:06 klad kernel: BIOS-e820: [mem 0x000000003e9df000-0x000000003edaefff] type 20
feb 10 07:48:06 klad kernel: BIOS-e820: [mem 0x000000003edaf000-0x0000000040a7efff] reserved
feb 10 07:48:06 klad kernel: BIOS-e820: [mem 0x0000000040a7f000-0x0000000043a2efff] ACPI NVS
feb 10 07:48:06 klad kernel: BIOS-e820: [mem 0x0000000043a2f000-0x0000000043afefff] ACPI data
feb 10 07:48:06 klad kernel: BIOS-e820: [mem 0x0000000043aff000-0x0000000043afffff] usable
feb 10 07:48:06 klad kernel: BIOS-e820: [mem 0x0000000043b00000-0x0000000047ffffff] reserved
feb 10 07:48:06 klad kernel: BIOS-e820: [mem 0x0000000048e00000-0x0000000048ffffff] reserved
feb 10 07:48:06 klad kernel: BIOS-e820: [mem 0x000000004a000000-0x00000000507fffff] reserved
feb 10 07:48:06 klad kernel: BIOS-e820: [mem 0x00000000c0000000-0x00000000cfffffff] reserved
feb 10 07:48:06 klad kernel: BIOS-e820: [mem 0x00000000fe010000-0x00000000fe010fff] reserved
feb 10 07:48:06 klad kernel: BIOS-e820: [mem 0x00000000fed20000-0x00000000fed7ffff] reserved
feb 10 07:48:06 klad kernel: BIOS-e820: [mem 0x00000000ff000000-0x00000000ffffffff] reserved
feb 10 07:48:06 klad kernel: BIOS-e820: [mem 0x0000000100000000-0x00000004af7fffff] usable
feb 10 07:48:06 klad kernel: NX (Execute Disable) protection: active
feb 10 07:48:06 klad kernel: efi: EFI v2.80 by INSYDE Corp.
feb 10 07:48:06 klad kernel: efi: ACPI=0x43afe000 ACPI 2.0=0x43afe014 TPMFinalLog=0x439a6000 SMBIOS=0>
 ESESCOA26
 ESESCOCpdated early to revision 0x43a, date = 2025-10-12
-amd64 (debian-kernel@lists.debian.org) (gcc-12 (Debian 12.2.0-14+deb12u1) 12.2.0, GNU ld (GNU Binuti>
GE=/vmlinuz-6.1.0-37-amd64 root=UUID=161a00c3-26c1-4611-8ebe-c6b3a55f485e ro i8042.kbdreset=1 quiet s>
on: #AC: crashing the kernel on kernel split_locks and warning on user-space split_locks
 RAM map:
000000000000-0x000000000009efff] usable
00000009f000-0x00000000000fffff] reserved
000000100000-0x000000003c2c8fff] usable
00003c2c9000-0x000000003cbc8fff] reserved
00003cbc9000-0x000000003e9defff] usable
00003e9df000-0x000000003edaefff] type 20
00003edaf000-0x0000000040a7efff] reserved
000040a7f000-0x0000000043a2efff] ACPI NVS
000043a2f000-0x0000000043afefff] ACPI data
000043aff000-0x0000000043afffff] usable
000043b00000-0x0000000047ffffff] reserved
000048e00000-0x0000000048ffffff] reserved
00004a000000-0x00000000507fffff] reserved
0000c0000000-0x00000000cfffffff] reserved
0000fe010000-0x00000000fe010fff] reserved
0000fed20000-0x00000000fed7ffff] reserved
0000ff000000-0x00000000ffffffff] reserved
000100000000-0x00000004af7fffff] usable
rotection: active
DE Corp.
CPI 2.0=0x43afe014 TPMFinalLog=0x439a6000 SMBIOS=0x3f086000 MEMATTR=0x38120018 ESRT=0x3844b498 MOKvar>
 ESESCODfeb 10 07:48:06 klad kernel: microcode: microcode updated early to revision 0x43a, date = 2025-10-12
feb 10 07:48:06 klad kernel: Linux version 6.1.0-37-amd64 (debian-kernel@lists.debian.org) (gcc-12 (D>
feb 10 07:48:06 klad kernel: Command line: BOOT_IMAGE=/vmlinuz-6.1.0-37-amd64 root=UUID=161a00c3-26c1>
feb 10 07:48:06 klad kernel: x86/split lock detection: #AC: crashing the kernel on kernel split_locks>
feb 10 07:48:06 klad kernel: BIOS-provided physical RAM map:
feb 10 07:48:06 klad kernel: BIOS-e820: [mem 0x0000000000000000-0x000000000009efff] usable
feb 10 07:48:06 klad kernel: BIOS-e820: [mem 0x000000000009f000-0x00000000000fffff] reserved
feb 10 07:48:06 klad kernel: BIOS-e820: [mem 0x0000000000100000-0x000000003c2c8fff] usable
feb 10 07:48:06 klad kernel: BIOS-e820: [mem 0x000000003c2c9000-0x000000003cbc8fff] reserved
feb 10 07:48:06 klad kernel: BIOS-e820: [mem 0x000000003cbc9000-0x000000003e9defff] usable
feb 10 07:48:06 klad kernel: BIOS-e820: [mem 0x000000003e9df000-0x000000003edaefff] type 20
feb 10 07:48:06 klad kernel: BIOS-e820: [mem 0x000000003edaf000-0x0000000040a7efff] reserved
feb 10 07:48:06 klad kernel: BIOS-e820: [mem 0x0000000040a7f000-0x0000000043a2efff] ACPI NVS
feb 10 07:48:06 klad kernel: BIOS-e820: [mem 0x0000000043a2f000-0x0000000043afefff] ACPI data
feb 10 07:48:06 klad kernel: BIOS-e820: [mem 0x0000000043aff000-0x0000000043afffff] usable
feb 10 07:48:06 klad kernel: BIOS-e820: [mem 0x0000000043b00000-0x0000000047ffffff] reserved
feb 10 07:48:06 klad kernel: BIOS-e820: [mem 0x0000000048e00000-0x0000000048ffffff] reserved
feb 10 07:48:06 klad kernel: BIOS-e820: [mem 0x000000004a000000-0x00000000507fffff] reserved
feb 10 07:48:06 klad kernel: BIOS-e820: [mem 0x00000000c0000000-0x00000000cfffffff] reserved
feb 10 07:48:06 klad kernel: BIOS-e820: [mem 0x00000000fe010000-0x00000000fe010fff] reserved
feb 10 07:48:06 klad kernel: BIOS-e820: [mem 0x00000000fed20000-0x00000000fed7ffff] reserved
feb 10 07:48:06 klad kernel: BIOS-e820: [mem 0x00000000ff000000-0x00000000ffffffff] reserved
feb 10 07:48:06 klad kernel: BIOS-e820: [mem 0x0000000100000000-0x00000004af7fffff] usable
feb 10 07:48:06 klad kernel: NX (Execute Disable) protection: active
feb 10 07:48:06 klad kernel: efi: EFI v2.80 by INSYDE Corp.
feb 10 07:48:06 klad kernel: efi: ACPI=0x43afe000 ACPI 2.0=0x43afe014 TPMFinalLog=0x439a6000 SMBIOS=0>
 ESESCOCpdated early to revision 0x43a, date = 2025-10-12
-amd64 (debian-kernel@lists.debian.org) (gcc-12 (Debian 12.2.0-14+deb12u1) 12.2.0, GNU ld (GNU Binuti>
GE=/vmlinuz-6.1.0-37-amd64 root=UUID=161a00c3-26c1-4611-8ebe-c6b3a55f485e ro i8042.kbdreset=1 quiet s>
on: #AC: crashing the kernel on kernel split_locks and warning on user-space split_locks
 RAM map:
000000000000-0x000000000009efff] usable
00000009f000-0x00000000000fffff] reserved
000000100000-0x000000003c2c8fff] usable
00003c2c9000-0x000000003cbc8fff] reserved
00003cbc9000-0x000000003e9defff] usable
00003e9df000-0x000000003edaefff] type 20
00003edaf000-0x0000000040a7efff] reserved
000040a7f000-0x0000000043a2efff] ACPI NVS
000043a2f000-0x0000000043afefff] ACPI data
000043aff000-0x0000000043afffff] usable
000043b00000-0x0000000047ffffff] reserved
000048e00000-0x0000000048ffffff] reserved
00004a000000-0x00000000507fffff] reserved
0000c0000000-0x00000000cfffffff] reserved
0000fe010000-0x00000000fe010fff] reserved
0000fed20000-0x00000000fed7ffff] reserved
0000ff000000-0x00000000ffffffff] reserved
000100000000-0x00000004af7fffff] usable
rotection: active
DE Corp.
CPI 2.0=0x43afe014 TPMFinalLog=0x439a6000 SMBIOS=0x3f086000 MEMATTR=0x38120018 ESRT=0x3844b498 MOKvar>
 ESESCOC26
bian 12.2.0-14+deb12u1) 12.2.0, GNU ld (GNU Binutils for Debian) 2.40) #1 SMP PREEMPT_DYNAMIC Debian >
4611-8ebe-c6b3a55f485e ro i8042.kbdreset=1 quiet splash i8042.reset i8042.nomux
and warning on user-space split_locks





















3f086000 MEMATTR=0x38120018 ESRT=0x3844b498 MOKvar=0x3f026000 
 ESESCODpdated early to revision 0x43a, date = 2025-10-12
-amd64 (debian-kernel@lists.debian.org) (gcc-12 (Debian 12.2.0-14+deb12u1) 12.2.0, GNU ld (GNU Binuti>
GE=/vmlinuz-6.1.0-37-amd64 root=UUID=161a00c3-26c1-4611-8ebe-c6b3a55f485e ro i8042.kbdreset=1 quiet s>
on: #AC: crashing the kernel on kernel split_locks and warning on user-space split_locks
 RAM map:
000000000000-0x000000000009efff] usable
00000009f000-0x00000000000fffff] reserved
000000100000-0x000000003c2c8fff] usable
00003c2c9000-0x000000003cbc8fff] reserved
00003cbc9000-0x000000003e9defff] usable
00003e9df000-0x000000003edaefff] type 20
00003edaf000-0x0000000040a7efff] reserved
000040a7f000-0x0000000043a2efff] ACPI NVS
000043a2f000-0x0000000043afefff] ACPI data
000043aff000-0x0000000043afffff] usable
000043b00000-0x0000000047ffffff] reserved
000048e00000-0x0000000048ffffff] reserved
00004a000000-0x00000000507fffff] reserved
0000c0000000-0x00000000cfffffff] reserved
0000fe010000-0x00000000fe010fff] reserved
0000fed20000-0x00000000fed7ffff] reserved
0000ff000000-0x00000000ffffffff] reserved
000100000000-0x00000004af7fffff] usable
rotection: active
DE Corp.
CPI 2.0=0x43afe014 TPMFinalLog=0x439a6000 SMBIOS=0x3f086000 MEMATTR=0x38120018 ESRT=0x3844b498 MOKvar>
 ESESCODfeb 10 07:48:06 klad kernel: microcode: microcode updated early to revision 0x43a, date = 2025-10-12
feb 10 07:48:06 klad kernel: Linux version 6.1.0-37-amd64 (debian-kernel@lists.debian.org) (gcc-12 (D>
feb 10 07:48:06 klad kernel: Command line: BOOT_IMAGE=/vmlinuz-6.1.0-37-amd64 root=UUID=161a00c3-26c1>
feb 10 07:48:06 klad kernel: x86/split lock detection: #AC: crashing the kernel on kernel split_locks>
feb 10 07:48:06 klad kernel: BIOS-provided physical RAM map:
feb 10 07:48:06 klad kernel: BIOS-e820: [mem 0x0000000000000000-0x000000000009efff] usable
feb 10 07:48:06 klad kernel: BIOS-e820: [mem 0x000000000009f000-0x00000000000fffff] reserved
feb 10 07:48:06 klad kernel: BIOS-e820: [mem 0x0000000000100000-0x000000003c2c8fff] usable
feb 10 07:48:06 klad kernel: BIOS-e820: [mem 0x000000003c2c9000-0x000000003cbc8fff] reserved
feb 10 07:48:06 klad kernel: BIOS-e820: [mem 0x000000003cbc9000-0x000000003e9defff] usable
feb 10 07:48:06 klad kernel: BIOS-e820: [mem 0x000000003e9df000-0x000000003edaefff] type 20
feb 10 07:48:06 klad kernel: BIOS-e820: [mem 0x000000003edaf000-0x0000000040a7efff] reserved
feb 10 07:48:06 klad kernel: BIOS-e820: [mem 0x0000000040a7f000-0x0000000043a2efff] ACPI NVS
feb 10 07:48:06 klad kernel: BIOS-e820: [mem 0x0000000043a2f000-0x0000000043afefff] ACPI data
feb 10 07:48:06 klad kernel: BIOS-e820: [mem 0x0000000043aff000-0x0000000043afffff] usable
feb 10 07:48:06 klad kernel: BIOS-e820: [mem 0x0000000043b00000-0x0000000047ffffff] reserved
feb 10 07:48:06 klad kernel: BIOS-e820: [mem 0x0000000048e00000-0x0000000048ffffff] reserved
feb 10 07:48:06 klad kernel: BIOS-e820: [mem 0x000000004a000000-0x00000000507fffff] reserved
feb 10 07:48:06 klad kernel: BIOS-e820: [mem 0x00000000c0000000-0x00000000cfffffff] reserved
feb 10 07:48:06 klad kernel: BIOS-e820: [mem 0x00000000fe010000-0x00000000fe010fff] reserved
feb 10 07:48:06 klad kernel: BIOS-e820: [mem 0x00000000fed20000-0x00000000fed7ffff] reserved
feb 10 07:48:06 klad kernel: BIOS-e820: [mem 0x00000000ff000000-0x00000000ffffffff] reserved
feb 10 07:48:06 klad kernel: BIOS-e820: [mem 0x0000000100000000-0x00000004af7fffff] usable
feb 10 07:48:06 klad kernel: NX (Execute Disable) protection: active
feb 10 07:48:06 klad kernel: efi: EFI v2.80 by INSYDE Corp.
feb 10 07:48:06 klad kernel: efi: ACPI=0x43afe000 ACPI 2.0=0x43afe014 TPMFinalLog=0x439a6000 SMBIOS=0>
 ESESCODfeb 10 07:48:06 klad kernel: microcode: microcode updated early to revision 0x43a, date = 2025-10-12
feb 10 07:48:06 klad kernel: Linux version 6.1.0-37-amd64 (debian-kernel@lists.debian.org) (gcc-12 (D>
feb 10 07:48:06 klad kernel: Command line: BOOT_IMAGE=/vmlinuz-6.1.0-37-amd64 root=UUID=161a00c3-26c1>
feb 10 07:48:06 klad kernel: x86/split lock detection: #AC: crashing the kernel on kernel split_locks>
feb 10 07:48:06 klad kernel: BIOS-provided physical RAM map:
feb 10 07:48:06 klad kernel: BIOS-e820: [mem 0x0000000000000000-0x000000000009efff] usable
feb 10 07:48:06 klad kernel: BIOS-e820: [mem 0x000000000009f000-0x00000000000fffff] reserved
feb 10 07:48:06 klad kernel: BIOS-e820: [mem 0x0000000000100000-0x000000003c2c8fff] usable
feb 10 07:48:06 klad kernel: BIOS-e820: [mem 0x000000003c2c9000-0x000000003cbc8fff] reserved
feb 10 07:48:06 klad kernel: BIOS-e820: [mem 0x000000003cbc9000-0x000000003e9defff] usable
feb 10 07:48:06 klad kernel: BIOS-e820: [mem 0x000000003e9df000-0x000000003edaefff] type 20
feb 10 07:48:06 klad kernel: BIOS-e820: [mem 0x000000003edaf000-0x0000000040a7efff] reserved
feb 10 07:48:06 klad kernel: BIOS-e820: [mem 0x0000000040a7f000-0x0000000043a2efff] ACPI NVS
feb 10 07:48:06 klad kernel: BIOS-e820: [mem 0x0000000043a2f000-0x0000000043afefff] ACPI data
feb 10 07:48:06 klad kernel: BIOS-e820: [mem 0x0000000043aff000-0x0000000043afffff] usable
feb 10 07:48:06 klad kernel: BIOS-e820: [mem 0x0000000043b00000-0x0000000047ffffff] reserved
feb 10 07:48:06 klad kernel: BIOS-e820: [mem 0x0000000048e00000-0x0000000048ffffff] reserved
feb 10 07:48:06 klad kernel: BIOS-e820: [mem 0x000000004a000000-0x00000000507fffff] reserved
feb 10 07:48:06 klad kernel: BIOS-e820: [mem 0x00000000c0000000-0x00000000cfffffff] reserved
feb 10 07:48:06 klad kernel: BIOS-e820: [mem 0x00000000fe010000-0x00000000fe010fff] reserved
feb 10 07:48:06 klad kernel: BIOS-e820: [mem 0x00000000fed20000-0x00000000fed7ffff] reserved
feb 10 07:48:06 klad kernel: BIOS-e820: [mem 0x00000000ff000000-0x00000000ffffffff] reserved
feb 10 07:48:06 klad kernel: BIOS-e820: [mem 0x0000000100000000-0x00000004af7fffff] usable
feb 10 07:48:06 klad kernel: NX (Execute Disable) protection: active
feb 10 07:48:06 klad kernel: efi: EFI v2.80 by INSYDE Corp.
feb 10 07:48:06 klad kernel: efi: ACPI=0x43afe000 ACPI 2.0=0x43afe014 TPMFinalLog=0x439a6000 SMBIOS=0>
 ESESCODfeb 10 07:48:06 klad kernel: microcode: microcode updated early to revision 0x43a, date = 2025-10-12
feb 10 07:48:06 klad kernel: Linux version 6.1.0-37-amd64 (debian-kernel@lists.debian.org) (gcc-12 (D>
feb 10 07:48:06 klad kernel: Command line: BOOT_IMAGE=/vmlinuz-6.1.0-37-amd64 root=UUID=161a00c3-26c1>
feb 10 07:48:06 klad kernel: x86/split lock detection: #AC: crashing the kernel on kernel split_locks>
feb 10 07:48:06 klad kernel: BIOS-provided physical RAM map:
feb 10 07:48:06 klad kernel: BIOS-e820: [mem 0x0000000000000000-0x000000000009efff] usable
feb 10 07:48:06 klad kernel: BIOS-e820: [mem 0x000000000009f000-0x00000000000fffff] reserved
feb 10 07:48:06 klad kernel: BIOS-e820: [mem 0x0000000000100000-0x000000003c2c8fff] usable
feb 10 07:48:06 klad kernel: BIOS-e820: [mem 0x000000003c2c9000-0x000000003cbc8fff] reserved
feb 10 07:48:06 klad kernel: BIOS-e820: [mem 0x000000003cbc9000-0x000000003e9defff] usable
feb 10 07:48:06 klad kernel: BIOS-e820: [mem 0x000000003e9df000-0x000000003edaefff] type 20
feb 10 07:48:06 klad kernel: BIOS-e820: [mem 0x000000003edaf000-0x0000000040a7efff] reserved
feb 10 07:48:06 klad kernel: BIOS-e820: [mem 0x0000000040a7f000-0x0000000043a2efff] ACPI NVS
feb 10 07:48:06 klad kernel: BIOS-e820: [mem 0x0000000043a2f000-0x0000000043afefff] ACPI data
feb 10 07:48:06 klad kernel: BIOS-e820: [mem 0x0000000043aff000-0x0000000043afffff] usable
feb 10 07:48:06 klad kernel: BIOS-e820: [mem 0x0000000043b00000-0x0000000047ffffff] reserved
feb 10 07:48:06 klad kernel: BIOS-e820: [mem 0x0000000048e00000-0x0000000048ffffff] reserved
feb 10 07:48:06 klad kernel: BIOS-e820: [mem 0x000000004a000000-0x00000000507fffff] reserved
feb 10 07:48:06 klad kernel: BIOS-e820: [mem 0x00000000c0000000-0x00000000cfffffff] reserved
feb 10 07:48:06 klad kernel: BIOS-e820: [mem 0x00000000fe010000-0x00000000fe010fff] reserved
feb 10 07:48:06 klad kernel: BIOS-e820: [mem 0x00000000fed20000-0x00000000fed7ffff] reserved
feb 10 07:48:06 klad kernel: BIOS-e820: [mem 0x00000000ff000000-0x00000000ffffffff] reserved
feb 10 07:48:06 klad kernel: BIOS-e820: [mem 0x0000000100000000-0x00000004af7fffff] usable
feb 10 07:48:06 klad kernel: NX (Execute Disable) protection: active
feb 10 07:48:06 klad kernel: efi: EFI v2.80 by INSYDE Corp.
feb 10 07:48:06 klad kernel: efi: ACPI=0x43afe000 ACPI 2.0=0x43afe014 TPMFinalLog=0x439a6000 SMBIOS=0>
 ESESCODfeb 10 07:48:06 klad kernel: microcode: microcode updated early to revision 0x43a, date = 2025-10-12
feb 10 07:48:06 klad kernel: Linux version 6.1.0-37-amd64 (debian-kernel@lists.debian.org) (gcc-12 (D>
feb 10 07:48:06 klad kernel: Command line: BOOT_IMAGE=/vmlinuz-6.1.0-37-amd64 root=UUID=161a00c3-26c1>
feb 10 07:48:06 klad kernel: x86/split lock detection: #AC: crashing the kernel on kernel split_locks>
feb 10 07:48:06 klad kernel: BIOS-provided physical RAM map:
feb 10 07:48:06 klad kernel: BIOS-e820: [mem 0x0000000000000000-0x000000000009efff] usable
feb 10 07:48:06 klad kernel: BIOS-e820: [mem 0x000000000009f000-0x00000000000fffff] reserved
feb 10 07:48:06 klad kernel: BIOS-e820: [mem 0x0000000000100000-0x000000003c2c8fff] usable
feb 10 07:48:06 klad kernel: BIOS-e820: [mem 0x000000003c2c9000-0x000000003cbc8fff] reserved
feb 10 07:48:06 klad kernel: BIOS-e820: [mem 0x000000003cbc9000-0x000000003e9defff] usable
feb 10 07:48:06 klad kernel: BIOS-e820: [mem 0x000000003e9df000-0x000000003edaefff] type 20
feb 10 07:48:06 klad kernel: BIOS-e820: [mem 0x000000003edaf000-0x0000000040a7efff] reserved
feb 10 07:48:06 klad kernel: BIOS-e820: [mem 0x0000000040a7f000-0x0000000043a2efff] ACPI NVS
feb 10 07:48:06 klad kernel: BIOS-e820: [mem 0x0000000043a2f000-0x0000000043afefff] ACPI data
feb 10 07:48:06 klad kernel: BIOS-e820: [mem 0x0000000043aff000-0x0000000043afffff] usable
feb 10 07:48:06 klad kernel: BIOS-e820: [mem 0x0000000043b00000-0x0000000047ffffff] reserved
feb 10 07:48:06 klad kernel: BIOS-e820: [mem 0x0000000048e00000-0x0000000048ffffff] reserved
feb 10 07:48:06 klad kernel: BIOS-e820: [mem 0x000000004a000000-0x00000000507fffff] reserved
feb 10 07:48:06 klad kernel: BIOS-e820: [mem 0x00000000c0000000-0x00000000cfffffff] reserved
feb 10 07:48:06 klad kernel: BIOS-e820: [mem 0x00000000fe010000-0x00000000fe010fff] reserved
feb 10 07:48:06 klad kernel: BIOS-e820: [mem 0x00000000fed20000-0x00000000fed7ffff] reserved
feb 10 07:48:06 klad kernel: BIOS-e820: [mem 0x00000000ff000000-0x00000000ffffffff] reserved
feb 10 07:48:06 klad kernel: BIOS-e820: [mem 0x0000000100000000-0x00000004af7fffff] usable
feb 10 07:48:06 klad kernel: NX (Execute Disable) protection: active
feb 10 07:48:06 klad kernel: efi: EFI v2.80 by INSYDE Corp.
feb 10 07:48:06 klad kernel: efi: ACPI=0x43afe000 ACPI 2.0=0x43afe014 TPMFinalLog=0x439a6000 SMBIOS=0>
feb 10 07:48:06 klad kernel: secureboot: Secure boot disabled
feb 10 07:48:06 klad kernel: SMBIOS 3.3 present.
feb 10 07:48:06 klad kernel: DMI: Acer Swift SF314-71/Starfish_ADH, BIOS V1.08 05/23/2023
feb 10 07:48:06 klad kernel: tsc: Detected 2500.000 MHz processor
feb 10 07:48:06 klad kernel: tsc: Detected 2496.000 MHz TSC
feb 10 07:48:06 klad kernel: e820: update [mem 0x00000000-0x00000fff] usable ==> reserved
feb 10 07:48:06 klad kernel: e820: remove [mem 0x000a0000-0x000fffff] usable
feb 10 07:48:06 klad kernel: last_pfn = 0x4af800 max_arch_pfn = 0x400000000
feb 10 07:48:06 klad kernel: x86/PAT: Configuration [0-7]: WB  WC  UC- UC  WB  WP  UC- WT  
feb 10 07:48:06 klad kernel: last_pfn = 0x43b00 max_arch_pfn = 0x400000000
feb 10 07:48:06 klad kernel: esrt: Reserving ESRT space from 0x000000003844b498 to 0x000000003844b4f8.
feb 10 07:48:06 klad kernel: e820: update [mem 0x3844b000-0x3844bfff] usable ==> reserved
feb 10 07:48:06 klad kernel: Using GB pages for direct mapping
feb 10 07:48:06 klad kernel: RAMDISK: [mem 0x2f395000-0x339c1fff]
feb 10 07:48:06 klad kernel: ACPI: Early table checksum verification disabled
feb 10 07:48:06 klad kernel: ACPI: RSDP 0x0000000043AFE014 000024 (v02 ACRSYS)
feb 10 07:48:06 klad kernel: ACPI: XSDT 0x0000000043AC6188 00013C (v01 ACRSYS ACRPRDCT 00000002      >
feb 10 07:48:06 klad kernel: ACPI: FACP 0x0000000043AC5000 000114 (v06 ACRSYS ACRPRDCT 00000002 1025 >
feb 10 07:48:06 klad kernel: ACPI: DSDT 0x0000000043A4F000 0720C1 (v02 ACRSYS ACRPRDCT 00000002 1025 >
feb 10 07:48:06 klad kernel: ACPI: FACS 0x0000000043980000 000040
feb 10 07:48:06 klad kernel: ACPI: UEFI 0x0000000043A2E000 000236 (v01 ACRSYS ACRPRDCT 00000001 1025 >
feb 10 07:48:06 klad kernel: ACPI: SSDT 0x0000000043AF9000 003B86 (v02 ACRSYS ACRPRDCT 00001000 1025 >
feb 10 07:48:06 klad kernel: ACPI: SSDT 0x0000000043AF8000 00038C (v02 ACRSYS ACRPRDCT 00000001 1025 >
feb 10 07:48:06 klad kernel: ACPI: SSDT 0x0000000043AF2000 005D2C (v02 ACRSYS ACRPRDCT 00003000 1025 >
feb 10 07:48:06 klad kernel: ACPI: SSDT 0x0000000043AEF000 002A07 (v02 ACRSYS ACRPRDCT 00003000 1025 >
feb 10 07:48:06 klad kernel: ACPI: SSDT 0x0000000043AEB000 0033D3 (v02 ACRSYS ACRPRDCT 00003000 1025 >
feb 10 07:48:06 klad kernel: ACPI: SSDT 0x0000000043ADD000 00D2B3 (v02 INTEL  TcssSsdt 00001000 INTL >
feb 10 07:48:06 klad kernel: ACPI: SSDT 0x0000000043ADC000 00077B (v02 ACRSYS ACRPRDCT 00001000 1025 >
feb 10 07:48:06 klad kernel: ACPI: TPM2 0x0000000043ADB000 00004C (v04 ACRSYS ACRPRDCT 00000002 1025 >
feb 10 07:48:06 klad kernel: ACPI: MSDM 0x0000000043ADA000 000055 (v03 ACRSYS ACRPRDCT 00000001 1025 >
feb 10 07:48:06 klad kernel: ACPI: SSDT 0x0000000043AD8000 001B1D (v02 ACRSYS ACRPRDCT 00001000 1025 >
feb 10 07:48:06 klad kernel: ACPI: LPIT 0x0000000043AD7000 0000CC (v01 ACRSYS ACRPRDCT 00000002 1025 >
feb 10 07:48:06 klad kernel: ACPI: WSMT 0x0000000043AD6000 000028 (v01 ACRSYS ACRPRDCT 00000002 1025 >
feb 10 07:48:06 klad kernel: ACPI: SSDT 0x0000000043AD5000 000AD9 (v02 ACRSYS ACRPRDCT 00001000 1025 >
feb 10 07:48:06 klad kernel: ACPI: SSDT 0x0000000043AD2000 002357 (v02 ACRSYS ACRPRDCT 00000000 1025 >
feb 10 07:48:06 klad kernel: ACPI: DBGP 0x0000000043AD1000 000034 (v01 ACRSYS ACRPRDCT 00000002 1025 >
feb 10 07:48:06 klad kernel: ACPI: DBG2 0x0000000043AD0000 000054 (v00 ACRSYS ACRPRDCT 00000002 1025 >
feb 10 07:48:06 klad kernel: ACPI: NHLT 0x0000000043ACE000 001B64 (v00 ACRSYS ACRPRDCT 00000002 1025 >
feb 10 07:48:06 klad kernel: ACPI: SSDT 0x0000000043AC7000 006EF7 (v01 ACRSYS ACRPRDCT 00001000 1025 >
feb 10 07:48:06 klad kernel: ACPI: ECDT 0x0000000043AFD000 000069 (v01 ACRSYS ACRPRDCT 00000002 1025 >
feb 10 07:48:06 klad kernel: ACPI: HPET 0x0000000043AC4000 000038 (v01 ACRSYS ACRPRDCT 00000002 1025 >
feb 10 07:48:06 klad kernel: ACPI: APIC 0x0000000043AC3000 0001DC (v04 ACRSYS ACRPRDCT 00000002 1025 >
feb 10 07:48:06 klad kernel: ACPI: MCFG 0x0000000043AC2000 00003C (v01 ACRSYS ACRPRDCT 00000002 1025 >
feb 10 07:48:06 klad kernel: ACPI: SSDT 0x0000000043A49000 005AC0 (v02 ACRSYS ACRPRDCT 00000002 1025 >
feb 10 07:48:06 klad kernel: ACPI: SSDT 0x0000000043A47000 001D0E (v02 ACRSYS ACRPRDCT 00000002 1025 >
feb 10 07:48:06 klad kernel: ACPI: $H2O 0x0000000043A46000 00002C (v01 ACRSYS ACRPRDCT 00000001 1025 >
feb 10 07:48:06 klad kernel: ACPI: DMAR 0x0000000043A45000 000088 (v02 ACRSYS ACRPRDCT 00000002 1025 >
feb 10 07:48:06 klad kernel: ACPI: SSDT 0x0000000043A44000 000B45 (v02 ACRSYS ACRPRDCT 00000000 1025 >
feb 10 07:48:06 klad kernel: ACPI: SSDT 0x0000000043A40000 003AEA (v02 ACRSYS ACRPRDCT 00003000 1025 >
feb 10 07:48:06 klad kernel: ACPI: SSDT 0x0000000043A3C000 0039DA (v02 ACRSYS ACRPRDCT 00003000 1025 >
feb 10 07:48:06 klad kernel: ACPI: SSDT 0x0000000043A3B000 0000F8 (v01 ACRSYS ACRPRDCT 00001000 1025 >
feb 10 07:48:06 klad kernel: ACPI: FPDT 0x0000000043A3A000 000044 (v01 ACRSYS ACRPRDCT 00000002 1025 >
feb 10 07:48:06 klad kernel: ACPI: PHAT 0x0000000043A38000 0007FC (v01 ACRSYS ACRPRDCT 00000005 1025 >
feb 10 07:48:06 klad kernel: ACPI: BGRT 0x0000000043A39000 000038 (v01 ACRSYS ACRPRDCT 00000001 1025 >
feb 10 07:48:06 klad kernel: ACPI: Reserving FACP table memory at [mem 0x43ac5000-0x43ac5113]
feb 10 07:48:06 klad kernel: ACPI: Reserving DSDT table memory at [mem 0x43a4f000-0x43ac10c0]
feb 10 07:48:06 klad kernel: ACPI: Reserving FACS table memory at [mem 0x43980000-0x4398003f]
feb 10 07:48:06 klad kernel: ACPI: Reserving UEFI table memory at [mem 0x43a2e000-0x43a2e235]
feb 10 07:48:06 klad kernel: ACPI: Reserving SSDT table memory at [mem 0x43af9000-0x43afcb85]
feb 10 07:48:06 klad kernel: ACPI: Reserving SSDT table memory at [mem 0x43af8000-0x43af838b]
feb 10 07:48:06 klad kernel: ACPI: Reserving SSDT table memory at [mem 0x43af2000-0x43af7d2b]
feb 10 07:48:06 klad kernel: ACPI: Reserving SSDT table memory at [mem 0x43aef000-0x43af1a06]
feb 10 07:48:06 klad kernel: ACPI: Reserving SSDT table memory at [mem 0x43aeb000-0x43aee3d2]
feb 10 07:48:06 klad kernel: ACPI: Reserving SSDT table memory at [mem 0x43add000-0x43aea2b2]
feb 10 07:48:06 klad kernel: ACPI: Reserving SSDT table memory at [mem 0x43adc000-0x43adc77a]
feb 10 07:48:06 klad kernel: ACPI: Reserving TPM2 table memory at [mem 0x43adb000-0x43adb04b]
feb 10 07:48:06 klad kernel: ACPI: Reserving MSDM table memory at [mem 0x43ada000-0x43ada054]
feb 10 07:48:06 klad kernel: ACPI: Reserving SSDT table memory at [mem 0x43ad8000-0x43ad9b1c]
feb 10 07:48:06 klad kernel: ACPI: Reserving LPIT table memory at [mem 0x43ad7000-0x43ad70cb]
feb 10 07:48:06 klad kernel: ACPI: Reserving WSMT table memory at [mem 0x43ad6000-0x43ad6027]
feb 10 07:48:06 klad kernel: ACPI: Reserving SSDT table memory at [mem 0x43ad5000-0x43ad5ad8]
feb 10 07:48:06 klad kernel: ACPI: Reserving SSDT table memory at [mem 0x43ad2000-0x43ad4356]
feb 10 07:48:06 klad kernel: ACPI: Reserving DBGP table memory at [mem 0x43ad1000-0x43ad1033]
feb 10 07:48:06 klad kernel: ACPI: Reserving DBG2 table memory at [mem 0x43ad0000-0x43ad0053]
feb 10 07:48:06 klad kernel: ACPI: Reserving NHLT table memory at [mem 0x43ace000-0x43acfb63]
feb 10 07:48:06 klad kernel: ACPI: Reserving SSDT table memory at [mem 0x43ac7000-0x43acdef6]
feb 10 07:48:06 klad kernel: ACPI: Reserving ECDT table memory at [mem 0x43afd000-0x43afd068]
feb 10 07:48:06 klad kernel: ACPI: Reserving HPET table memory at [mem 0x43ac4000-0x43ac4037]
feb 10 07:48:06 klad kernel: ACPI: Reserving APIC table memory at [mem 0x43ac3000-0x43ac31db]
feb 10 07:48:06 klad kernel: ACPI: Reserving MCFG table memory at [mem 0x43ac2000-0x43ac203b]
feb 10 07:48:06 klad kernel: ACPI: Reserving SSDT table memory at [mem 0x43a49000-0x43a4eabf]
feb 10 07:48:06 klad kernel: ACPI: Reserving SSDT table memory at [mem 0x43a47000-0x43a48d0d]
feb 10 07:48:06 klad kernel: ACPI: Reserving $H2O table memory at [mem 0x43a46000-0x43a4602b]
feb 10 07:48:06 klad kernel: ACPI: Reserving DMAR table memory at [mem 0x43a45000-0x43a45087]
feb 10 07:48:06 klad kernel: ACPI: Reserving SSDT table memory at [mem 0x43a44000-0x43a44b44]
feb 10 07:48:06 klad kernel: ACPI: Reserving SSDT table memory at [mem 0x43a40000-0x43a43ae9]
feb 10 07:48:06 klad kernel: ACPI: Reserving SSDT table memory at [mem 0x43a3c000-0x43a3f9d9]
feb 10 07:48:06 klad kernel: ACPI: Reserving SSDT table memory at [mem 0x43a3b000-0x43a3b0f7]
feb 10 07:48:06 klad kernel: ACPI: Reserving FPDT table memory at [mem 0x43a3a000-0x43a3a043]
feb 10 07:48:06 klad kernel: ACPI: Reserving PHAT table memory at [mem 0x43a38000-0x43a387fb]
feb 10 07:48:06 klad kernel: ACPI: Reserving BGRT table memory at [mem 0x43a39000-0x43a39037]
feb 10 07:48:06 klad kernel: No NUMA configuration found
feb 10 07:48:06 klad kernel: Faking a node at [mem 0x0000000000000000-0x00000004af7fffff]
feb 10 07:48:06 klad kernel: NODE_DATA(0) allocated [mem 0x4af7d5000-0x4af7fffff]
feb 10 07:48:06 klad kernel: Zone ranges:
feb 10 07:48:06 klad kernel:   DMA      [mem 0x0000000000001000-0x0000000000ffffff]
feb 10 07:48:06 klad kernel:   DMA32    [mem 0x0000000001000000-0x00000000ffffffff]
feb 10 07:48:06 klad kernel:   Normal   [mem 0x0000000100000000-0x00000004af7fffff]
feb 10 07:48:06 klad kernel:   Device   empty
feb 10 07:48:06 klad kernel: Movable zone start for each node
feb 10 07:48:06 klad kernel: Early memory node ranges
feb 10 07:48:06 klad kernel:   node   0: [mem 0x0000000000001000-0x000000000009efff]
feb 10 07:48:06 klad kernel:   node   0: [mem 0x0000000000100000-0x000000003c2c8fff]
feb 10 07:48:06 klad kernel:   node   0: [mem 0x000000003cbc9000-0x000000003e9defff]
feb 10 07:48:06 klad kernel:   node   0: [mem 0x0000000043aff000-0x0000000043afffff]
feb 10 07:48:06 klad kernel:   node   0: [mem 0x0000000100000000-0x00000004af7fffff]
feb 10 07:48:06 klad kernel: Initmem setup node 0 [mem 0x0000000000001000-0x00000004af7fffff]
feb 10 07:48:06 klad kernel: On node 0, zone DMA: 1 pages in unavailable ranges
feb 10 07:48:06 klad kernel: On node 0, zone DMA: 97 pages in unavailable ranges
feb 10 07:48:06 klad kernel: On node 0, zone DMA32: 2304 pages in unavailable ranges
feb 10 07:48:06 klad kernel: On node 0, zone DMA32: 20768 pages in unavailable ranges
Mfeb 10 07:48:06 klad kernel: ACPI: Reserving SSDT table memory at [mem 0x43a44000-0x43a44b44]
Mfeb 10 07:48:06 klad kernel: ACPI: Reserving DMAR table memory at [mem 0x43a45000-0x43a45087]
Mfeb 10 07:48:06 klad kernel: ACPI: Reserving $H2O table memory at [mem 0x43a46000-0x43a4602b]
Mfeb 10 07:48:06 klad kernel: ACPI: Reserving SSDT table memory at [mem 0x43a47000-0x43a48d0d]
Mfeb 10 07:48:06 klad kernel: ACPI: Reserving SSDT table memory at [mem 0x43a49000-0x43a4eabf]
Mfeb 10 07:48:06 klad kernel: ACPI: Reserving MCFG table memory at [mem 0x43ac2000-0x43ac203b]
Mfeb 10 07:48:06 klad kernel: ACPI: Reserving APIC table memory at [mem 0x43ac3000-0x43ac31db]
Mfeb 10 07:48:06 klad kernel: ACPI: Reserving HPET table memory at [mem 0x43ac4000-0x43ac4037]
Mfeb 10 07:48:06 klad kernel: ACPI: Reserving ECDT table memory at [mem 0x43afd000-0x43afd068]
Mfeb 10 07:48:06 klad kernel: ACPI: Reserving SSDT table memory at [mem 0x43ac7000-0x43acdef6]
Mfeb 10 07:48:06 klad kernel: ACPI: Reserving NHLT table memory at [mem 0x43ace000-0x43acfb63]
Mfeb 10 07:48:06 klad kernel: ACPI: Reserving DBG2 table memory at [mem 0x43ad0000-0x43ad0053]
Mfeb 10 07:48:06 klad kernel: ACPI: Reserving DBGP table memory at [mem 0x43ad1000-0x43ad1033]
Mfeb 10 07:48:06 klad kernel: ACPI: Reserving SSDT table memory at [mem 0x43ad2000-0x43ad4356]
Mfeb 10 07:48:06 klad kernel: ACPI: Reserving SSDT table memory at [mem 0x43ad5000-0x43ad5ad8]
Mfeb 10 07:48:06 klad kernel: ACPI: Reserving WSMT table memory at [mem 0x43ad6000-0x43ad6027]
Mfeb 10 07:48:06 klad kernel: ACPI: Reserving LPIT table memory at [mem 0x43ad7000-0x43ad70cb]
Mfeb 10 07:48:06 klad kernel: ACPI: Reserving SSDT table memory at [mem 0x43ad8000-0x43ad9b1c]
Mfeb 10 07:48:06 klad kernel: ACPI: Reserving MSDM table memory at [mem 0x43ada000-0x43ada054]
Mfeb 10 07:48:06 klad kernel: ACPI: Reserving TPM2 table memory at [mem 0x43adb000-0x43adb04b]
Mfeb 10 07:48:06 klad kernel: ACPI: Reserving SSDT table memory at [mem 0x43adc000-0x43adc77a]
Mfeb 10 07:48:06 klad kernel: ACPI: Reserving SSDT table memory at [mem 0x43add000-0x43aea2b2]
Mfeb 10 07:48:06 klad kernel: ACPI: Reserving SSDT table memory at [mem 0x43aeb000-0x43aee3d2]
Mfeb 10 07:48:06 klad kernel: ACPI: Reserving SSDT table memory at [mem 0x43aef000-0x43af1a06]
Mfeb 10 07:48:06 klad kernel: ACPI: Reserving SSDT table memory at [mem 0x43af2000-0x43af7d2b]
Mfeb 10 07:48:06 klad kernel: ACPI: Reserving SSDT table memory at [mem 0x43af8000-0x43af838b]
Mfeb 10 07:48:06 klad kernel: ACPI: Reserving SSDT table memory at [mem 0x43af9000-0x43afcb85]
Mfeb 10 07:48:06 klad kernel: ACPI: Reserving UEFI table memory at [mem 0x43a2e000-0x43a2e235]
Mfeb 10 07:48:06 klad kernel: ACPI: Reserving FACS table memory at [mem 0x43980000-0x4398003f]
Mfeb 10 07:48:06 klad kernel: ACPI: Reserving DSDT table memory at [mem 0x43a4f000-0x43ac10c0]
Mfeb 10 07:48:06 klad kernel: ACPI: Reserving FACP table memory at [mem 0x43ac5000-0x43ac5113]
Mfeb 10 07:48:06 klad kernel: ACPI: BGRT 0x0000000043A39000 000038 (v01 ACRSYS ACRPRDCT 00000001 1025 >
Mfeb 10 07:48:06 klad kernel: ACPI: PHAT 0x0000000043A38000 0007FC (v01 ACRSYS ACRPRDCT 00000005 1025 >
Mfeb 10 07:48:06 klad kernel: ACPI: FPDT 0x0000000043A3A000 000044 (v01 ACRSYS ACRPRDCT 00000002 1025 >
Mfeb 10 07:48:06 klad kernel: ACPI: SSDT 0x0000000043A3B000 0000F8 (v01 ACRSYS ACRPRDCT 00001000 1025 >
Mfeb 10 07:48:06 klad kernel: ACPI: SSDT 0x0000000043A3C000 0039DA (v02 ACRSYS ACRPRDCT 00003000 1025 >
Mfeb 10 07:48:06 klad kernel: ACPI: SSDT 0x0000000043A40000 003AEA (v02 ACRSYS ACRPRDCT 00003000 1025 >
Mfeb 10 07:48:06 klad kernel: ACPI: SSDT 0x0000000043A44000 000B45 (v02 ACRSYS ACRPRDCT 00000000 1025 >
Mfeb 10 07:48:06 klad kernel: ACPI: DMAR 0x0000000043A45000 000088 (v02 ACRSYS ACRPRDCT 00000002 1025 >
Mfeb 10 07:48:06 klad kernel: ACPI: $H2O 0x0000000043A46000 00002C (v01 ACRSYS ACRPRDCT 00000001 1025 >
Mfeb 10 07:48:06 klad kernel: ACPI: SSDT 0x0000000043A47000 001D0E (v02 ACRSYS ACRPRDCT 00000002 1025 >
Mfeb 10 07:48:06 klad kernel: ACPI: SSDT 0x0000000043A49000 005AC0 (v02 ACRSYS ACRPRDCT 00000002 1025 >
Mfeb 10 07:48:06 klad kernel: ACPI: MCFG 0x0000000043AC2000 00003C (v01 ACRSYS ACRPRDCT 00000002 1025 >
Mfeb 10 07:48:06 klad kernel: ACPI: APIC 0x0000000043AC3000 0001DC (v04 ACRSYS ACRPRDCT 00000002 1025 >
Mfeb 10 07:48:06 klad kernel: ACPI: HPET 0x0000000043AC4000 000038 (v01 ACRSYS ACRPRDCT 00000002 1025 >
Mfeb 10 07:48:06 klad kernel: ACPI: ECDT 0x0000000043AFD000 000069 (v01 ACRSYS ACRPRDCT 00000002 1025 >
Mfeb 10 07:48:06 klad kernel: ACPI: SSDT 0x0000000043AC7000 006EF7 (v01 ACRSYS ACRPRDCT 00001000 1025 >
Mfeb 10 07:48:06 klad kernel: ACPI: NHLT 0x0000000043ACE000 001B64 (v00 ACRSYS ACRPRDCT 00000002 1025 >
Mfeb 10 07:48:06 klad kernel: ACPI: DBG2 0x0000000043AD0000 000054 (v00 ACRSYS ACRPRDCT 00000002 1025 >
Mfeb 10 07:48:06 klad kernel: ACPI: DBGP 0x0000000043AD1000 000034 (v01 ACRSYS ACRPRDCT 00000002 1025 >
Mfeb 10 07:48:06 klad kernel: ACPI: SSDT 0x0000000043AD2000 002357 (v02 ACRSYS ACRPRDCT 00000000 1025 >
Mfeb 10 07:48:06 klad kernel: ACPI: SSDT 0x0000000043AD5000 000AD9 (v02 ACRSYS ACRPRDCT 00001000 1025 >
Mfeb 10 07:48:06 klad kernel: ACPI: WSMT 0x0000000043AD6000 000028 (v01 ACRSYS ACRPRDCT 00000002 1025 >
Mfeb 10 07:48:06 klad kernel: ACPI: LPIT 0x0000000043AD7000 0000CC (v01 ACRSYS ACRPRDCT 00000002 1025 >
Mfeb 10 07:48:06 klad kernel: ACPI: SSDT 0x0000000043AD8000 001B1D (v02 ACRSYS ACRPRDCT 00001000 1025 >
Mfeb 10 07:48:06 klad kernel: ACPI: MSDM 0x0000000043ADA000 000055 (v03 ACRSYS ACRPRDCT 00000001 1025 >
Mfeb 10 07:48:06 klad kernel: ACPI: TPM2 0x0000000043ADB000 00004C (v04 ACRSYS ACRPRDCT 00000002 1025 >
Mfeb 10 07:48:06 klad kernel: ACPI: SSDT 0x0000000043ADC000 00077B (v02 ACRSYS ACRPRDCT 00001000 1025 >
Mfeb 10 07:48:06 klad kernel: ACPI: SSDT 0x0000000043ADD000 00D2B3 (v02 INTEL  TcssSsdt 00001000 INTL >
Mfeb 10 07:48:06 klad kernel: ACPI: SSDT 0x0000000043AEB000 0033D3 (v02 ACRSYS ACRPRDCT 00003000 1025 >
Mfeb 10 07:48:06 klad kernel: ACPI: SSDT 0x0000000043AEF000 002A07 (v02 ACRSYS ACRPRDCT 00003000 1025 >
Mfeb 10 07:48:06 klad kernel: ACPI: SSDT 0x0000000043AF2000 005D2C (v02 ACRSYS ACRPRDCT 00003000 1025 >
Mfeb 10 07:48:06 klad kernel: ACPI: SSDT 0x0000000043AF8000 00038C (v02 ACRSYS ACRPRDCT 00000001 1025 >
Mfeb 10 07:48:06 klad kernel: ACPI: SSDT 0x0000000043AF9000 003B86 (v02 ACRSYS ACRPRDCT 00001000 1025 >
Mfeb 10 07:48:06 klad kernel: ACPI: UEFI 0x0000000043A2E000 000236 (v01 ACRSYS ACRPRDCT 00000001 1025 >
Mfeb 10 07:48:06 klad kernel: ACPI: FACS 0x0000000043980000 000040
Mfeb 10 07:48:06 klad kernel: ACPI: DSDT 0x0000000043A4F000 0720C1 (v02 ACRSYS ACRPRDCT 00000002 1025 >
Mfeb 10 07:48:06 klad kernel: ACPI: FACP 0x0000000043AC5000 000114 (v06 ACRSYS ACRPRDCT 00000002 1025 >
Mfeb 10 07:48:06 klad kernel: ACPI: XSDT 0x0000000043AC6188 00013C (v01 ACRSYS ACRPRDCT 00000002      >
Mfeb 10 07:48:06 klad kernel: ACPI: RSDP 0x0000000043AFE014 000024 (v02 ACRSYS)
Mfeb 10 07:48:06 klad kernel: ACPI: Early table checksum verification disabled
Mfeb 10 07:48:06 klad kernel: RAMDISK: [mem 0x2f395000-0x339c1fff]
Mfeb 10 07:48:06 klad kernel: Using GB pages for direct mapping
Mfeb 10 07:48:06 klad kernel: e820: update [mem 0x3844b000-0x3844bfff] usable ==> reserved
Mfeb 10 07:48:06 klad kernel: esrt: Reserving ESRT space from 0x000000003844b498 to 0x000000003844b4f8.
Mfeb 10 07:48:06 klad kernel: last_pfn = 0x43b00 max_arch_pfn = 0x400000000
Mfeb 10 07:48:06 klad kernel: x86/PAT: Configuration [0-7]: WB  WC  UC- UC  WB  WP  UC- WT  
Mfeb 10 07:48:06 klad kernel: last_pfn = 0x4af800 max_arch_pfn = 0x400000000
Mfeb 10 07:48:06 klad kernel: e820: remove [mem 0x000a0000-0x000fffff] usable
Mfeb 10 07:48:06 klad kernel: e820: update [mem 0x00000000-0x00000fff] usable ==> reserved
Mfeb 10 07:48:06 klad kernel: tsc: Detected 2496.000 MHz TSC
Mfeb 10 07:48:06 klad kernel: tsc: Detected 2500.000 MHz processor
Mfeb 10 07:48:06 klad kernel: DMI: Acer Swift SF314-71/Starfish_ADH, BIOS V1.08 05/23/2023
Mfeb 10 07:48:06 klad kernel: SMBIOS 3.3 present.
Mfeb 10 07:48:06 klad kernel: secureboot: Secure boot disabled
Mfeb 10 07:48:06 klad kernel: efi: ACPI=0x43afe000 ACPI 2.0=0x43afe014 TPMFinalLog=0x439a6000 SMBIOS=0>
Mfeb 10 07:48:06 klad kernel: efi: EFI v2.80 by INSYDE Corp.
Mfeb 10 07:48:06 klad kernel: NX (Execute Disable) protection: active
Mfeb 10 07:48:06 klad kernel: BIOS-e820: [mem 0x0000000100000000-0x00000004af7fffff] usable
Mfeb 10 07:48:06 klad kernel: BIOS-e820: [mem 0x00000000ff000000-0x00000000ffffffff] reserved
Mfeb 10 07:48:06 klad kernel: BIOS-e820: [mem 0x00000000fed20000-0x00000000fed7ffff] reserved
Mfeb 10 07:48:06 klad kernel: BIOS-e820: [mem 0x00000000fe010000-0x00000000fe010fff] reserved
Mfeb 10 07:48:06 klad kernel: BIOS-e820: [mem 0x00000000c0000000-0x00000000cfffffff] reserved
Mfeb 10 07:48:06 klad kernel: BIOS-e820: [mem 0x000000004a000000-0x00000000507fffff] reserved
Mfeb 10 07:48:06 klad kernel: BIOS-e820: [mem 0x0000000048e00000-0x0000000048ffffff] reserved
Mfeb 10 07:48:06 klad kernel: BIOS-e820: [mem 0x0000000043b00000-0x0000000047ffffff] reserved
Mfeb 10 07:48:06 klad kernel: BIOS-e820: [mem 0x0000000043aff000-0x0000000043afffff] usable
Mfeb 10 07:48:06 klad kernel: BIOS-e820: [mem 0x0000000043a2f000-0x0000000043afefff] ACPI data
Mfeb 10 07:48:06 klad kernel: BIOS-e820: [mem 0x0000000040a7f000-0x0000000043a2efff] ACPI NVS
Mfeb 10 07:48:06 klad kernel: BIOS-e820: [mem 0x000000003edaf000-0x0000000040a7efff] reserved
Mfeb 10 07:48:06 klad kernel: BIOS-e820: [mem 0x000000003e9df000-0x000000003edaefff] type 20
Mfeb 10 07:48:06 klad kernel: BIOS-e820: [mem 0x000000003cbc9000-0x000000003e9defff] usable
Mfeb 10 07:48:06 klad kernel: BIOS-e820: [mem 0x000000003c2c9000-0x000000003cbc8fff] reserved
Mfeb 10 07:48:06 klad kernel: BIOS-e820: [mem 0x0000000000100000-0x000000003c2c8fff] usable
Mfeb 10 07:48:06 klad kernel: BIOS-e820: [mem 0x000000000009f000-0x00000000000fffff] reserved
Mfeb 10 07:48:06 klad kernel: BIOS-e820: [mem 0x0000000000000000-0x000000000009efff] usable
Mfeb 10 07:48:06 klad kernel: BIOS-provided physical RAM map:
Mfeb 10 07:48:06 klad kernel: x86/split lock detection: #AC: crashing the kernel on kernel split_locks>
Mfeb 10 07:48:06 klad kernel: Command line: BOOT_IMAGE=/vmlinuz-6.1.0-37-amd64 root=UUID=161a00c3-26c1>
Mfeb 10 07:48:06 klad kernel: Linux version 6.1.0-37-amd64 (debian-kernel@lists.debian.org) (gcc-12 (D>
Mfeb 10 07:48:06 klad kernel: microcode: microcode updated early to revision 0x43a, date = 2025-10-12
 ESESCOA26
 ESESCOA26
feb 10 07:48:06 klad kernel: microcode: microcode updated early to revision 0x43a, date = 2025-10-12
feb 10 07:48:06 klad kernel: Linux version 6.1.0-37-amd64 (debian-kernel@lists.debian.org) (gcc-12 (D>
feb 10 07:48:06 klad kernel: Command line: BOOT_IMAGE=/vmlinuz-6.1.0-37-amd64 root=UUID=161a00c3-26c1>
feb 10 07:48:06 klad kernel: x86/split lock detection: #AC: crashing the kernel on kernel split_locks>
feb 10 07:48:06 klad kernel: BIOS-provided physical RAM map:
feb 10 07:48:06 klad kernel: BIOS-e820: [mem 0x0000000000000000-0x000000000009efff] usable
feb 10 07:48:06 klad kernel: BIOS-e820: [mem 0x000000000009f000-0x00000000000fffff] reserved
feb 10 07:48:06 klad kernel: BIOS-e820: [mem 0x0000000000100000-0x000000003c2c8fff] usable
feb 10 07:48:06 klad kernel: BIOS-e820: [mem 0x000000003c2c9000-0x000000003cbc8fff] reserved
feb 10 07:48:06 klad kernel: BIOS-e820: [mem 0x000000003cbc9000-0x000000003e9defff] usable
feb 10 07:48:06 klad kernel: BIOS-e820: [mem 0x000000003e9df000-0x000000003edaefff] type 20
feb 10 07:48:06 klad kernel: BIOS-e820: [mem 0x000000003edaf000-0x0000000040a7efff] reserved
feb 10 07:48:06 klad kernel: BIOS-e820: [mem 0x0000000040a7f000-0x0000000043a2efff] ACPI NVS
feb 10 07:48:06 klad kernel: BIOS-e820: [mem 0x0000000043a2f000-0x0000000043afefff] ACPI data
feb 10 07:48:06 klad kernel: BIOS-e820: [mem 0x0000000043aff000-0x0000000043afffff] usable
feb 10 07:48:06 klad kernel: BIOS-e820: [mem 0x0000000043b00000-0x0000000047ffffff] reserved
feb 10 07:48:06 klad kernel: BIOS-e820: [mem 0x0000000048e00000-0x0000000048ffffff] reserved
feb 10 07:48:06 klad kernel: BIOS-e820: [mem 0x000000004a000000-0x00000000507fffff] reserved
feb 10 07:48:06 klad kernel: BIOS-e820: [mem 0x00000000c0000000-0x00000000cfffffff] reserved
feb 10 07:48:06 klad kernel: BIOS-e820: [mem 0x00000000fe010000-0x00000000fe010fff] reserved
feb 10 07:48:06 klad kernel: BIOS-e820: [mem 0x00000000fed20000-0x00000000fed7ffff] reserved
feb 10 07:48:06 klad kernel: BIOS-e820: [mem 0x00000000ff000000-0x00000000ffffffff] reserved
feb 10 07:48:06 klad kernel: BIOS-e820: [mem 0x0000000100000000-0x00000004af7fffff] usable
feb 10 07:48:06 klad kernel: NX (Execute Disable) protection: active
feb 10 07:48:06 klad kernel: efi: EFI v2.80 by INSYDE Corp.
feb 10 07:48:06 klad kernel: efi: ACPI=0x43afe000 ACPI 2.0=0x43afe014 TPMFinalLog=0x439a6000 SMBIOS=0>
feb 10 07:48:06 klad kernel: microcode: microcode updated early to revision 0x43a, date = 2025-10-12
feb 10 07:48:06 klad kernel: Linux version 6.1.0-37-amd64 (debian-kernel@lists.debian.org) (gcc-12 (D>
feb 10 07:48:06 klad kernel: Command line: BOOT_IMAGE=/vmlinuz-6.1.0-37-amd64 root=UUID=161a00c3-26c1>
feb 10 07:48:06 klad kernel: x86/split lock detection: #AC: crashing the kernel on kernel split_locks>
feb 10 07:48:06 klad kernel: BIOS-provided physical RAM map:
feb 10 07:48:06 klad kernel: BIOS-e820: [mem 0x0000000000000000-0x000000000009efff] usable
feb 10 07:48:06 klad kernel: BIOS-e820: [mem 0x000000000009f000-0x00000000000fffff] reserved
feb 10 07:48:06 klad kernel: BIOS-e820: [mem 0x0000000000100000-0x000000003c2c8fff] usable
feb 10 07:48:06 klad kernel: BIOS-e820: [mem 0x000000003c2c9000-0x000000003cbc8fff] reserved
feb 10 07:48:06 klad kernel: BIOS-e820: [mem 0x000000003cbc9000-0x000000003e9defff] usable
feb 10 07:48:06 klad kernel: BIOS-e820: [mem 0x000000003e9df000-0x000000003edaefff] type 20
feb 10 07:48:06 klad kernel: BIOS-e820: [mem 0x000000003edaf000-0x0000000040a7efff] reserved
feb 10 07:48:06 klad kernel: BIOS-e820: [mem 0x0000000040a7f000-0x0000000043a2efff] ACPI NVS
feb 10 07:48:06 klad kernel: BIOS-e820: [mem 0x0000000043a2f000-0x0000000043afefff] ACPI data
feb 10 07:48:06 klad kernel: BIOS-e820: [mem 0x0000000043aff000-0x0000000043afffff] usable
feb 10 07:48:06 klad kernel: BIOS-e820: [mem 0x0000000043b00000-0x0000000047ffffff] reserved
feb 10 07:48:06 klad kernel: BIOS-e820: [mem 0x0000000048e00000-0x0000000048ffffff] reserved
feb 10 07:48:06 klad kernel: BIOS-e820: [mem 0x000000004a000000-0x00000000507fffff] reserved
feb 10 07:48:06 klad kernel: BIOS-e820: [mem 0x00000000c0000000-0x00000000cfffffff] reserved
feb 10 07:48:06 klad kernel: BIOS-e820: [mem 0x00000000fe010000-0x00000000fe010fff] reserved
feb 10 07:48:06 klad kernel: BIOS-e820: [mem 0x00000000fed20000-0x00000000fed7ffff] reserved
feb 10 07:48:06 klad kernel: BIOS-e820: [mem 0x00000000ff000000-0x00000000ffffffff] reserved
feb 10 07:48:06 klad kernel: BIOS-e820: [mem 0x0000000100000000-0x00000004af7fffff] usable
feb 10 07:48:06 klad kernel: NX (Execute Disable) protection: active
feb 10 07:48:06 klad kernel: efi: EFI v2.80 by INSYDE Corp.
feb 10 07:48:06 klad kernel: efi: ACPI=0x43afe000 ACPI 2.0=0x43afe014 TPMFinalLog=0x439a6000 SMBIOS=0>
...skipping...
 loading plugin" error="no scratch file generator: skip plugin" id=io.containerd.snapshotter.v1.block>
ing plugin" id=io.containerd.snapshotter.v1.btrfs type=io.containerd.snapshotter.v1
 loading plugin" error="path /var/lib/containerd/io.containerd.snapshotter.v1.btrfs (ext4) must be a >
ing plugin" id=io.containerd.snapshotter.v1.devmapper type=io.containerd.snapshotter.v1
 loading plugin" error="devmapper not configured: skip plugin" id=io.containerd.snapshotter.v1.devmap>
ing plugin" id=io.containerd.snapshotter.v1.erofs type=io.containerd.snapshotter.v1
 loading plugin" error="EROFS unsupported, please `modprobe erofs`: skip plugin" id=io.containerd.sna>
ing plugin" id=io.containerd.snapshotter.v1.native type=io.containerd.snapshotter.v1
ing plugin" id=io.containerd.snapshotter.v1.overlayfs type=io.containerd.snapshotter.v1
ing plugin" id=io.containerd.snapshotter.v1.zfs type=io.containerd.snapshotter.v1
 loading plugin" error="lstat /var/lib/containerd/io.containerd.snapshotter.v1.zfs: no such file or d>
ing plugin" id=io.containerd.event.v1.exchange type=io.containerd.event.v1
ing plugin" id=io.containerd.monitor.task.v1.cgroups type=io.containerd.monitor.task.v1
ing plugin" id=io.containerd.metadata.v1.bolt type=io.containerd.metadata.v1
data content store policy set" policy=shared

ing plugin" id=io.containerd.gc.v1.scheduler type=io.containerd.gc.v1
ing plugin" id=io.containerd.nri.v1.nri type=io.containerd.nri.v1
t-in NRI default validator is disabled"
ime interface created"
ted NRI interface"
ing plugin" id=io.containerd.differ.v1.erofs type=io.containerd.differ.v1
 loading plugin" error="failed to check mkfs.erofs availability: failed to run mkfs.erofs --help: exe>
ing plugin" id=io.containerd.differ.v1.walking type=io.containerd.differ.v1
ing plugin" id=io.containerd.lease.v1.manager type=io.containerd.lease.v1
ing plugin" id=io.containerd.mount-manager.v1.bolt type=io.containerd.mount-manager.v1
 ESESCOD2-10T07:57:08.941322452+01:00" level=info msg="skip loading plugin" error="no scratch file generator:>
2-10T07:57:08.941342597+01:00" level=info msg="loading plugin" id=io.containerd.snapshotter.v1.btrfs >
2-10T07:57:08.941497893+01:00" level=info msg="skip loading plugin" error="path /var/lib/containerd/i>
2-10T07:57:08.941513953+01:00" level=info msg="loading plugin" id=io.containerd.snapshotter.v1.devmap>
2-10T07:57:08.941532447+01:00" level=info msg="skip loading plugin" error="devmapper not configured: >
2-10T07:57:08.941536824+01:00" level=info msg="loading plugin" id=io.containerd.snapshotter.v1.erofs >
2-10T07:57:08.942036348+01:00" level=info msg="skip loading plugin" error="EROFS unsupported, please >
2-10T07:57:08.942048616+01:00" level=info msg="loading plugin" id=io.containerd.snapshotter.v1.native>
2-10T07:57:08.942208159+01:00" level=info msg="loading plugin" id=io.containerd.snapshotter.v1.overla>
2-10T07:57:08.942438994+01:00" level=info msg="loading plugin" id=io.containerd.snapshotter.v1.zfs ty>
2-10T07:57:08.942469328+01:00" level=info msg="skip loading plugin" error="lstat /var/lib/containerd/>
2-10T07:57:08.942479380+01:00" level=info msg="loading plugin" id=io.containerd.event.v1.exchange typ>
2-10T07:57:08.943073429+01:00" level=info msg="loading plugin" id=io.containerd.monitor.task.v1.cgrou>
2-10T07:57:08.943497956+01:00" level=info msg="loading plugin" id=io.containerd.metadata.v1.bolt type>
2-10T07:57:08.943525422+01:00" level=info msg="metadata content store policy set" policy=shared
fully read all properties
2-10T07:57:08.947263695+01:00" level=info msg="loading plugin" id=io.containerd.gc.v1.scheduler type=>
2-10T07:57:08.947452886+01:00" level=info msg="loading plugin" id=io.containerd.nri.v1.nri type=io.co>
2-10T07:57:08.947496454+01:00" level=info msg="built-in NRI default validator is disabled"
2-10T07:57:08.947502100+01:00" level=info msg="runtime interface created"
2-10T07:57:08.947505404+01:00" level=info msg="created NRI interface"
2-10T07:57:08.947513617+01:00" level=info msg="loading plugin" id=io.containerd.differ.v1.erofs type=>
2-10T07:57:08.947801354+01:00" level=info msg="skip loading plugin" error="failed to check mkfs.erofs>
2-10T07:57:08.947830652+01:00" level=info msg="loading plugin" id=io.containerd.differ.v1.walking typ>
2-10T07:57:08.947844321+01:00" level=info msg="loading plugin" id=io.containerd.lease.v1.manager type>
2-10T07:57:08.947854727+01:00" level=info msg="loading plugin" id=io.containerd.mount-manager.v1.bolt>
 ESESCOC loading plugin" error="no scratch file generator: skip plugin" id=io.containerd.snapshotter.v1.block>
ing plugin" id=io.containerd.snapshotter.v1.btrfs type=io.containerd.snapshotter.v1
 loading plugin" error="path /var/lib/containerd/io.containerd.snapshotter.v1.btrfs (ext4) must be a >
ing plugin" id=io.containerd.snapshotter.v1.devmapper type=io.containerd.snapshotter.v1
 loading plugin" error="devmapper not configured: skip plugin" id=io.containerd.snapshotter.v1.devmap>
ing plugin" id=io.containerd.snapshotter.v1.erofs type=io.containerd.snapshotter.v1
 loading plugin" error="EROFS unsupported, please `modprobe erofs`: skip plugin" id=io.containerd.sna>
ing plugin" id=io.containerd.snapshotter.v1.native type=io.containerd.snapshotter.v1
ing plugin" id=io.containerd.snapshotter.v1.overlayfs type=io.containerd.snapshotter.v1
ing plugin" id=io.containerd.snapshotter.v1.zfs type=io.containerd.snapshotter.v1
 loading plugin" error="lstat /var/lib/containerd/io.containerd.snapshotter.v1.zfs: no such file or d>
ing plugin" id=io.containerd.event.v1.exchange type=io.containerd.event.v1
ing plugin" id=io.containerd.monitor.task.v1.cgroups type=io.containerd.monitor.task.v1
ing plugin" id=io.containerd.metadata.v1.bolt type=io.containerd.metadata.v1
data content store policy set" policy=shared

ing plugin" id=io.containerd.gc.v1.scheduler type=io.containerd.gc.v1
ing plugin" id=io.containerd.nri.v1.nri type=io.containerd.nri.v1
t-in NRI default validator is disabled"
ime interface created"
ted NRI interface"
ing plugin" id=io.containerd.differ.v1.erofs type=io.containerd.differ.v1
 loading plugin" error="failed to check mkfs.erofs availability: failed to run mkfs.erofs --help: exe>
ing plugin" id=io.containerd.differ.v1.walking type=io.containerd.differ.v1
ing plugin" id=io.containerd.lease.v1.manager type=io.containerd.lease.v1
ing plugin" id=io.containerd.mount-manager.v1.bolt type=io.containerd.mount-manager.v1
 ESESCOCskip plugin" id=io.containerd.snapshotter.v1.blockfile type=io.containerd.snapshotter.v1
ype=io.containerd.snapshotter.v1
.containerd.snapshotter.v1.btrfs (ext4) must be a btrfs filesystem to be used with the btrfs snapshot>
er type=io.containerd.snapshotter.v1
kip plugin" id=io.containerd.snapshotter.v1.devmapper type=io.containerd.snapshotter.v1
ype=io.containerd.snapshotter.v1
modprobe erofs`: skip plugin" id=io.containerd.snapshotter.v1.erofs type=io.containerd.snapshotter.v1
type=io.containerd.snapshotter.v1
fs type=io.containerd.snapshotter.v1
e=io.containerd.snapshotter.v1
o.containerd.snapshotter.v1.zfs: no such file or directory: skip plugin" id=io.containerd.snapshotter>
=io.containerd.event.v1
s type=io.containerd.monitor.task.v1
io.containerd.metadata.v1


o.containerd.gc.v1
tainerd.nri.v1



o.containerd.differ.v1
availability: failed to run mkfs.erofs --help: exec: \"mkfs.erofs\": executable file not found in $PA>
=io.containerd.differ.v1
io.containerd.lease.v1
type=io.containerd.mount-manager.v1
 ESESCOCile type=io.containerd.snapshotter.v1

trfs filesystem to be used with the btrfs snapshotter: skip plugin" id=io.containerd.snapshotter.v1.b>

er type=io.containerd.snapshotter.v1

shotter.v1.erofs type=io.containerd.snapshotter.v1



rectory: skip plugin" id=io.containerd.snapshotter.v1.zfs type=io.containerd.snapshotter.v1











: \"mkfs.erofs\": executable file not found in $PATH: skip plugin" id=io.containerd.differ.v1.erofs t>



 ESESCODskip plugin" id=io.containerd.snapshotter.v1.blockfile type=io.containerd.snapshotter.v1
ype=io.containerd.snapshotter.v1
.containerd.snapshotter.v1.btrfs (ext4) must be a btrfs filesystem to be used with the btrfs snapshot>
er type=io.containerd.snapshotter.v1
kip plugin" id=io.containerd.snapshotter.v1.devmapper type=io.containerd.snapshotter.v1
ype=io.containerd.snapshotter.v1
modprobe erofs`: skip plugin" id=io.containerd.snapshotter.v1.erofs type=io.containerd.snapshotter.v1
type=io.containerd.snapshotter.v1
fs type=io.containerd.snapshotter.v1
e=io.containerd.snapshotter.v1
o.containerd.snapshotter.v1.zfs: no such file or directory: skip plugin" id=io.containerd.snapshotter>
=io.containerd.event.v1
s type=io.containerd.monitor.task.v1
io.containerd.metadata.v1


o.containerd.gc.v1
tainerd.nri.v1



o.containerd.differ.v1
availability: failed to run mkfs.erofs --help: exec: \"mkfs.erofs\": executable file not found in $PA>
=io.containerd.differ.v1
io.containerd.lease.v1
type=io.containerd.mount-manager.v1
 ESESCOD loading plugin" error="no scratch file generator: skip plugin" id=io.containerd.snapshotter.v1.block>
ing plugin" id=io.containerd.snapshotter.v1.btrfs type=io.containerd.snapshotter.v1
 loading plugin" error="path /var/lib/containerd/io.containerd.snapshotter.v1.btrfs (ext4) must be a >
ing plugin" id=io.containerd.snapshotter.v1.devmapper type=io.containerd.snapshotter.v1
 loading plugin" error="devmapper not configured: skip plugin" id=io.containerd.snapshotter.v1.devmap>
ing plugin" id=io.containerd.snapshotter.v1.erofs type=io.containerd.snapshotter.v1
 loading plugin" error="EROFS unsupported, please `modprobe erofs`: skip plugin" id=io.containerd.sna>
ing plugin" id=io.containerd.snapshotter.v1.native type=io.containerd.snapshotter.v1
ing plugin" id=io.containerd.snapshotter.v1.overlayfs type=io.containerd.snapshotter.v1
ing plugin" id=io.containerd.snapshotter.v1.zfs type=io.containerd.snapshotter.v1
 loading plugin" error="lstat /var/lib/containerd/io.containerd.snapshotter.v1.zfs: no such file or d>
ing plugin" id=io.containerd.event.v1.exchange type=io.containerd.event.v1
ing plugin" id=io.containerd.monitor.task.v1.cgroups type=io.containerd.monitor.task.v1
ing plugin" id=io.containerd.metadata.v1.bolt type=io.containerd.metadata.v1
data content store policy set" policy=shared

ing plugin" id=io.containerd.gc.v1.scheduler type=io.containerd.gc.v1
ing plugin" id=io.containerd.nri.v1.nri type=io.containerd.nri.v1
t-in NRI default validator is disabled"
ime interface created"
ted NRI interface"
ing plugin" id=io.containerd.differ.v1.erofs type=io.containerd.differ.v1
 loading plugin" error="failed to check mkfs.erofs availability: failed to run mkfs.erofs --help: exe>
ing plugin" id=io.containerd.differ.v1.walking type=io.containerd.differ.v1
ing plugin" id=io.containerd.lease.v1.manager type=io.containerd.lease.v1
ing plugin" id=io.containerd.mount-manager.v1.bolt type=io.containerd.mount-manager.v1
 ESESCOD2-10T07:57:08.941322452+01:00" level=info msg="skip loading plugin" error="no scratch file generator:>
2-10T07:57:08.941342597+01:00" level=info msg="loading plugin" id=io.containerd.snapshotter.v1.btrfs >
2-10T07:57:08.941497893+01:00" level=info msg="skip loading plugin" error="path /var/lib/containerd/i>
2-10T07:57:08.941513953+01:00" level=info msg="loading plugin" id=io.containerd.snapshotter.v1.devmap>
2-10T07:57:08.941532447+01:00" level=info msg="skip loading plugin" error="devmapper not configured: >
2-10T07:57:08.941536824+01:00" level=info msg="loading plugin" id=io.containerd.snapshotter.v1.erofs >
2-10T07:57:08.942036348+01:00" level=info msg="skip loading plugin" error="EROFS unsupported, please >
2-10T07:57:08.942048616+01:00" level=info msg="loading plugin" id=io.containerd.snapshotter.v1.native>
2-10T07:57:08.942208159+01:00" level=info msg="loading plugin" id=io.containerd.snapshotter.v1.overla>
2-10T07:57:08.942438994+01:00" level=info msg="loading plugin" id=io.containerd.snapshotter.v1.zfs ty>
2-10T07:57:08.942469328+01:00" level=info msg="skip loading plugin" error="lstat /var/lib/containerd/>
2-10T07:57:08.942479380+01:00" level=info msg="loading plugin" id=io.containerd.event.v1.exchange typ>
2-10T07:57:08.943073429+01:00" level=info msg="loading plugin" id=io.containerd.monitor.task.v1.cgrou>
2-10T07:57:08.943497956+01:00" level=info msg="loading plugin" id=io.containerd.metadata.v1.bolt type>
2-10T07:57:08.943525422+01:00" level=info msg="metadata content store policy set" policy=shared
fully read all properties
2-10T07:57:08.947263695+01:00" level=info msg="loading plugin" id=io.containerd.gc.v1.scheduler type=>
2-10T07:57:08.947452886+01:00" level=info msg="loading plugin" id=io.containerd.nri.v1.nri type=io.co>
2-10T07:57:08.947496454+01:00" level=info msg="built-in NRI default validator is disabled"
2-10T07:57:08.947502100+01:00" level=info msg="runtime interface created"
2-10T07:57:08.947505404+01:00" level=info msg="created NRI interface"
2-10T07:57:08.947513617+01:00" level=info msg="loading plugin" id=io.containerd.differ.v1.erofs type=>
2-10T07:57:08.947801354+01:00" level=info msg="skip loading plugin" error="failed to check mkfs.erofs>
2-10T07:57:08.947830652+01:00" level=info msg="loading plugin" id=io.containerd.differ.v1.walking typ>
2-10T07:57:08.947844321+01:00" level=info msg="loading plugin" id=io.containerd.lease.v1.manager type>
2-10T07:57:08.947854727+01:00" level=info msg="loading plugin" id=io.containerd.mount-manager.v1.bolt>
 ESESCODfeb 10 07:57:08 klad containerd[1690]: time="2026-02-10T07:57:08.941322452+01:00" level=info msg="ski>
feb 10 07:57:08 klad containerd[1690]: time="2026-02-10T07:57:08.941342597+01:00" level=info msg="loa>
feb 10 07:57:08 klad containerd[1690]: time="2026-02-10T07:57:08.941497893+01:00" level=info msg="ski>
feb 10 07:57:08 klad containerd[1690]: time="2026-02-10T07:57:08.941513953+01:00" level=info msg="loa>
feb 10 07:57:08 klad containerd[1690]: time="2026-02-10T07:57:08.941532447+01:00" level=info msg="ski>
feb 10 07:57:08 klad containerd[1690]: time="2026-02-10T07:57:08.941536824+01:00" level=info msg="loa>
feb 10 07:57:08 klad containerd[1690]: time="2026-02-10T07:57:08.942036348+01:00" level=info msg="ski>
feb 10 07:57:08 klad containerd[1690]: time="2026-02-10T07:57:08.942048616+01:00" level=info msg="loa>
feb 10 07:57:08 klad containerd[1690]: time="2026-02-10T07:57:08.942208159+01:00" level=info msg="loa>
feb 10 07:57:08 klad containerd[1690]: time="2026-02-10T07:57:08.942438994+01:00" level=info msg="loa>
feb 10 07:57:08 klad containerd[1690]: time="2026-02-10T07:57:08.942469328+01:00" level=info msg="ski>
feb 10 07:57:08 klad containerd[1690]: time="2026-02-10T07:57:08.942479380+01:00" level=info msg="loa>
feb 10 07:57:08 klad containerd[1690]: time="2026-02-10T07:57:08.943073429+01:00" level=info msg="loa>
feb 10 07:57:08 klad containerd[1690]: time="2026-02-10T07:57:08.943497956+01:00" level=info msg="loa>
feb 10 07:57:08 klad containerd[1690]: time="2026-02-10T07:57:08.943525422+01:00" level=info msg="met>
feb 10 07:57:08 klad tailscaled[1688]: TPM: successfully read all properties
feb 10 07:57:08 klad containerd[1690]: time="2026-02-10T07:57:08.947263695+01:00" level=info msg="loa>
feb 10 07:57:08 klad containerd[1690]: time="2026-02-10T07:57:08.947452886+01:00" level=info msg="loa>
feb 10 07:57:08 klad containerd[1690]: time="2026-02-10T07:57:08.947496454+01:00" level=info msg="bui>
feb 10 07:57:08 klad containerd[1690]: time="2026-02-10T07:57:08.947502100+01:00" level=info msg="run>
feb 10 07:57:08 klad containerd[1690]: time="2026-02-10T07:57:08.947505404+01:00" level=info msg="cre>
feb 10 07:57:08 klad containerd[1690]: time="2026-02-10T07:57:08.947513617+01:00" level=info msg="loa>
feb 10 07:57:08 klad containerd[1690]: time="2026-02-10T07:57:08.947801354+01:00" level=info msg="ski>
feb 10 07:57:08 klad containerd[1690]: time="2026-02-10T07:57:08.947830652+01:00" level=info msg="loa>
feb 10 07:57:08 klad containerd[1690]: time="2026-02-10T07:57:08.947844321+01:00" level=info msg="loa>
feb 10 07:57:08 klad containerd[1690]: time="2026-02-10T07:57:08.947854727+01:00" level=info msg="loa>
 ESESCOC2-10T07:57:08.941322452+01:00" level=info msg="skip loading plugin" error="no scratch file generator:>
2-10T07:57:08.941342597+01:00" level=info msg="loading plugin" id=io.containerd.snapshotter.v1.btrfs >
2-10T07:57:08.941497893+01:00" level=info msg="skip loading plugin" error="path /var/lib/containerd/i>
2-10T07:57:08.941513953+01:00" level=info msg="loading plugin" id=io.containerd.snapshotter.v1.devmap>
2-10T07:57:08.941532447+01:00" level=info msg="skip loading plugin" error="devmapper not configured: >
2-10T07:57:08.941536824+01:00" level=info msg="loading plugin" id=io.containerd.snapshotter.v1.erofs >
2-10T07:57:08.942036348+01:00" level=info msg="skip loading plugin" error="EROFS unsupported, please >
2-10T07:57:08.942048616+01:00" level=info msg="loading plugin" id=io.containerd.snapshotter.v1.native>
2-10T07:57:08.942208159+01:00" level=info msg="loading plugin" id=io.containerd.snapshotter.v1.overla>
2-10T07:57:08.942438994+01:00" level=info msg="loading plugin" id=io.containerd.snapshotter.v1.zfs ty>
2-10T07:57:08.942469328+01:00" level=info msg="skip loading plugin" error="lstat /var/lib/containerd/>
2-10T07:57:08.942479380+01:00" level=info msg="loading plugin" id=io.containerd.event.v1.exchange typ>
2-10T07:57:08.943073429+01:00" level=info msg="loading plugin" id=io.containerd.monitor.task.v1.cgrou>
2-10T07:57:08.943497956+01:00" level=info msg="loading plugin" id=io.containerd.metadata.v1.bolt type>
2-10T07:57:08.943525422+01:00" level=info msg="metadata content store policy set" policy=shared
fully read all properties
2-10T07:57:08.947263695+01:00" level=info msg="loading plugin" id=io.containerd.gc.v1.scheduler type=>
2-10T07:57:08.947452886+01:00" level=info msg="loading plugin" id=io.containerd.nri.v1.nri type=io.co>
2-10T07:57:08.947496454+01:00" level=info msg="built-in NRI default validator is disabled"
2-10T07:57:08.947502100+01:00" level=info msg="runtime interface created"
2-10T07:57:08.947505404+01:00" level=info msg="created NRI interface"
2-10T07:57:08.947513617+01:00" level=info msg="loading plugin" id=io.containerd.differ.v1.erofs type=>
2-10T07:57:08.947801354+01:00" level=info msg="skip loading plugin" error="failed to check mkfs.erofs>
2-10T07:57:08.947830652+01:00" level=info msg="loading plugin" id=io.containerd.differ.v1.walking typ>
2-10T07:57:08.947844321+01:00" level=info msg="loading plugin" id=io.containerd.lease.v1.manager type>
2-10T07:57:08.947854727+01:00" level=info msg="loading plugin" id=io.containerd.mount-manager.v1.bolt>
 ESESCOC loading plugin" error="no scratch file generator: skip plugin" id=io.containerd.snapshotter.v1.block>
ing plugin" id=io.containerd.snapshotter.v1.btrfs type=io.containerd.snapshotter.v1
 loading plugin" error="path /var/lib/containerd/io.containerd.snapshotter.v1.btrfs (ext4) must be a >
ing plugin" id=io.containerd.snapshotter.v1.devmapper type=io.containerd.snapshotter.v1
 loading plugin" error="devmapper not configured: skip plugin" id=io.containerd.snapshotter.v1.devmap>
ing plugin" id=io.containerd.snapshotter.v1.erofs type=io.containerd.snapshotter.v1
 loading plugin" error="EROFS unsupported, please `modprobe erofs`: skip plugin" id=io.containerd.sna>
ing plugin" id=io.containerd.snapshotter.v1.native type=io.containerd.snapshotter.v1
ing plugin" id=io.containerd.snapshotter.v1.overlayfs type=io.containerd.snapshotter.v1
ing plugin" id=io.containerd.snapshotter.v1.zfs type=io.containerd.snapshotter.v1
 loading plugin" error="lstat /var/lib/containerd/io.containerd.snapshotter.v1.zfs: no such file or d>
ing plugin" id=io.containerd.event.v1.exchange type=io.containerd.event.v1
ing plugin" id=io.containerd.monitor.task.v1.cgroups type=io.containerd.monitor.task.v1
ing plugin" id=io.containerd.metadata.v1.bolt type=io.containerd.metadata.v1
data content store policy set" policy=shared

ing plugin" id=io.containerd.gc.v1.scheduler type=io.containerd.gc.v1
ing plugin" id=io.containerd.nri.v1.nri type=io.containerd.nri.v1
t-in NRI default validator is disabled"
ime interface created"
ted NRI interface"
ing plugin" id=io.containerd.differ.v1.erofs type=io.containerd.differ.v1
 loading plugin" error="failed to check mkfs.erofs availability: failed to run mkfs.erofs --help: exe>
ing plugin" id=io.containerd.differ.v1.walking type=io.containerd.differ.v1
ing plugin" id=io.containerd.lease.v1.manager type=io.containerd.lease.v1
ing plugin" id=io.containerd.mount-manager.v1.bolt type=io.containerd.mount-manager.v1
 ESESCOD2-10T07:57:08.941322452+01:00" level=info msg="skip loading plugin" error="no scratch file generator:>
2-10T07:57:08.941342597+01:00" level=info msg="loading plugin" id=io.containerd.snapshotter.v1.btrfs >
2-10T07:57:08.941497893+01:00" level=info msg="skip loading plugin" error="path /var/lib/containerd/i>
2-10T07:57:08.941513953+01:00" level=info msg="loading plugin" id=io.containerd.snapshotter.v1.devmap>
2-10T07:57:08.941532447+01:00" level=info msg="skip loading plugin" error="devmapper not configured: >
2-10T07:57:08.941536824+01:00" level=info msg="loading plugin" id=io.containerd.snapshotter.v1.erofs >
2-10T07:57:08.942036348+01:00" level=info msg="skip loading plugin" error="EROFS unsupported, please >
2-10T07:57:08.942048616+01:00" level=info msg="loading plugin" id=io.containerd.snapshotter.v1.native>
2-10T07:57:08.942208159+01:00" level=info msg="loading plugin" id=io.containerd.snapshotter.v1.overla>
2-10T07:57:08.942438994+01:00" level=info msg="loading plugin" id=io.containerd.snapshotter.v1.zfs ty>
2-10T07:57:08.942469328+01:00" level=info msg="skip loading plugin" error="lstat /var/lib/containerd/>
2-10T07:57:08.942479380+01:00" level=info msg="loading plugin" id=io.containerd.event.v1.exchange typ>
2-10T07:57:08.943073429+01:00" level=info msg="loading plugin" id=io.containerd.monitor.task.v1.cgrou>
2-10T07:57:08.943497956+01:00" level=info msg="loading plugin" id=io.containerd.metadata.v1.bolt type>
2-10T07:57:08.943525422+01:00" level=info msg="metadata content store policy set" policy=shared
fully read all properties
2-10T07:57:08.947263695+01:00" level=info msg="loading plugin" id=io.containerd.gc.v1.scheduler type=>
2-10T07:57:08.947452886+01:00" level=info msg="loading plugin" id=io.containerd.nri.v1.nri type=io.co>
2-10T07:57:08.947496454+01:00" level=info msg="built-in NRI default validator is disabled"
2-10T07:57:08.947502100+01:00" level=info msg="runtime interface created"
2-10T07:57:08.947505404+01:00" level=info msg="created NRI interface"
2-10T07:57:08.947513617+01:00" level=info msg="loading plugin" id=io.containerd.differ.v1.erofs type=>
2-10T07:57:08.947801354+01:00" level=info msg="skip loading plugin" error="failed to check mkfs.erofs>
2-10T07:57:08.947830652+01:00" level=info msg="loading plugin" id=io.containerd.differ.v1.walking typ>
2-10T07:57:08.947844321+01:00" level=info msg="loading plugin" id=io.containerd.lease.v1.manager type>
2-10T07:57:08.947854727+01:00" level=info msg="loading plugin" id=io.containerd.mount-manager.v1.bolt>
 ESESCODfeb 10 07:57:08 klad containerd[1690]: time="2026-02-10T07:57:08.941322452+01:00" level=info msg="ski>
feb 10 07:57:08 klad containerd[1690]: time="2026-02-10T07:57:08.941342597+01:00" level=info msg="loa>
feb 10 07:57:08 klad containerd[1690]: time="2026-02-10T07:57:08.941497893+01:00" level=info msg="ski>
feb 10 07:57:08 klad containerd[1690]: time="2026-02-10T07:57:08.941513953+01:00" level=info msg="loa>
feb 10 07:57:08 klad containerd[1690]: time="2026-02-10T07:57:08.941532447+01:00" level=info msg="ski>
feb 10 07:57:08 klad containerd[1690]: time="2026-02-10T07:57:08.941536824+01:00" level=info msg="loa>
feb 10 07:57:08 klad containerd[1690]: time="2026-02-10T07:57:08.942036348+01:00" level=info msg="ski>
feb 10 07:57:08 klad containerd[1690]: time="2026-02-10T07:57:08.942048616+01:00" level=info msg="loa>
feb 10 07:57:08 klad containerd[1690]: time="2026-02-10T07:57:08.942208159+01:00" level=info msg="loa>
feb 10 07:57:08 klad containerd[1690]: time="2026-02-10T07:57:08.942438994+01:00" level=info msg="loa>
feb 10 07:57:08 klad containerd[1690]: time="2026-02-10T07:57:08.942469328+01:00" level=info msg="ski>
feb 10 07:57:08 klad containerd[1690]: time="2026-02-10T07:57:08.942479380+01:00" level=info msg="loa>
feb 10 07:57:08 klad containerd[1690]: time="2026-02-10T07:57:08.943073429+01:00" level=info msg="loa>
feb 10 07:57:08 klad containerd[1690]: time="2026-02-10T07:57:08.943497956+01:00" level=info msg="loa>
feb 10 07:57:08 klad containerd[1690]: time="2026-02-10T07:57:08.943525422+01:00" level=info msg="met>
feb 10 07:57:08 klad tailscaled[1688]: TPM: successfully read all properties
feb 10 07:57:08 klad containerd[1690]: time="2026-02-10T07:57:08.947263695+01:00" level=info msg="loa>
feb 10 07:57:08 klad containerd[1690]: time="2026-02-10T07:57:08.947452886+01:00" level=info msg="loa>
feb 10 07:57:08 klad containerd[1690]: time="2026-02-10T07:57:08.947496454+01:00" level=info msg="bui>
feb 10 07:57:08 klad containerd[1690]: time="2026-02-10T07:57:08.947502100+01:00" level=info msg="run>
feb 10 07:57:08 klad containerd[1690]: time="2026-02-10T07:57:08.947505404+01:00" level=info msg="cre>
feb 10 07:57:08 klad containerd[1690]: time="2026-02-10T07:57:08.947513617+01:00" level=info msg="loa>
feb 10 07:57:08 klad containerd[1690]: time="2026-02-10T07:57:08.947801354+01:00" level=info msg="ski>
feb 10 07:57:08 klad containerd[1690]: time="2026-02-10T07:57:08.947830652+01:00" level=info msg="loa>
feb 10 07:57:08 klad containerd[1690]: time="2026-02-10T07:57:08.947844321+01:00" level=info msg="loa>
feb 10 07:57:08 klad containerd[1690]: time="2026-02-10T07:57:08.947854727+01:00" level=info msg="loa>
 ESESCODfeb 10 07:57:08 klad containerd[1690]: time="2026-02-10T07:57:08.941322452+01:00" level=info msg="ski>
feb 10 07:57:08 klad containerd[1690]: time="2026-02-10T07:57:08.941342597+01:00" level=info msg="loa>
feb 10 07:57:08 klad containerd[1690]: time="2026-02-10T07:57:08.941497893+01:00" level=info msg="ski>
feb 10 07:57:08 klad containerd[1690]: time="2026-02-10T07:57:08.941513953+01:00" level=info msg="loa>
feb 10 07:57:08 klad containerd[1690]: time="2026-02-10T07:57:08.941532447+01:00" level=info msg="ski>
feb 10 07:57:08 klad containerd[1690]: time="2026-02-10T07:57:08.941536824+01:00" level=info msg="loa>
feb 10 07:57:08 klad containerd[1690]: time="2026-02-10T07:57:08.942036348+01:00" level=info msg="ski>
feb 10 07:57:08 klad containerd[1690]: time="2026-02-10T07:57:08.942048616+01:00" level=info msg="loa>
feb 10 07:57:08 klad containerd[1690]: time="2026-02-10T07:57:08.942208159+01:00" level=info msg="loa>
feb 10 07:57:08 klad containerd[1690]: time="2026-02-10T07:57:08.942438994+01:00" level=info msg="loa>
feb 10 07:57:08 klad containerd[1690]: time="2026-02-10T07:57:08.942469328+01:00" level=info msg="ski>
feb 10 07:57:08 klad containerd[1690]: time="2026-02-10T07:57:08.942479380+01:00" level=info msg="loa>
feb 10 07:57:08 klad containerd[1690]: time="2026-02-10T07:57:08.943073429+01:00" level=info msg="loa>
feb 10 07:57:08 klad containerd[1690]: time="2026-02-10T07:57:08.943497956+01:00" level=info msg="loa>
feb 10 07:57:08 klad containerd[1690]: time="2026-02-10T07:57:08.943525422+01:00" level=info msg="met>
feb 10 07:57:08 klad tailscaled[1688]: TPM: successfully read all properties
feb 10 07:57:08 klad containerd[1690]: time="2026-02-10T07:57:08.947263695+01:00" level=info msg="loa>
feb 10 07:57:08 klad containerd[1690]: time="2026-02-10T07:57:08.947452886+01:00" level=info msg="loa>
feb 10 07:57:08 klad containerd[1690]: time="2026-02-10T07:57:08.947496454+01:00" level=info msg="bui>
feb 10 07:57:08 klad containerd[1690]: time="2026-02-10T07:57:08.947502100+01:00" level=info msg="run>
feb 10 07:57:08 klad containerd[1690]: time="2026-02-10T07:57:08.947505404+01:00" level=info msg="cre>
feb 10 07:57:08 klad containerd[1690]: time="2026-02-10T07:57:08.947513617+01:00" level=info msg="loa>
feb 10 07:57:08 klad containerd[1690]: time="2026-02-10T07:57:08.947801354+01:00" level=info msg="ski>
feb 10 07:57:08 klad containerd[1690]: time="2026-02-10T07:57:08.947830652+01:00" level=info msg="loa>
feb 10 07:57:08 klad containerd[1690]: time="2026-02-10T07:57:08.947844321+01:00" level=info msg="loa>
feb 10 07:57:08 klad containerd[1690]: time="2026-02-10T07:57:08.947854727+01:00" level=info msg="loa>
 ESESCODfeb 10 07:57:08 klad containerd[1690]: time="2026-02-10T07:57:08.941322452+01:00" level=info msg="ski>
feb 10 07:57:08 klad containerd[1690]: time="2026-02-10T07:57:08.941342597+01:00" level=info msg="loa>
feb 10 07:57:08 klad containerd[1690]: time="2026-02-10T07:57:08.941497893+01:00" level=info msg="ski>
feb 10 07:57:08 klad containerd[1690]: time="2026-02-10T07:57:08.941513953+01:00" level=info msg="loa>
feb 10 07:57:08 klad containerd[1690]: time="2026-02-10T07:57:08.941532447+01:00" level=info msg="ski>
feb 10 07:57:08 klad containerd[1690]: time="2026-02-10T07:57:08.941536824+01:00" level=info msg="loa>
feb 10 07:57:08 klad containerd[1690]: time="2026-02-10T07:57:08.942036348+01:00" level=info msg="ski>
feb 10 07:57:08 klad containerd[1690]: time="2026-02-10T07:57:08.942048616+01:00" level=info msg="loa>
feb 10 07:57:08 klad containerd[1690]: time="2026-02-10T07:57:08.942208159+01:00" level=info msg="loa>
feb 10 07:57:08 klad containerd[1690]: time="2026-02-10T07:57:08.942438994+01:00" level=info msg="loa>
feb 10 07:57:08 klad containerd[1690]: time="2026-02-10T07:57:08.942469328+01:00" level=info msg="ski>
feb 10 07:57:08 klad containerd[1690]: time="2026-02-10T07:57:08.942479380+01:00" level=info msg="loa>
feb 10 07:57:08 klad containerd[1690]: time="2026-02-10T07:57:08.943073429+01:00" level=info msg="loa>
feb 10 07:57:08 klad containerd[1690]: time="2026-02-10T07:57:08.943497956+01:00" level=info msg="loa>
feb 10 07:57:08 klad containerd[1690]: time="2026-02-10T07:57:08.943525422+01:00" level=info msg="met>
feb 10 07:57:08 klad tailscaled[1688]: TPM: successfully read all properties
feb 10 07:57:08 klad containerd[1690]: time="2026-02-10T07:57:08.947263695+01:00" level=info msg="loa>
feb 10 07:57:08 klad containerd[1690]: time="2026-02-10T07:57:08.947452886+01:00" level=info msg="loa>
feb 10 07:57:08 klad containerd[1690]: time="2026-02-10T07:57:08.947496454+01:00" level=info msg="bui>
feb 10 07:57:08 klad containerd[1690]: time="2026-02-10T07:57:08.947502100+01:00" level=info msg="run>
feb 10 07:57:08 klad containerd[1690]: time="2026-02-10T07:57:08.947505404+01:00" level=info msg="cre>
feb 10 07:57:08 klad containerd[1690]: time="2026-02-10T07:57:08.947513617+01:00" level=info msg="loa>
feb 10 07:57:08 klad containerd[1690]: time="2026-02-10T07:57:08.947801354+01:00" level=info msg="ski>
feb 10 07:57:08 klad containerd[1690]: time="2026-02-10T07:57:08.947830652+01:00" level=info msg="loa>
feb 10 07:57:08 klad containerd[1690]: time="2026-02-10T07:57:08.947844321+01:00" level=info msg="loa>
feb 10 07:57:08 klad containerd[1690]: time="2026-02-10T07:57:08.947854727+01:00" level=info msg="loa>
feb 10 07:57:08 klad containerd[1690]: time="2026-02-10T07:57:08.948025556+01:00" level=info msg="loa>
feb 10 07:57:08 klad containerd[1690]: time="2026-02-10T07:57:08.948047483+01:00" level=info msg="loa>
feb 10 07:57:08 klad containerd[1690]: time="2026-02-10T07:57:08.948057890+01:00" level=info msg="loa>
feb 10 07:57:08 klad containerd[1690]: time="2026-02-10T07:57:08.948067196+01:00" level=info msg="loa>
feb 10 07:57:08 klad containerd[1690]: time="2026-02-10T07:57:08.948076335+01:00" level=info msg="loa>
feb 10 07:57:08 klad containerd[1690]: time="2026-02-10T07:57:08.948085562+01:00" level=info msg="loa>
feb 10 07:57:08 klad containerd[1690]: time="2026-02-10T07:57:08.948092638+01:00" level=info msg="loa>
feb 10 07:57:08 klad containerd[1690]: time="2026-02-10T07:57:08.948099771+01:00" level=info msg="loa>
feb 10 07:57:08 klad containerd[1690]: time="2026-02-10T07:57:08.948109490+01:00" level=info msg="loa>
feb 10 07:57:08 klad containerd[1690]: time="2026-02-10T07:57:08.948404434+01:00" level=info msg="loa>
feb 10 07:57:08 klad containerd[1690]: time="2026-02-10T07:57:08.948417062+01:00" level=info msg="loa>
feb 10 07:57:08 klad containerd[1690]: time="2026-02-10T07:57:08.948426423+01:00" level=info msg="loa>
feb 10 07:57:08 klad containerd[1690]: time="2026-02-10T07:57:08.948436990+01:00" level=info msg="loa>
feb 10 07:57:08 klad containerd[1690]: time="2026-02-10T07:57:08.948446674+01:00" level=info msg="loa>
feb 10 07:57:08 klad containerd[1690]: time="2026-02-10T07:57:08.948457332+01:00" level=info msg="loa>
feb 10 07:57:08 klad containerd[1690]: time="2026-02-10T07:57:08.948465426+01:00" level=info msg="loa>
feb 10 07:57:08 klad containerd[1690]: time="2026-02-10T07:57:08.948472585+01:00" level=info msg="loa>
feb 10 07:57:08 klad containerd[1690]: time="2026-02-10T07:57:08.948480412+01:00" level=info msg="loa>
feb 10 07:57:08 klad containerd[1690]: time="2026-02-10T07:57:08.948488024+01:00" level=info msg="loa>
feb 10 07:57:08 klad containerd[1690]: time="2026-02-10T07:57:08.948500756+01:00" level=info msg="loa>
feb 10 07:57:08 klad containerd[1690]: time="2026-02-10T07:57:08.948508758+01:00" level=info msg="loa>
feb 10 07:57:08 klad containerd[1690]: time="2026-02-10T07:57:08.948735775+01:00" level=info msg="loa>
feb 10 07:57:08 klad containerd[1690]: time="2026-02-10T07:57:08.948773216+01:00" level=info msg="Get>
feb 10 07:57:08 klad containerd[1690]: time="2026-02-10T07:57:08.948784875+01:00" level=info msg="Sta>
feb 10 07:57:08 klad containerd[1690]: time="2026-02-10T07:57:08.949360461+01:00" level=info msg="loa>
feb 10 07:57:08 klad containerd[1690]: time="2026-02-10T07:57:08.949531958+01:00" level=info msg="sta>
feb 10 07:57:08 klad containerd[1690]: time="2026-02-10T07:57:08.949576254+01:00" level=info msg="loa>
feb 10 07:57:08 klad containerd[1690]: time="2026-02-10T07:57:08.949619422+01:00" level=info msg="loa>
feb 10 07:57:08 klad containerd[1690]: time="2026-02-10T07:57:08.950081848+01:00" level=info msg="loa>
feb 10 07:57:08 klad containerd[1690]: time="2026-02-10T07:57:08.950101927+01:00" level=info msg="loa>
feb 10 07:57:08 klad containerd[1690]: time="2026-02-10T07:57:08.950123387+01:00" level=info msg="loa>
feb 10 07:57:08 klad containerd[1690]: time="2026-02-10T07:57:08.950133333+01:00" level=info msg="loa>
feb 10 07:57:08 klad containerd[1690]: time="2026-02-10T07:57:08.950142966+01:00" level=info msg="loa>
feb 10 07:57:08 klad containerd[1690]: time="2026-02-10T07:57:08.950152189+01:00" level=info msg="loa>
feb 10 07:57:08 klad containerd[1690]: time="2026-02-10T07:57:08.950162130+01:00" level=info msg="loa>
feb 10 07:57:08 klad containerd[1690]: time="2026-02-10T07:57:08.950172055+01:00" level=info msg="loa>
feb 10 07:57:08 klad containerd[1690]: time="2026-02-10T07:57:08.950180350+01:00" level=info msg="loa>
feb 10 07:57:08 klad containerd[1690]: time="2026-02-10T07:57:08.950201081+01:00" level=info msg="loa>
feb 10 07:57:08 klad containerd[1690]: time="2026-02-10T07:57:08.950217993+01:00" level=info msg="ski>
feb 10 07:57:08 klad containerd[1690]: time="2026-02-10T07:57:08.950226280+01:00" level=info msg="loa>
feb 10 07:57:08 klad containerd[1690]: time="2026-02-10T07:57:08.950235589+01:00" level=info msg="ski>
feb 10 07:57:08 klad containerd[1690]: time="2026-02-10T07:57:08.950242228+01:00" level=info msg="loa>
feb 10 07:57:08 klad containerd[1690]: time="2026-02-10T07:57:08.950249907+01:00" level=info msg="loa>
feb 10 07:57:08 klad containerd[1690]: time="2026-02-10T07:57:08.950793754+01:00" level=info msg=serv>
feb 10 07:57:08 klad containerd[1690]: time="2026-02-10T07:57:08.950832072+01:00" level=info msg=serv>
feb 10 07:57:08 klad containerd[1690]: time="2026-02-10T07:57:08.950885886+01:00" level=info msg="con>
feb 10 07:57:08 klad systemd[1]: Started containerd.service - containerd container runtime.
feb 10 07:57:08 klad systemd[1]: Started blueman-mechanism.service - Bluetooth management mechanism.
feb 10 07:57:09 klad systemd[1]: Received SIGRTMIN+21 from PID 375 (plymouthd).
feb 10 07:57:09 klad gdm-launch-environment][1826]: pam_unix(gdm-launch-environment:session): session>
feb 10 07:57:09 klad systemd[1]: Created slice user-113.slice - User Slice of UID 113.
feb 10 07:57:09 klad systemd[1]: Starting user-runtime-dir@113.service - User Runtime Directory /run/>
feb 10 07:57:09 klad systemd-logind[1566]: New session c1 of user Debian-gdm.
feb 10 07:57:09 klad systemd[1]: Finished user-runtime-dir@113.service - User Runtime Directory /run/>
feb 10 07:57:09 klad systemd[1]: Starting user@113.service - User Manager for UID 113...
feb 10 07:57:09 klad (systemd)[1854]: pam_unix(systemd-user:session): session opened for user Debian->
feb 10 07:57:09 klad vboxdrv.sh[1570]: vboxdrv.sh: Starting VirtualBox services.
feb 10 07:57:09 klad vboxdrv.sh[1863]: Starting VirtualBox services.
feb 10 07:57:09 klad systemd-xdg-autostart-generator[1972]: Exec binary 'kalendarac' does not exist: >
feb 10 07:57:09 klad systemd-xdg-autostart-generator[1972]: /etc/xdg/autostart/org.kde.kalendarac.des>
feb 10 07:57:09 klad systemd-xdg-autostart-generator[1972]: Exec binary 'solaar' does not exist: No s>
feb 10 07:57:09 klad systemd-xdg-autostart-generator[1972]: /etc/xdg/autostart/solaar.desktop: not ge>
feb 10 07:57:09 klad kernel: vboxdrv: loading out-of-tree module taints kernel.
feb 10 07:57:09 klad kernel: vboxdrv: module verification failed: signature and/or required key missi>
feb 10 07:57:09 klad kernel: vboxdrv: Found 12 processor cores/threads
feb 10 07:57:09 klad kernel: vboxdrv: TSC mode is Invariant, tentative frequency 2495999584 Hz
feb 10 07:57:09 klad kernel: vboxdrv: Successfully loaded version 7.0.26 r168464 (interface 0x0033000>
feb 10 07:57:09 klad systemd[1854]: Queued start job for default target default.target.
feb 10 07:57:09 klad kernel: bridge: filtering via arp/ip/ip6tables is no longer available by default>
feb 10 07:57:09 klad tailscaled[1688]: logtail started
feb 10 07:57:09 klad tailscaled[1688]: Program starting: v1.92.5-t1c215f6e5-g9b792287b, Go 1.25.5: []>
feb 10 07:57:09 klad tailscaled[1688]: LogID: f7accfaed5c0022231c054507685d9259f483427b33a1341bd6ef6b>
feb 10 07:57:09 klad tailscaled[1688]: logpolicy: using $STATE_DIRECTORY, "/var/lib/tailscale"
feb 10 07:57:09 klad tailscaled[1688]: logtail: dial "log.tailscale.com:443" failed: dial tcp: lookup>
feb 10 07:57:09 klad tailscaled[1688]: dns: resolvedIsActuallyResolver error: resolv.conf has no name>
feb 10 07:57:09 klad tailscaled[1688]: dns: [rc=nm resolved=not-in-use ret=direct]
feb 10 07:57:09 klad tailscaled[1688]: dns: using "direct" mode
feb 10 07:57:09 klad tailscaled[1688]: dns: using *dns.directManager
feb 10 07:57:09 klad tailscaled[1688]: dns: inotify: NewDirWatcher: context canceled
feb 10 07:57:09 klad tailscaled[1688]: trying bootstrapDNS("derp2f.tailscale.com", "208.111.34.178") >
feb 10 07:57:09 klad tailscaled[1688]: bootstrapDNS("derp2f.tailscale.com", "208.111.34.178") for "lo>
feb 10 07:57:09 klad tailscaled[1688]: trying bootstrapDNS("derp5.tailscale.com", "2001:19f0:5801:10b>
feb 10 07:57:09 klad tailscaled[1688]: bootstrapDNS("derp5.tailscale.com", "2001:19f0:5801:10b7:5400:>
feb 10 07:57:09 klad tailscaled[1688]: trying bootstrapDNS("derp1c.tailscale.com", "104.248.8.210") f>
feb 10 07:57:09 klad tailscaled[1688]: bootstrapDNS("derp1c.tailscale.com", "104.248.8.210") for "log>
feb 10 07:57:09 klad tailscaled[1688]: trying bootstrapDNS("derp4e.tailscale.com", "2a03:b0c0:3:d0::2>
feb 10 07:57:09 klad NetworkManager[1627]: <info>  [1770706629.1700] device (wlp0s20f3): set-hw-addr:>
feb 10 07:57:09 klad tailscaled[1688]: bootstrapDNS("derp4e.tailscale.com", "2a03:b0c0:3:d0::29:9001">
feb 10 07:57:09 klad tailscaled[1688]: trying bootstrapDNS("derp11.tailscale.com", "18.230.97.74") fo>
feb 10 07:57:09 klad tailscaled[1688]: bootstrapDNS("derp11.tailscale.com", "18.230.97.74") for "log.>
feb 10 07:57:09 klad tailscaled[1688]: trying bootstrapDNS("derp9b.tailscale.com", "2001:19f0:6401:eb>
feb 10 07:57:09 klad tailscaled[1688]: bootstrapDNS("derp9b.tailscale.com", "2001:19f0:6401:eb5:5400:>
feb 10 07:57:09 klad tailscaled[1688]: trying bootstrapDNS("derp4e.tailscale.com", "134.122.74.153") >
feb 10 07:57:09 klad tailscaled[1688]: bootstrapDNS("derp4e.tailscale.com", "134.122.74.153") for "lo>
feb 10 07:57:09 klad tailscaled[1688]: trying bootstrapDNS("derp1e.tailscale.com", "2604:a880:800:10:>
feb 10 07:57:09 klad tailscaled[1688]: bootstrapDNS("derp1e.tailscale.com", "2604:a880:800:10::873:40>
feb 10 07:57:09 klad tailscaled[1688]: trying bootstrapDNS("derp11.tailscale.com", "18.230.97.74") fo>
feb 10 07:57:09 klad tailscaled[1688]: bootstrapDNS("derp11.tailscale.com", "18.230.97.74") for "log.>
feb 10 07:57:09 klad tailscaled[1688]: trying bootstrapDNS("derp12.tailscale.com", "2001:19f0:5c01:28>
feb 10 07:57:09 klad tailscaled[1688]: bootstrapDNS("derp12.tailscale.com", "2001:19f0:5c01:289:5400:>
feb 10 07:57:09 klad tailscaled[1688]: trying bootstrapDNS("derp8d.tailscale.com", "178.62.44.132") f>
feb 10 07:57:09 klad tailscaled[1688]: bootstrapDNS("derp8d.tailscale.com", "178.62.44.132") for "log>
feb 10 07:57:09 klad tailscaled[1688]: trying bootstrapDNS("derp2e.tailscale.com", "2607:f740:0:3f::4>
feb 10 07:57:09 klad tailscaled[1688]: bootstrapDNS("derp2e.tailscale.com", "2607:f740:0:3f::44c") fo>
feb 10 07:57:09 klad tailscaled[1688]: logtail: upload: log upload of 505 bytes compressed failed: Po>
feb 10 07:57:09 klad systemd[1854]: Created slice app.slice - User Application Slice.
feb 10 07:57:09 klad systemd[1854]: Created slice session.slice - User Core Session Slice.
feb 10 07:57:09 klad systemd[1854]: Created slice background.slice - User Background Tasks Slice.
feb 10 07:57:09 klad systemd[1854]: drkonqi-coredump-cleanup.timer - Cleanup lingering KCrash metadat>
feb 10 07:57:09 klad systemd[1854]: Reached target paths.target - Paths.
feb 10 07:57:09 klad systemd[1854]: Reached target timers.target - Timers.
feb 10 07:57:09 klad systemd[1854]: Starting dbus.socket - D-Bus User Message Bus Socket...
feb 10 07:57:09 klad systemd[1854]: Listening on dirmngr.socket - GnuPG network certificate managemen>
feb 10 07:57:09 klad systemd[1854]: Listening on drkonqi-coredump-launcher.socket - Socket to launch >
feb 10 07:57:09 klad systemd[1854]: Listening on gcr-ssh-agent.socket - GCR ssh-agent wrapper.
feb 10 07:57:09 klad systemd[1854]: Listening on gnome-keyring-daemon.socket - GNOME Keyring daemon.
feb 10 07:57:09 klad systemd[1854]: Listening on gpg-agent-browser.socket - GnuPG cryptographic agent>
feb 10 07:57:09 klad systemd[1854]: Listening on gpg-agent-extra.socket - GnuPG cryptographic agent a>
feb 10 07:57:09 klad systemd[1854]: Listening on gpg-agent-ssh.socket - GnuPG cryptographic agent (ss>
feb 10 07:57:09 klad systemd[1854]: Listening on gpg-agent.socket - GnuPG cryptographic agent and pas>
feb 10 07:57:09 klad systemd[1854]: Listening on pipewire-pulse.socket - PipeWire PulseAudio.
feb 10 07:57:09 klad systemd[1854]: Listening on pipewire.socket - PipeWire Multimedia System Socket.
feb 10 07:57:09 klad systemd[1854]: Listening on pk-debconf-helper.socket - debconf communication soc>
feb 10 07:57:09 klad systemd[1854]: Listening on dbus.socket - D-Bus User Message Bus Socket.
feb 10 07:57:09 klad systemd[1854]: Reached target sockets.target - Sockets.
feb 10 07:57:09 klad systemd[1854]: Reached target basic.target - Basic System.
feb 10 07:57:09 klad systemd[1854]: drkonqi-coredump-cleanup.service - Cleanup lingering KCrash metad>
feb 10 07:57:09 klad systemd[1]: Started user@113.service - User Manager for UID 113.
feb 10 07:57:09 klad systemd[1854]: Started pipewire.service - PipeWire Multimedia Service.
feb 10 07:57:09 klad systemd[1]: Started session-c1.scope - Session c1 of User Debian-gdm.
feb 10 07:57:09 klad systemd[1854]: Starting tracker-extract-3.service - Tracker metadata extractor...
feb 10 07:57:09 klad systemd[1854]: Started wireplumber.service - Multimedia Service Session Manager.
feb 10 07:57:09 klad systemd[1854]: Started pipewire-pulse.service - PipeWire PulseAudio.
feb 10 07:57:09 klad systemd[1854]: Starting dbus.service - D-Bus User Message Bus...
feb 10 07:57:09 klad systemd[1854]: Started dbus.service - D-Bus User Message Bus.
feb 10 07:57:09 klad pipewire-pulse[2058]: mod.rt: Can't find org.freedesktop.portal.Desktop. Is xdg->
feb 10 07:57:09 klad pipewire-pulse[2058]: mod.rt: found session bus but no portal
feb 10 07:57:09 klad pipewire[2055]: mod.rt: Can't find org.freedesktop.portal.Desktop. Is xdg-deskto>
feb 10 07:57:09 klad pipewire[2055]: mod.rt: found session bus but no portal
feb 10 07:57:09 klad wireplumber[2057]: Can't find org.freedesktop.portal.Desktop. Is xdg-desktop-por>
feb 10 07:57:09 klad wireplumber[2057]: found session bus but no portal
feb 10 07:57:09 klad dbus-daemon[1558]: [system] Activating via systemd: service name='org.freedeskto>
feb 10 07:57:09 klad dbus-daemon[2061]: [session uid=113 pid=2061] Successfully activated service 'or>
feb 10 07:57:09 klad dbus-daemon[2061]: [session uid=113 pid=2061] Activating via systemd: service na>
feb 10 07:57:09 klad systemd[1854]: Starting gvfs-daemon.service - Virtual filesystem service...
feb 10 07:57:09 klad systemd[1]: Starting rtkit-daemon.service - RealtimeKit Scheduling Policy Servic>
feb 10 07:57:09 klad dbus-daemon[2061]: [session uid=113 pid=2061] Successfully activated service 'or>
feb 10 07:57:09 klad systemd[1854]: Started gvfs-daemon.service - Virtual filesystem service.
feb 10 07:57:09 klad gnome-shell[2090]: Running GNOME Shell (using mutter 43.8) as a Wayland display >
feb 10 07:57:09 klad kernel: VBoxNetFlt: Successfully started.
feb 10 07:57:09 klad kernel: VBoxNetAdp: Successfully started.
feb 10 07:57:09 klad vboxdrv.sh[2117]: VirtualBox services started.
feb 10 07:57:09 klad systemd[1]: Started vboxdrv.service - VirtualBox Linux kernel module.
feb 10 07:57:09 klad systemd[1]: Starting vboxautostart-service.service...
feb 10 07:57:09 klad systemd[1]: Starting vboxballoonctrl-service.service...
feb 10 07:57:09 klad systemd[1]: Started vboxautostart-service.service.
feb 10 07:57:09 klad systemd[1]: Started vboxballoonctrl-service.service.
feb 10 07:57:09 klad NetworkManager[1627]: <info>  [1770706629.4378] device (lo): state change: disco>
feb 10 07:57:09 klad NetworkManager[1627]: <info>  [1770706629.4381] device (lo): state change: prepa>
feb 10 07:57:09 klad NetworkManager[1627]: <info>  [1770706629.4383] device (lo): state change: confi>
feb 10 07:57:09 klad NetworkManager[1627]: <info>  [1770706629.4390] manager: (virbr0): new Bridge de>
feb 10 07:57:09 klad NetworkManager[1627]: <info>  [1770706629.4394] device (lo): state change: ip-co>
feb 10 07:57:09 klad dbus-daemon[1558]: [system] Successfully activated service 'org.freedesktop.Real>
feb 10 07:57:09 klad systemd[1]: Started rtkit-daemon.service - RealtimeKit Scheduling Policy Service.
feb 10 07:57:09 klad rtkit-daemon[2067]: Successfully called chroot.
feb 10 07:57:09 klad rtkit-daemon[2067]: Successfully dropped privileges.
