Script started on 2026-02-10 09:08:54+01:00 [TERM="xterm-256color" TTY="/dev/pts/0" COLUMNS="28" LINES="16"]
[?2004h[94mITINF25/lektion9
(B[m$ [K(B[m$ [K(B[m$ [K(B[m$ [K(B[m$ [K(B[m$ [K(B[m$ [K(B[m$ [K(B[m$ [K(B[m$ [K(B[m$ [K(B[m$ [K(B[m$ [K(B[m$ [K(B[m$ [K(B[m$ [K(B[m$ [K(B[m$ [K(B[m$ [K(B[m$ [K(B[m$ [K(B[m$ [K(B[m$ [K(B[m$ [K(B[m$ [K(B[m$ [K(B[m$ [K(B[m$ [K(B[m$ [K(B[m$ [K(B[m$ [H[2J[94mITINF25/lektion9
(B[m$ sudo journat[K[K[Knalctl -b
[?2004l[sudo] password for kent: 
[?1h=feb 10 07:48:06 klad kernel: microcode: microcode updated ear[m[7m>[27m
feb 10 07:48:06 klad kernel: [0;1;39m[0;1;31m[0;1;39mLinux version 6.1.0-37-amd64 (de[m[7m>[27m
feb 10 07:48:06 klad kernel: Command line: BOOT_IMAGE=/vmlinu[m[7m>[27m
feb 10 07:48:06 klad kernel: x86/split lock detection: #AC: c[m[7m>[27m
feb 10 07:48:06 klad kernel: BIOS-provided physical RAM map:[m
feb 10 07:48:06 klad kernel: BIOS-e820: [mem 0x00000000000000[m[7m>[27m
feb 10 07:48:06 klad kernel: BIOS-e820: [mem 0x000000000009f0[m[7m>[27m
feb 10 07:48:06 klad kernel: BIOS-e820: [mem 0x00000000001000[m[7m>[27m
feb 10 07:48:06 klad kernel: BIOS-e820: [mem 0x000000003c2c90[m[7m>[27m
feb 10 07:48:06 klad kernel: BIOS-e820: [mem 0x000000003cbc90[m[7m>[27m
feb 10 07:48:06 klad kernel: BIOS-e820: [mem 0x000000003e9df0[m[7m>[27m
feb 10 07:48:06 klad kernel: BIOS-e820: [mem 0x000000003edaf0[m[7m>[27m
feb 10 07:48:06 klad kernel: BIOS-e820: [mem 0x0000000040a7f0[m[7m>[27m
feb 10 07:48:06 klad kernel: BIOS-e820: [mem 0x0000000043a2f0[m[7m>[27m
feb 10 07:48:06 klad kernel: BIOS-e820: [mem 0x0000000043aff0[m[7m>[27m
feb 10 07:48:06 klad kernel: BIOS-e820: [mem 0x0000000043b000[m[7m>[27m
feb 10 07:48:06 klad kernel: BIOS-e820: [mem 0x0000000048e000[m[7m>[27m
feb 10 07:48:06 klad kernel: BIOS-e820: [mem 0x000000004a0000[m[7m>[27m
[7mlines 1-18[27m[K...skipping...
feb 10 07:48:06 klad kernel: microcode: microcode updated early to revision 0x4[m[7m>[27m
feb 10 07:48:06 klad kernel: [0;1;39m[0;1;31m[0;1;39mLinux version 6.1.0-37-amd64 (debian-kernel@lists.[m[7m>[27m
feb 10 07:48:06 klad kernel: Command line: BOOT_IMAGE=/vmlinuz-6.1.0-37-amd64 r[m[7m>[27m
feb 10 07:48:06 klad kernel: x86/split lock detection: #AC: crashing the kernel[m[7m>[27m
feb 10 07:48:06 klad kernel: BIOS-provided physical RAM map:[m
feb 10 07:48:06 klad kernel: BIOS-e820: [mem 0x0000000000000000-0x000000000009e[m[7m>[27m
feb 10 07:48:06 klad kernel: BIOS-e820: [mem 0x000000000009f000-0x00000000000ff[m[7m>[27m
feb 10 07:48:06 klad kernel: BIOS-e820: [mem 0x0000000000100000-0x000000003c2c8[m[7m>[27m
feb 10 07:48:06 klad kernel: BIOS-e820: [mem 0x000000003c2c9000-0x000000003cbc8[m[7m>[27m
feb 10 07:48:06 klad kernel: BIOS-e820: [mem 0x000000003cbc9000-0x000000003e9de[m[7m>[27m
feb 10 07:48:06 klad kernel: BIOS-e820: [mem 0x000000003e9df000-0x000000003edae[m[7m>[27m
feb 10 07:48:06 klad kernel: BIOS-e820: [mem 0x000000003edaf000-0x0000000040a7e[m[7m>[27m
feb 10 07:48:06 klad kernel: BIOS-e820: [mem 0x0000000040a7f000-0x0000000043a2e[m[7m>[27m
feb 10 07:48:06 klad kernel: BIOS-e820: [mem 0x0000000043a2f000-0x0000000043afe[m[7m>[27m
feb 10 07:48:06 klad kernel: BIOS-e820: [mem 0x0000000043aff000-0x0000000043aff[m[7m>[27m
feb 10 07:48:06 klad kernel: BIOS-e820: [mem 0x0000000043b00000-0x0000000047fff[m[7m>[27m
feb 10 07:48:06 klad kernel: BIOS-e820: [mem 0x0000000048e00000-0x0000000048fff[m[7m>[27m
feb 10 07:48:06 klad kernel: BIOS-e820: [mem 0x000000004a000000-0x00000000507ff[m[7m>[27m
feb 10 07:48:06 klad kernel: BIOS-e820: [mem 0x00000000c0000000-0x00000000cffff[m[7m>[27m
feb 10 07:48:06 klad kernel: BIOS-e820: [mem 0x00000000fe010000-0x00000000fe010[m[7m>[27m
feb 10 07:48:06 klad kernel: BIOS-e820: [mem 0x00000000fed20000-0x00000000fed7f[m[7m>[27m
feb 10 07:48:06 klad kernel: BIOS-e820: [mem 0x00000000ff000000-0x00000000fffff[m[7m>[27m
[7mlines 1-22[27m[K...skipping...
feb 10 07:48:06 klad kernel: microcode: microcode updated early to revision 0x43a, date = 2025-10-12[m
feb 10 07:48:06 klad kernel: [0;1;39m[0;1;31m[0;1;39mLinux version 6.1.0-37-amd64 (debian-kernel@lists.debian.org) (gcc-12 (D[m[7m>[27m
feb 10 07:48:06 klad kernel: Command line: BOOT_IMAGE=/vmlinuz-6.1.0-37-amd64 root=UUID=161a00c3-26c1[m[7m>[27m
feb 10 07:48:06 klad kernel: x86/split lock detection: #AC: crashing the kernel on kernel split_locks[m[7m>[27m
feb 10 07:48:06 klad kernel: BIOS-provided physical RAM map:[m
feb 10 07:48:06 klad kernel: BIOS-e820: [mem 0x0000000000000000-0x000000000009efff] usable[m
feb 10 07:48:06 klad kernel: BIOS-e820: [mem 0x000000000009f000-0x00000000000fffff] reserved[m
feb 10 07:48:06 klad kernel: BIOS-e820: [mem 0x0000000000100000-0x000000003c2c8fff] usable[m
feb 10 07:48:06 klad kernel: BIOS-e820: [mem 0x000000003c2c9000-0x000000003cbc8fff] reserved[m
feb 10 07:48:06 klad kernel: BIOS-e820: [mem 0x000000003cbc9000-0x000000003e9defff] usable[m
feb 10 07:48:06 klad kernel: BIOS-e820: [mem 0x000000003e9df000-0x000000003edaefff] type 20[m
feb 10 07:48:06 klad kernel: BIOS-e820: [mem 0x000000003edaf000-0x0000000040a7efff] reserved[m
feb 10 07:48:06 klad kernel: BIOS-e820: [mem 0x0000000040a7f000-0x0000000043a2efff] ACPI NVS[m
feb 10 07:48:06 klad kernel: BIOS-e820: [mem 0x0000000043a2f000-0x0000000043afefff] ACPI data[m
feb 10 07:48:06 klad kernel: BIOS-e820: [mem 0x0000000043aff000-0x0000000043afffff] usable[m
feb 10 07:48:06 klad kernel: BIOS-e820: [mem 0x0000000043b00000-0x0000000047ffffff] reserved[m
feb 10 07:48:06 klad kernel: BIOS-e820: [mem 0x0000000048e00000-0x0000000048ffffff] reserved[m
feb 10 07:48:06 klad kernel: BIOS-e820: [mem 0x000000004a000000-0x00000000507fffff] reserved[m
feb 10 07:48:06 klad kernel: BIOS-e820: [mem 0x00000000c0000000-0x00000000cfffffff] reserved[m
feb 10 07:48:06 klad kernel: BIOS-e820: [mem 0x00000000fe010000-0x00000000fe010fff] reserved[m
feb 10 07:48:06 klad kernel: BIOS-e820: [mem 0x00000000fed20000-0x00000000fed7ffff] reserved[m
feb 10 07:48:06 klad kernel: BIOS-e820: [mem 0x00000000ff000000-0x00000000ffffffff] reserved[m
feb 10 07:48:06 klad kernel: BIOS-e820: [mem 0x0000000100000000-0x00000004af7fffff] usable[m
feb 10 07:48:06 klad kernel: NX (Execute Disable) protection: active[m
feb 10 07:48:06 klad kernel: efi: EFI v2.80 by INSYDE Corp.[m
feb 10 07:48:06 klad kernel: efi: ACPI=0x43afe000 ACPI 2.0=0x43afe014 TPMFinalLog=0x439a6000 SMBIOS=0[m[7m>[27m
[7mlines 1-26[27m[K[K[?1l>[?2004h[94mITINF25/lektion9
(B[m$ sudo journalctl -b[H[2J[94mITINF25/lektion9
(B[m$ sudo journalctl -b
[?2004l[?1h=feb 10 07:48:06 klad kernel: microcode: microcode updated early to revision 0x43a, date = 2025-10-12[m
feb 10 07:48:06 klad kernel: [0;1;39m[0;1;31m[0;1;39mLinux version 6.1.0-37-amd64 (debian-kernel@lists.debian.org) (gcc-12 (D[m[7m>[27m
feb 10 07:48:06 klad kernel: Command line: BOOT_IMAGE=/vmlinuz-6.1.0-37-amd64 root=UUID=161a00c3-26c1[m[7m>[27m
feb 10 07:48:06 klad kernel: x86/split lock detection: #AC: crashing the kernel on kernel split_locks[m[7m>[27m
feb 10 07:48:06 klad kernel: BIOS-provided physical RAM map:[m
feb 10 07:48:06 klad kernel: BIOS-e820: [mem 0x0000000000000000-0x000000000009efff] usable[m
feb 10 07:48:06 klad kernel: BIOS-e820: [mem 0x000000000009f000-0x00000000000fffff] reserved[m
feb 10 07:48:06 klad kernel: BIOS-e820: [mem 0x0000000000100000-0x000000003c2c8fff] usable[m
feb 10 07:48:06 klad kernel: BIOS-e820: [mem 0x000000003c2c9000-0x000000003cbc8fff] reserved[m
feb 10 07:48:06 klad kernel: BIOS-e820: [mem 0x000000003cbc9000-0x000000003e9defff] usable[m
feb 10 07:48:06 klad kernel: BIOS-e820: [mem 0x000000003e9df000-0x000000003edaefff] type 20[m
feb 10 07:48:06 klad kernel: BIOS-e820: [mem 0x000000003edaf000-0x0000000040a7efff] reserved[m
feb 10 07:48:06 klad kernel: BIOS-e820: [mem 0x0000000040a7f000-0x0000000043a2efff] ACPI NVS[m
feb 10 07:48:06 klad kernel: BIOS-e820: [mem 0x0000000043a2f000-0x0000000043afefff] ACPI data[m
feb 10 07:48:06 klad kernel: BIOS-e820: [mem 0x0000000043aff000-0x0000000043afffff] usable[m
feb 10 07:48:06 klad kernel: BIOS-e820: [mem 0x0000000043b00000-0x0000000047ffffff] reserved[m
feb 10 07:48:06 klad kernel: BIOS-e820: [mem 0x0000000048e00000-0x0000000048ffffff] reserved[m
feb 10 07:48:06 klad kernel: BIOS-e820: [mem 0x000000004a000000-0x00000000507fffff] reserved[m
feb 10 07:48:06 klad kernel: BIOS-e820: [mem 0x00000000c0000000-0x00000000cfffffff] reserved[m
feb 10 07:48:06 klad kernel: BIOS-e820: [mem 0x00000000fe010000-0x00000000fe010fff] reserved[m
feb 10 07:48:06 klad kernel: BIOS-e820: [mem 0x00000000fed20000-0x00000000fed7ffff] reserved[m
feb 10 07:48:06 klad kernel: BIOS-e820: [mem 0x00000000ff000000-0x00000000ffffffff] reserved[m
feb 10 07:48:06 klad kernel: BIOS-e820: [mem 0x0000000100000000-0x00000004af7fffff] usable[m
feb 10 07:48:06 klad kernel: NX (Execute Disable) protection: active[m
feb 10 07:48:06 klad kernel: efi: EFI v2.80 by INSYDE Corp.[m
feb 10 07:48:06 klad kernel: efi: ACPI=0x43afe000 ACPI 2.0=0x43afe014 TPMFinalLog=0x439a6000 SMBIOS=0[m[7m>[27m
[7mlines 1-26[27m[K[K [KESCESC[KOO[KCC[H[2J[H[H[2J[Hpdated early to revision 0x43a, date = 2025-10-12[m
[0;1;39m[0;1;31m[0;1;39m-amd64 (debian-kernel@lists.debian.org) (gcc-12 (Debian 12.2.0-14+deb12u1) 12.2.0, GNU ld (GNU Binuti[m[7m>[27m
GE=/vmlinuz-6.1.0-37-amd64 root=UUID=161a00c3-26c1-4611-8ebe-c6b3a55f485e ro i8042.kbdreset=1 quiet s[m[7m>[27m
on: #AC: crashing the kernel on kernel split_locks and warning on user-space split_locks[m
 RAM map:[m
000000000000-0x000000000009efff] usable[m
00000009f000-0x00000000000fffff] reserved[m
000000100000-0x000000003c2c8fff] usable[m
00003c2c9000-0x000000003cbc8fff] reserved[m
00003cbc9000-0x000000003e9defff] usable[m
00003e9df000-0x000000003edaefff] type 20[m
00003edaf000-0x0000000040a7efff] reserved[m
000040a7f000-0x0000000043a2efff] ACPI NVS[m
000043a2f000-0x0000000043afefff] ACPI data[m
000043aff000-0x0000000043afffff] usable[m
000043b00000-0x0000000047ffffff] reserved[m
000048e00000-0x0000000048ffffff] reserved[m
00004a000000-0x00000000507fffff] reserved[m
0000c0000000-0x00000000cfffffff] reserved[m
0000fe010000-0x00000000fe010fff] reserved[m
0000fed20000-0x00000000fed7ffff] reserved[m
0000ff000000-0x00000000ffffffff] reserved[m
000100000000-0x00000004af7fffff] usable[m
rotection: active[m
DE Corp.[m
CPI 2.0=0x43afe014 TPMFinalLog=0x439a6000 SMBIOS=0x3f086000 MEMATTR=0x38120018 ESRT=0x3844b498 MOKvar[m[7m>[27m
[7mlines 1-26[27m[K[K [KESCESC[KOO[KDD[H[2J[H[H[2J[Hfeb 10 07:48:06 klad kernel: microcode: microcode updated early to revision 0x43a, date = 2025-10-12[m
feb 10 07:48:06 klad kernel: [0;1;39m[0;1;31m[0;1;39mLinux version 6.1.0-37-amd64 (debian-kernel@lists.debian.org) (gcc-12 (D[m[7m>[27m
feb 10 07:48:06 klad kernel: Command line: BOOT_IMAGE=/vmlinuz-6.1.0-37-amd64 root=UUID=161a00c3-26c1[m[7m>[27m
feb 10 07:48:06 klad kernel: x86/split lock detection: #AC: crashing the kernel on kernel split_locks[m[7m>[27m
feb 10 07:48:06 klad kernel: BIOS-provided physical RAM map:[m
feb 10 07:48:06 klad kernel: BIOS-e820: [mem 0x0000000000000000-0x000000000009efff] usable[m
feb 10 07:48:06 klad kernel: BIOS-e820: [mem 0x000000000009f000-0x00000000000fffff] reserved[m
feb 10 07:48:06 klad kernel: BIOS-e820: [mem 0x0000000000100000-0x000000003c2c8fff] usable[m
feb 10 07:48:06 klad kernel: BIOS-e820: [mem 0x000000003c2c9000-0x000000003cbc8fff] reserved[m
feb 10 07:48:06 klad kernel: BIOS-e820: [mem 0x000000003cbc9000-0x000000003e9defff] usable[m
feb 10 07:48:06 klad kernel: BIOS-e820: [mem 0x000000003e9df000-0x000000003edaefff] type 20[m
feb 10 07:48:06 klad kernel: BIOS-e820: [mem 0x000000003edaf000-0x0000000040a7efff] reserved[m
feb 10 07:48:06 klad kernel: BIOS-e820: [mem 0x0000000040a7f000-0x0000000043a2efff] ACPI NVS[m
feb 10 07:48:06 klad kernel: BIOS-e820: [mem 0x0000000043a2f000-0x0000000043afefff] ACPI data[m
feb 10 07:48:06 klad kernel: BIOS-e820: [mem 0x0000000043aff000-0x0000000043afffff] usable[m
feb 10 07:48:06 klad kernel: BIOS-e820: [mem 0x0000000043b00000-0x0000000047ffffff] reserved[m
feb 10 07:48:06 klad kernel: BIOS-e820: [mem 0x0000000048e00000-0x0000000048ffffff] reserved[m
feb 10 07:48:06 klad kernel: BIOS-e820: [mem 0x000000004a000000-0x00000000507fffff] reserved[m
feb 10 07:48:06 klad kernel: BIOS-e820: [mem 0x00000000c0000000-0x00000000cfffffff] reserved[m
feb 10 07:48:06 klad kernel: BIOS-e820: [mem 0x00000000fe010000-0x00000000fe010fff] reserved[m
feb 10 07:48:06 klad kernel: BIOS-e820: [mem 0x00000000fed20000-0x00000000fed7ffff] reserved[m
feb 10 07:48:06 klad kernel: BIOS-e820: [mem 0x00000000ff000000-0x00000000ffffffff] reserved[m
feb 10 07:48:06 klad kernel: BIOS-e820: [mem 0x0000000100000000-0x00000004af7fffff] usable[m
feb 10 07:48:06 klad kernel: NX (Execute Disable) protection: active[m
feb 10 07:48:06 klad kernel: efi: EFI v2.80 by INSYDE Corp.[m
feb 10 07:48:06 klad kernel: efi: ACPI=0x43afe000 ACPI 2.0=0x43afe014 TPMFinalLog=0x439a6000 SMBIOS=0[m[7m>[27m
[7mlines 1-26[27m[K[K [KESCESC[KOO[KAA[K[K[7mlines 1-26[27m[K[K [KESCESC[KOO[KAA[K[K[7mlines 1-26[27m[K[K [KESCESC[KOO[KCC[H[2J[H[H[2J[Hpdated early to revision 0x43a, date = 2025-10-12[m
[0;1;39m[0;1;31m[0;1;39m-amd64 (debian-kernel@lists.debian.org) (gcc-12 (Debian 12.2.0-14+deb12u1) 12.2.0, GNU ld (GNU Binuti[m[7m>[27m
GE=/vmlinuz-6.1.0-37-amd64 root=UUID=161a00c3-26c1-4611-8ebe-c6b3a55f485e ro i8042.kbdreset=1 quiet s[m[7m>[27m
on: #AC: crashing the kernel on kernel split_locks and warning on user-space split_locks[m
 RAM map:[m
000000000000-0x000000000009efff] usable[m
00000009f000-0x00000000000fffff] reserved[m
000000100000-0x000000003c2c8fff] usable[m
00003c2c9000-0x000000003cbc8fff] reserved[m
00003cbc9000-0x000000003e9defff] usable[m
00003e9df000-0x000000003edaefff] type 20[m
00003edaf000-0x0000000040a7efff] reserved[m
000040a7f000-0x0000000043a2efff] ACPI NVS[m
000043a2f000-0x0000000043afefff] ACPI data[m
000043aff000-0x0000000043afffff] usable[m
000043b00000-0x0000000047ffffff] reserved[m
000048e00000-0x0000000048ffffff] reserved[m
00004a000000-0x00000000507fffff] reserved[m
0000c0000000-0x00000000cfffffff] reserved[m
0000fe010000-0x00000000fe010fff] reserved[m
0000fed20000-0x00000000fed7ffff] reserved[m
0000ff000000-0x00000000ffffffff] reserved[m
000100000000-0x00000004af7fffff] usable[m
rotection: active[m
DE Corp.[m
CPI 2.0=0x43afe014 TPMFinalLog=0x439a6000 SMBIOS=0x3f086000 MEMATTR=0x38120018 ESRT=0x3844b498 MOKvar[m[7m>[27m
[7mlines 1-26[27m[K[K [KESCESC[KOO[KDD[H[2J[H[H[2J[Hfeb 10 07:48:06 klad kernel: microcode: microcode updated early to revision 0x43a, date = 2025-10-12[m
feb 10 07:48:06 klad kernel: [0;1;39m[0;1;31m[0;1;39mLinux version 6.1.0-37-amd64 (debian-kernel@lists.debian.org) (gcc-12 (D[m[7m>[27m
feb 10 07:48:06 klad kernel: Command line: BOOT_IMAGE=/vmlinuz-6.1.0-37-amd64 root=UUID=161a00c3-26c1[m[7m>[27m
feb 10 07:48:06 klad kernel: x86/split lock detection: #AC: crashing the kernel on kernel split_locks[m[7m>[27m
feb 10 07:48:06 klad kernel: BIOS-provided physical RAM map:[m
feb 10 07:48:06 klad kernel: BIOS-e820: [mem 0x0000000000000000-0x000000000009efff] usable[m
feb 10 07:48:06 klad kernel: BIOS-e820: [mem 0x000000000009f000-0x00000000000fffff] reserved[m
feb 10 07:48:06 klad kernel: BIOS-e820: [mem 0x0000000000100000-0x000000003c2c8fff] usable[m
feb 10 07:48:06 klad kernel: BIOS-e820: [mem 0x000000003c2c9000-0x000000003cbc8fff] reserved[m
feb 10 07:48:06 klad kernel: BIOS-e820: [mem 0x000000003cbc9000-0x000000003e9defff] usable[m
feb 10 07:48:06 klad kernel: BIOS-e820: [mem 0x000000003e9df000-0x000000003edaefff] type 20[m
feb 10 07:48:06 klad kernel: BIOS-e820: [mem 0x000000003edaf000-0x0000000040a7efff] reserved[m
feb 10 07:48:06 klad kernel: BIOS-e820: [mem 0x0000000040a7f000-0x0000000043a2efff] ACPI NVS[m
feb 10 07:48:06 klad kernel: BIOS-e820: [mem 0x0000000043a2f000-0x0000000043afefff] ACPI data[m
feb 10 07:48:06 klad kernel: BIOS-e820: [mem 0x0000000043aff000-0x0000000043afffff] usable[m
feb 10 07:48:06 klad kernel: BIOS-e820: [mem 0x0000000043b00000-0x0000000047ffffff] reserved[m
feb 10 07:48:06 klad kernel: BIOS-e820: [mem 0x0000000048e00000-0x0000000048ffffff] reserved[m
feb 10 07:48:06 klad kernel: BIOS-e820: [mem 0x000000004a000000-0x00000000507fffff] reserved[m
feb 10 07:48:06 klad kernel: BIOS-e820: [mem 0x00000000c0000000-0x00000000cfffffff] reserved[m
feb 10 07:48:06 klad kernel: BIOS-e820: [mem 0x00000000fe010000-0x00000000fe010fff] reserved[m
feb 10 07:48:06 klad kernel: BIOS-e820: [mem 0x00000000fed20000-0x00000000fed7ffff] reserved[m
feb 10 07:48:06 klad kernel: BIOS-e820: [mem 0x00000000ff000000-0x00000000ffffffff] reserved[m
feb 10 07:48:06 klad kernel: BIOS-e820: [mem 0x0000000100000000-0x00000004af7fffff] usable[m
feb 10 07:48:06 klad kernel: NX (Execute Disable) protection: active[m
feb 10 07:48:06 klad kernel: efi: EFI v2.80 by INSYDE Corp.[m
feb 10 07:48:06 klad kernel: efi: ACPI=0x43afe000 ACPI 2.0=0x43afe014 TPMFinalLog=0x439a6000 SMBIOS=0[m[7m>[27m
[7mlines 1-26[27m[K[K [KESCESC[KOO[KCC[H[2J[H[H[2J[Hpdated early to revision 0x43a, date = 2025-10-12[m
[0;1;39m[0;1;31m[0;1;39m-amd64 (debian-kernel@lists.debian.org) (gcc-12 (Debian 12.2.0-14+deb12u1) 12.2.0, GNU ld (GNU Binuti[m[7m>[27m
GE=/vmlinuz-6.1.0-37-amd64 root=UUID=161a00c3-26c1-4611-8ebe-c6b3a55f485e ro i8042.kbdreset=1 quiet s[m[7m>[27m
on: #AC: crashing the kernel on kernel split_locks and warning on user-space split_locks[m
 RAM map:[m
000000000000-0x000000000009efff] usable[m
00000009f000-0x00000000000fffff] reserved[m
000000100000-0x000000003c2c8fff] usable[m
00003c2c9000-0x000000003cbc8fff] reserved[m
00003cbc9000-0x000000003e9defff] usable[m
00003e9df000-0x000000003edaefff] type 20[m
00003edaf000-0x0000000040a7efff] reserved[m
000040a7f000-0x0000000043a2efff] ACPI NVS[m
000043a2f000-0x0000000043afefff] ACPI data[m
000043aff000-0x0000000043afffff] usable[m
000043b00000-0x0000000047ffffff] reserved[m
000048e00000-0x0000000048ffffff] reserved[m
00004a000000-0x00000000507fffff] reserved[m
0000c0000000-0x00000000cfffffff] reserved[m
0000fe010000-0x00000000fe010fff] reserved[m
0000fed20000-0x00000000fed7ffff] reserved[m
0000ff000000-0x00000000ffffffff] reserved[m
000100000000-0x00000004af7fffff] usable[m
rotection: active[m
DE Corp.[m
CPI 2.0=0x43afe014 TPMFinalLog=0x439a6000 SMBIOS=0x3f086000 MEMATTR=0x38120018 ESRT=0x3844b498 MOKvar[m[7m>[27m
[7mlines 1-26[27m[K[K [KESCESC[KOO[KCC[H[2J[H[H[2J[H[m
[0;1;39m[0;1;31m[0;1;39mbian 12.2.0-14+deb12u1) 12.2.0, GNU ld (GNU Binutils for Debian) 2.40) #1 SMP PREEMPT_DYNAMIC Debian [m[7m>[27m
4611-8ebe-c6b3a55f485e ro i8042.kbdreset=1 quiet splash i8042.reset i8042.nomux[m
and warning on user-space split_locks[m
[m
[m
[m
[m
[m
[m
[m
[m
[m
[m
[m
[m
[m
[m
[m
[m
[m
[m
[m
[m
[m
3f086000 MEMATTR=0x38120018 ESRT=0x3844b498 MOKvar=0x3f026000 [m
[7mlines 1-26[27m[K[K [KESCESC[KOO[KDD[H[2J[H[H[2J[Hpdated early to revision 0x43a, date = 2025-10-12[m
[0;1;39m[0;1;31m[0;1;39m-amd64 (debian-kernel@lists.debian.org) (gcc-12 (Debian 12.2.0-14+deb12u1) 12.2.0, GNU ld (GNU Binuti[m[7m>[27m
GE=/vmlinuz-6.1.0-37-amd64 root=UUID=161a00c3-26c1-4611-8ebe-c6b3a55f485e ro i8042.kbdreset=1 quiet s[m[7m>[27m
on: #AC: crashing the kernel on kernel split_locks and warning on user-space split_locks[m
 RAM map:[m
000000000000-0x000000000009efff] usable[m
00000009f000-0x00000000000fffff] reserved[m
000000100000-0x000000003c2c8fff] usable[m
00003c2c9000-0x000000003cbc8fff] reserved[m
00003cbc9000-0x000000003e9defff] usable[m
00003e9df000-0x000000003edaefff] type 20[m
00003edaf000-0x0000000040a7efff] reserved[m
000040a7f000-0x0000000043a2efff] ACPI NVS[m
000043a2f000-0x0000000043afefff] ACPI data[m
000043aff000-0x0000000043afffff] usable[m
000043b00000-0x0000000047ffffff] reserved[m
000048e00000-0x0000000048ffffff] reserved[m
00004a000000-0x00000000507fffff] reserved[m
0000c0000000-0x00000000cfffffff] reserved[m
0000fe010000-0x00000000fe010fff] reserved[m
0000fed20000-0x00000000fed7ffff] reserved[m
0000ff000000-0x00000000ffffffff] reserved[m
000100000000-0x00000004af7fffff] usable[m
rotection: active[m
DE Corp.[m
CPI 2.0=0x43afe014 TPMFinalLog=0x439a6000 SMBIOS=0x3f086000 MEMATTR=0x38120018 ESRT=0x3844b498 MOKvar[m[7m>[27m
[7mlines 1-26[27m[K[K [KESCESC[KOO[KDD[H[2J[H[H[2J[Hfeb 10 07:48:06 klad kernel: microcode: microcode updated early to revision 0x43a, date = 2025-10-12[m
feb 10 07:48:06 klad kernel: [0;1;39m[0;1;31m[0;1;39mLinux version 6.1.0-37-amd64 (debian-kernel@lists.debian.org) (gcc-12 (D[m[7m>[27m
feb 10 07:48:06 klad kernel: Command line: BOOT_IMAGE=/vmlinuz-6.1.0-37-amd64 root=UUID=161a00c3-26c1[m[7m>[27m
feb 10 07:48:06 klad kernel: x86/split lock detection: #AC: crashing the kernel on kernel split_locks[m[7m>[27m
feb 10 07:48:06 klad kernel: BIOS-provided physical RAM map:[m
feb 10 07:48:06 klad kernel: BIOS-e820: [mem 0x0000000000000000-0x000000000009efff] usable[m
feb 10 07:48:06 klad kernel: BIOS-e820: [mem 0x000000000009f000-0x00000000000fffff] reserved[m
feb 10 07:48:06 klad kernel: BIOS-e820: [mem 0x0000000000100000-0x000000003c2c8fff] usable[m
feb 10 07:48:06 klad kernel: BIOS-e820: [mem 0x000000003c2c9000-0x000000003cbc8fff] reserved[m
feb 10 07:48:06 klad kernel: BIOS-e820: [mem 0x000000003cbc9000-0x000000003e9defff] usable[m
feb 10 07:48:06 klad kernel: BIOS-e820: [mem 0x000000003e9df000-0x000000003edaefff] type 20[m
feb 10 07:48:06 klad kernel: BIOS-e820: [mem 0x000000003edaf000-0x0000000040a7efff] reserved[m
feb 10 07:48:06 klad kernel: BIOS-e820: [mem 0x0000000040a7f000-0x0000000043a2efff] ACPI NVS[m
feb 10 07:48:06 klad kernel: BIOS-e820: [mem 0x0000000043a2f000-0x0000000043afefff] ACPI data[m
feb 10 07:48:06 klad kernel: BIOS-e820: [mem 0x0000000043aff000-0x0000000043afffff] usable[m
feb 10 07:48:06 klad kernel: BIOS-e820: [mem 0x0000000043b00000-0x0000000047ffffff] reserved[m
feb 10 07:48:06 klad kernel: BIOS-e820: [mem 0x0000000048e00000-0x0000000048ffffff] reserved[m
feb 10 07:48:06 klad kernel: BIOS-e820: [mem 0x000000004a000000-0x00000000507fffff] reserved[m
feb 10 07:48:06 klad kernel: BIOS-e820: [mem 0x00000000c0000000-0x00000000cfffffff] reserved[m
feb 10 07:48:06 klad kernel: BIOS-e820: [mem 0x00000000fe010000-0x00000000fe010fff] reserved[m
feb 10 07:48:06 klad kernel: BIOS-e820: [mem 0x00000000fed20000-0x00000000fed7ffff] reserved[m
feb 10 07:48:06 klad kernel: BIOS-e820: [mem 0x00000000ff000000-0x00000000ffffffff] reserved[m
feb 10 07:48:06 klad kernel: BIOS-e820: [mem 0x0000000100000000-0x00000004af7fffff] usable[m
feb 10 07:48:06 klad kernel: NX (Execute Disable) protection: active[m
feb 10 07:48:06 klad kernel: efi: EFI v2.80 by INSYDE Corp.[m
feb 10 07:48:06 klad kernel: efi: ACPI=0x43afe000 ACPI 2.0=0x43afe014 TPMFinalLog=0x439a6000 SMBIOS=0[m[7m>[27m
[7mlines 1-26[27m[K[K [KESCESC[KOO[KDD[H[2J[H[H[2J[Hfeb 10 07:48:06 klad kernel: microcode: microcode updated early to revision 0x43a, date = 2025-10-12[m
feb 10 07:48:06 klad kernel: [0;1;39m[0;1;31m[0;1;39mLinux version 6.1.0-37-amd64 (debian-kernel@lists.debian.org) (gcc-12 (D[m[7m>[27m
feb 10 07:48:06 klad kernel: Command line: BOOT_IMAGE=/vmlinuz-6.1.0-37-amd64 root=UUID=161a00c3-26c1[m[7m>[27m
feb 10 07:48:06 klad kernel: x86/split lock detection: #AC: crashing the kernel on kernel split_locks[m[7m>[27m
feb 10 07:48:06 klad kernel: BIOS-provided physical RAM map:[m
feb 10 07:48:06 klad kernel: BIOS-e820: [mem 0x0000000000000000-0x000000000009efff] usable[m
feb 10 07:48:06 klad kernel: BIOS-e820: [mem 0x000000000009f000-0x00000000000fffff] reserved[m
feb 10 07:48:06 klad kernel: BIOS-e820: [mem 0x0000000000100000-0x000000003c2c8fff] usable[m
feb 10 07:48:06 klad kernel: BIOS-e820: [mem 0x000000003c2c9000-0x000000003cbc8fff] reserved[m
feb 10 07:48:06 klad kernel: BIOS-e820: [mem 0x000000003cbc9000-0x000000003e9defff] usable[m
feb 10 07:48:06 klad kernel: BIOS-e820: [mem 0x000000003e9df000-0x000000003edaefff] type 20[m
feb 10 07:48:06 klad kernel: BIOS-e820: [mem 0x000000003edaf000-0x0000000040a7efff] reserved[m
feb 10 07:48:06 klad kernel: BIOS-e820: [mem 0x0000000040a7f000-0x0000000043a2efff] ACPI NVS[m
feb 10 07:48:06 klad kernel: BIOS-e820: [mem 0x0000000043a2f000-0x0000000043afefff] ACPI data[m
feb 10 07:48:06 klad kernel: BIOS-e820: [mem 0x0000000043aff000-0x0000000043afffff] usable[m
feb 10 07:48:06 klad kernel: BIOS-e820: [mem 0x0000000043b00000-0x0000000047ffffff] reserved[m
feb 10 07:48:06 klad kernel: BIOS-e820: [mem 0x0000000048e00000-0x0000000048ffffff] reserved[m
feb 10 07:48:06 klad kernel: BIOS-e820: [mem 0x000000004a000000-0x00000000507fffff] reserved[m
feb 10 07:48:06 klad kernel: BIOS-e820: [mem 0x00000000c0000000-0x00000000cfffffff] reserved[m
feb 10 07:48:06 klad kernel: BIOS-e820: [mem 0x00000000fe010000-0x00000000fe010fff] reserved[m
feb 10 07:48:06 klad kernel: BIOS-e820: [mem 0x00000000fed20000-0x00000000fed7ffff] reserved[m
feb 10 07:48:06 klad kernel: BIOS-e820: [mem 0x00000000ff000000-0x00000000ffffffff] reserved[m
feb 10 07:48:06 klad kernel: BIOS-e820: [mem 0x0000000100000000-0x00000004af7fffff] usable[m
feb 10 07:48:06 klad kernel: NX (Execute Disable) protection: active[m
feb 10 07:48:06 klad kernel: efi: EFI v2.80 by INSYDE Corp.[m
feb 10 07:48:06 klad kernel: efi: ACPI=0x43afe000 ACPI 2.0=0x43afe014 TPMFinalLog=0x439a6000 SMBIOS=0[m[7m>[27m
[7mlines 1-26[27m[K[K [KESCESC[KOO[KDD[H[2J[H[H[2J[Hfeb 10 07:48:06 klad kernel: microcode: microcode updated early to revision 0x43a, date = 2025-10-12[m
feb 10 07:48:06 klad kernel: [0;1;39m[0;1;31m[0;1;39mLinux version 6.1.0-37-amd64 (debian-kernel@lists.debian.org) (gcc-12 (D[m[7m>[27m
feb 10 07:48:06 klad kernel: Command line: BOOT_IMAGE=/vmlinuz-6.1.0-37-amd64 root=UUID=161a00c3-26c1[m[7m>[27m
feb 10 07:48:06 klad kernel: x86/split lock detection: #AC: crashing the kernel on kernel split_locks[m[7m>[27m
feb 10 07:48:06 klad kernel: BIOS-provided physical RAM map:[m
feb 10 07:48:06 klad kernel: BIOS-e820: [mem 0x0000000000000000-0x000000000009efff] usable[m
feb 10 07:48:06 klad kernel: BIOS-e820: [mem 0x000000000009f000-0x00000000000fffff] reserved[m
feb 10 07:48:06 klad kernel: BIOS-e820: [mem 0x0000000000100000-0x000000003c2c8fff] usable[m
feb 10 07:48:06 klad kernel: BIOS-e820: [mem 0x000000003c2c9000-0x000000003cbc8fff] reserved[m
feb 10 07:48:06 klad kernel: BIOS-e820: [mem 0x000000003cbc9000-0x000000003e9defff] usable[m
feb 10 07:48:06 klad kernel: BIOS-e820: [mem 0x000000003e9df000-0x000000003edaefff] type 20[m
feb 10 07:48:06 klad kernel: BIOS-e820: [mem 0x000000003edaf000-0x0000000040a7efff] reserved[m
feb 10 07:48:06 klad kernel: BIOS-e820: [mem 0x0000000040a7f000-0x0000000043a2efff] ACPI NVS[m
feb 10 07:48:06 klad kernel: BIOS-e820: [mem 0x0000000043a2f000-0x0000000043afefff] ACPI data[m
feb 10 07:48:06 klad kernel: BIOS-e820: [mem 0x0000000043aff000-0x0000000043afffff] usable[m
feb 10 07:48:06 klad kernel: BIOS-e820: [mem 0x0000000043b00000-0x0000000047ffffff] reserved[m
feb 10 07:48:06 klad kernel: BIOS-e820: [mem 0x0000000048e00000-0x0000000048ffffff] reserved[m
feb 10 07:48:06 klad kernel: BIOS-e820: [mem 0x000000004a000000-0x00000000507fffff] reserved[m
feb 10 07:48:06 klad kernel: BIOS-e820: [mem 0x00000000c0000000-0x00000000cfffffff] reserved[m
feb 10 07:48:06 klad kernel: BIOS-e820: [mem 0x00000000fe010000-0x00000000fe010fff] reserved[m
feb 10 07:48:06 klad kernel: BIOS-e820: [mem 0x00000000fed20000-0x00000000fed7ffff] reserved[m
feb 10 07:48:06 klad kernel: BIOS-e820: [mem 0x00000000ff000000-0x00000000ffffffff] reserved[m
feb 10 07:48:06 klad kernel: BIOS-e820: [mem 0x0000000100000000-0x00000004af7fffff] usable[m
feb 10 07:48:06 klad kernel: NX (Execute Disable) protection: active[m
feb 10 07:48:06 klad kernel: efi: EFI v2.80 by INSYDE Corp.[m
feb 10 07:48:06 klad kernel: efi: ACPI=0x43afe000 ACPI 2.0=0x43afe014 TPMFinalLog=0x439a6000 SMBIOS=0[m[7m>[27m
[7mlines 1-26[27m[K[K [KESCESC[KOO[KDD[H[2J[H[H[2J[Hfeb 10 07:48:06 klad kernel: microcode: microcode updated early to revision 0x43a, date = 2025-10-12[m
feb 10 07:48:06 klad kernel: [0;1;39m[0;1;31m[0;1;39mLinux version 6.1.0-37-amd64 (debian-kernel@lists.debian.org) (gcc-12 (D[m[7m>[27m
feb 10 07:48:06 klad kernel: Command line: BOOT_IMAGE=/vmlinuz-6.1.0-37-amd64 root=UUID=161a00c3-26c1[m[7m>[27m
feb 10 07:48:06 klad kernel: x86/split lock detection: #AC: crashing the kernel on kernel split_locks[m[7m>[27m
feb 10 07:48:06 klad kernel: BIOS-provided physical RAM map:[m
feb 10 07:48:06 klad kernel: BIOS-e820: [mem 0x0000000000000000-0x000000000009efff] usable[m
feb 10 07:48:06 klad kernel: BIOS-e820: [mem 0x000000000009f000-0x00000000000fffff] reserved[m
feb 10 07:48:06 klad kernel: BIOS-e820: [mem 0x0000000000100000-0x000000003c2c8fff] usable[m
feb 10 07:48:06 klad kernel: BIOS-e820: [mem 0x000000003c2c9000-0x000000003cbc8fff] reserved[m
feb 10 07:48:06 klad kernel: BIOS-e820: [mem 0x000000003cbc9000-0x000000003e9defff] usable[m
feb 10 07:48:06 klad kernel: BIOS-e820: [mem 0x000000003e9df000-0x000000003edaefff] type 20[m
feb 10 07:48:06 klad kernel: BIOS-e820: [mem 0x000000003edaf000-0x0000000040a7efff] reserved[m
feb 10 07:48:06 klad kernel: BIOS-e820: [mem 0x0000000040a7f000-0x0000000043a2efff] ACPI NVS[m
feb 10 07:48:06 klad kernel: BIOS-e820: [mem 0x0000000043a2f000-0x0000000043afefff] ACPI data[m
feb 10 07:48:06 klad kernel: BIOS-e820: [mem 0x0000000043aff000-0x0000000043afffff] usable[m
feb 10 07:48:06 klad kernel: BIOS-e820: [mem 0x0000000043b00000-0x0000000047ffffff] reserved[m
feb 10 07:48:06 klad kernel: BIOS-e820: [mem 0x0000000048e00000-0x0000000048ffffff] reserved[m
feb 10 07:48:06 klad kernel: BIOS-e820: [mem 0x000000004a000000-0x00000000507fffff] reserved[m
feb 10 07:48:06 klad kernel: BIOS-e820: [mem 0x00000000c0000000-0x00000000cfffffff] reserved[m
feb 10 07:48:06 klad kernel: BIOS-e820: [mem 0x00000000fe010000-0x00000000fe010fff] reserved[m
feb 10 07:48:06 klad kernel: BIOS-e820: [mem 0x00000000fed20000-0x00000000fed7ffff] reserved[m
feb 10 07:48:06 klad kernel: BIOS-e820: [mem 0x00000000ff000000-0x00000000ffffffff] reserved[m
feb 10 07:48:06 klad kernel: BIOS-e820: [mem 0x0000000100000000-0x00000004af7fffff] usable[m
feb 10 07:48:06 klad kernel: NX (Execute Disable) protection: active[m
feb 10 07:48:06 klad kernel: efi: EFI v2.80 by INSYDE Corp.[m
feb 10 07:48:06 klad kernel: efi: ACPI=0x43afe000 ACPI 2.0=0x43afe014 TPMFinalLog=0x439a6000 SMBIOS=0[m[7m>[27m
[7mlines 1-26[27m[K[K [KESCESC[KOO[KBB[Kfeb 10 07:48:06 klad kernel: secureboot: Secure boot disabled[m
[7mlines 2-27[27m[K[K [KESCESC[KOO[KBB[Kfeb 10 07:48:06 klad kernel: SMBIOS 3.3 present.[m
[7mlines 3-28[27m[K[K [KESCESC[KOO[KBB[Kfeb 10 07:48:06 klad kernel: DMI: Acer Swift SF314-71/Starfish_ADH, BIOS V1.08 05/23/2023[m
[7mlines 4-29[27m[K[K [KESCESC[KOO[KBB[Kfeb 10 07:48:06 klad kernel: tsc: Detected 2500.000 MHz processor[m
[7mlines 5-30[27m[K[K [KESCESC[KOO[KBB[Kfeb 10 07:48:06 klad kernel: tsc: Detected 2496.000 MHz TSC[m
[7mlines 6-31[27m[K[K [KESCESC[KOO[KBB[Kfeb 10 07:48:06 klad kernel: [0;38;5;245m[0;1;31m[0;38;5;245me820: update [mem 0x00000000-0x00000fff] usable ==> reserved[0m[m
[7mlines 7-32[27m[K[K [KESCESC[KOO[KBB[Kfeb 10 07:48:06 klad kernel: [0;38;5;245m[0;1;31m[0;38;5;245me820: remove [mem 0x000a0000-0x000fffff] usable[0m[m
[7mlines 8-33[27m[K[K [KESCESC[KOO[KBB[Kfeb 10 07:48:06 klad kernel: last_pfn = 0x4af800 max_arch_pfn = 0x400000000[m
[7mlines 9-34[27m[K[K [KESCESC[KOO[KBB[Kfeb 10 07:48:06 klad kernel: x86/PAT: Configuration [0-7]: WB  WC  UC- UC  WB  WP  UC- WT  [m
[7mlines 10-35[27m[K[K [KESCESC[KOO[KBB[Kfeb 10 07:48:06 klad kernel: last_pfn = 0x43b00 max_arch_pfn = 0x400000000[m
[7mlines 11-36[27m[K[K [KESCESC[KOO[KBB[Kfeb 10 07:48:06 klad kernel: esrt: Reserving ESRT space from 0x000000003844b498 to 0x000000003844b4f8.[m
[7mlines 12-37[27m[K[K [KESCESC[KOO[KBB[Kfeb 10 07:48:06 klad kernel: [0;38;5;245m[0;1;31m[0;38;5;245me820: update [mem 0x3844b000-0x3844bfff] usable ==> reserved[0m[m
[7mlines 13-38[27m[K[K [KESCESC[KOO[KBB[Kfeb 10 07:48:06 klad kernel: Using GB pages for direct mapping[m
[7mlines 14-39[27m[K[K [KESCESC[KOO[KBB[Kfeb 10 07:48:06 klad kernel: RAMDISK: [mem 0x2f395000-0x339c1fff][m
[7mlines 15-40[27m[K[K [KESCESC[KOO[KBB[Kfeb 10 07:48:06 klad kernel: ACPI: Early table checksum verification disabled[m
[7mlines 16-41[27m[K[K [KESCESC[KOO[KBB[Kfeb 10 07:48:06 klad kernel: ACPI: RSDP 0x0000000043AFE014 000024 (v02 ACRSYS)[m
[7mlines 17-42[27m[K[K [KESCESC[KOO[KBB[Kfeb 10 07:48:06 klad kernel: ACPI: XSDT 0x0000000043AC6188 00013C (v01 ACRSYS ACRPRDCT 00000002      [m[7m>[27m
[7mlines 18-43[27m[K[K [KESCESC[KOO[KBB[Kfeb 10 07:48:06 klad kernel: ACPI: FACP 0x0000000043AC5000 000114 (v06 ACRSYS ACRPRDCT 00000002 1025 [m[7m>[27m
[7mlines 19-44[27m[K[K [KESCESC[KOO[KBB[Kfeb 10 07:48:06 klad kernel: ACPI: DSDT 0x0000000043A4F000 0720C1 (v02 ACRSYS ACRPRDCT 00000002 1025 [m[7m>[27m
[7mlines 20-45[27m[K[K [KESCESC[KOO[KBB[Kfeb 10 07:48:06 klad kernel: ACPI: FACS 0x0000000043980000 000040[m
[7mlines 21-46[27m[K[K [KESCESC[KOO[KBB[Kfeb 10 07:48:06 klad kernel: ACPI: UEFI 0x0000000043A2E000 000236 (v01 ACRSYS ACRPRDCT 00000001 1025 [m[7m>[27m
[7mlines 22-47[27m[K[K [KESCESC[KOO[KBB[Kfeb 10 07:48:06 klad kernel: ACPI: SSDT 0x0000000043AF9000 003B86 (v02 ACRSYS ACRPRDCT 00001000 1025 [m[7m>[27m
[7mlines 23-48[27m[K[K [KESCESC[KOO[KBB[Kfeb 10 07:48:06 klad kernel: ACPI: SSDT 0x0000000043AF8000 00038C (v02 ACRSYS ACRPRDCT 00000001 1025 [m[7m>[27m
[7mlines 24-49[27m[K[K [KESCESC[KOO[KBB[Kfeb 10 07:48:06 klad kernel: ACPI: SSDT 0x0000000043AF2000 005D2C (v02 ACRSYS ACRPRDCT 00003000 1025 [m[7m>[27m
[7mlines 25-50[27m[K[K [KESCESC[KOO[KBB[Kfeb 10 07:48:06 klad kernel: ACPI: SSDT 0x0000000043AEF000 002A07 (v02 ACRSYS ACRPRDCT 00003000 1025 [m[7m>[27m
[7mlines 26-51[27m[K[K [KESCESC[KOO[KBB[Kfeb 10 07:48:06 klad kernel: ACPI: SSDT 0x0000000043AEB000 0033D3 (v02 ACRSYS ACRPRDCT 00003000 1025 [m[7m>[27m
[7mlines 27-52[27m[K[K [KESCESC[KOO[KBB[Kfeb 10 07:48:06 klad kernel: ACPI: SSDT 0x0000000043ADD000 00D2B3 (v02 INTEL  TcssSsdt 00001000 INTL [m[7m>[27m
[7mlines 28-53[27m[K[K [KESCESC[KOO[KBB[Kfeb 10 07:48:06 klad kernel: ACPI: SSDT 0x0000000043ADC000 00077B (v02 ACRSYS ACRPRDCT 00001000 1025 [m[7m>[27m
[7mlines 29-54[27m[K[K [KESCESC[KOO[KBB[Kfeb 10 07:48:06 klad kernel: ACPI: TPM2 0x0000000043ADB000 00004C (v04 ACRSYS ACRPRDCT 00000002 1025 [m[7m>[27m
[7mlines 30-55[27m[K[K [KESCESC[KOO[KBB[Kfeb 10 07:48:06 klad kernel: ACPI: MSDM 0x0000000043ADA000 000055 (v03 ACRSYS ACRPRDCT 00000001 1025 [m[7m>[27m
[7mlines 31-56[27m[K[K [KESCESC[KOO[KBB[Kfeb 10 07:48:06 klad kernel: ACPI: SSDT 0x0000000043AD8000 001B1D (v02 ACRSYS ACRPRDCT 00001000 1025 [m[7m>[27m
[7mlines 32-57[27m[K[K [KESCESC[KOO[KBB[Kfeb 10 07:48:06 klad kernel: ACPI: LPIT 0x0000000043AD7000 0000CC (v01 ACRSYS ACRPRDCT 00000002 1025 [m[7m>[27m
[7mlines 33-58[27m[K[K [KESCESC[KOO[KBB[Kfeb 10 07:48:06 klad kernel: ACPI: WSMT 0x0000000043AD6000 000028 (v01 ACRSYS ACRPRDCT 00000002 1025 [m[7m>[27m
[7mlines 34-59[27m[K[K [KESCESC[KOO[KBB[Kfeb 10 07:48:06 klad kernel: ACPI: SSDT 0x0000000043AD5000 000AD9 (v02 ACRSYS ACRPRDCT 00001000 1025 [m[7m>[27m
[7mlines 35-60[27m[K[K [KESCESC[KOO[KBB[Kfeb 10 07:48:06 klad kernel: ACPI: SSDT 0x0000000043AD2000 002357 (v02 ACRSYS ACRPRDCT 00000000 1025 [m[7m>[27m
[7mlines 36-61[27m[K[K [KESCESC[KOO[KBB[Kfeb 10 07:48:06 klad kernel: ACPI: DBGP 0x0000000043AD1000 000034 (v01 ACRSYS ACRPRDCT 00000002 1025 [m[7m>[27m
[7mlines 37-62[27m[K[K [KESCESC[KOO[KBB[Kfeb 10 07:48:06 klad kernel: ACPI: DBG2 0x0000000043AD0000 000054 (v00 ACRSYS ACRPRDCT 00000002 1025 [m[7m>[27m
[7mlines 38-63[27m[K[K [KESCESC[KOO[KBB[Kfeb 10 07:48:06 klad kernel: ACPI: NHLT 0x0000000043ACE000 001B64 (v00 ACRSYS ACRPRDCT 00000002 1025 [m[7m>[27m
[7mlines 39-64[27m[K[K [KESCESC[KOO[KBB[Kfeb 10 07:48:06 klad kernel: ACPI: SSDT 0x0000000043AC7000 006EF7 (v01 ACRSYS ACRPRDCT 00001000 1025 [m[7m>[27m
[7mlines 40-65[27m[K[K [KESCESC[KOO[KBB[Kfeb 10 07:48:06 klad kernel: ACPI: ECDT 0x0000000043AFD000 000069 (v01 ACRSYS ACRPRDCT 00000002 1025 [m[7m>[27m
[7mlines 41-66[27m[K[K [KESCESC[KOO[KBB[Kfeb 10 07:48:06 klad kernel: ACPI: HPET 0x0000000043AC4000 000038 (v01 ACRSYS ACRPRDCT 00000002 1025 [m[7m>[27m
[7mlines 42-67[27m[K[K [KESCESC[KOO[KBB[Kfeb 10 07:48:06 klad kernel: ACPI: APIC 0x0000000043AC3000 0001DC (v04 ACRSYS ACRPRDCT 00000002 1025 [m[7m>[27m
[7mlines 43-68[27m[K[K [KESCESC[KOO[KBB[Kfeb 10 07:48:06 klad kernel: ACPI: MCFG 0x0000000043AC2000 00003C (v01 ACRSYS ACRPRDCT 00000002 1025 [m[7m>[27m
[7mlines 44-69[27m[K[K [KESCESC[KOO[KBB[Kfeb 10 07:48:06 klad kernel: ACPI: SSDT 0x0000000043A49000 005AC0 (v02 ACRSYS ACRPRDCT 00000002 1025 [m[7m>[27m
[7mlines 45-70[27m[K[K [KESCESC[KOO[KBB[Kfeb 10 07:48:06 klad kernel: ACPI: SSDT 0x0000000043A47000 001D0E (v02 ACRSYS ACRPRDCT 00000002 1025 [m[7m>[27m
[7mlines 46-71[27m[K[K [KESCESC[KOO[KBB[Kfeb 10 07:48:06 klad kernel: ACPI: $H2O 0x0000000043A46000 00002C (v01 ACRSYS ACRPRDCT 00000001 1025 [m[7m>[27m
[7mlines 47-72[27m[K[K [KESCESC[KOO[KBB[Kfeb 10 07:48:06 klad kernel: ACPI: DMAR 0x0000000043A45000 000088 (v02 ACRSYS ACRPRDCT 00000002 1025 [m[7m>[27m
[7mlines 48-73[27m[K[K [KESCESC[KOO[KBB[Kfeb 10 07:48:06 klad kernel: ACPI: SSDT 0x0000000043A44000 000B45 (v02 ACRSYS ACRPRDCT 00000000 1025 [m[7m>[27m
[7mlines 49-74[27m[K[K [KESCESC[KOO[KBB[Kfeb 10 07:48:06 klad kernel: ACPI: SSDT 0x0000000043A40000 003AEA (v02 ACRSYS ACRPRDCT 00003000 1025 [m[7m>[27m
[7mlines 50-75[27m[K[K [KESCESC[KOO[KBB[Kfeb 10 07:48:06 klad kernel: ACPI: SSDT 0x0000000043A3C000 0039DA (v02 ACRSYS ACRPRDCT 00003000 1025 [m[7m>[27m
[7mlines 51-76[27m[K[K [KESCESC[KOO[KBB[Kfeb 10 07:48:06 klad kernel: ACPI: SSDT 0x0000000043A3B000 0000F8 (v01 ACRSYS ACRPRDCT 00001000 1025 [m[7m>[27m
[7mlines 52-77[27m[K[K [KESCESC[KOO[KBB[Kfeb 10 07:48:06 klad kernel: ACPI: FPDT 0x0000000043A3A000 000044 (v01 ACRSYS ACRPRDCT 00000002 1025 [m[7m>[27m
[7mlines 53-78[27m[K[K [KESCESC[KOO[KBB[Kfeb 10 07:48:06 klad kernel: ACPI: PHAT 0x0000000043A38000 0007FC (v01 ACRSYS ACRPRDCT 00000005 1025 [m[7m>[27m
[7mlines 54-79[27m[K[K [KESCESC[KOO[KBB[Kfeb 10 07:48:06 klad kernel: ACPI: BGRT 0x0000000043A39000 000038 (v01 ACRSYS ACRPRDCT 00000001 1025 [m[7m>[27m
[7mlines 55-80[27m[K[K [KESCESC[KOO[KBB[Kfeb 10 07:48:06 klad kernel: ACPI: Reserving FACP table memory at [mem 0x43ac5000-0x43ac5113][m
[7mlines 56-81[27m[K[K [KESCESC[KOO[KBB[Kfeb 10 07:48:06 klad kernel: ACPI: Reserving DSDT table memory at [mem 0x43a4f000-0x43ac10c0][m
[7mlines 57-82[27m[K[K [KESCESC[KOO[KBB[Kfeb 10 07:48:06 klad kernel: ACPI: Reserving FACS table memory at [mem 0x43980000-0x4398003f][m
[7mlines 58-83[27m[K[K [KESCESC[KOO[KBB[Kfeb 10 07:48:06 klad kernel: ACPI: Reserving UEFI table memory at [mem 0x43a2e000-0x43a2e235][m
[7mlines 59-84[27m[K[K [KESCESC[KOO[KBB[Kfeb 10 07:48:06 klad kernel: ACPI: Reserving SSDT table memory at [mem 0x43af9000-0x43afcb85][m
[7mlines 60-85[27m[K[K [KESCESC[KOO[KBB[Kfeb 10 07:48:06 klad kernel: ACPI: Reserving SSDT table memory at [mem 0x43af8000-0x43af838b][m
[7mlines 61-86[27m[K[K [KESCESC[KOO[KBB[Kfeb 10 07:48:06 klad kernel: ACPI: Reserving SSDT table memory at [mem 0x43af2000-0x43af7d2b][m
[7mlines 62-87[27m[K[K [KESCESC[KOO[KBB[Kfeb 10 07:48:06 klad kernel: ACPI: Reserving SSDT table memory at [mem 0x43aef000-0x43af1a06][m
[7mlines 63-88[27m[K[K [KESCESC[KOO[KBB[Kfeb 10 07:48:06 klad kernel: ACPI: Reserving SSDT table memory at [mem 0x43aeb000-0x43aee3d2][m
[7mlines 64-89[27m[K[K [KESCESC[KOO[KBB[Kfeb 10 07:48:06 klad kernel: ACPI: Reserving SSDT table memory at [mem 0x43add000-0x43aea2b2][m
[7mlines 65-90[27m[K[K [KESCESC[KOO[KBB[Kfeb 10 07:48:06 klad kernel: ACPI: Reserving SSDT table memory at [mem 0x43adc000-0x43adc77a][m
[7mlines 66-91[27m[K[K [KESCESC[KOO[KBB[Kfeb 10 07:48:06 klad kernel: ACPI: Reserving TPM2 table memory at [mem 0x43adb000-0x43adb04b][m
[7mlines 67-92[27m[K[K [KESCESC[KOO[KBB[Kfeb 10 07:48:06 klad kernel: ACPI: Reserving MSDM table memory at [mem 0x43ada000-0x43ada054][m
[7mlines 68-93[27m[K[K [KESCESC[KOO[KBB[Kfeb 10 07:48:06 klad kernel: ACPI: Reserving SSDT table memory at [mem 0x43ad8000-0x43ad9b1c][m
[7mlines 69-94[27m[K[K [KESCESC[KOO[KBB[Kfeb 10 07:48:06 klad kernel: ACPI: Reserving LPIT table memory at [mem 0x43ad7000-0x43ad70cb][m
[7mlines 70-95[27m[K[K [KESCESC[KOO[KBB[Kfeb 10 07:48:06 klad kernel: ACPI: Reserving WSMT table memory at [mem 0x43ad6000-0x43ad6027][m
[7mlines 71-96[27m[K[K [KESCESC[KOO[KBB[Kfeb 10 07:48:06 klad kernel: ACPI: Reserving SSDT table memory at [mem 0x43ad5000-0x43ad5ad8][m
[7mlines 72-97[27m[K[K [KESCESC[KOO[KBB[Kfeb 10 07:48:06 klad kernel: ACPI: Reserving SSDT table memory at [mem 0x43ad2000-0x43ad4356][m
[7mlines 73-98[27m[K[K [KESCESC[KOO[KBB[Kfeb 10 07:48:06 klad kernel: ACPI: Reserving DBGP table memory at [mem 0x43ad1000-0x43ad1033][m
[7mlines 74-99[27m[K[K [KESCESC[KOO[KBB[Kfeb 10 07:48:06 klad kernel: ACPI: Reserving DBG2 table memory at [mem 0x43ad0000-0x43ad0053][m
[7mlines 75-100[27m[K[K [KESCESC[KOO[KBB[Kfeb 10 07:48:06 klad kernel: ACPI: Reserving NHLT table memory at [mem 0x43ace000-0x43acfb63][m
[7mlines 76-101[27m[K[K [KESCESC[KOO[KBB[Kfeb 10 07:48:06 klad kernel: ACPI: Reserving SSDT table memory at [mem 0x43ac7000-0x43acdef6][m
[7mlines 77-102[27m[K[K [KESCESC[KOO[KBB[Kfeb 10 07:48:06 klad kernel: ACPI: Reserving ECDT table memory at [mem 0x43afd000-0x43afd068][m
[7mlines 78-103[27m[K[K [KESCESC[KOO[KBB[Kfeb 10 07:48:06 klad kernel: ACPI: Reserving HPET table memory at [mem 0x43ac4000-0x43ac4037][m
[7mlines 79-104[27m[K[K [KESCESC[KOO[KBB[Kfeb 10 07:48:06 klad kernel: ACPI: Reserving APIC table memory at [mem 0x43ac3000-0x43ac31db][m
[7mlines 80-105[27m[K[K [KESCESC[KOO[KBB[Kfeb 10 07:48:06 klad kernel: ACPI: Reserving MCFG table memory at [mem 0x43ac2000-0x43ac203b][m
[7mlines 81-106[27m[K[K [KESCESC[KOO[KBB[Kfeb 10 07:48:06 klad kernel: ACPI: Reserving SSDT table memory at [mem 0x43a49000-0x43a4eabf][m
[7mlines 82-107[27m[K[K [KESCESC[KOO[KBB[Kfeb 10 07:48:06 klad kernel: ACPI: Reserving SSDT table memory at [mem 0x43a47000-0x43a48d0d][m
[7mlines 83-108[27m[K[K [KESCESC[KOO[KBB[Kfeb 10 07:48:06 klad kernel: ACPI: Reserving $H2O table memory at [mem 0x43a46000-0x43a4602b][m
[7mlines 84-109[27m[K[K [KESCESC[KOO[KBB[Kfeb 10 07:48:06 klad kernel: ACPI: Reserving DMAR table memory at [mem 0x43a45000-0x43a45087][m
[7mlines 85-110[27m[K[K [KESCESC[KOO[KBB[Kfeb 10 07:48:06 klad kernel: ACPI: Reserving SSDT table memory at [mem 0x43a44000-0x43a44b44][m
[7mlines 86-111[27m[K[K [KESCESC[KOO[KBB[Kfeb 10 07:48:06 klad kernel: ACPI: Reserving SSDT table memory at [mem 0x43a40000-0x43a43ae9][m
[7mlines 87-112[27m[K[K [KESCESC[KOO[KBB[Kfeb 10 07:48:06 klad kernel: ACPI: Reserving SSDT table memory at [mem 0x43a3c000-0x43a3f9d9][m
[7mlines 88-113[27m[K[K [KESCESC[KOO[KBB[Kfeb 10 07:48:06 klad kernel: ACPI: Reserving SSDT table memory at [mem 0x43a3b000-0x43a3b0f7][m
[7mlines 89-114[27m[K[K [KESCESC[KOO[KBB[Kfeb 10 07:48:06 klad kernel: ACPI: Reserving FPDT table memory at [mem 0x43a3a000-0x43a3a043][m
[7mlines 90-115[27m[K[K [KESCESC[KOO[KBB[Kfeb 10 07:48:06 klad kernel: ACPI: Reserving PHAT table memory at [mem 0x43a38000-0x43a387fb][m
[7mlines 91-116[27m[K[K [KESCESC[KOO[KBB[Kfeb 10 07:48:06 klad kernel: ACPI: Reserving BGRT table memory at [mem 0x43a39000-0x43a39037][m
[7mlines 92-117[27m[K[K [KESCESC[KOO[KBB[Kfeb 10 07:48:06 klad kernel: No NUMA configuration found[m
[7mlines 93-118[27m[K[K [KESCESC[KOO[KBB[Kfeb 10 07:48:06 klad kernel: Faking a node at [mem 0x0000000000000000-0x00000004af7fffff][m
[7mlines 94-119[27m[K[K [KESCESC[KOO[KBB[Kfeb 10 07:48:06 klad kernel: NODE_DATA(0) allocated [mem 0x4af7d5000-0x4af7fffff][m
[7mlines 95-120[27m[K[K [KESCESC[KOO[KBB[Kfeb 10 07:48:06 klad kernel: Zone ranges:[m
[7mlines 96-121[27m[K[K [KESCESC[KOO[KBB[Kfeb 10 07:48:06 klad kernel:   DMA      [mem 0x0000000000001000-0x0000000000ffffff][m
[7mlines 97-122[27m[K[K [KESCESC[KOO[KBB[Kfeb 10 07:48:06 klad kernel:   DMA32    [mem 0x0000000001000000-0x00000000ffffffff][m
[7mlines 98-123[27m[K[K [KESCESC[KOO[KBB[Kfeb 10 07:48:06 klad kernel:   Normal   [mem 0x0000000100000000-0x00000004af7fffff][m
[7mlines 99-124[27m[K[K [KESCESC[KOO[KBB[Kfeb 10 07:48:06 klad kernel:   Device   empty[m
[7mlines 100-125[27m[K[K [KESCESC[KOO[KBB[Kfeb 10 07:48:06 klad kernel: Movable zone start for each node[m
[7mlines 101-126[27m[K[K [KESCESC[KOO[KBB[Kfeb 10 07:48:06 klad kernel: Early memory node ranges[m
[7mlines 102-127[27m[K[K [KESCESC[KOO[KBB[Kfeb 10 07:48:06 klad kernel:   node   0: [mem 0x0000000000001000-0x000000000009efff][m
[7mlines 103-128[27m[K[K [KESCESC[KOO[KBB[Kfeb 10 07:48:06 klad kernel:   node   0: [mem 0x0000000000100000-0x000000003c2c8fff][m
[7mlines 104-129[27m[K[K [KESCESC[KOO[KBB[Kfeb 10 07:48:06 klad kernel:   node   0: [mem 0x000000003cbc9000-0x000000003e9defff][m
[7mlines 105-130[27m[K[K [KESCESC[KOO[KBB[Kfeb 10 07:48:06 klad kernel:   node   0: [mem 0x0000000043aff000-0x0000000043afffff][m
[7mlines 106-131[27m[K[K [KESCESC[KOO[KBB[Kfeb 10 07:48:06 klad kernel:   node   0: [mem 0x0000000100000000-0x00000004af7fffff][m
[7mlines 107-132[27m[K[K [KESCESC[KOO[KBB[Kfeb 10 07:48:06 klad kernel: Initmem setup node 0 [mem 0x0000000000001000-0x00000004af7fffff][m
[7mlines 108-133[27m[K[K [KESCESC[KOO[KBB[Kfeb 10 07:48:06 klad kernel: On node 0, zone DMA: 1 pages in unavailable ranges[m
[7mlines 109-134[27m[K[K [KESCESC[KOO[KBB[Kfeb 10 07:48:06 klad kernel: On node 0, zone DMA: 97 pages in unavailable ranges[m
[7mlines 110-135[27m[K[K [KESCESC[KOO[KBB[Kfeb 10 07:48:06 klad kernel: On node 0, zone DMA32: 2304 pages in unavailable ranges[m
[7mlines 111-136[27m[K[K [KESCESC[KOO[KBB[Kfeb 10 07:48:06 klad kernel: On node 0, zone DMA32: 20768 pages in unavailable ranges[m
[7mlines 112-137[27m[K[K [KESCESC[KOO[KAA[K[HMfeb 10 07:48:06 klad kernel: ACPI: Reserving SSDT table memory at [mem 0x43a44000-0x43a44b44][m
[27;1H[K[7mlines 111-136[27m[K[K [KESCESC[KOO[KAA[K[HMfeb 10 07:48:06 klad kernel: ACPI: Reserving DMAR table memory at [mem 0x43a45000-0x43a45087][m
[27;1H[K[7mlines 110-135[27m[K[K [KESCESC[KOO[KAA[K[HMfeb 10 07:48:06 klad kernel: ACPI: Reserving $H2O table memory at [mem 0x43a46000-0x43a4602b][m
[27;1H[K[7mlines 109-134[27m[K[K [KESCESC[KOO[KAA[K[HMfeb 10 07:48:06 klad kernel: ACPI: Reserving SSDT table memory at [mem 0x43a47000-0x43a48d0d][m
[27;1H[K[7mlines 108-133[27m[K[K [KESCESC[KOO[KAA[K[HMfeb 10 07:48:06 klad kernel: ACPI: Reserving SSDT table memory at [mem 0x43a49000-0x43a4eabf][m
[27;1H[K[7mlines 107-132[27m[K[K [KESCESC[KOO[KAA[K[HMfeb 10 07:48:06 klad kernel: ACPI: Reserving MCFG table memory at [mem 0x43ac2000-0x43ac203b][m
[27;1H[K[7mlines 106-131[27m[K[K [KESCESC[KOO[KAA[K[HMfeb 10 07:48:06 klad kernel: ACPI: Reserving APIC table memory at [mem 0x43ac3000-0x43ac31db][m
[27;1H[K[7mlines 105-130[27m[K[K [KESCESC[KOO[KAA[K[HMfeb 10 07:48:06 klad kernel: ACPI: Reserving HPET table memory at [mem 0x43ac4000-0x43ac4037][m
[27;1H[K[7mlines 104-129[27m[K[K [KESCESC[KOO[KAA[K[HMfeb 10 07:48:06 klad kernel: ACPI: Reserving ECDT table memory at [mem 0x43afd000-0x43afd068][m
[27;1H[K[7mlines 103-128[27m[K[K [KESCESC[KOO[KAA[K[HMfeb 10 07:48:06 klad kernel: ACPI: Reserving SSDT table memory at [mem 0x43ac7000-0x43acdef6][m
[27;1H[K[7mlines 102-127[27m[K[K [KESCESC[KOO[KAA[K[HMfeb 10 07:48:06 klad kernel: ACPI: Reserving NHLT table memory at [mem 0x43ace000-0x43acfb63][m
[27;1H[K[7mlines 101-126[27m[K[K [KESCESC[KOO[KAA[K[HMfeb 10 07:48:06 klad kernel: ACPI: Reserving DBG2 table memory at [mem 0x43ad0000-0x43ad0053][m
[27;1H[K[7mlines 100-125[27m[K[K [KESCESC[KOO[KAA[K[HMfeb 10 07:48:06 klad kernel: ACPI: Reserving DBGP table memory at [mem 0x43ad1000-0x43ad1033][m
[27;1H[K[7mlines 99-124[27m[K[K [KESCESC[KOO[KAA[K[HMfeb 10 07:48:06 klad kernel: ACPI: Reserving SSDT table memory at [mem 0x43ad2000-0x43ad4356][m
[27;1H[K[7mlines 98-123[27m[K[K [KESCESC[KOO[KAA[K[HMfeb 10 07:48:06 klad kernel: ACPI: Reserving SSDT table memory at [mem 0x43ad5000-0x43ad5ad8][m
[27;1H[K[7mlines 97-122[27m[K[K [KESCESC[KOO[KAA[K[HMfeb 10 07:48:06 klad kernel: ACPI: Reserving WSMT table memory at [mem 0x43ad6000-0x43ad6027][m
[27;1H[K[7mlines 96-121[27m[K[K [KESCESC[KOO[KAA[K[HMfeb 10 07:48:06 klad kernel: ACPI: Reserving LPIT table memory at [mem 0x43ad7000-0x43ad70cb][m
[27;1H[K[7mlines 95-120[27m[K[K [KESCESC[KOO[KAA[K[HMfeb 10 07:48:06 klad kernel: ACPI: Reserving SSDT table memory at [mem 0x43ad8000-0x43ad9b1c][m
[27;1H[K[7mlines 94-119[27m[K[K [KESCESC[KOO[KAA[K[HMfeb 10 07:48:06 klad kernel: ACPI: Reserving MSDM table memory at [mem 0x43ada000-0x43ada054][m
[27;1H[K[7mlines 93-118[27m[K[K [KESCESC[KOO[KAA[K[HMfeb 10 07:48:06 klad kernel: ACPI: Reserving TPM2 table memory at [mem 0x43adb000-0x43adb04b][m
[27;1H[K[7mlines 92-117[27m[K[K [KESCESC[KOO[KAA[K[HMfeb 10 07:48:06 klad kernel: ACPI: Reserving SSDT table memory at [mem 0x43adc000-0x43adc77a][m
[27;1H[K[7mlines 91-116[27m[K[K [KESCESC[KOO[KAA[K[HMfeb 10 07:48:06 klad kernel: ACPI: Reserving SSDT table memory at [mem 0x43add000-0x43aea2b2][m
[27;1H[K[7mlines 90-115[27m[K[K [KESCESC[KOO[KAA[K[HMfeb 10 07:48:06 klad kernel: ACPI: Reserving SSDT table memory at [mem 0x43aeb000-0x43aee3d2][m
[27;1H[K[7mlines 89-114[27m[K[K [KESCESC[KOO[KAA[K[HMfeb 10 07:48:06 klad kernel: ACPI: Reserving SSDT table memory at [mem 0x43aef000-0x43af1a06][m
[27;1H[K[7mlines 88-113[27m[K[K [KESCESC[KOO[KAA[K[HMfeb 10 07:48:06 klad kernel: ACPI: Reserving SSDT table memory at [mem 0x43af2000-0x43af7d2b][m
[27;1H[K[7mlines 87-112[27m[K[K [KESCESC[KOO[KAA[K[HMfeb 10 07:48:06 klad kernel: ACPI: Reserving SSDT table memory at [mem 0x43af8000-0x43af838b][m
[27;1H[K[7mlines 86-111[27m[K[K [KESCESC[KOO[KAA[K[HMfeb 10 07:48:06 klad kernel: ACPI: Reserving SSDT table memory at [mem 0x43af9000-0x43afcb85][m
[27;1H[K[7mlines 85-110[27m[K[K [KESCESC[KOO[KAA[K[HMfeb 10 07:48:06 klad kernel: ACPI: Reserving UEFI table memory at [mem 0x43a2e000-0x43a2e235][m
[27;1H[K[7mlines 84-109[27m[K[K [KESCESC[KOO[KAA[K[HMfeb 10 07:48:06 klad kernel: ACPI: Reserving FACS table memory at [mem 0x43980000-0x4398003f][m
[27;1H[K[7mlines 83-108[27m[K[K [KESCESC[KOO[KAA[K[HMfeb 10 07:48:06 klad kernel: ACPI: Reserving DSDT table memory at [mem 0x43a4f000-0x43ac10c0][m
[27;1H[K[7mlines 82-107[27m[K[K [KESCESC[KOO[KAA[K[HMfeb 10 07:48:06 klad kernel: ACPI: Reserving FACP table memory at [mem 0x43ac5000-0x43ac5113][m
[27;1H[K[7mlines 81-106[27m[K[K [KESCESC[KOO[KAA[K[HMfeb 10 07:48:06 klad kernel: ACPI: BGRT 0x0000000043A39000 000038 (v01 ACRSYS ACRPRDCT 00000001 1025 [m[7m>[27m
[27;1H[K[7mlines 80-105[27m[K[K [KESCESC[KOO[KAA[K[HMfeb 10 07:48:06 klad kernel: ACPI: PHAT 0x0000000043A38000 0007FC (v01 ACRSYS ACRPRDCT 00000005 1025 [m[7m>[27m
[27;1H[K[7mlines 79-104[27m[K[K [KESCESC[KOO[KAA[K[HMfeb 10 07:48:06 klad kernel: ACPI: FPDT 0x0000000043A3A000 000044 (v01 ACRSYS ACRPRDCT 00000002 1025 [m[7m>[27m
[27;1H[K[7mlines 78-103[27m[K[K [KESCESC[KOO[KAA[K[HMfeb 10 07:48:06 klad kernel: ACPI: SSDT 0x0000000043A3B000 0000F8 (v01 ACRSYS ACRPRDCT 00001000 1025 [m[7m>[27m
[27;1H[K[7mlines 77-102[27m[K[K [KESCESC[KOO[KAA[K[HMfeb 10 07:48:06 klad kernel: ACPI: SSDT 0x0000000043A3C000 0039DA (v02 ACRSYS ACRPRDCT 00003000 1025 [m[7m>[27m
[27;1H[K[7mlines 76-101[27m[K[K [KESCESC[KOO[KAA[K[HMfeb 10 07:48:06 klad kernel: ACPI: SSDT 0x0000000043A40000 003AEA (v02 ACRSYS ACRPRDCT 00003000 1025 [m[7m>[27m
[27;1H[K[7mlines 75-100[27m[K[K [KESCESC[KOO[KAA[K[HMfeb 10 07:48:06 klad kernel: ACPI: SSDT 0x0000000043A44000 000B45 (v02 ACRSYS ACRPRDCT 00000000 1025 [m[7m>[27m
[27;1H[K[7mlines 74-99[27m[K[K [KESCESC[KOO[KAA[K[HMfeb 10 07:48:06 klad kernel: ACPI: DMAR 0x0000000043A45000 000088 (v02 ACRSYS ACRPRDCT 00000002 1025 [m[7m>[27m
[27;1H[K[7mlines 73-98[27m[K[K [KESCESC[KOO[KAA[K[HMfeb 10 07:48:06 klad kernel: ACPI: $H2O 0x0000000043A46000 00002C (v01 ACRSYS ACRPRDCT 00000001 1025 [m[7m>[27m
[27;1H[K[7mlines 72-97[27m[K[K [KESCESC[KOO[KAA[K[HMfeb 10 07:48:06 klad kernel: ACPI: SSDT 0x0000000043A47000 001D0E (v02 ACRSYS ACRPRDCT 00000002 1025 [m[7m>[27m
[27;1H[K[7mlines 71-96[27m[K[K [KESCESC[KOO[KAA[K[HMfeb 10 07:48:06 klad kernel: ACPI: SSDT 0x0000000043A49000 005AC0 (v02 ACRSYS ACRPRDCT 00000002 1025 [m[7m>[27m
[27;1H[K[7mlines 70-95[27m[K[K [KESCESC[KOO[KAA[K[HMfeb 10 07:48:06 klad kernel: ACPI: MCFG 0x0000000043AC2000 00003C (v01 ACRSYS ACRPRDCT 00000002 1025 [m[7m>[27m
[27;1H[K[7mlines 69-94[27m[K[K [KESCESC[KOO[KAA[K[HMfeb 10 07:48:06 klad kernel: ACPI: APIC 0x0000000043AC3000 0001DC (v04 ACRSYS ACRPRDCT 00000002 1025 [m[7m>[27m
[27;1H[K[7mlines 68-93[27m[K[K [KESCESC[KOO[KAA[K[HMfeb 10 07:48:06 klad kernel: ACPI: HPET 0x0000000043AC4000 000038 (v01 ACRSYS ACRPRDCT 00000002 1025 [m[7m>[27m
[27;1H[K[7mlines 67-92[27m[K[K [KESCESC[KOO[KAA[K[HMfeb 10 07:48:06 klad kernel: ACPI: ECDT 0x0000000043AFD000 000069 (v01 ACRSYS ACRPRDCT 00000002 1025 [m[7m>[27m
[27;1H[K[7mlines 66-91[27m[K[K [KESCESC[KOO[KAA[K[HMfeb 10 07:48:06 klad kernel: ACPI: SSDT 0x0000000043AC7000 006EF7 (v01 ACRSYS ACRPRDCT 00001000 1025 [m[7m>[27m
[27;1H[K[7mlines 65-90[27m[K[K [KESCESC[KOO[KAA[K[HMfeb 10 07:48:06 klad kernel: ACPI: NHLT 0x0000000043ACE000 001B64 (v00 ACRSYS ACRPRDCT 00000002 1025 [m[7m>[27m
[27;1H[K[7mlines 64-89[27m[K[K [KESCESC[KOO[KAA[K[HMfeb 10 07:48:06 klad kernel: ACPI: DBG2 0x0000000043AD0000 000054 (v00 ACRSYS ACRPRDCT 00000002 1025 [m[7m>[27m
[27;1H[K[7mlines 63-88[27m[K[K [KESCESC[KOO[KAA[K[HMfeb 10 07:48:06 klad kernel: ACPI: DBGP 0x0000000043AD1000 000034 (v01 ACRSYS ACRPRDCT 00000002 1025 [m[7m>[27m
[27;1H[K[7mlines 62-87[27m[K[K [KESCESC[KOO[KAA[K[HMfeb 10 07:48:06 klad kernel: ACPI: SSDT 0x0000000043AD2000 002357 (v02 ACRSYS ACRPRDCT 00000000 1025 [m[7m>[27m
[27;1H[K[7mlines 61-86[27m[K[K [KESCESC[KOO[KAA[K[HMfeb 10 07:48:06 klad kernel: ACPI: SSDT 0x0000000043AD5000 000AD9 (v02 ACRSYS ACRPRDCT 00001000 1025 [m[7m>[27m
[27;1H[K[7mlines 60-85[27m[K[K [KESCESC[KOO[KAA[K[HMfeb 10 07:48:06 klad kernel: ACPI: WSMT 0x0000000043AD6000 000028 (v01 ACRSYS ACRPRDCT 00000002 1025 [m[7m>[27m
[27;1H[K[7mlines 59-84[27m[K[K [KESCESC[KOO[KAA[K[HMfeb 10 07:48:06 klad kernel: ACPI: LPIT 0x0000000043AD7000 0000CC (v01 ACRSYS ACRPRDCT 00000002 1025 [m[7m>[27m
[27;1H[K[7mlines 58-83[27m[K[K [KESCESC[KOO[KAA[K[HMfeb 10 07:48:06 klad kernel: ACPI: SSDT 0x0000000043AD8000 001B1D (v02 ACRSYS ACRPRDCT 00001000 1025 [m[7m>[27m
[27;1H[K[7mlines 57-82[27m[K[K [KESCESC[KOO[KAA[K[HMfeb 10 07:48:06 klad kernel: ACPI: MSDM 0x0000000043ADA000 000055 (v03 ACRSYS ACRPRDCT 00000001 1025 [m[7m>[27m
[27;1H[K[7mlines 56-81[27m[K[K [KESCESC[KOO[KAA[K[HMfeb 10 07:48:06 klad kernel: ACPI: TPM2 0x0000000043ADB000 00004C (v04 ACRSYS ACRPRDCT 00000002 1025 [m[7m>[27m
[27;1H[K[7mlines 55-80[27m[K[K [KESCESC[KOO[KAA[K[HMfeb 10 07:48:06 klad kernel: ACPI: SSDT 0x0000000043ADC000 00077B (v02 ACRSYS ACRPRDCT 00001000 1025 [m[7m>[27m
[27;1H[K[7mlines 54-79[27m[K[K [KESCESC[KOO[KAA[K[HMfeb 10 07:48:06 klad kernel: ACPI: SSDT 0x0000000043ADD000 00D2B3 (v02 INTEL  TcssSsdt 00001000 INTL [m[7m>[27m
[27;1H[K[7mlines 53-78[27m[K[K [KESCESC[KOO[KAA[K[HMfeb 10 07:48:06 klad kernel: ACPI: SSDT 0x0000000043AEB000 0033D3 (v02 ACRSYS ACRPRDCT 00003000 1025 [m[7m>[27m
[27;1H[K[7mlines 52-77[27m[K[K [KESCESC[KOO[KAA[K[HMfeb 10 07:48:06 klad kernel: ACPI: SSDT 0x0000000043AEF000 002A07 (v02 ACRSYS ACRPRDCT 00003000 1025 [m[7m>[27m
[27;1H[K[7mlines 51-76[27m[K[K [KESCESC[KOO[KAA[K[HMfeb 10 07:48:06 klad kernel: ACPI: SSDT 0x0000000043AF2000 005D2C (v02 ACRSYS ACRPRDCT 00003000 1025 [m[7m>[27m
[27;1H[K[7mlines 50-75[27m[K[K [KESCESC[KOO[KAA[K[HMfeb 10 07:48:06 klad kernel: ACPI: SSDT 0x0000000043AF8000 00038C (v02 ACRSYS ACRPRDCT 00000001 1025 [m[7m>[27m
[27;1H[K[7mlines 49-74[27m[K[K [KESCESC[KOO[KAA[K[HMfeb 10 07:48:06 klad kernel: ACPI: SSDT 0x0000000043AF9000 003B86 (v02 ACRSYS ACRPRDCT 00001000 1025 [m[7m>[27m
[27;1H[K[7mlines 48-73[27m[K[K [KESCESC[KOO[KAA[K[HMfeb 10 07:48:06 klad kernel: ACPI: UEFI 0x0000000043A2E000 000236 (v01 ACRSYS ACRPRDCT 00000001 1025 [m[7m>[27m
[27;1H[K[7mlines 47-72[27m[K[K [KESCESC[KOO[KAA[K[HMfeb 10 07:48:06 klad kernel: ACPI: FACS 0x0000000043980000 000040[m
[27;1H[K[7mlines 46-71[27m[K[K [KESCESC[KOO[KAA[K[HMfeb 10 07:48:06 klad kernel: ACPI: DSDT 0x0000000043A4F000 0720C1 (v02 ACRSYS ACRPRDCT 00000002 1025 [m[7m>[27m
[27;1H[K[7mlines 45-70[27m[K[K [KESCESC[KOO[KAA[K[HMfeb 10 07:48:06 klad kernel: ACPI: FACP 0x0000000043AC5000 000114 (v06 ACRSYS ACRPRDCT 00000002 1025 [m[7m>[27m
[27;1H[K[7mlines 44-69[27m[K[K [KESCESC[KOO[KAA[K[HMfeb 10 07:48:06 klad kernel: ACPI: XSDT 0x0000000043AC6188 00013C (v01 ACRSYS ACRPRDCT 00000002      [m[7m>[27m
[27;1H[K[7mlines 43-68[27m[K[K [KESCESC[KOO[KAA[K[HMfeb 10 07:48:06 klad kernel: ACPI: RSDP 0x0000000043AFE014 000024 (v02 ACRSYS)[m
[27;1H[K[7mlines 42-67[27m[K[K [KESCESC[KOO[KAA[K[HMfeb 10 07:48:06 klad kernel: ACPI: Early table checksum verification disabled[m
[27;1H[K[7mlines 41-66[27m[K[K [KESCESC[KOO[KAA[K[HMfeb 10 07:48:06 klad kernel: RAMDISK: [mem 0x2f395000-0x339c1fff][m
[27;1H[K[7mlines 40-65[27m[K[K [KESCESC[KOO[KAA[K[HMfeb 10 07:48:06 klad kernel: Using GB pages for direct mapping[m
[27;1H[K[7mlines 39-64[27m[K[K [KESCESC[KOO[KAA[K[HMfeb 10 07:48:06 klad kernel: [0;38;5;245m[0;1;31m[0;38;5;245me820: update [mem 0x3844b000-0x3844bfff] usable ==> reserved[0m[m
[27;1H[K[7mlines 38-63[27m[K[K [KESCESC[KOO[KAA[K[HMfeb 10 07:48:06 klad kernel: esrt: Reserving ESRT space from 0x000000003844b498 to 0x000000003844b4f8.[m
[27;1H[K[7mlines 37-62[27m[K[K [KESCESC[KOO[KAA[K[HMfeb 10 07:48:06 klad kernel: last_pfn = 0x43b00 max_arch_pfn = 0x400000000[m
[27;1H[K[7mlines 36-61[27m[K[K [KESCESC[KOO[KAA[K[HMfeb 10 07:48:06 klad kernel: x86/PAT: Configuration [0-7]: WB  WC  UC- UC  WB  WP  UC- WT  [m
[27;1H[K[7mlines 35-60[27m[K[K [KESCESC[KOO[KAA[K[HMfeb 10 07:48:06 klad kernel: last_pfn = 0x4af800 max_arch_pfn = 0x400000000[m
[27;1H[K[7mlines 34-59[27m[K[K [KESCESC[KOO[KAA[K[HMfeb 10 07:48:06 klad kernel: [0;38;5;245m[0;1;31m[0;38;5;245me820: remove [mem 0x000a0000-0x000fffff] usable[0m[m
[27;1H[K[7mlines 33-58[27m[K[K [KESCESC[KOO[KAA[K[HMfeb 10 07:48:06 klad kernel: [0;38;5;245m[0;1;31m[0;38;5;245me820: update [mem 0x00000000-0x00000fff] usable ==> reserved[0m[m
[27;1H[K[7mlines 32-57[27m[K[K [KESCESC[KOO[KAA[K[HMfeb 10 07:48:06 klad kernel: tsc: Detected 2496.000 MHz TSC[m
[27;1H[K[7mlines 31-56[27m[K[K [KESCESC[KOO[KAA[K[HMfeb 10 07:48:06 klad kernel: tsc: Detected 2500.000 MHz processor[m
[27;1H[K[7mlines 30-55[27m[K[K [KESCESC[KOO[KAA[K[HMfeb 10 07:48:06 klad kernel: DMI: Acer Swift SF314-71/Starfish_ADH, BIOS V1.08 05/23/2023[m
[27;1H[K[7mlines 29-54[27m[K[K [KESCESC[KOO[KAA[K[HMfeb 10 07:48:06 klad kernel: SMBIOS 3.3 present.[m
[27;1H[K[7mlines 28-53[27m[K[K [KESCESC[KOO[KAA[K[HMfeb 10 07:48:06 klad kernel: secureboot: Secure boot disabled[m
[27;1H[K[7mlines 27-52[27m[K[K [KESCESC[KOO[KAA[K[HMfeb 10 07:48:06 klad kernel: efi: ACPI=0x43afe000 ACPI 2.0=0x43afe014 TPMFinalLog=0x439a6000 SMBIOS=0[m[7m>[27m
[27;1H[K[7mlines 26-51[27m[K[K [KESCESC[KOO[KAA[K[HMfeb 10 07:48:06 klad kernel: efi: EFI v2.80 by INSYDE Corp.[m
[27;1H[K[7mlines 25-50[27m[K[K [KESCESC[KOO[KAA[K[HMfeb 10 07:48:06 klad kernel: NX (Execute Disable) protection: active[m
[27;1H[K[7mlines 24-49[27m[K[K [KESCESC[KOO[KAA[K[HMfeb 10 07:48:06 klad kernel: BIOS-e820: [mem 0x0000000100000000-0x00000004af7fffff] usable[m
[27;1H[K[7mlines 23-48[27m[K[K [KESCESC[KOO[KAA[K[HMfeb 10 07:48:06 klad kernel: BIOS-e820: [mem 0x00000000ff000000-0x00000000ffffffff] reserved[m
[27;1H[K[7mlines 22-47[27m[K[K [KESCESC[KOO[KAA[K[HMfeb 10 07:48:06 klad kernel: BIOS-e820: [mem 0x00000000fed20000-0x00000000fed7ffff] reserved[m
[27;1H[K[7mlines 21-46[27m[K[K [KESCESC[KOO[KAA[K[HMfeb 10 07:48:06 klad kernel: BIOS-e820: [mem 0x00000000fe010000-0x00000000fe010fff] reserved[m
[27;1H[K[7mlines 20-45[27m[K[K [KESCESC[KOO[KAA[K[HMfeb 10 07:48:06 klad kernel: BIOS-e820: [mem 0x00000000c0000000-0x00000000cfffffff] reserved[m
[27;1H[K[7mlines 19-44[27m[K[K [KESCESC[KOO[KAA[K[HMfeb 10 07:48:06 klad kernel: BIOS-e820: [mem 0x000000004a000000-0x00000000507fffff] reserved[m
[27;1H[K[7mlines 18-43[27m[K[K [KESCESC[KOO[KAA[K[HMfeb 10 07:48:06 klad kernel: BIOS-e820: [mem 0x0000000048e00000-0x0000000048ffffff] reserved[m
[27;1H[K[7mlines 17-42[27m[K[K [KESCESC[KOO[KAA[K[HMfeb 10 07:48:06 klad kernel: BIOS-e820: [mem 0x0000000043b00000-0x0000000047ffffff] reserved[m
[27;1H[K[7mlines 16-41[27m[K[K [KESCESC[KOO[KAA[K[HMfeb 10 07:48:06 klad kernel: BIOS-e820: [mem 0x0000000043aff000-0x0000000043afffff] usable[m
[27;1H[K[7mlines 15-40[27m[K[K [KESCESC[KOO[KAA[K[HMfeb 10 07:48:06 klad kernel: BIOS-e820: [mem 0x0000000043a2f000-0x0000000043afefff] ACPI data[m
[27;1H[K[7mlines 14-39[27m[K[K [KESCESC[KOO[KAA[K[HMfeb 10 07:48:06 klad kernel: BIOS-e820: [mem 0x0000000040a7f000-0x0000000043a2efff] ACPI NVS[m
[27;1H[K[7mlines 13-38[27m[K[K [KESCESC[KOO[KAA[K[HMfeb 10 07:48:06 klad kernel: BIOS-e820: [mem 0x000000003edaf000-0x0000000040a7efff] reserved[m
[27;1H[K[7mlines 12-37[27m[K[K [KESCESC[KOO[KAA[K[HMfeb 10 07:48:06 klad kernel: BIOS-e820: [mem 0x000000003e9df000-0x000000003edaefff] type 20[m
[27;1H[K[7mlines 11-36[27m[K[K [KESCESC[KOO[KAA[K[HMfeb 10 07:48:06 klad kernel: BIOS-e820: [mem 0x000000003cbc9000-0x000000003e9defff] usable[m
[27;1H[K[7mlines 10-35[27m[K[K [KESCESC[KOO[KAA[K[HMfeb 10 07:48:06 klad kernel: BIOS-e820: [mem 0x000000003c2c9000-0x000000003cbc8fff] reserved[m
[27;1H[K[7mlines 9-34[27m[K[K [KESCESC[KOO[KAA[K[HMfeb 10 07:48:06 klad kernel: BIOS-e820: [mem 0x0000000000100000-0x000000003c2c8fff] usable[m
[27;1H[K[7mlines 8-33[27m[K[K [KESCESC[KOO[KAA[K[HMfeb 10 07:48:06 klad kernel: BIOS-e820: [mem 0x000000000009f000-0x00000000000fffff] reserved[m
[27;1H[K[7mlines 7-32[27m[K[K [KESCESC[KOO[KAA[K[HMfeb 10 07:48:06 klad kernel: BIOS-e820: [mem 0x0000000000000000-0x000000000009efff] usable[m
[27;1H[K[7mlines 6-31[27m[K[K [KESCESC[KOO[KAA[K[HMfeb 10 07:48:06 klad kernel: BIOS-provided physical RAM map:[m
[27;1H[K[7mlines 5-30[27m[K[K [KESCESC[KOO[KAA[K[HMfeb 10 07:48:06 klad kernel: x86/split lock detection: #AC: crashing the kernel on kernel split_locks[m[7m>[27m
[27;1H[K[7mlines 4-29[27m[K[K [KESCESC[KOO[KAA[K[HMfeb 10 07:48:06 klad kernel: Command line: BOOT_IMAGE=/vmlinuz-6.1.0-37-amd64 root=UUID=161a00c3-26c1[m[7m>[27m
[27;1H[K[7mlines 3-28[27m[K[K [KESCESC[KOO[KAA[K[HMfeb 10 07:48:06 klad kernel: [0;1;39m[0;1;31m[0;1;39mLinux version 6.1.0-37-amd64 (debian-kernel@lists.debian.org) (gcc-12 (D[m[7m>[27m
[27;1H[K[7mlines 2-27[27m[K[K [KESCESC[KOO[KAA[K[HMfeb 10 07:48:06 klad kernel: microcode: microcode updated early to revision 0x43a, date = 2025-10-12[m
[27;1H[K[7mlines 1-26[27m[K[K [KESCESC[KOO[KAA[K[K[7mlines 1-26[27m[K[K [KESCESC[KOO[KAA[K[K[7mlines 1-26[27m[K[K [KESCESC[KOO[KAA[K[K[7mlines 1-26[27m[K[K [KESCESC[KOO[KAA[K[K[7mlines 1-26[27m[K[K [KESCESC[KOO[KAA[K[K[7mlines 1-26[27m[K[K [KESCESC[KOO[KAA[K[K[7mlines 1-26[27m[K[K [KESCESC[KOO[KAA[K[K[7mlines 1-26[27m[K[K [KESCESC[KOO[KAA[K[K[7mlines 1-26[27m[K[K [KESCESC[KOO[KAA[K[K[7mlines 1-26[27m[K[K [KESCESC[KOO[KAA[K[K[7mlines 1-26[27m[K[K/[Kee[Krr[Krr[Koo[Krr[K[1;1Hfeb 10 07:48:06 klad kernel: microcode: microcode updated early to revision 0x43a, date = 2025-10-12[m
[2;1Hfeb 10 07:48:06 klad kernel: [0;1;39m[0;1;31m[0;1;39mLinux version 6.1.0-37-amd64 (debian-kernel@lists.debian.org) (gcc-12 (D[m[7m>[27m
[3;1Hfeb 10 07:48:06 klad kernel: Command line: BOOT_IMAGE=/vmlinuz-6.1.0-37-amd64 root=UUID=161a00c3-26c1[m[7m>[27m
[4;1Hfeb 10 07:48:06 klad kernel: x86/split lock detection: #AC: crashing the kernel on kernel split_locks[m[7m>[27m
[5;1Hfeb 10 07:48:06 klad kernel: BIOS-provided physical RAM map:[m
[6;1Hfeb 10 07:48:06 klad kernel: BIOS-e820: [mem 0x0000000000000000-0x000000000009efff] usable[m
[7;1Hfeb 10 07:48:06 klad kernel: BIOS-e820: [mem 0x000000000009f000-0x00000000000fffff] reserved[m
[8;1Hfeb 10 07:48:06 klad kernel: BIOS-e820: [mem 0x0000000000100000-0x000000003c2c8fff] usable[m
[9;1Hfeb 10 07:48:06 klad kernel: BIOS-e820: [mem 0x000000003c2c9000-0x000000003cbc8fff] reserved[m
[10;1Hfeb 10 07:48:06 klad kernel: BIOS-e820: [mem 0x000000003cbc9000-0x000000003e9defff] usable[m
[11;1Hfeb 10 07:48:06 klad kernel: BIOS-e820: [mem 0x000000003e9df000-0x000000003edaefff] type 20[m
[12;1Hfeb 10 07:48:06 klad kernel: BIOS-e820: [mem 0x000000003edaf000-0x0000000040a7efff] reserved[m
[13;1Hfeb 10 07:48:06 klad kernel: BIOS-e820: [mem 0x0000000040a7f000-0x0000000043a2efff] ACPI NVS[m
[14;1Hfeb 10 07:48:06 klad kernel: BIOS-e820: [mem 0x0000000043a2f000-0x0000000043afefff] ACPI data[m
[15;1Hfeb 10 07:48:06 klad kernel: BIOS-e820: [mem 0x0000000043aff000-0x0000000043afffff] usable[m
[16;1Hfeb 10 07:48:06 klad kernel: BIOS-e820: [mem 0x0000000043b00000-0x0000000047ffffff] reserved[m
[17;1Hfeb 10 07:48:06 klad kernel: BIOS-e820: [mem 0x0000000048e00000-0x0000000048ffffff] reserved[m
[18;1Hfeb 10 07:48:06 klad kernel: BIOS-e820: [mem 0x000000004a000000-0x00000000507fffff] reserved[m
[19;1Hfeb 10 07:48:06 klad kernel: BIOS-e820: [mem 0x00000000c0000000-0x00000000cfffffff] reserved[m
[20;1Hfeb 10 07:48:06 klad kernel: BIOS-e820: [mem 0x00000000fe010000-0x00000000fe010fff] reserved[m
[21;1Hfeb 10 07:48:06 klad kernel: BIOS-e820: [mem 0x00000000fed20000-0x00000000fed7ffff] reserved[m
[22;1Hfeb 10 07:48:06 klad kernel: BIOS-e820: [mem 0x00000000ff000000-0x00000000ffffffff] reserved[m
[23;1Hfeb 10 07:48:06 klad kernel: BIOS-e820: [mem 0x0000000100000000-0x00000004af7fffff] usable[m
[24;1Hfeb 10 07:48:06 klad kernel: NX (Execute Disable) protection: active[m
[25;1Hfeb 10 07:48:06 klad kernel: efi: EFI v2.80 by INSYDE Corp.[m
[26;1Hfeb 10 07:48:06 klad kernel: efi: ACPI=0x43afe000 ACPI 2.0=0x43afe014 TPMFinalLog=0x439a6000 SMBIOS=0[m[7m>[27m
[27;1H[1;1Hfeb 10 07:48:06 klad kernel: microcode: microcode updated early to revision 0x43a, date = 2025-10-12[m
[2;1Hfeb 10 07:48:06 klad kernel: [0;1;39m[0;1;31m[0;1;39mLinux version 6.1.0-37-amd64 (debian-kernel@lists.debian.org) (gcc-12 (D[m[7m>[27m
[3;1Hfeb 10 07:48:06 klad kernel: Command line: BOOT_IMAGE=/vmlinuz-6.1.0-37-amd64 root=UUID=161a00c3-26c1[m[7m>[27m
[4;1Hfeb 10 07:48:06 klad kernel: x86/split lock detection: #AC: crashing the kernel on kernel split_locks[m[7m>[27m
[5;1Hfeb 10 07:48:06 klad kernel: BIOS-provided physical RAM map:[m
[6;1Hfeb 10 07:48:06 klad kernel: BIOS-e820: [mem 0x0000000000000000-0x000000000009efff] usable[m
[7;1Hfeb 10 07:48:06 klad kernel: BIOS-e820: [mem 0x000000000009f000-0x00000000000fffff] reserved[m
[8;1Hfeb 10 07:48:06 klad kernel: BIOS-e820: [mem 0x0000000000100000-0x000000003c2c8fff] usable[m
[9;1Hfeb 10 07:48:06 klad kernel: BIOS-e820: [mem 0x000000003c2c9000-0x000000003cbc8fff] reserved[m
[10;1Hfeb 10 07:48:06 klad kernel: BIOS-e820: [mem 0x000000003cbc9000-0x000000003e9defff] usable[m
[11;1Hfeb 10 07:48:06 klad kernel: BIOS-e820: [mem 0x000000003e9df000-0x000000003edaefff] type 20[m
[12;1Hfeb 10 07:48:06 klad kernel: BIOS-e820: [mem 0x000000003edaf000-0x0000000040a7efff] reserved[m
[13;1Hfeb 10 07:48:06 klad kernel: BIOS-e820: [mem 0x0000000040a7f000-0x0000000043a2efff] ACPI NVS[m
[14;1Hfeb 10 07:48:06 klad kernel: BIOS-e820: [mem 0x0000000043a2f000-0x0000000043afefff] ACPI data[m
[15;1Hfeb 10 07:48:06 klad kernel: BIOS-e820: [mem 0x0000000043aff000-0x0000000043afffff] usable[m
[16;1Hfeb 10 07:48:06 klad kernel: BIOS-e820: [mem 0x0000000043b00000-0x0000000047ffffff] reserved[m
[17;1Hfeb 10 07:48:06 klad kernel: BIOS-e820: [mem 0x0000000048e00000-0x0000000048ffffff] reserved[m
[18;1Hfeb 10 07:48:06 klad kernel: BIOS-e820: [mem 0x000000004a000000-0x00000000507fffff] reserved[m
[19;1Hfeb 10 07:48:06 klad kernel: BIOS-e820: [mem 0x00000000c0000000-0x00000000cfffffff] reserved[m
[20;1Hfeb 10 07:48:06 klad kernel: BIOS-e820: [mem 0x00000000fe010000-0x00000000fe010fff] reserved[m
[21;1Hfeb 10 07:48:06 klad kernel: BIOS-e820: [mem 0x00000000fed20000-0x00000000fed7ffff] reserved[m
[22;1Hfeb 10 07:48:06 klad kernel: BIOS-e820: [mem 0x00000000ff000000-0x00000000ffffffff] reserved[m
[23;1Hfeb 10 07:48:06 klad kernel: BIOS-e820: [mem 0x0000000100000000-0x00000004af7fffff] usable[m
[24;1Hfeb 10 07:48:06 klad kernel: NX (Execute Disable) protection: active[m
[25;1Hfeb 10 07:48:06 klad kernel: efi: EFI v2.80 by INSYDE Corp.[m
[26;1Hfeb 10 07:48:06 klad kernel: efi: ACPI=0x43afe000 ACPI 2.0=0x43afe014 TPMFinalLog=0x439a6000 SMBIOS=0[m[7m>[27m
[27;1H...skipping...
 loading plugin" [7merror[27m="no scratch file generator: skip plugin" id=io.containerd.snapshotter.v1.block[m[7m>[27m
ing plugin" id=io.containerd.snapshotter.v1.btrfs type=io.containerd.snapshotter.v1[m
 loading plugin" [7merror[27m="path /var/lib/containerd/io.containerd.snapshotter.v1.btrfs (ext4) must be a [m[7m>[27m
ing plugin" id=io.containerd.snapshotter.v1.devmapper type=io.containerd.snapshotter.v1[m
 loading plugin" [7merror[27m="devmapper not configured: skip plugin" id=io.containerd.snapshotter.v1.devmap[m[7m>[27m
ing plugin" id=io.containerd.snapshotter.v1.erofs type=io.containerd.snapshotter.v1[m
 loading plugin" [7merror[27m="EROFS unsupported, please `modprobe erofs`: skip plugin" id=io.containerd.sna[m[7m>[27m
ing plugin" id=io.containerd.snapshotter.v1.native type=io.containerd.snapshotter.v1[m
ing plugin" id=io.containerd.snapshotter.v1.overlayfs type=io.containerd.snapshotter.v1[m
ing plugin" id=io.containerd.snapshotter.v1.zfs type=io.containerd.snapshotter.v1[m
 loading plugin" [7merror[27m="lstat /var/lib/containerd/io.containerd.snapshotter.v1.zfs: no such file or d[m[7m>[27m
ing plugin" id=io.containerd.event.v1.exchange type=io.containerd.event.v1[m
ing plugin" id=io.containerd.monitor.task.v1.cgroups type=io.containerd.monitor.task.v1[m
ing plugin" id=io.containerd.metadata.v1.bolt type=io.containerd.metadata.v1[m
data content store policy set" policy=shared[m
[m
ing plugin" id=io.containerd.gc.v1.scheduler type=io.containerd.gc.v1[m
ing plugin" id=io.containerd.nri.v1.nri type=io.containerd.nri.v1[m
t-in NRI default validator is disabled"[m
ime interface created"[m
ted NRI interface"[m
ing plugin" id=io.containerd.differ.v1.erofs type=io.containerd.differ.v1[m
 loading plugin" [7merror[27m="failed to check mkfs.erofs availability: failed to run mkfs.erofs --help: exe[m[7m>[27m
ing plugin" id=io.containerd.differ.v1.walking type=io.containerd.differ.v1[m
ing plugin" id=io.containerd.lease.v1.manager type=io.containerd.lease.v1[m
ing plugin" id=io.containerd.mount-manager.v1.bolt type=io.containerd.mount-manager.v1[m
[7mlines 1552-1577[27m[K[K [KESCESC[KOO[KDD[H[2J[H2-10T07:57:08.941322452+01:00" level=info msg="skip loading plugin" [7merror[27m="no scratch file generator:[m[7m>[27m
2-10T07:57:08.941342597+01:00" level=info msg="loading plugin" id=io.containerd.snapshotter.v1.btrfs [m[7m>[27m
2-10T07:57:08.941497893+01:00" level=info msg="skip loading plugin" [7merror[27m="path /var/lib/containerd/i[m[7m>[27m
2-10T07:57:08.941513953+01:00" level=info msg="loading plugin" id=io.containerd.snapshotter.v1.devmap[m[7m>[27m
2-10T07:57:08.941532447+01:00" level=info msg="skip loading plugin" [7merror[27m="devmapper not configured: [m[7m>[27m
2-10T07:57:08.941536824+01:00" level=info msg="loading plugin" id=io.containerd.snapshotter.v1.erofs [m[7m>[27m
2-10T07:57:08.942036348+01:00" level=info msg="skip loading plugin" [7merror[27m="EROFS unsupported, please [m[7m>[27m
2-10T07:57:08.942048616+01:00" level=info msg="loading plugin" id=io.containerd.snapshotter.v1.native[m[7m>[27m
2-10T07:57:08.942208159+01:00" level=info msg="loading plugin" id=io.containerd.snapshotter.v1.overla[m[7m>[27m
2-10T07:57:08.942438994+01:00" level=info msg="loading plugin" id=io.containerd.snapshotter.v1.zfs ty[m[7m>[27m
2-10T07:57:08.942469328+01:00" level=info msg="skip loading plugin" [7merror[27m="lstat /var/lib/containerd/[m[7m>[27m
2-10T07:57:08.942479380+01:00" level=info msg="loading plugin" id=io.containerd.event.v1.exchange typ[m[7m>[27m
2-10T07:57:08.943073429+01:00" level=info msg="loading plugin" id=io.containerd.monitor.task.v1.cgrou[m[7m>[27m
2-10T07:57:08.943497956+01:00" level=info msg="loading plugin" id=io.containerd.metadata.v1.bolt type[m[7m>[27m
2-10T07:57:08.943525422+01:00" level=info msg="metadata content store policy set" policy=shared[m
fully read all properties[m
2-10T07:57:08.947263695+01:00" level=info msg="loading plugin" id=io.containerd.gc.v1.scheduler type=[m[7m>[27m
2-10T07:57:08.947452886+01:00" level=info msg="loading plugin" id=io.containerd.nri.v1.nri type=io.co[m[7m>[27m
2-10T07:57:08.947496454+01:00" level=info msg="built-in NRI default validator is disabled"[m
2-10T07:57:08.947502100+01:00" level=info msg="runtime interface created"[m
2-10T07:57:08.947505404+01:00" level=info msg="created NRI interface"[m
2-10T07:57:08.947513617+01:00" level=info msg="loading plugin" id=io.containerd.differ.v1.erofs type=[m[7m>[27m
2-10T07:57:08.947801354+01:00" level=info msg="skip loading plugin" [7merror[27m="failed to check mkfs.erofs[m[7m>[27m
2-10T07:57:08.947830652+01:00" level=info msg="loading plugin" id=io.containerd.differ.v1.walking typ[m[7m>[27m
2-10T07:57:08.947844321+01:00" level=info msg="loading plugin" id=io.containerd.lease.v1.manager type[m[7m>[27m
2-10T07:57:08.947854727+01:00" level=info msg="loading plugin" id=io.containerd.mount-manager.v1.bolt[m[7m>[27m
[7mlines 1552-1577[27m[K[K [KESCESC[KOO[KCC[H[2J[H loading plugin" [7merror[27m="no scratch file generator: skip plugin" id=io.containerd.snapshotter.v1.block[m[7m>[27m
ing plugin" id=io.containerd.snapshotter.v1.btrfs type=io.containerd.snapshotter.v1[m
 loading plugin" [7merror[27m="path /var/lib/containerd/io.containerd.snapshotter.v1.btrfs (ext4) must be a [m[7m>[27m
ing plugin" id=io.containerd.snapshotter.v1.devmapper type=io.containerd.snapshotter.v1[m
 loading plugin" [7merror[27m="devmapper not configured: skip plugin" id=io.containerd.snapshotter.v1.devmap[m[7m>[27m
ing plugin" id=io.containerd.snapshotter.v1.erofs type=io.containerd.snapshotter.v1[m
 loading plugin" [7merror[27m="EROFS unsupported, please `modprobe erofs`: skip plugin" id=io.containerd.sna[m[7m>[27m
ing plugin" id=io.containerd.snapshotter.v1.native type=io.containerd.snapshotter.v1[m
ing plugin" id=io.containerd.snapshotter.v1.overlayfs type=io.containerd.snapshotter.v1[m
ing plugin" id=io.containerd.snapshotter.v1.zfs type=io.containerd.snapshotter.v1[m
 loading plugin" [7merror[27m="lstat /var/lib/containerd/io.containerd.snapshotter.v1.zfs: no such file or d[m[7m>[27m
ing plugin" id=io.containerd.event.v1.exchange type=io.containerd.event.v1[m
ing plugin" id=io.containerd.monitor.task.v1.cgroups type=io.containerd.monitor.task.v1[m
ing plugin" id=io.containerd.metadata.v1.bolt type=io.containerd.metadata.v1[m
data content store policy set" policy=shared[m
[m
ing plugin" id=io.containerd.gc.v1.scheduler type=io.containerd.gc.v1[m
ing plugin" id=io.containerd.nri.v1.nri type=io.containerd.nri.v1[m
t-in NRI default validator is disabled"[m
ime interface created"[m
ted NRI interface"[m
ing plugin" id=io.containerd.differ.v1.erofs type=io.containerd.differ.v1[m
 loading plugin" [7merror[27m="failed to check mkfs.erofs availability: failed to run mkfs.erofs --help: exe[m[7m>[27m
ing plugin" id=io.containerd.differ.v1.walking type=io.containerd.differ.v1[m
ing plugin" id=io.containerd.lease.v1.manager type=io.containerd.lease.v1[m
ing plugin" id=io.containerd.mount-manager.v1.bolt type=io.containerd.mount-manager.v1[m
[7mlines 1552-1577[27m[K[K [KESCESC[KOO[KCC[H[2J[Hskip plugin" id=io.containerd.snapshotter.v1.blockfile type=io.containerd.snapshotter.v1[m
ype=io.containerd.snapshotter.v1[m
.containerd.snapshotter.v1.btrfs (ext4) must be a btrfs filesystem to be used with the btrfs snapshot[m[7m>[27m
er type=io.containerd.snapshotter.v1[m
kip plugin" id=io.containerd.snapshotter.v1.devmapper type=io.containerd.snapshotter.v1[m
ype=io.containerd.snapshotter.v1[m
modprobe erofs`: skip plugin" id=io.containerd.snapshotter.v1.erofs type=io.containerd.snapshotter.v1[m
type=io.containerd.snapshotter.v1[m
fs type=io.containerd.snapshotter.v1[m
e=io.containerd.snapshotter.v1[m
o.containerd.snapshotter.v1.zfs: no such file or directory: skip plugin" id=io.containerd.snapshotter[m[7m>[27m
=io.containerd.event.v1[m
s type=io.containerd.monitor.task.v1[m
io.containerd.metadata.v1[m
[m
[m
o.containerd.gc.v1[m
tainerd.nri.v1[m
[m
[m
[m
o.containerd.differ.v1[m
availability: failed to run mkfs.erofs --help: exec: \"mkfs.erofs\": executable file not found in $PA[m[7m>[27m
=io.containerd.differ.v1[m
io.containerd.lease.v1[m
type=io.containerd.mount-manager.v1[m
[7mlines 1552-1577[27m[K[K [KESCESC[KOO[KCC[H[2J[Hile type=io.containerd.snapshotter.v1[m
[m
trfs filesystem to be used with the btrfs snapshotter: skip plugin" id=io.containerd.snapshotter.v1.b[m[7m>[27m
[m
er type=io.containerd.snapshotter.v1[m
[m
shotter.v1.erofs type=io.containerd.snapshotter.v1[m
[m
[m
[m
rectory: skip plugin" id=io.containerd.snapshotter.v1.zfs type=io.containerd.snapshotter.v1[m
[m
[m
[m
[m
[m
[m
[m
[m
[m
[m
[m
: \"mkfs.erofs\": executable file not found in $PATH: skip plugin" id=io.containerd.differ.v1.erofs t[m[7m>[27m
[m
[m
[m
[7mlines 1552-1577[27m[K[K [KESCESC[KOO[KDD[H[2J[Hskip plugin" id=io.containerd.snapshotter.v1.blockfile type=io.containerd.snapshotter.v1[m
ype=io.containerd.snapshotter.v1[m
.containerd.snapshotter.v1.btrfs (ext4) must be a btrfs filesystem to be used with the btrfs snapshot[m[7m>[27m
er type=io.containerd.snapshotter.v1[m
kip plugin" id=io.containerd.snapshotter.v1.devmapper type=io.containerd.snapshotter.v1[m
ype=io.containerd.snapshotter.v1[m
modprobe erofs`: skip plugin" id=io.containerd.snapshotter.v1.erofs type=io.containerd.snapshotter.v1[m
type=io.containerd.snapshotter.v1[m
fs type=io.containerd.snapshotter.v1[m
e=io.containerd.snapshotter.v1[m
o.containerd.snapshotter.v1.zfs: no such file or directory: skip plugin" id=io.containerd.snapshotter[m[7m>[27m
=io.containerd.event.v1[m
s type=io.containerd.monitor.task.v1[m
io.containerd.metadata.v1[m
[m
[m
o.containerd.gc.v1[m
tainerd.nri.v1[m
[m
[m
[m
o.containerd.differ.v1[m
availability: failed to run mkfs.erofs --help: exec: \"mkfs.erofs\": executable file not found in $PA[m[7m>[27m
=io.containerd.differ.v1[m
io.containerd.lease.v1[m
type=io.containerd.mount-manager.v1[m
[7mlines 1552-1577[27m[K[K [KESCESC[KOO[KDD[H[2J[H loading plugin" [7merror[27m="no scratch file generator: skip plugin" id=io.containerd.snapshotter.v1.block[m[7m>[27m
ing plugin" id=io.containerd.snapshotter.v1.btrfs type=io.containerd.snapshotter.v1[m
 loading plugin" [7merror[27m="path /var/lib/containerd/io.containerd.snapshotter.v1.btrfs (ext4) must be a [m[7m>[27m
ing plugin" id=io.containerd.snapshotter.v1.devmapper type=io.containerd.snapshotter.v1[m
 loading plugin" [7merror[27m="devmapper not configured: skip plugin" id=io.containerd.snapshotter.v1.devmap[m[7m>[27m
ing plugin" id=io.containerd.snapshotter.v1.erofs type=io.containerd.snapshotter.v1[m
 loading plugin" [7merror[27m="EROFS unsupported, please `modprobe erofs`: skip plugin" id=io.containerd.sna[m[7m>[27m
ing plugin" id=io.containerd.snapshotter.v1.native type=io.containerd.snapshotter.v1[m
ing plugin" id=io.containerd.snapshotter.v1.overlayfs type=io.containerd.snapshotter.v1[m
ing plugin" id=io.containerd.snapshotter.v1.zfs type=io.containerd.snapshotter.v1[m
 loading plugin" [7merror[27m="lstat /var/lib/containerd/io.containerd.snapshotter.v1.zfs: no such file or d[m[7m>[27m
ing plugin" id=io.containerd.event.v1.exchange type=io.containerd.event.v1[m
ing plugin" id=io.containerd.monitor.task.v1.cgroups type=io.containerd.monitor.task.v1[m
ing plugin" id=io.containerd.metadata.v1.bolt type=io.containerd.metadata.v1[m
data content store policy set" policy=shared[m
[m
ing plugin" id=io.containerd.gc.v1.scheduler type=io.containerd.gc.v1[m
ing plugin" id=io.containerd.nri.v1.nri type=io.containerd.nri.v1[m
t-in NRI default validator is disabled"[m
ime interface created"[m
ted NRI interface"[m
ing plugin" id=io.containerd.differ.v1.erofs type=io.containerd.differ.v1[m
 loading plugin" [7merror[27m="failed to check mkfs.erofs availability: failed to run mkfs.erofs --help: exe[m[7m>[27m
ing plugin" id=io.containerd.differ.v1.walking type=io.containerd.differ.v1[m
ing plugin" id=io.containerd.lease.v1.manager type=io.containerd.lease.v1[m
ing plugin" id=io.containerd.mount-manager.v1.bolt type=io.containerd.mount-manager.v1[m
[7mlines 1552-1577[27m[K[K [KESCESC[KOO[KDD[H[2J[H2-10T07:57:08.941322452+01:00" level=info msg="skip loading plugin" [7merror[27m="no scratch file generator:[m[7m>[27m
2-10T07:57:08.941342597+01:00" level=info msg="loading plugin" id=io.containerd.snapshotter.v1.btrfs [m[7m>[27m
2-10T07:57:08.941497893+01:00" level=info msg="skip loading plugin" [7merror[27m="path /var/lib/containerd/i[m[7m>[27m
2-10T07:57:08.941513953+01:00" level=info msg="loading plugin" id=io.containerd.snapshotter.v1.devmap[m[7m>[27m
2-10T07:57:08.941532447+01:00" level=info msg="skip loading plugin" [7merror[27m="devmapper not configured: [m[7m>[27m
2-10T07:57:08.941536824+01:00" level=info msg="loading plugin" id=io.containerd.snapshotter.v1.erofs [m[7m>[27m
2-10T07:57:08.942036348+01:00" level=info msg="skip loading plugin" [7merror[27m="EROFS unsupported, please [m[7m>[27m
2-10T07:57:08.942048616+01:00" level=info msg="loading plugin" id=io.containerd.snapshotter.v1.native[m[7m>[27m
2-10T07:57:08.942208159+01:00" level=info msg="loading plugin" id=io.containerd.snapshotter.v1.overla[m[7m>[27m
2-10T07:57:08.942438994+01:00" level=info msg="loading plugin" id=io.containerd.snapshotter.v1.zfs ty[m[7m>[27m
2-10T07:57:08.942469328+01:00" level=info msg="skip loading plugin" [7merror[27m="lstat /var/lib/containerd/[m[7m>[27m
2-10T07:57:08.942479380+01:00" level=info msg="loading plugin" id=io.containerd.event.v1.exchange typ[m[7m>[27m
2-10T07:57:08.943073429+01:00" level=info msg="loading plugin" id=io.containerd.monitor.task.v1.cgrou[m[7m>[27m
2-10T07:57:08.943497956+01:00" level=info msg="loading plugin" id=io.containerd.metadata.v1.bolt type[m[7m>[27m
2-10T07:57:08.943525422+01:00" level=info msg="metadata content store policy set" policy=shared[m
fully read all properties[m
2-10T07:57:08.947263695+01:00" level=info msg="loading plugin" id=io.containerd.gc.v1.scheduler type=[m[7m>[27m
2-10T07:57:08.947452886+01:00" level=info msg="loading plugin" id=io.containerd.nri.v1.nri type=io.co[m[7m>[27m
2-10T07:57:08.947496454+01:00" level=info msg="built-in NRI default validator is disabled"[m
2-10T07:57:08.947502100+01:00" level=info msg="runtime interface created"[m
2-10T07:57:08.947505404+01:00" level=info msg="created NRI interface"[m
2-10T07:57:08.947513617+01:00" level=info msg="loading plugin" id=io.containerd.differ.v1.erofs type=[m[7m>[27m
2-10T07:57:08.947801354+01:00" level=info msg="skip loading plugin" [7merror[27m="failed to check mkfs.erofs[m[7m>[27m
2-10T07:57:08.947830652+01:00" level=info msg="loading plugin" id=io.containerd.differ.v1.walking typ[m[7m>[27m
2-10T07:57:08.947844321+01:00" level=info msg="loading plugin" id=io.containerd.lease.v1.manager type[m[7m>[27m
2-10T07:57:08.947854727+01:00" level=info msg="loading plugin" id=io.containerd.mount-manager.v1.bolt[m[7m>[27m
[7mlines 1552-1577[27m[K[K [KESCESC[KOO[KDD[H[2J[Hfeb 10 07:57:08 klad containerd[1690]: time="2026-02-10T07:57:08.941322452+01:00" level=info msg="ski[m[7m>[27m
feb 10 07:57:08 klad containerd[1690]: time="2026-02-10T07:57:08.941342597+01:00" level=info msg="loa[m[7m>[27m
feb 10 07:57:08 klad containerd[1690]: time="2026-02-10T07:57:08.941497893+01:00" level=info msg="ski[m[7m>[27m
feb 10 07:57:08 klad containerd[1690]: time="2026-02-10T07:57:08.941513953+01:00" level=info msg="loa[m[7m>[27m
feb 10 07:57:08 klad containerd[1690]: time="2026-02-10T07:57:08.941532447+01:00" level=info msg="ski[m[7m>[27m
feb 10 07:57:08 klad containerd[1690]: time="2026-02-10T07:57:08.941536824+01:00" level=info msg="loa[m[7m>[27m
feb 10 07:57:08 klad containerd[1690]: time="2026-02-10T07:57:08.942036348+01:00" level=info msg="ski[m[7m>[27m
feb 10 07:57:08 klad containerd[1690]: time="2026-02-10T07:57:08.942048616+01:00" level=info msg="loa[m[7m>[27m
feb 10 07:57:08 klad containerd[1690]: time="2026-02-10T07:57:08.942208159+01:00" level=info msg="loa[m[7m>[27m
feb 10 07:57:08 klad containerd[1690]: time="2026-02-10T07:57:08.942438994+01:00" level=info msg="loa[m[7m>[27m
feb 10 07:57:08 klad containerd[1690]: time="2026-02-10T07:57:08.942469328+01:00" level=info msg="ski[m[7m>[27m
feb 10 07:57:08 klad containerd[1690]: time="2026-02-10T07:57:08.942479380+01:00" level=info msg="loa[m[7m>[27m
feb 10 07:57:08 klad containerd[1690]: time="2026-02-10T07:57:08.943073429+01:00" level=info msg="loa[m[7m>[27m
feb 10 07:57:08 klad containerd[1690]: time="2026-02-10T07:57:08.943497956+01:00" level=info msg="loa[m[7m>[27m
feb 10 07:57:08 klad containerd[1690]: time="2026-02-10T07:57:08.943525422+01:00" level=info msg="met[m[7m>[27m
feb 10 07:57:08 klad tailscaled[1688]: TPM: successfully read all properties[m
feb 10 07:57:08 klad containerd[1690]: time="2026-02-10T07:57:08.947263695+01:00" level=info msg="loa[m[7m>[27m
feb 10 07:57:08 klad containerd[1690]: time="2026-02-10T07:57:08.947452886+01:00" level=info msg="loa[m[7m>[27m
feb 10 07:57:08 klad containerd[1690]: time="2026-02-10T07:57:08.947496454+01:00" level=info msg="bui[m[7m>[27m
feb 10 07:57:08 klad containerd[1690]: time="2026-02-10T07:57:08.947502100+01:00" level=info msg="run[m[7m>[27m
feb 10 07:57:08 klad containerd[1690]: time="2026-02-10T07:57:08.947505404+01:00" level=info msg="cre[m[7m>[27m
feb 10 07:57:08 klad containerd[1690]: time="2026-02-10T07:57:08.947513617+01:00" level=info msg="loa[m[7m>[27m
feb 10 07:57:08 klad containerd[1690]: time="2026-02-10T07:57:08.947801354+01:00" level=info msg="ski[m[7m>[27m
feb 10 07:57:08 klad containerd[1690]: time="2026-02-10T07:57:08.947830652+01:00" level=info msg="loa[m[7m>[27m
feb 10 07:57:08 klad containerd[1690]: time="2026-02-10T07:57:08.947844321+01:00" level=info msg="loa[m[7m>[27m
feb 10 07:57:08 klad containerd[1690]: time="2026-02-10T07:57:08.947854727+01:00" level=info msg="loa[m[7m>[27m
[7mlines 1552-1577[27m[K[K [KESCESC[KOO[KCC[H[2J[H2-10T07:57:08.941322452+01:00" level=info msg="skip loading plugin" [7merror[27m="no scratch file generator:[m[7m>[27m
2-10T07:57:08.941342597+01:00" level=info msg="loading plugin" id=io.containerd.snapshotter.v1.btrfs [m[7m>[27m
2-10T07:57:08.941497893+01:00" level=info msg="skip loading plugin" [7merror[27m="path /var/lib/containerd/i[m[7m>[27m
2-10T07:57:08.941513953+01:00" level=info msg="loading plugin" id=io.containerd.snapshotter.v1.devmap[m[7m>[27m
2-10T07:57:08.941532447+01:00" level=info msg="skip loading plugin" [7merror[27m="devmapper not configured: [m[7m>[27m
2-10T07:57:08.941536824+01:00" level=info msg="loading plugin" id=io.containerd.snapshotter.v1.erofs [m[7m>[27m
2-10T07:57:08.942036348+01:00" level=info msg="skip loading plugin" [7merror[27m="EROFS unsupported, please [m[7m>[27m
2-10T07:57:08.942048616+01:00" level=info msg="loading plugin" id=io.containerd.snapshotter.v1.native[m[7m>[27m
2-10T07:57:08.942208159+01:00" level=info msg="loading plugin" id=io.containerd.snapshotter.v1.overla[m[7m>[27m
2-10T07:57:08.942438994+01:00" level=info msg="loading plugin" id=io.containerd.snapshotter.v1.zfs ty[m[7m>[27m
2-10T07:57:08.942469328+01:00" level=info msg="skip loading plugin" [7merror[27m="lstat /var/lib/containerd/[m[7m>[27m
2-10T07:57:08.942479380+01:00" level=info msg="loading plugin" id=io.containerd.event.v1.exchange typ[m[7m>[27m
2-10T07:57:08.943073429+01:00" level=info msg="loading plugin" id=io.containerd.monitor.task.v1.cgrou[m[7m>[27m
2-10T07:57:08.943497956+01:00" level=info msg="loading plugin" id=io.containerd.metadata.v1.bolt type[m[7m>[27m
2-10T07:57:08.943525422+01:00" level=info msg="metadata content store policy set" policy=shared[m
fully read all properties[m
2-10T07:57:08.947263695+01:00" level=info msg="loading plugin" id=io.containerd.gc.v1.scheduler type=[m[7m>[27m
2-10T07:57:08.947452886+01:00" level=info msg="loading plugin" id=io.containerd.nri.v1.nri type=io.co[m[7m>[27m
2-10T07:57:08.947496454+01:00" level=info msg="built-in NRI default validator is disabled"[m
2-10T07:57:08.947502100+01:00" level=info msg="runtime interface created"[m
2-10T07:57:08.947505404+01:00" level=info msg="created NRI interface"[m
2-10T07:57:08.947513617+01:00" level=info msg="loading plugin" id=io.containerd.differ.v1.erofs type=[m[7m>[27m
2-10T07:57:08.947801354+01:00" level=info msg="skip loading plugin" [7merror[27m="failed to check mkfs.erofs[m[7m>[27m
2-10T07:57:08.947830652+01:00" level=info msg="loading plugin" id=io.containerd.differ.v1.walking typ[m[7m>[27m
2-10T07:57:08.947844321+01:00" level=info msg="loading plugin" id=io.containerd.lease.v1.manager type[m[7m>[27m
2-10T07:57:08.947854727+01:00" level=info msg="loading plugin" id=io.containerd.mount-manager.v1.bolt[m[7m>[27m
[7mlines 1552-1577[27m[K[K [KESCESC[KOO[KCC[H[2J[H loading plugin" [7merror[27m="no scratch file generator: skip plugin" id=io.containerd.snapshotter.v1.block[m[7m>[27m
ing plugin" id=io.containerd.snapshotter.v1.btrfs type=io.containerd.snapshotter.v1[m
 loading plugin" [7merror[27m="path /var/lib/containerd/io.containerd.snapshotter.v1.btrfs (ext4) must be a [m[7m>[27m
ing plugin" id=io.containerd.snapshotter.v1.devmapper type=io.containerd.snapshotter.v1[m
 loading plugin" [7merror[27m="devmapper not configured: skip plugin" id=io.containerd.snapshotter.v1.devmap[m[7m>[27m
ing plugin" id=io.containerd.snapshotter.v1.erofs type=io.containerd.snapshotter.v1[m
 loading plugin" [7merror[27m="EROFS unsupported, please `modprobe erofs`: skip plugin" id=io.containerd.sna[m[7m>[27m
ing plugin" id=io.containerd.snapshotter.v1.native type=io.containerd.snapshotter.v1[m
ing plugin" id=io.containerd.snapshotter.v1.overlayfs type=io.containerd.snapshotter.v1[m
ing plugin" id=io.containerd.snapshotter.v1.zfs type=io.containerd.snapshotter.v1[m
 loading plugin" [7merror[27m="lstat /var/lib/containerd/io.containerd.snapshotter.v1.zfs: no such file or d[m[7m>[27m
ing plugin" id=io.containerd.event.v1.exchange type=io.containerd.event.v1[m
ing plugin" id=io.containerd.monitor.task.v1.cgroups type=io.containerd.monitor.task.v1[m
ing plugin" id=io.containerd.metadata.v1.bolt type=io.containerd.metadata.v1[m
data content store policy set" policy=shared[m
[m
ing plugin" id=io.containerd.gc.v1.scheduler type=io.containerd.gc.v1[m
ing plugin" id=io.containerd.nri.v1.nri type=io.containerd.nri.v1[m
t-in NRI default validator is disabled"[m
ime interface created"[m
ted NRI interface"[m
ing plugin" id=io.containerd.differ.v1.erofs type=io.containerd.differ.v1[m
 loading plugin" [7merror[27m="failed to check mkfs.erofs availability: failed to run mkfs.erofs --help: exe[m[7m>[27m
ing plugin" id=io.containerd.differ.v1.walking type=io.containerd.differ.v1[m
ing plugin" id=io.containerd.lease.v1.manager type=io.containerd.lease.v1[m
ing plugin" id=io.containerd.mount-manager.v1.bolt type=io.containerd.mount-manager.v1[m
[7mlines 1552-1577[27m[K[K [KESCESC[KOO[KDD[H[2J[H2-10T07:57:08.941322452+01:00" level=info msg="skip loading plugin" [7merror[27m="no scratch file generator:[m[7m>[27m
2-10T07:57:08.941342597+01:00" level=info msg="loading plugin" id=io.containerd.snapshotter.v1.btrfs [m[7m>[27m
2-10T07:57:08.941497893+01:00" level=info msg="skip loading plugin" [7merror[27m="path /var/lib/containerd/i[m[7m>[27m
2-10T07:57:08.941513953+01:00" level=info msg="loading plugin" id=io.containerd.snapshotter.v1.devmap[m[7m>[27m
2-10T07:57:08.941532447+01:00" level=info msg="skip loading plugin" [7merror[27m="devmapper not configured: [m[7m>[27m
2-10T07:57:08.941536824+01:00" level=info msg="loading plugin" id=io.containerd.snapshotter.v1.erofs [m[7m>[27m
2-10T07:57:08.942036348+01:00" level=info msg="skip loading plugin" [7merror[27m="EROFS unsupported, please [m[7m>[27m
2-10T07:57:08.942048616+01:00" level=info msg="loading plugin" id=io.containerd.snapshotter.v1.native[m[7m>[27m
2-10T07:57:08.942208159+01:00" level=info msg="loading plugin" id=io.containerd.snapshotter.v1.overla[m[7m>[27m
2-10T07:57:08.942438994+01:00" level=info msg="loading plugin" id=io.containerd.snapshotter.v1.zfs ty[m[7m>[27m
2-10T07:57:08.942469328+01:00" level=info msg="skip loading plugin" [7merror[27m="lstat /var/lib/containerd/[m[7m>[27m
2-10T07:57:08.942479380+01:00" level=info msg="loading plugin" id=io.containerd.event.v1.exchange typ[m[7m>[27m
2-10T07:57:08.943073429+01:00" level=info msg="loading plugin" id=io.containerd.monitor.task.v1.cgrou[m[7m>[27m
2-10T07:57:08.943497956+01:00" level=info msg="loading plugin" id=io.containerd.metadata.v1.bolt type[m[7m>[27m
2-10T07:57:08.943525422+01:00" level=info msg="metadata content store policy set" policy=shared[m
fully read all properties[m
2-10T07:57:08.947263695+01:00" level=info msg="loading plugin" id=io.containerd.gc.v1.scheduler type=[m[7m>[27m
