<!DOCTYPE html>
<html>
<head>
<meta charset="ISO-8859-1">
<style type="text/css">
pre {
  font-family:Courier New;
  font-size:10pt;
}

.af_line {
  color: gray;
  text-decoration: none;
}

</style>
<title>090834.txt</title>
</head>
<body>
<pre>Script started on 2026-02-10 09:08:54+01:00 [TERM=&quot;xterm-256color&quot; TTY=&quot;/dev/pts/0&quot; COLUMNS=&quot;28&quot; LINES=&quot;16&quot;]
<span style="color:#5c5cff;">ITINF25/lektion9
<span style="color:#5c5cff;">">ITINF25/lektion9
</span>$ sudo journa
nalctl -b
[sudo] password for kent: 
feb 10 07:48:06 klad kernel: microcode: microcode updated ear<span style="color:#000000;background-color:#000000;">&gt;</span><span style="color:#000000;background-color:#000000;">
feb 10 07:48:06 klad kernel: </span><span style="font-weight:bold;color:#ff0000;"></span>Linux version 6.1.0-37-amd64 (de<span style="color:#000000;background-color:#000000;">&gt;</span><span style="color:#000000;background-color:#000000;">
feb 10 07:48:06 klad kernel: Command line: BOOT_IMAGE=/vmlinu</span><span style="color:#000000;background-color:#000000;">&gt;</span><span style="color:#000000;background-color:#000000;">
feb 10 07:48:06 klad kernel: x86/split lock detection: #AC: c</span><span style="color:#000000;background-color:#000000;">&gt;</span><span style="color:#000000;background-color:#000000;">
feb 10 07:48:06 klad kernel: BIOS-provided physical RAM map:</span>
feb 10 07:48:06 klad kernel: BIOS-e820: [mem 0x00000000000000<span style="color:#000000;background-color:#000000;">&gt;</span><span style="color:#000000;background-color:#000000;">
feb 10 07:48:06 klad kernel: BIOS-e820: [mem 0x000000000009f0</span><span style="color:#000000;background-color:#000000;">&gt;</span><span style="color:#000000;background-color:#000000;">
feb 10 07:48:06 klad kernel: BIOS-e820: [mem 0x00000000001000</span><span style="color:#000000;background-color:#000000;">&gt;</span><span style="color:#000000;background-color:#000000;">
feb 10 07:48:06 klad kernel: BIOS-e820: [mem 0x000000003c2c90</span><span style="color:#000000;background-color:#000000;">&gt;</span><span style="color:#000000;background-color:#000000;">
feb 10 07:48:06 klad kernel: BIOS-e820: [mem 0x000000003cbc90</span><span style="color:#000000;background-color:#000000;">&gt;</span><span style="color:#000000;background-color:#000000;">
feb 10 07:48:06 klad kernel: BIOS-e820: [mem 0x000000003e9df0</span><span style="color:#000000;background-color:#000000;">&gt;</span><span style="color:#000000;background-color:#000000;">
feb 10 07:48:06 klad kernel: BIOS-e820: [mem 0x000000003edaf0</span><span style="color:#000000;background-color:#000000;">&gt;</span><span style="color:#000000;background-color:#000000;">
feb 10 07:48:06 klad kernel: BIOS-e820: [mem 0x0000000040a7f0</span><span style="color:#000000;background-color:#000000;">&gt;</span><span style="color:#000000;background-color:#000000;">
feb 10 07:48:06 klad kernel: BIOS-e820: [mem 0x0000000043a2f0</span><span style="color:#000000;background-color:#000000;">&gt;</span><span style="color:#000000;background-color:#000000;">
feb 10 07:48:06 klad kernel: BIOS-e820: [mem 0x0000000043aff0</span><span style="color:#000000;background-color:#000000;">&gt;</span><span style="color:#000000;background-color:#000000;">
feb 10 07:48:06 klad kernel: BIOS-e820: [mem 0x0000000043b000</span><span style="color:#000000;background-color:#000000;">&gt;</span><span style="color:#000000;background-color:#000000;">
feb 10 07:48:06 klad kernel: BIOS-e820: [mem 0x0000000048e000</span><span style="color:#000000;background-color:#000000;">&gt;</span><span style="color:#000000;background-color:#000000;">
feb 10 07:48:06 klad kernel: BIOS-e820: [mem 0x000000004a0000</span><span style="color:#000000;background-color:#000000;">&gt;</span><span style="color:#000000;background-color:#000000;">
</span><span style="color:#000000;background-color:#000000;">lines 1-18</span><span style="color:#000000;background-color:#000000;">...skipping...
feb 10 07:48:06 klad kernel: microcode: microcode updated early to revision 0x4</span><span style="color:#000000;background-color:#000000;">&gt;</span><span style="color:#000000;background-color:#000000;">
feb 10 07:48:06 klad kernel: </span><span style="font-weight:bold;color:#ff0000;"></span>Linux version 6.1.0-37-amd64 (debian-kernel&#64;lists.<span style="color:#000000;background-color:#000000;">&gt;</span><span style="color:#000000;background-color:#000000;">
feb 10 07:48:06 klad kernel: Command line: BOOT_IMAGE=/vmlinuz-6.1.0-37-amd64 r</span><span style="color:#000000;background-color:#000000;">&gt;</span><span style="color:#000000;background-color:#000000;">
feb 10 07:48:06 klad kernel: x86/split lock detection: #AC: crashing the kernel</span><span style="color:#000000;background-color:#000000;">&gt;</span><span style="color:#000000;background-color:#000000;">
feb 10 07:48:06 klad kernel: BIOS-provided physical RAM map:</span>
feb 10 07:48:06 klad kernel: BIOS-e820: [mem 0x0000000000000000-0x000000000009e<span style="color:#000000;background-color:#000000;">&gt;</span><span style="color:#000000;background-color:#000000;">
feb 10 07:48:06 klad kernel: BIOS-e820: [mem 0x000000000009f000-0x00000000000ff</span><span style="color:#000000;background-color:#000000;">&gt;</span><span style="color:#000000;background-color:#000000;">
feb 10 07:48:06 klad kernel: BIOS-e820: [mem 0x0000000000100000-0x000000003c2c8</span><span style="color:#000000;background-color:#000000;">&gt;</span><span style="color:#000000;background-color:#000000;">
feb 10 07:48:06 klad kernel: BIOS-e820: [mem 0x000000003c2c9000-0x000000003cbc8</span><span style="color:#000000;background-color:#000000;">&gt;</span><span style="color:#000000;background-color:#000000;">
feb 10 07:48:06 klad kernel: BIOS-e820: [mem 0x000000003cbc9000-0x000000003e9de</span><span style="color:#000000;background-color:#000000;">&gt;</span><span style="color:#000000;background-color:#000000;">
feb 10 07:48:06 klad kernel: BIOS-e820: [mem 0x000000003e9df000-0x000000003edae</span><span style="color:#000000;background-color:#000000;">&gt;</span><span style="color:#000000;background-color:#000000;">
feb 10 07:48:06 klad kernel: BIOS-e820: [mem 0x000000003edaf000-0x0000000040a7e</span><span style="color:#000000;background-color:#000000;">&gt;</span><span style="color:#000000;background-color:#000000;">
feb 10 07:48:06 klad kernel: BIOS-e820: [mem 0x0000000040a7f000-0x0000000043a2e</span><span style="color:#000000;background-color:#000000;">&gt;</span><span style="color:#000000;background-color:#000000;">
feb 10 07:48:06 klad kernel: BIOS-e820: [mem 0x0000000043a2f000-0x0000000043afe</span><span style="color:#000000;background-color:#000000;">&gt;</span><span style="color:#000000;background-color:#000000;">
feb 10 07:48:06 klad kernel: BIOS-e820: [mem 0x0000000043aff000-0x0000000043aff</span><span style="color:#000000;background-color:#000000;">&gt;</span><span style="color:#000000;background-color:#000000;">
feb 10 07:48:06 klad kernel: BIOS-e820: [mem 0x0000000043b00000-0x0000000047fff</span><span style="color:#000000;background-color:#000000;">&gt;</span><span style="color:#000000;background-color:#000000;">
feb 10 07:48:06 klad kernel: BIOS-e820: [mem 0x0000000048e00000-0x0000000048fff</span><span style="color:#000000;background-color:#000000;">&gt;</span><span style="color:#000000;background-color:#000000;">
feb 10 07:48:06 klad kernel: BIOS-e820: [mem 0x000000004a000000-0x00000000507ff</span><span style="color:#000000;background-color:#000000;">&gt;</span><span style="color:#000000;background-color:#000000;">
feb 10 07:48:06 klad kernel: BIOS-e820: [mem 0x00000000c0000000-0x00000000cffff</span><span style="color:#000000;background-color:#000000;">&gt;</span><span style="color:#000000;background-color:#000000;">
feb 10 07:48:06 klad kernel: BIOS-e820: [mem 0x00000000fe010000-0x00000000fe010</span><span style="color:#000000;background-color:#000000;">&gt;</span><span style="color:#000000;background-color:#000000;">
feb 10 07:48:06 klad kernel: BIOS-e820: [mem 0x00000000fed20000-0x00000000fed7f</span><span style="color:#000000;background-color:#000000;">&gt;</span><span style="color:#000000;background-color:#000000;">
feb 10 07:48:06 klad kernel: BIOS-e820: [mem 0x00000000ff000000-0x00000000fffff</span><span style="color:#000000;background-color:#000000;">&gt;</span><span style="color:#000000;background-color:#000000;">
</span><span style="color:#000000;background-color:#000000;">lines 1-22</span><span style="color:#000000;background-color:#000000;">...skipping...
feb 10 07:48:06 klad kernel: microcode: microcode updated early to revision 0x43a, date = 2025-10-12</span>
feb 10 07:48:06 klad kernel: <span style="font-weight:bold;color:#ff0000;"></span>Linux version 6.1.0-37-amd64 (debian-kernel&#64;lists.debian.org) (gcc-12 (D<span style="color:#000000;background-color:#000000;">&gt;</span><span style="color:#000000;background-color:#000000;">
feb 10 07:48:06 klad kernel: Command line: BOOT_IMAGE=/vmlinuz-6.1.0-37-amd64 root=UUID=161a00c3-26c1</span><span style="color:#000000;background-color:#000000;">&gt;</span><span style="color:#000000;background-color:#000000;">
feb 10 07:48:06 klad kernel: x86/split lock detection: #AC: crashing the kernel on kernel split_locks</span><span style="color:#000000;background-color:#000000;">&gt;</span><span style="color:#000000;background-color:#000000;">
feb 10 07:48:06 klad kernel: BIOS-provided physical RAM map:</span>
feb 10 07:48:06 klad kernel: BIOS-e820: [mem 0x0000000000000000-0x000000000009efff] usable
feb 10 07:48:06 klad kernel: BIOS-e820: [mem 0x000000000009f000-0x00000000000fffff] reserved
feb 10 07:48:06 klad kernel: BIOS-e820: [mem 0x0000000000100000-0x000000003c2c8fff] usable
feb 10 07:48:06 klad kernel: BIOS-e820: [mem 0x000000003c2c9000-0x000000003cbc8fff] reserved
feb 10 07:48:06 klad kernel: BIOS-e820: [mem 0x000000003cbc9000-0x000000003e9defff] usable
feb 10 07:48:06 klad kernel: BIOS-e820: [mem 0x000000003e9df000-0x000000003edaefff] type 20
feb 10 07:48:06 klad kernel: BIOS-e820: [mem 0x000000003edaf000-0x0000000040a7efff] reserved
feb 10 07:48:06 klad kernel: BIOS-e820: [mem 0x0000000040a7f000-0x0000000043a2efff] ACPI NVS
feb 10 07:48:06 klad kernel: BIOS-e820: [mem 0x0000000043a2f000-0x0000000043afefff] ACPI data
feb 10 07:48:06 klad kernel: BIOS-e820: [mem 0x0000000043aff000-0x0000000043afffff] usable
feb 10 07:48:06 klad kernel: BIOS-e820: [mem 0x0000000043b00000-0x0000000047ffffff] reserved
feb 10 07:48:06 klad kernel: BIOS-e820: [mem 0x0000000048e00000-0x0000000048ffffff] reserved
feb 10 07:48:06 klad kernel: BIOS-e820: [mem 0x000000004a000000-0x00000000507fffff] reserved
feb 10 07:48:06 klad kernel: BIOS-e820: [mem 0x00000000c0000000-0x00000000cfffffff] reserved
feb 10 07:48:06 klad kernel: BIOS-e820: [mem 0x00000000fe010000-0x00000000fe010fff] reserved
feb 10 07:48:06 klad kernel: BIOS-e820: [mem 0x00000000fed20000-0x00000000fed7ffff] reserved
feb 10 07:48:06 klad kernel: BIOS-e820: [mem 0x00000000ff000000-0x00000000ffffffff] reserved
feb 10 07:48:06 klad kernel: BIOS-e820: [mem 0x0000000100000000-0x00000004af7fffff] usable
feb 10 07:48:06 klad kernel: NX (Execute Disable) protection: active
feb 10 07:48:06 klad kernel: efi: EFI v2.80 by INSYDE Corp.
feb 10 07:48:06 klad kernel: efi: ACPI=0x43afe000 ACPI 2.0=0x43afe014 TPMFinalLog=0x439a6000 SMBIOS=0<span style="color:#000000;background-color:#000000;">&gt;</span><span style="color:#000000;background-color:#000000;">
<span style="color:#5c5cff;background-color:#000000;">&gt;</span><span style="color:#5c5cff;background-color:#000000;">ITINF25/lektion9
<span style="color:#5c5cff;">pan style="color:#5c5cff;">ITINF25/lektion9
</span>$ sudo journalctl -b
feb 10 07:48:06 klad kernel: microcode: microcode updated early to revision 0x43a, date = 2025-10-12
feb 10 07:48:06 klad kernel: <span style="font-weight:bold;color:#ff0000;"></span>Linux version 6.1.0-37-amd64 (debian-kernel&#64;lists.debian.org) (gcc-12 (D<span style="color:#000000;background-color:#000000;">&gt;</span><span style="color:#000000;background-color:#000000;">
feb 10 07:48:06 klad kernel: Command line: BOOT_IMAGE=/vmlinuz-6.1.0-37-amd64 root=UUID=161a00c3-26c1</span><span style="color:#000000;background-color:#000000;">&gt;</span><span style="color:#000000;background-color:#000000;">
feb 10 07:48:06 klad kernel: x86/split lock detection: #AC: crashing the kernel on kernel split_locks</span><span style="color:#000000;background-color:#000000;">&gt;</span><span style="color:#000000;background-color:#000000;">
feb 10 07:48:06 klad kernel: BIOS-provided physical RAM map:</span>
feb 10 07:48:06 klad kernel: BIOS-e820: [mem 0x0000000000000000-0x000000000009efff] usable
feb 10 07:48:06 klad kernel: BIOS-e820: [mem 0x000000000009f000-0x00000000000fffff] reserved
feb 10 07:48:06 klad kernel: BIOS-e820: [mem 0x0000000000100000-0x000000003c2c8fff] usable
feb 10 07:48:06 klad kernel: BIOS-e820: [mem 0x000000003c2c9000-0x000000003cbc8fff] reserved
feb 10 07:48:06 klad kernel: BIOS-e820: [mem 0x000000003cbc9000-0x000000003e9defff] usable
feb 10 07:48:06 klad kernel: BIOS-e820: [mem 0x000000003e9df000-0x000000003edaefff] type 20
feb 10 07:48:06 klad kernel: BIOS-e820: [mem 0x000000003edaf000-0x0000000040a7efff] reserved
feb 10 07:48:06 klad kernel: BIOS-e820: [mem 0x0000000040a7f000-0x0000000043a2efff] ACPI NVS
feb 10 07:48:06 klad kernel: BIOS-e820: [mem 0x0000000043a2f000-0x0000000043afefff] ACPI data
feb 10 07:48:06 klad kernel: BIOS-e820: [mem 0x0000000043aff000-0x0000000043afffff] usable
feb 10 07:48:06 klad kernel: BIOS-e820: [mem 0x0000000043b00000-0x0000000047ffffff] reserved
feb 10 07:48:06 klad kernel: BIOS-e820: [mem 0x0000000048e00000-0x0000000048ffffff] reserved
feb 10 07:48:06 klad kernel: BIOS-e820: [mem 0x000000004a000000-0x00000000507fffff] reserved
feb 10 07:48:06 klad kernel: BIOS-e820: [mem 0x00000000c0000000-0x00000000cfffffff] reserved
feb 10 07:48:06 klad kernel: BIOS-e820: [mem 0x00000000fe010000-0x00000000fe010fff] reserved
feb 10 07:48:06 klad kernel: BIOS-e820: [mem 0x00000000fed20000-0x00000000fed7ffff] reserved
feb 10 07:48:06 klad kernel: BIOS-e820: [mem 0x00000000ff000000-0x00000000ffffffff] reserved
feb 10 07:48:06 klad kernel: BIOS-e820: [mem 0x0000000100000000-0x00000004af7fffff] usable
feb 10 07:48:06 klad kernel: NX (Execute Disable) protection: active
feb 10 07:48:06 klad kernel: efi: EFI v2.80 by INSYDE Corp.
feb 10 07:48:06 klad kernel: efi: ACPI=0x43afe000 ACPI 2.0=0x43afe014 TPMFinalLog=0x439a6000 SMBIOS=0<span style="color:#000000;background-color:#000000;">&gt;</span><span style="color:#000000;background-color:#000000;">
<span style="color:#000000;background-color:#000000;"> ESESCOCpdated early to revision 0x43a, date = 2025-10-12</span>lor:#000000;">
<span style="font-weight:bold;color:#ff0000;"></span>-amd64 (debian-kernel&#64;lists.debian.org) (gcc-12 (Debian 12.2.0-14+deb12u1) 12.2.0, GNU ld (GNU Binuti<span style="color:#000000;background-color:#000000;">&gt;</span><span style="color:#000000;background-color:#000000;">
GE=/vmlinuz-6.1.0-37-amd64 root=UUID=161a00c3-26c1-4611-8ebe-c6b3a55f485e ro i8042.kbdreset=1 quiet s</span><span style="color:#000000;background-color:#000000;">&gt;</span><span style="color:#000000;background-color:#000000;">
on: #AC: crashing the kernel on kernel split_locks and warning on user-space split_locks</span>
 RAM map:
000000000000-0x000000000009efff] usable
00000009f000-0x00000000000fffff] reserved
000000100000-0x000000003c2c8fff] usable
00003c2c9000-0x000000003cbc8fff] reserved
00003cbc9000-0x000000003e9defff] usable
00003e9df000-0x000000003edaefff] type 20
00003edaf000-0x0000000040a7efff] reserved
000040a7f000-0x0000000043a2efff] ACPI NVS
000043a2f000-0x0000000043afefff] ACPI data
000043aff000-0x0000000043afffff] usable
000043b00000-0x0000000047ffffff] reserved
000048e00000-0x0000000048ffffff] reserved
00004a000000-0x00000000507fffff] reserved
0000c0000000-0x00000000cfffffff] reserved
0000fe010000-0x00000000fe010fff] reserved
0000fed20000-0x00000000fed7ffff] reserved
0000ff000000-0x00000000ffffffff] reserved
000100000000-0x00000004af7fffff] usable
rotection: active
DE Corp.
CPI 2.0=0x43afe014 TPMFinalLog=0x439a6000 SMBIOS=0x3f086000 MEMATTR=0x38120018 ESRT=0x3844b498 MOKvar<span style="color:#000000;background-color:#000000;">&gt;</span><span style="color:#000000;background-color:#000000;">
<span style="color:#000000;background-color:#000000;"> ESESCODfeb 10 07:48:06 klad kernel: microcode: microcode updated early to revision 0x43a, date = 2025-10-12</span>
feb 10 07:48:06 klad kernel: <span style="font-weight:bold;color:#ff0000;"></span>Linux version 6.1.0-37-amd64 (debian-kernel&#64;lists.debian.org) (gcc-12 (D<span style="color:#000000;background-color:#000000;">&gt;</span><span style="color:#000000;background-color:#000000;">
feb 10 07:48:06 klad kernel: Command line: BOOT_IMAGE=/vmlinuz-6.1.0-37-amd64 root=UUID=161a00c3-26c1</span><span style="color:#000000;background-color:#000000;">&gt;</span><span style="color:#000000;background-color:#000000;">
feb 10 07:48:06 klad kernel: x86/split lock detection: #AC: crashing the kernel on kernel split_locks</span><span style="color:#000000;background-color:#000000;">&gt;</span><span style="color:#000000;background-color:#000000;">
feb 10 07:48:06 klad kernel: BIOS-provided physical RAM map:</span>
feb 10 07:48:06 klad kernel: BIOS-e820: [mem 0x0000000000000000-0x000000000009efff] usable
feb 10 07:48:06 klad kernel: BIOS-e820: [mem 0x000000000009f000-0x00000000000fffff] reserved
feb 10 07:48:06 klad kernel: BIOS-e820: [mem 0x0000000000100000-0x000000003c2c8fff] usable
feb 10 07:48:06 klad kernel: BIOS-e820: [mem 0x000000003c2c9000-0x000000003cbc8fff] reserved
feb 10 07:48:06 klad kernel: BIOS-e820: [mem 0x000000003cbc9000-0x000000003e9defff] usable
feb 10 07:48:06 klad kernel: BIOS-e820: [mem 0x000000003e9df000-0x000000003edaefff] type 20
feb 10 07:48:06 klad kernel: BIOS-e820: [mem 0x000000003edaf000-0x0000000040a7efff] reserved
feb 10 07:48:06 klad kernel: BIOS-e820: [mem 0x0000000040a7f000-0x0000000043a2efff] ACPI NVS
feb 10 07:48:06 klad kernel: BIOS-e820: [mem 0x0000000043a2f000-0x0000000043afefff] ACPI data
feb 10 07:48:06 klad kernel: BIOS-e820: [mem 0x0000000043aff000-0x0000000043afffff] usable
feb 10 07:48:06 klad kernel: BIOS-e820: [mem 0x0000000043b00000-0x0000000047ffffff] reserved
feb 10 07:48:06 klad kernel: BIOS-e820: [mem 0x0000000048e00000-0x0000000048ffffff] reserved
feb 10 07:48:06 klad kernel: BIOS-e820: [mem 0x000000004a000000-0x00000000507fffff] reserved
feb 10 07:48:06 klad kernel: BIOS-e820: [mem 0x00000000c0000000-0x00000000cfffffff] reserved
feb 10 07:48:06 klad kernel: BIOS-e820: [mem 0x00000000fe010000-0x00000000fe010fff] reserved
feb 10 07:48:06 klad kernel: BIOS-e820: [mem 0x00000000fed20000-0x00000000fed7ffff] reserved
feb 10 07:48:06 klad kernel: BIOS-e820: [mem 0x00000000ff000000-0x00000000ffffffff] reserved
feb 10 07:48:06 klad kernel: BIOS-e820: [mem 0x0000000100000000-0x00000004af7fffff] usable
feb 10 07:48:06 klad kernel: NX (Execute Disable) protection: active
feb 10 07:48:06 klad kernel: efi: EFI v2.80 by INSYDE Corp.
feb 10 07:48:06 klad kernel: efi: ACPI=0x43afe000 ACPI 2.0=0x43afe014 TPMFinalLog=0x439a6000 SMBIOS=0<span style="color:#000000;background-color:#000000;">&gt;</span><span style="color:#000000;background-color:#000000;">
<span style="color:#000000;background-color:#000000;"> ESESCOAines 1-26</span><span style="color:#000000;background-color:#000000;">
<span style="color:#000000;background-color:#000000;"> ESESCOCpdated early to revision 0x43a, date = 2025-10-12</span>es 1-26</span><span style="color:#000000;background-color:#000000;">
<span style="font-weight:bold;color:#ff0000;"></span>-amd64 (debian-kernel&#64;lists.debian.org) (gcc-12 (Debian 12.2.0-14+deb12u1) 12.2.0, GNU ld (GNU Binuti<span style="color:#000000;background-color:#000000;">&gt;</span><span style="color:#000000;background-color:#000000;">
GE=/vmlinuz-6.1.0-37-amd64 root=UUID=161a00c3-26c1-4611-8ebe-c6b3a55f485e ro i8042.kbdreset=1 quiet s</span><span style="color:#000000;background-color:#000000;">&gt;</span><span style="color:#000000;background-color:#000000;">
on: #AC: crashing the kernel on kernel split_locks and warning on user-space split_locks</span>
 RAM map:
000000000000-0x000000000009efff] usable
00000009f000-0x00000000000fffff] reserved
000000100000-0x000000003c2c8fff] usable
00003c2c9000-0x000000003cbc8fff] reserved
00003cbc9000-0x000000003e9defff] usable
00003e9df000-0x000000003edaefff] type 20
00003edaf000-0x0000000040a7efff] reserved
000040a7f000-0x0000000043a2efff] ACPI NVS
000043a2f000-0x0000000043afefff] ACPI data
000043aff000-0x0000000043afffff] usable
000043b00000-0x0000000047ffffff] reserved
000048e00000-0x0000000048ffffff] reserved
00004a000000-0x00000000507fffff] reserved
0000c0000000-0x00000000cfffffff] reserved
0000fe010000-0x00000000fe010fff] reserved
0000fed20000-0x00000000fed7ffff] reserved
0000ff000000-0x00000000ffffffff] reserved
000100000000-0x00000004af7fffff] usable
rotection: active
DE Corp.
CPI 2.0=0x43afe014 TPMFinalLog=0x439a6000 SMBIOS=0x3f086000 MEMATTR=0x38120018 ESRT=0x3844b498 MOKvar<span style="color:#000000;background-color:#000000;">&gt;</span><span style="color:#000000;background-color:#000000;">
<span style="color:#000000;background-color:#000000;"> ESESCODfeb 10 07:48:06 klad kernel: microcode: microcode updated early to revision 0x43a, date = 2025-10-12</span>
feb 10 07:48:06 klad kernel: <span style="font-weight:bold;color:#ff0000;"></span>Linux version 6.1.0-37-amd64 (debian-kernel&#64;lists.debian.org) (gcc-12 (D<span style="color:#000000;background-color:#000000;">&gt;</span><span style="color:#000000;background-color:#000000;">
feb 10 07:48:06 klad kernel: Command line: BOOT_IMAGE=/vmlinuz-6.1.0-37-amd64 root=UUID=161a00c3-26c1</span><span style="color:#000000;background-color:#000000;">&gt;</span><span style="color:#000000;background-color:#000000;">
feb 10 07:48:06 klad kernel: x86/split lock detection: #AC: crashing the kernel on kernel split_locks</span><span style="color:#000000;background-color:#000000;">&gt;</span><span style="color:#000000;background-color:#000000;">
feb 10 07:48:06 klad kernel: BIOS-provided physical RAM map:</span>
feb 10 07:48:06 klad kernel: BIOS-e820: [mem 0x0000000000000000-0x000000000009efff] usable
feb 10 07:48:06 klad kernel: BIOS-e820: [mem 0x000000000009f000-0x00000000000fffff] reserved
feb 10 07:48:06 klad kernel: BIOS-e820: [mem 0x0000000000100000-0x000000003c2c8fff] usable
feb 10 07:48:06 klad kernel: BIOS-e820: [mem 0x000000003c2c9000-0x000000003cbc8fff] reserved
feb 10 07:48:06 klad kernel: BIOS-e820: [mem 0x000000003cbc9000-0x000000003e9defff] usable
feb 10 07:48:06 klad kernel: BIOS-e820: [mem 0x000000003e9df000-0x000000003edaefff] type 20
feb 10 07:48:06 klad kernel: BIOS-e820: [mem 0x000000003edaf000-0x0000000040a7efff] reserved
feb 10 07:48:06 klad kernel: BIOS-e820: [mem 0x0000000040a7f000-0x0000000043a2efff] ACPI NVS
feb 10 07:48:06 klad kernel: BIOS-e820: [mem 0x0000000043a2f000-0x0000000043afefff] ACPI data
feb 10 07:48:06 klad kernel: BIOS-e820: [mem 0x0000000043aff000-0x0000000043afffff] usable
feb 10 07:48:06 klad kernel: BIOS-e820: [mem 0x0000000043b00000-0x0000000047ffffff] reserved
feb 10 07:48:06 klad kernel: BIOS-e820: [mem 0x0000000048e00000-0x0000000048ffffff] reserved
feb 10 07:48:06 klad kernel: BIOS-e820: [mem 0x000000004a000000-0x00000000507fffff] reserved
feb 10 07:48:06 klad kernel: BIOS-e820: [mem 0x00000000c0000000-0x00000000cfffffff] reserved
feb 10 07:48:06 klad kernel: BIOS-e820: [mem 0x00000000fe010000-0x00000000fe010fff] reserved
feb 10 07:48:06 klad kernel: BIOS-e820: [mem 0x00000000fed20000-0x00000000fed7ffff] reserved
feb 10 07:48:06 klad kernel: BIOS-e820: [mem 0x00000000ff000000-0x00000000ffffffff] reserved
feb 10 07:48:06 klad kernel: BIOS-e820: [mem 0x0000000100000000-0x00000004af7fffff] usable
feb 10 07:48:06 klad kernel: NX (Execute Disable) protection: active
feb 10 07:48:06 klad kernel: efi: EFI v2.80 by INSYDE Corp.
feb 10 07:48:06 klad kernel: efi: ACPI=0x43afe000 ACPI 2.0=0x43afe014 TPMFinalLog=0x439a6000 SMBIOS=0<span style="color:#000000;background-color:#000000;">&gt;</span><span style="color:#000000;background-color:#000000;">
<span style="color:#000000;background-color:#000000;"> ESESCOCpdated early to revision 0x43a, date = 2025-10-12</span>lor:#000000;">
<span style="font-weight:bold;color:#ff0000;"></span>-amd64 (debian-kernel&#64;lists.debian.org) (gcc-12 (Debian 12.2.0-14+deb12u1) 12.2.0, GNU ld (GNU Binuti<span style="color:#000000;background-color:#000000;">&gt;</span><span style="color:#000000;background-color:#000000;">
GE=/vmlinuz-6.1.0-37-amd64 root=UUID=161a00c3-26c1-4611-8ebe-c6b3a55f485e ro i8042.kbdreset=1 quiet s</span><span style="color:#000000;background-color:#000000;">&gt;</span><span style="color:#000000;background-color:#000000;">
on: #AC: crashing the kernel on kernel split_locks and warning on user-space split_locks</span>
 RAM map:
000000000000-0x000000000009efff] usable
00000009f000-0x00000000000fffff] reserved
000000100000-0x000000003c2c8fff] usable
00003c2c9000-0x000000003cbc8fff] reserved
00003cbc9000-0x000000003e9defff] usable
00003e9df000-0x000000003edaefff] type 20
00003edaf000-0x0000000040a7efff] reserved
000040a7f000-0x0000000043a2efff] ACPI NVS
000043a2f000-0x0000000043afefff] ACPI data
000043aff000-0x0000000043afffff] usable
000043b00000-0x0000000047ffffff] reserved
000048e00000-0x0000000048ffffff] reserved
00004a000000-0x00000000507fffff] reserved
0000c0000000-0x00000000cfffffff] reserved
0000fe010000-0x00000000fe010fff] reserved
0000fed20000-0x00000000fed7ffff] reserved
0000ff000000-0x00000000ffffffff] reserved
000100000000-0x00000004af7fffff] usable
rotection: active
DE Corp.
CPI 2.0=0x43afe014 TPMFinalLog=0x439a6000 SMBIOS=0x3f086000 MEMATTR=0x38120018 ESRT=0x3844b498 MOKvar<span style="color:#000000;background-color:#000000;">&gt;</span><span style="color:#000000;background-color:#000000;">
<span style="color:#000000;background-color:#000000;"> ESESCOC</span>26</span><span style="color:#000000;background-color:#000000;">
<span style="font-weight:bold;color:#ff0000;"></span>bian 12.2.0-14+deb12u1) 12.2.0, GNU ld (GNU Binutils for Debian) 2.40) #1 SMP PREEMPT_DYNAMIC Debian <span style="color:#000000;background-color:#000000;">&gt;</span><span style="color:#000000;background-color:#000000;">
4611-8ebe-c6b3a55f485e ro i8042.kbdreset=1 quiet splash i8042.reset i8042.nomux</span>
and warning on user-space split_locks





















3f086000 MEMATTR=0x38120018 ESRT=0x3844b498 MOKvar=0x3f026000 
<span style="color:#000000;background-color:#000000;"> ESESCODpdated early to revision 0x43a, date = 2025-10-12</span>0000;">
<span style="font-weight:bold;color:#ff0000;"></span>-amd64 (debian-kernel&#64;lists.debian.org) (gcc-12 (Debian 12.2.0-14+deb12u1) 12.2.0, GNU ld (GNU Binuti<span style="color:#000000;background-color:#000000;">&gt;</span><span style="color:#000000;background-color:#000000;">
GE=/vmlinuz-6.1.0-37-amd64 root=UUID=161a00c3-26c1-4611-8ebe-c6b3a55f485e ro i8042.kbdreset=1 quiet s</span><span style="color:#000000;background-color:#000000;">&gt;</span><span style="color:#000000;background-color:#000000;">
on: #AC: crashing the kernel on kernel split_locks and warning on user-space split_locks</span>
 RAM map:
000000000000-0x000000000009efff] usable
00000009f000-0x00000000000fffff] reserved
000000100000-0x000000003c2c8fff] usable
00003c2c9000-0x000000003cbc8fff] reserved
00003cbc9000-0x000000003e9defff] usable
00003e9df000-0x000000003edaefff] type 20
00003edaf000-0x0000000040a7efff] reserved
000040a7f000-0x0000000043a2efff] ACPI NVS
000043a2f000-0x0000000043afefff] ACPI data
000043aff000-0x0000000043afffff] usable
000043b00000-0x0000000047ffffff] reserved
000048e00000-0x0000000048ffffff] reserved
00004a000000-0x00000000507fffff] reserved
0000c0000000-0x00000000cfffffff] reserved
0000fe010000-0x00000000fe010fff] reserved
0000fed20000-0x00000000fed7ffff] reserved
0000ff000000-0x00000000ffffffff] reserved
000100000000-0x00000004af7fffff] usable
rotection: active
DE Corp.
CPI 2.0=0x43afe014 TPMFinalLog=0x439a6000 SMBIOS=0x3f086000 MEMATTR=0x38120018 ESRT=0x3844b498 MOKvar<span style="color:#000000;background-color:#000000;">&gt;</span><span style="color:#000000;background-color:#000000;">
<span style="color:#000000;background-color:#000000;"> ESESCODfeb 10 07:48:06 klad kernel: microcode: microcode updated early to revision 0x43a, date = 2025-10-12</span>
feb 10 07:48:06 klad kernel: <span style="font-weight:bold;color:#ff0000;"></span>Linux version 6.1.0-37-amd64 (debian-kernel&#64;lists.debian.org) (gcc-12 (D<span style="color:#000000;background-color:#000000;">&gt;</span><span style="color:#000000;background-color:#000000;">
feb 10 07:48:06 klad kernel: Command line: BOOT_IMAGE=/vmlinuz-6.1.0-37-amd64 root=UUID=161a00c3-26c1</span><span style="color:#000000;background-color:#000000;">&gt;</span><span style="color:#000000;background-color:#000000;">
feb 10 07:48:06 klad kernel: x86/split lock detection: #AC: crashing the kernel on kernel split_locks</span><span style="color:#000000;background-color:#000000;">&gt;</span><span style="color:#000000;background-color:#000000;">
feb 10 07:48:06 klad kernel: BIOS-provided physical RAM map:</span>
feb 10 07:48:06 klad kernel: BIOS-e820: [mem 0x0000000000000000-0x000000000009efff] usable
feb 10 07:48:06 klad kernel: BIOS-e820: [mem 0x000000000009f000-0x00000000000fffff] reserved
feb 10 07:48:06 klad kernel: BIOS-e820: [mem 0x0000000000100000-0x000000003c2c8fff] usable
feb 10 07:48:06 klad kernel: BIOS-e820: [mem 0x000000003c2c9000-0x000000003cbc8fff] reserved
feb 10 07:48:06 klad kernel: BIOS-e820: [mem 0x000000003cbc9000-0x000000003e9defff] usable
feb 10 07:48:06 klad kernel: BIOS-e820: [mem 0x000000003e9df000-0x000000003edaefff] type 20
feb 10 07:48:06 klad kernel: BIOS-e820: [mem 0x000000003edaf000-0x0000000040a7efff] reserved
feb 10 07:48:06 klad kernel: BIOS-e820: [mem 0x0000000040a7f000-0x0000000043a2efff] ACPI NVS
feb 10 07:48:06 klad kernel: BIOS-e820: [mem 0x0000000043a2f000-0x0000000043afefff] ACPI data
feb 10 07:48:06 klad kernel: BIOS-e820: [mem 0x0000000043aff000-0x0000000043afffff] usable
feb 10 07:48:06 klad kernel: BIOS-e820: [mem 0x0000000043b00000-0x0000000047ffffff] reserved
feb 10 07:48:06 klad kernel: BIOS-e820: [mem 0x0000000048e00000-0x0000000048ffffff] reserved
feb 10 07:48:06 klad kernel: BIOS-e820: [mem 0x000000004a000000-0x00000000507fffff] reserved
feb 10 07:48:06 klad kernel: BIOS-e820: [mem 0x00000000c0000000-0x00000000cfffffff] reserved
feb 10 07:48:06 klad kernel: BIOS-e820: [mem 0x00000000fe010000-0x00000000fe010fff] reserved
feb 10 07:48:06 klad kernel: BIOS-e820: [mem 0x00000000fed20000-0x00000000fed7ffff] reserved
feb 10 07:48:06 klad kernel: BIOS-e820: [mem 0x00000000ff000000-0x00000000ffffffff] reserved
feb 10 07:48:06 klad kernel: BIOS-e820: [mem 0x0000000100000000-0x00000004af7fffff] usable
feb 10 07:48:06 klad kernel: NX (Execute Disable) protection: active
feb 10 07:48:06 klad kernel: efi: EFI v2.80 by INSYDE Corp.
feb 10 07:48:06 klad kernel: efi: ACPI=0x43afe000 ACPI 2.0=0x43afe014 TPMFinalLog=0x439a6000 SMBIOS=0<span style="color:#000000;background-color:#000000;">&gt;</span><span style="color:#000000;background-color:#000000;">
<span style="color:#000000;background-color:#000000;"> ESESCODfeb 10 07:48:06 klad kernel: microcode: microcode updated early to revision 0x43a, date = 2025-10-12</span>
feb 10 07:48:06 klad kernel: <span style="font-weight:bold;color:#ff0000;"></span>Linux version 6.1.0-37-amd64 (debian-kernel&#64;lists.debian.org) (gcc-12 (D<span style="color:#000000;background-color:#000000;">&gt;</span><span style="color:#000000;background-color:#000000;">
feb 10 07:48:06 klad kernel: Command line: BOOT_IMAGE=/vmlinuz-6.1.0-37-amd64 root=UUID=161a00c3-26c1</span><span style="color:#000000;background-color:#000000;">&gt;</span><span style="color:#000000;background-color:#000000;">
feb 10 07:48:06 klad kernel: x86/split lock detection: #AC: crashing the kernel on kernel split_locks</span><span style="color:#000000;background-color:#000000;">&gt;</span><span style="color:#000000;background-color:#000000;">
feb 10 07:48:06 klad kernel: BIOS-provided physical RAM map:</span>
feb 10 07:48:06 klad kernel: BIOS-e820: [mem 0x0000000000000000-0x000000000009efff] usable
feb 10 07:48:06 klad kernel: BIOS-e820: [mem 0x000000000009f000-0x00000000000fffff] reserved
feb 10 07:48:06 klad kernel: BIOS-e820: [mem 0x0000000000100000-0x000000003c2c8fff] usable
feb 10 07:48:06 klad kernel: BIOS-e820: [mem 0x000000003c2c9000-0x000000003cbc8fff] reserved
feb 10 07:48:06 klad kernel: BIOS-e820: [mem 0x000000003cbc9000-0x000000003e9defff] usable
feb 10 07:48:06 klad kernel: BIOS-e820: [mem 0x000000003e9df000-0x000000003edaefff] type 20
feb 10 07:48:06 klad kernel: BIOS-e820: [mem 0x000000003edaf000-0x0000000040a7efff] reserved
feb 10 07:48:06 klad kernel: BIOS-e820: [mem 0x0000000040a7f000-0x0000000043a2efff] ACPI NVS
feb 10 07:48:06 klad kernel: BIOS-e820: [mem 0x0000000043a2f000-0x0000000043afefff] ACPI data
feb 10 07:48:06 klad kernel: BIOS-e820: [mem 0x0000000043aff000-0x0000000043afffff] usable
feb 10 07:48:06 klad kernel: BIOS-e820: [mem 0x0000000043b00000-0x0000000047ffffff] reserved
feb 10 07:48:06 klad kernel: BIOS-e820: [mem 0x0000000048e00000-0x0000000048ffffff] reserved
feb 10 07:48:06 klad kernel: BIOS-e820: [mem 0x000000004a000000-0x00000000507fffff] reserved
feb 10 07:48:06 klad kernel: BIOS-e820: [mem 0x00000000c0000000-0x00000000cfffffff] reserved
feb 10 07:48:06 klad kernel: BIOS-e820: [mem 0x00000000fe010000-0x00000000fe010fff] reserved
feb 10 07:48:06 klad kernel: BIOS-e820: [mem 0x00000000fed20000-0x00000000fed7ffff] reserved
feb 10 07:48:06 klad kernel: BIOS-e820: [mem 0x00000000ff000000-0x00000000ffffffff] reserved
feb 10 07:48:06 klad kernel: BIOS-e820: [mem 0x0000000100000000-0x00000004af7fffff] usable
feb 10 07:48:06 klad kernel: NX (Execute Disable) protection: active
feb 10 07:48:06 klad kernel: efi: EFI v2.80 by INSYDE Corp.
feb 10 07:48:06 klad kernel: efi: ACPI=0x43afe000 ACPI 2.0=0x43afe014 TPMFinalLog=0x439a6000 SMBIOS=0<span style="color:#000000;background-color:#000000;">&gt;</span><span style="color:#000000;background-color:#000000;">
<span style="color:#000000;background-color:#000000;"> ESESCODfeb 10 07:48:06 klad kernel: microcode: microcode updated early to revision 0x43a, date = 2025-10-12</span>
feb 10 07:48:06 klad kernel: <span style="font-weight:bold;color:#ff0000;"></span>Linux version 6.1.0-37-amd64 (debian-kernel&#64;lists.debian.org) (gcc-12 (D<span style="color:#000000;background-color:#000000;">&gt;</span><span style="color:#000000;background-color:#000000;">
feb 10 07:48:06 klad kernel: Command line: BOOT_IMAGE=/vmlinuz-6.1.0-37-amd64 root=UUID=161a00c3-26c1</span><span style="color:#000000;background-color:#000000;">&gt;</span><span style="color:#000000;background-color:#000000;">
feb 10 07:48:06 klad kernel: x86/split lock detection: #AC: crashing the kernel on kernel split_locks</span><span style="color:#000000;background-color:#000000;">&gt;</span><span style="color:#000000;background-color:#000000;">
feb 10 07:48:06 klad kernel: BIOS-provided physical RAM map:</span>
feb 10 07:48:06 klad kernel: BIOS-e820: [mem 0x0000000000000000-0x000000000009efff] usable
feb 10 07:48:06 klad kernel: BIOS-e820: [mem 0x000000000009f000-0x00000000000fffff] reserved
feb 10 07:48:06 klad kernel: BIOS-e820: [mem 0x0000000000100000-0x000000003c2c8fff] usable
feb 10 07:48:06 klad kernel: BIOS-e820: [mem 0x000000003c2c9000-0x000000003cbc8fff] reserved
feb 10 07:48:06 klad kernel: BIOS-e820: [mem 0x000000003cbc9000-0x000000003e9defff] usable
feb 10 07:48:06 klad kernel: BIOS-e820: [mem 0x000000003e9df000-0x000000003edaefff] type 20
feb 10 07:48:06 klad kernel: BIOS-e820: [mem 0x000000003edaf000-0x0000000040a7efff] reserved
feb 10 07:48:06 klad kernel: BIOS-e820: [mem 0x0000000040a7f000-0x0000000043a2efff] ACPI NVS
feb 10 07:48:06 klad kernel: BIOS-e820: [mem 0x0000000043a2f000-0x0000000043afefff] ACPI data
feb 10 07:48:06 klad kernel: BIOS-e820: [mem 0x0000000043aff000-0x0000000043afffff] usable
feb 10 07:48:06 klad kernel: BIOS-e820: [mem 0x0000000043b00000-0x0000000047ffffff] reserved
feb 10 07:48:06 klad kernel: BIOS-e820: [mem 0x0000000048e00000-0x0000000048ffffff] reserved
feb 10 07:48:06 klad kernel: BIOS-e820: [mem 0x000000004a000000-0x00000000507fffff] reserved
feb 10 07:48:06 klad kernel: BIOS-e820: [mem 0x00000000c0000000-0x00000000cfffffff] reserved
feb 10 07:48:06 klad kernel: BIOS-e820: [mem 0x00000000fe010000-0x00000000fe010fff] reserved
feb 10 07:48:06 klad kernel: BIOS-e820: [mem 0x00000000fed20000-0x00000000fed7ffff] reserved
feb 10 07:48:06 klad kernel: BIOS-e820: [mem 0x00000000ff000000-0x00000000ffffffff] reserved
feb 10 07:48:06 klad kernel: BIOS-e820: [mem 0x0000000100000000-0x00000004af7fffff] usable
feb 10 07:48:06 klad kernel: NX (Execute Disable) protection: active
feb 10 07:48:06 klad kernel: efi: EFI v2.80 by INSYDE Corp.
feb 10 07:48:06 klad kernel: efi: ACPI=0x43afe000 ACPI 2.0=0x43afe014 TPMFinalLog=0x439a6000 SMBIOS=0<span style="color:#000000;background-color:#000000;">&gt;</span><span style="color:#000000;background-color:#000000;">
<span style="color:#000000;background-color:#000000;"> ESESCODfeb 10 07:48:06 klad kernel: microcode: microcode updated early to revision 0x43a, date = 2025-10-12</span>
feb 10 07:48:06 klad kernel: <span style="font-weight:bold;color:#ff0000;"></span>Linux version 6.1.0-37-amd64 (debian-kernel&#64;lists.debian.org) (gcc-12 (D<span style="color:#000000;background-color:#000000;">&gt;</span><span style="color:#000000;background-color:#000000;">
feb 10 07:48:06 klad kernel: Command line: BOOT_IMAGE=/vmlinuz-6.1.0-37-amd64 root=UUID=161a00c3-26c1</span><span style="color:#000000;background-color:#000000;">&gt;</span><span style="color:#000000;background-color:#000000;">
feb 10 07:48:06 klad kernel: x86/split lock detection: #AC: crashing the kernel on kernel split_locks</span><span style="color:#000000;background-color:#000000;">&gt;</span><span style="color:#000000;background-color:#000000;">
feb 10 07:48:06 klad kernel: BIOS-provided physical RAM map:</span>
feb 10 07:48:06 klad kernel: BIOS-e820: [mem 0x0000000000000000-0x000000000009efff] usable
feb 10 07:48:06 klad kernel: BIOS-e820: [mem 0x000000000009f000-0x00000000000fffff] reserved
feb 10 07:48:06 klad kernel: BIOS-e820: [mem 0x0000000000100000-0x000000003c2c8fff] usable
feb 10 07:48:06 klad kernel: BIOS-e820: [mem 0x000000003c2c9000-0x000000003cbc8fff] reserved
feb 10 07:48:06 klad kernel: BIOS-e820: [mem 0x000000003cbc9000-0x000000003e9defff] usable
feb 10 07:48:06 klad kernel: BIOS-e820: [mem 0x000000003e9df000-0x000000003edaefff] type 20
feb 10 07:48:06 klad kernel: BIOS-e820: [mem 0x000000003edaf000-0x0000000040a7efff] reserved
feb 10 07:48:06 klad kernel: BIOS-e820: [mem 0x0000000040a7f000-0x0000000043a2efff] ACPI NVS
feb 10 07:48:06 klad kernel: BIOS-e820: [mem 0x0000000043a2f000-0x0000000043afefff] ACPI data
feb 10 07:48:06 klad kernel: BIOS-e820: [mem 0x0000000043aff000-0x0000000043afffff] usable
feb 10 07:48:06 klad kernel: BIOS-e820: [mem 0x0000000043b00000-0x0000000047ffffff] reserved
feb 10 07:48:06 klad kernel: BIOS-e820: [mem 0x0000000048e00000-0x0000000048ffffff] reserved
feb 10 07:48:06 klad kernel: BIOS-e820: [mem 0x000000004a000000-0x00000000507fffff] reserved
feb 10 07:48:06 klad kernel: BIOS-e820: [mem 0x00000000c0000000-0x00000000cfffffff] reserved
feb 10 07:48:06 klad kernel: BIOS-e820: [mem 0x00000000fe010000-0x00000000fe010fff] reserved
feb 10 07:48:06 klad kernel: BIOS-e820: [mem 0x00000000fed20000-0x00000000fed7ffff] reserved
feb 10 07:48:06 klad kernel: BIOS-e820: [mem 0x00000000ff000000-0x00000000ffffffff] reserved
feb 10 07:48:06 klad kernel: BIOS-e820: [mem 0x0000000100000000-0x00000004af7fffff] usable
feb 10 07:48:06 klad kernel: NX (Execute Disable) protection: active
feb 10 07:48:06 klad kernel: efi: EFI v2.80 by INSYDE Corp.
feb 10 07:48:06 klad kernel: efi: ACPI=0x43afe000 ACPI 2.0=0x43afe014 TPMFinalLog=0x439a6000 SMBIOS=0<span style="color:#000000;background-color:#000000;">&gt;</span><span style="color:#000000;background-color:#000000;">
<span style="color:#000000;background-color:#000000;">feb 10 07:48:06 klad kernel: secureboot: Secure boot disabled</span>#000000;">
<span style="color:#000000;background-color:#000000;">feb 10 07:48:06 klad kernel: SMBIOS 3.3 present.</span>color:#000000;">
<span style="color:#000000;background-color:#000000;">feb 10 07:48:06 klad kernel: DMI: Acer Swift SF314-71/Starfish_ADH, BIOS V1.08 05/23/2023</span>
<span style="color:#000000;background-color:#000000;">feb 10 07:48:06 klad kernel: tsc: Detected 2500.000 MHz processor</span>
<span style="color:#000000;background-color:#000000;">feb 10 07:48:06 klad kernel: tsc: Detected 2496.000 MHz TSC</span>00;">
<span style="color:#000000;background-color:#000000;">feb 10 07:48:06 klad kernel: </span><span style="color:#8a8a8a;"></span><span style="font-weight:bold;color:#ff0000;"></span><span style="color:#8a8a8a;">e820: update [mem 0x00000000-0x00000fff] usable ==&gt; reserved</span>
<span style="color:#000000;background-color:#000000;">feb 10 07:48:06 klad kernel: </span><span style="color:#8a8a8a;"></span><span style="font-weight:bold;color:#ff0000;"></span><span style="color:#8a8a8a;">e820: remove [mem 0x000a0000-0x000fffff] usable</span>
<span style="color:#000000;background-color:#000000;">feb 10 07:48:06 klad kernel: last_pfn = 0x4af800 max_arch_pfn = 0x400000000</span>
<span style="color:#000000;background-color:#000000;">feb 10 07:48:06 klad kernel: x86/PAT: Configuration [0-7]: WB  WC  UC- UC  WB  WP  UC- WT  </span>
<span style="color:#000000;background-color:#000000;">feb 10 07:48:06 klad kernel: last_pfn = 0x43b00 max_arch_pfn = 0x400000000</span>
<span style="color:#000000;background-color:#000000;">feb 10 07:48:06 klad kernel: esrt: Reserving ESRT space from 0x000000003844b498 to 0x000000003844b4f8.</span>
<span style="color:#000000;background-color:#000000;">feb 10 07:48:06 klad kernel: </span><span style="color:#8a8a8a;"></span><span style="font-weight:bold;color:#ff0000;"></span><span style="color:#8a8a8a;">e820: update [mem 0x3844b000-0x3844bfff] usable ==&gt; reserved</span>
<span style="color:#000000;background-color:#000000;">feb 10 07:48:06 klad kernel: Using GB pages for direct mapping</span>;">
<span style="color:#000000;background-color:#000000;">feb 10 07:48:06 klad kernel: RAMDISK: [mem 0x2f395000-0x339c1fff]</span>
<span style="color:#000000;background-color:#000000;">feb 10 07:48:06 klad kernel: ACPI: Early table checksum verification disabled</span>
<span style="color:#000000;background-color:#000000;">feb 10 07:48:06 klad kernel: ACPI: RSDP 0x0000000043AFE014 000024 (v02 ACRSYS)</span>
<span style="color:#000000;background-color:#000000;">feb 10 07:48:06 klad kernel: ACPI: XSDT 0x0000000043AC6188 00013C (v01 ACRSYS ACRPRDCT 00000002      </span><span style="color:#000000;background-color:#000000;">&gt;</span><span style="color:#000000;background-color:#000000;">
<span style="color:#000000;background-color:#000000;">feb 10 07:48:06 klad kernel: ACPI: FACP 0x0000000043AC5000 000114 (v06 ACRSYS ACRPRDCT 00000002 1025 </span><span style="color:#000000;background-color:#000000;">&gt;</span><span style="color:#000000;background-color:#000000;">
<span style="color:#000000;background-color:#000000;">feb 10 07:48:06 klad kernel: ACPI: DSDT 0x0000000043A4F000 0720C1 (v02 ACRSYS ACRPRDCT 00000002 1025 </span><span style="color:#000000;background-color:#000000;">&gt;</span><span style="color:#000000;background-color:#000000;">
<span style="color:#000000;background-color:#000000;">feb 10 07:48:06 klad kernel: ACPI: FACS 0x0000000043980000 000040</span>0000;">
<span style="color:#000000;background-color:#000000;">feb 10 07:48:06 klad kernel: ACPI: UEFI 0x0000000043A2E000 000236 (v01 ACRSYS ACRPRDCT 00000001 1025 </span><span style="color:#000000;background-color:#000000;">&gt;</span><span style="color:#000000;background-color:#000000;">
<span style="color:#000000;background-color:#000000;">feb 10 07:48:06 klad kernel: ACPI: SSDT 0x0000000043AF9000 003B86 (v02 ACRSYS ACRPRDCT 00001000 1025 </span><span style="color:#000000;background-color:#000000;">&gt;</span><span style="color:#000000;background-color:#000000;">
<span style="color:#000000;background-color:#000000;">feb 10 07:48:06 klad kernel: ACPI: SSDT 0x0000000043AF8000 00038C (v02 ACRSYS ACRPRDCT 00000001 1025 </span><span style="color:#000000;background-color:#000000;">&gt;</span><span style="color:#000000;background-color:#000000;">
<span style="color:#000000;background-color:#000000;">feb 10 07:48:06 klad kernel: ACPI: SSDT 0x0000000043AF2000 005D2C (v02 ACRSYS ACRPRDCT 00003000 1025 </span><span style="color:#000000;background-color:#000000;">&gt;</span><span style="color:#000000;background-color:#000000;">
<span style="color:#000000;background-color:#000000;">feb 10 07:48:06 klad kernel: ACPI: SSDT 0x0000000043AEF000 002A07 (v02 ACRSYS ACRPRDCT 00003000 1025 </span><span style="color:#000000;background-color:#000000;">&gt;</span><span style="color:#000000;background-color:#000000;">
<span style="color:#000000;background-color:#000000;">feb 10 07:48:06 klad kernel: ACPI: SSDT 0x0000000043AEB000 0033D3 (v02 ACRSYS ACRPRDCT 00003000 1025 </span><span style="color:#000000;background-color:#000000;">&gt;</span><span style="color:#000000;background-color:#000000;">
<span style="color:#000000;background-color:#000000;">feb 10 07:48:06 klad kernel: ACPI: SSDT 0x0000000043ADD000 00D2B3 (v02 INTEL  TcssSsdt 00001000 INTL </span><span style="color:#000000;background-color:#000000;">&gt;</span><span style="color:#000000;background-color:#000000;">
<span style="color:#000000;background-color:#000000;">feb 10 07:48:06 klad kernel: ACPI: SSDT 0x0000000043ADC000 00077B (v02 ACRSYS ACRPRDCT 00001000 1025 </span><span style="color:#000000;background-color:#000000;">&gt;</span><span style="color:#000000;background-color:#000000;">
<span style="color:#000000;background-color:#000000;">feb 10 07:48:06 klad kernel: ACPI: TPM2 0x0000000043ADB000 00004C (v04 ACRSYS ACRPRDCT 00000002 1025 </span><span style="color:#000000;background-color:#000000;">&gt;</span><span style="color:#000000;background-color:#000000;">
<span style="color:#000000;background-color:#000000;">feb 10 07:48:06 klad kernel: ACPI: MSDM 0x0000000043ADA000 000055 (v03 ACRSYS ACRPRDCT 00000001 1025 </span><span style="color:#000000;background-color:#000000;">&gt;</span><span style="color:#000000;background-color:#000000;">
<span style="color:#000000;background-color:#000000;">feb 10 07:48:06 klad kernel: ACPI: SSDT 0x0000000043AD8000 001B1D (v02 ACRSYS ACRPRDCT 00001000 1025 </span><span style="color:#000000;background-color:#000000;">&gt;</span><span style="color:#000000;background-color:#000000;">
<span style="color:#000000;background-color:#000000;">feb 10 07:48:06 klad kernel: ACPI: LPIT 0x0000000043AD7000 0000CC (v01 ACRSYS ACRPRDCT 00000002 1025 </span><span style="color:#000000;background-color:#000000;">&gt;</span><span style="color:#000000;background-color:#000000;">
<span style="color:#000000;background-color:#000000;">feb 10 07:48:06 klad kernel: ACPI: WSMT 0x0000000043AD6000 000028 (v01 ACRSYS ACRPRDCT 00000002 1025 </span><span style="color:#000000;background-color:#000000;">&gt;</span><span style="color:#000000;background-color:#000000;">
<span style="color:#000000;background-color:#000000;">feb 10 07:48:06 klad kernel: ACPI: SSDT 0x0000000043AD5000 000AD9 (v02 ACRSYS ACRPRDCT 00001000 1025 </span><span style="color:#000000;background-color:#000000;">&gt;</span><span style="color:#000000;background-color:#000000;">
<span style="color:#000000;background-color:#000000;">feb 10 07:48:06 klad kernel: ACPI: SSDT 0x0000000043AD2000 002357 (v02 ACRSYS ACRPRDCT 00000000 1025 </span><span style="color:#000000;background-color:#000000;">&gt;</span><span style="color:#000000;background-color:#000000;">
<span style="color:#000000;background-color:#000000;">feb 10 07:48:06 klad kernel: ACPI: DBGP 0x0000000043AD1000 000034 (v01 ACRSYS ACRPRDCT 00000002 1025 </span><span style="color:#000000;background-color:#000000;">&gt;</span><span style="color:#000000;background-color:#000000;">
<span style="color:#000000;background-color:#000000;">feb 10 07:48:06 klad kernel: ACPI: DBG2 0x0000000043AD0000 000054 (v00 ACRSYS ACRPRDCT 00000002 1025 </span><span style="color:#000000;background-color:#000000;">&gt;</span><span style="color:#000000;background-color:#000000;">
<span style="color:#000000;background-color:#000000;">feb 10 07:48:06 klad kernel: ACPI: NHLT 0x0000000043ACE000 001B64 (v00 ACRSYS ACRPRDCT 00000002 1025 </span><span style="color:#000000;background-color:#000000;">&gt;</span><span style="color:#000000;background-color:#000000;">
<span style="color:#000000;background-color:#000000;">feb 10 07:48:06 klad kernel: ACPI: SSDT 0x0000000043AC7000 006EF7 (v01 ACRSYS ACRPRDCT 00001000 1025 </span><span style="color:#000000;background-color:#000000;">&gt;</span><span style="color:#000000;background-color:#000000;">
<span style="color:#000000;background-color:#000000;">feb 10 07:48:06 klad kernel: ACPI: ECDT 0x0000000043AFD000 000069 (v01 ACRSYS ACRPRDCT 00000002 1025 </span><span style="color:#000000;background-color:#000000;">&gt;</span><span style="color:#000000;background-color:#000000;">
<span style="color:#000000;background-color:#000000;">feb 10 07:48:06 klad kernel: ACPI: HPET 0x0000000043AC4000 000038 (v01 ACRSYS ACRPRDCT 00000002 1025 </span><span style="color:#000000;background-color:#000000;">&gt;</span><span style="color:#000000;background-color:#000000;">
<span style="color:#000000;background-color:#000000;">feb 10 07:48:06 klad kernel: ACPI: APIC 0x0000000043AC3000 0001DC (v04 ACRSYS ACRPRDCT 00000002 1025 </span><span style="color:#000000;background-color:#000000;">&gt;</span><span style="color:#000000;background-color:#000000;">
<span style="color:#000000;background-color:#000000;">feb 10 07:48:06 klad kernel: ACPI: MCFG 0x0000000043AC2000 00003C (v01 ACRSYS ACRPRDCT 00000002 1025 </span><span style="color:#000000;background-color:#000000;">&gt;</span><span style="color:#000000;background-color:#000000;">
<span style="color:#000000;background-color:#000000;">feb 10 07:48:06 klad kernel: ACPI: SSDT 0x0000000043A49000 005AC0 (v02 ACRSYS ACRPRDCT 00000002 1025 </span><span style="color:#000000;background-color:#000000;">&gt;</span><span style="color:#000000;background-color:#000000;">
<span style="color:#000000;background-color:#000000;">feb 10 07:48:06 klad kernel: ACPI: SSDT 0x0000000043A47000 001D0E (v02 ACRSYS ACRPRDCT 00000002 1025 </span><span style="color:#000000;background-color:#000000;">&gt;</span><span style="color:#000000;background-color:#000000;">
<span style="color:#000000;background-color:#000000;">feb 10 07:48:06 klad kernel: ACPI: $H2O 0x0000000043A46000 00002C (v01 ACRSYS ACRPRDCT 00000001 1025 </span><span style="color:#000000;background-color:#000000;">&gt;</span><span style="color:#000000;background-color:#000000;">
<span style="color:#000000;background-color:#000000;">feb 10 07:48:06 klad kernel: ACPI: DMAR 0x0000000043A45000 000088 (v02 ACRSYS ACRPRDCT 00000002 1025 </span><span style="color:#000000;background-color:#000000;">&gt;</span><span style="color:#000000;background-color:#000000;">
<span style="color:#000000;background-color:#000000;">feb 10 07:48:06 klad kernel: ACPI: SSDT 0x0000000043A44000 000B45 (v02 ACRSYS ACRPRDCT 00000000 1025 </span><span style="color:#000000;background-color:#000000;">&gt;</span><span style="color:#000000;background-color:#000000;">
<span style="color:#000000;background-color:#000000;">feb 10 07:48:06 klad kernel: ACPI: SSDT 0x0000000043A40000 003AEA (v02 ACRSYS ACRPRDCT 00003000 1025 </span><span style="color:#000000;background-color:#000000;">&gt;</span><span style="color:#000000;background-color:#000000;">
<span style="color:#000000;background-color:#000000;">feb 10 07:48:06 klad kernel: ACPI: SSDT 0x0000000043A3C000 0039DA (v02 ACRSYS ACRPRDCT 00003000 1025 </span><span style="color:#000000;background-color:#000000;">&gt;</span><span style="color:#000000;background-color:#000000;">
<span style="color:#000000;background-color:#000000;">feb 10 07:48:06 klad kernel: ACPI: SSDT 0x0000000043A3B000 0000F8 (v01 ACRSYS ACRPRDCT 00001000 1025 </span><span style="color:#000000;background-color:#000000;">&gt;</span><span style="color:#000000;background-color:#000000;">
<span style="color:#000000;background-color:#000000;">feb 10 07:48:06 klad kernel: ACPI: FPDT 0x0000000043A3A000 000044 (v01 ACRSYS ACRPRDCT 00000002 1025 </span><span style="color:#000000;background-color:#000000;">&gt;</span><span style="color:#000000;background-color:#000000;">
<span style="color:#000000;background-color:#000000;">feb 10 07:48:06 klad kernel: ACPI: PHAT 0x0000000043A38000 0007FC (v01 ACRSYS ACRPRDCT 00000005 1025 </span><span style="color:#000000;background-color:#000000;">&gt;</span><span style="color:#000000;background-color:#000000;">
<span style="color:#000000;background-color:#000000;">feb 10 07:48:06 klad kernel: ACPI: BGRT 0x0000000043A39000 000038 (v01 ACRSYS ACRPRDCT 00000001 1025 </span><span style="color:#000000;background-color:#000000;">&gt;</span><span style="color:#000000;background-color:#000000;">
<span style="color:#000000;background-color:#000000;">feb 10 07:48:06 klad kernel: ACPI: Reserving FACP table memory at [mem 0x43ac5000-0x43ac5113]</span>
<span style="color:#000000;background-color:#000000;">feb 10 07:48:06 klad kernel: ACPI: Reserving DSDT table memory at [mem 0x43a4f000-0x43ac10c0]</span>
<span style="color:#000000;background-color:#000000;">feb 10 07:48:06 klad kernel: ACPI: Reserving FACS table memory at [mem 0x43980000-0x4398003f]</span>
<span style="color:#000000;background-color:#000000;">feb 10 07:48:06 klad kernel: ACPI: Reserving UEFI table memory at [mem 0x43a2e000-0x43a2e235]</span>
<span style="color:#000000;background-color:#000000;">feb 10 07:48:06 klad kernel: ACPI: Reserving SSDT table memory at [mem 0x43af9000-0x43afcb85]</span>
<span style="color:#000000;background-color:#000000;">feb 10 07:48:06 klad kernel: ACPI: Reserving SSDT table memory at [mem 0x43af8000-0x43af838b]</span>
<span style="color:#000000;background-color:#000000;">feb 10 07:48:06 klad kernel: ACPI: Reserving SSDT table memory at [mem 0x43af2000-0x43af7d2b]</span>
<span style="color:#000000;background-color:#000000;">feb 10 07:48:06 klad kernel: ACPI: Reserving SSDT table memory at [mem 0x43aef000-0x43af1a06]</span>
<span style="color:#000000;background-color:#000000;">feb 10 07:48:06 klad kernel: ACPI: Reserving SSDT table memory at [mem 0x43aeb000-0x43aee3d2]</span>
<span style="color:#000000;background-color:#000000;">feb 10 07:48:06 klad kernel: ACPI: Reserving SSDT table memory at [mem 0x43add000-0x43aea2b2]</span>
<span style="color:#000000;background-color:#000000;">feb 10 07:48:06 klad kernel: ACPI: Reserving SSDT table memory at [mem 0x43adc000-0x43adc77a]</span>
<span style="color:#000000;background-color:#000000;">feb 10 07:48:06 klad kernel: ACPI: Reserving TPM2 table memory at [mem 0x43adb000-0x43adb04b]</span>
<span style="color:#000000;background-color:#000000;">feb 10 07:48:06 klad kernel: ACPI: Reserving MSDM table memory at [mem 0x43ada000-0x43ada054]</span>
<span style="color:#000000;background-color:#000000;">feb 10 07:48:06 klad kernel: ACPI: Reserving SSDT table memory at [mem 0x43ad8000-0x43ad9b1c]</span>
<span style="color:#000000;background-color:#000000;">feb 10 07:48:06 klad kernel: ACPI: Reserving LPIT table memory at [mem 0x43ad7000-0x43ad70cb]</span>
<span style="color:#000000;background-color:#000000;">feb 10 07:48:06 klad kernel: ACPI: Reserving WSMT table memory at [mem 0x43ad6000-0x43ad6027]</span>
<span style="color:#000000;background-color:#000000;">feb 10 07:48:06 klad kernel: ACPI: Reserving SSDT table memory at [mem 0x43ad5000-0x43ad5ad8]</span>
<span style="color:#000000;background-color:#000000;">feb 10 07:48:06 klad kernel: ACPI: Reserving SSDT table memory at [mem 0x43ad2000-0x43ad4356]</span>
<span style="color:#000000;background-color:#000000;">feb 10 07:48:06 klad kernel: ACPI: Reserving DBGP table memory at [mem 0x43ad1000-0x43ad1033]</span>
<span style="color:#000000;background-color:#000000;">feb 10 07:48:06 klad kernel: ACPI: Reserving DBG2 table memory at [mem 0x43ad0000-0x43ad0053]</span>
<span style="color:#000000;background-color:#000000;">feb 10 07:48:06 klad kernel: ACPI: Reserving NHLT table memory at [mem 0x43ace000-0x43acfb63]</span>
<span style="color:#000000;background-color:#000000;">feb 10 07:48:06 klad kernel: ACPI: Reserving SSDT table memory at [mem 0x43ac7000-0x43acdef6]</span>
<span style="color:#000000;background-color:#000000;">feb 10 07:48:06 klad kernel: ACPI: Reserving ECDT table memory at [mem 0x43afd000-0x43afd068]</span>
<span style="color:#000000;background-color:#000000;">feb 10 07:48:06 klad kernel: ACPI: Reserving HPET table memory at [mem 0x43ac4000-0x43ac4037]</span>
<span style="color:#000000;background-color:#000000;">feb 10 07:48:06 klad kernel: ACPI: Reserving APIC table memory at [mem 0x43ac3000-0x43ac31db]</span>
<span style="color:#000000;background-color:#000000;">feb 10 07:48:06 klad kernel: ACPI: Reserving MCFG table memory at [mem 0x43ac2000-0x43ac203b]</span>
<span style="color:#000000;background-color:#000000;">feb 10 07:48:06 klad kernel: ACPI: Reserving SSDT table memory at [mem 0x43a49000-0x43a4eabf]</span>
<span style="color:#000000;background-color:#000000;">feb 10 07:48:06 klad kernel: ACPI: Reserving SSDT table memory at [mem 0x43a47000-0x43a48d0d]</span>
<span style="color:#000000;background-color:#000000;">feb 10 07:48:06 klad kernel: ACPI: Reserving $H2O table memory at [mem 0x43a46000-0x43a4602b]</span>
<span style="color:#000000;background-color:#000000;">feb 10 07:48:06 klad kernel: ACPI: Reserving DMAR table memory at [mem 0x43a45000-0x43a45087]</span>
<span style="color:#000000;background-color:#000000;">feb 10 07:48:06 klad kernel: ACPI: Reserving SSDT table memory at [mem 0x43a44000-0x43a44b44]</span>
<span style="color:#000000;background-color:#000000;">feb 10 07:48:06 klad kernel: ACPI: Reserving SSDT table memory at [mem 0x43a40000-0x43a43ae9]</span>
<span style="color:#000000;background-color:#000000;">feb 10 07:48:06 klad kernel: ACPI: Reserving SSDT table memory at [mem 0x43a3c000-0x43a3f9d9]</span>
<span style="color:#000000;background-color:#000000;">feb 10 07:48:06 klad kernel: ACPI: Reserving SSDT table memory at [mem 0x43a3b000-0x43a3b0f7]</span>
<span style="color:#000000;background-color:#000000;">feb 10 07:48:06 klad kernel: ACPI: Reserving FPDT table memory at [mem 0x43a3a000-0x43a3a043]</span>
<span style="color:#000000;background-color:#000000;">feb 10 07:48:06 klad kernel: ACPI: Reserving PHAT table memory at [mem 0x43a38000-0x43a387fb]</span>
<span style="color:#000000;background-color:#000000;">feb 10 07:48:06 klad kernel: ACPI: Reserving BGRT table memory at [mem 0x43a39000-0x43a39037]</span>
<span style="color:#000000;background-color:#000000;">feb 10 07:48:06 klad kernel: No NUMA configuration found</span>#000000;">
<span style="color:#000000;background-color:#000000;">feb 10 07:48:06 klad kernel: Faking a node at [mem 0x0000000000000000-0x00000004af7fffff]</span>
<span style="color:#000000;background-color:#000000;">feb 10 07:48:06 klad kernel: NODE_DATA(0) allocated [mem 0x4af7d5000-0x4af7fffff]</span>
<span style="color:#000000;background-color:#000000;">feb 10 07:48:06 klad kernel: Zone ranges:</span>ckground-color:#000000;">
<span style="color:#000000;background-color:#000000;">feb 10 07:48:06 klad kernel:   DMA      [mem 0x0000000000001000-0x0000000000ffffff]</span>
<span style="color:#000000;background-color:#000000;">feb 10 07:48:06 klad kernel:   DMA32    [mem 0x0000000001000000-0x00000000ffffffff]</span>
<span style="color:#000000;background-color:#000000;">feb 10 07:48:06 klad kernel:   Normal   [mem 0x0000000100000000-0x00000004af7fffff]</span>
<span style="color:#000000;background-color:#000000;">feb 10 07:48:06 klad kernel:   Device   empty</span>ound-color:#000000;">
<span style="color:#000000;background-color:#000000;">feb 10 07:48:06 klad kernel: Movable zone start for each node</span>000;">
<span style="color:#000000;background-color:#000000;">feb 10 07:48:06 klad kernel: Early memory node ranges</span>lor:#000000;">
<span style="color:#000000;background-color:#000000;">feb 10 07:48:06 klad kernel:   node   0: [mem 0x0000000000001000-0x000000000009efff]</span>
<span style="color:#000000;background-color:#000000;">feb 10 07:48:06 klad kernel:   node   0: [mem 0x0000000000100000-0x000000003c2c8fff]</span>
<span style="color:#000000;background-color:#000000;">feb 10 07:48:06 klad kernel:   node   0: [mem 0x000000003cbc9000-0x000000003e9defff]</span>
<span style="color:#000000;background-color:#000000;">feb 10 07:48:06 klad kernel:   node   0: [mem 0x0000000043aff000-0x0000000043afffff]</span>
<span style="color:#000000;background-color:#000000;">feb 10 07:48:06 klad kernel:   node   0: [mem 0x0000000100000000-0x00000004af7fffff]</span>
<span style="color:#000000;background-color:#000000;">feb 10 07:48:06 klad kernel: Initmem setup node 0 [mem 0x0000000000001000-0x00000004af7fffff]</span>
<span style="color:#000000;background-color:#000000;">feb 10 07:48:06 klad kernel: On node 0, zone DMA: 1 pages in unavailable ranges</span>
<span style="color:#000000;background-color:#000000;">feb 10 07:48:06 klad kernel: On node 0, zone DMA: 97 pages in unavailable ranges</span>
<span style="color:#000000;background-color:#000000;">feb 10 07:48:06 klad kernel: On node 0, zone DMA32: 2304 pages in unavailable ranges</span>
<span style="color:#000000;background-color:#000000;">feb 10 07:48:06 klad kernel: On node 0, zone DMA32: 20768 pages in unavailable ranges</span>
<span style="color:#000000;background-color:#000000;">Mfeb 10 07:48:06 klad kernel: ACPI: Reserving SSDT table memory at [mem 0x43a44000-0x43a44b44]</span>
<span style="color:#000000;background-color:#000000;">Mfeb 10 07:48:06 klad kernel: ACPI: Reserving DMAR table memory at [mem 0x43a45000-0x43a45087]</span>
<span style="color:#000000;background-color:#000000;">Mfeb 10 07:48:06 klad kernel: ACPI: Reserving $H2O table memory at [mem 0x43a46000-0x43a4602b]</span>
<span style="color:#000000;background-color:#000000;">Mfeb 10 07:48:06 klad kernel: ACPI: Reserving SSDT table memory at [mem 0x43a47000-0x43a48d0d]</span>
<span style="color:#000000;background-color:#000000;">Mfeb 10 07:48:06 klad kernel: ACPI: Reserving SSDT table memory at [mem 0x43a49000-0x43a4eabf]</span>
<span style="color:#000000;background-color:#000000;">Mfeb 10 07:48:06 klad kernel: ACPI: Reserving MCFG table memory at [mem 0x43ac2000-0x43ac203b]</span>
<span style="color:#000000;background-color:#000000;">Mfeb 10 07:48:06 klad kernel: ACPI: Reserving APIC table memory at [mem 0x43ac3000-0x43ac31db]</span>
<span style="color:#000000;background-color:#000000;">Mfeb 10 07:48:06 klad kernel: ACPI: Reserving HPET table memory at [mem 0x43ac4000-0x43ac4037]</span>
<span style="color:#000000;background-color:#000000;">Mfeb 10 07:48:06 klad kernel: ACPI: Reserving ECDT table memory at [mem 0x43afd000-0x43afd068]</span>
<span style="color:#000000;background-color:#000000;">Mfeb 10 07:48:06 klad kernel: ACPI: Reserving SSDT table memory at [mem 0x43ac7000-0x43acdef6]</span>
<span style="color:#000000;background-color:#000000;">Mfeb 10 07:48:06 klad kernel: ACPI: Reserving NHLT table memory at [mem 0x43ace000-0x43acfb63]</span>
<span style="color:#000000;background-color:#000000;">Mfeb 10 07:48:06 klad kernel: ACPI: Reserving DBG2 table memory at [mem 0x43ad0000-0x43ad0053]</span>
<span style="color:#000000;background-color:#000000;">Mfeb 10 07:48:06 klad kernel: ACPI: Reserving DBGP table memory at [mem 0x43ad1000-0x43ad1033]</span>
<span style="color:#000000;background-color:#000000;">Mfeb 10 07:48:06 klad kernel: ACPI: Reserving SSDT table memory at [mem 0x43ad2000-0x43ad4356]</span>
<span style="color:#000000;background-color:#000000;">Mfeb 10 07:48:06 klad kernel: ACPI: Reserving SSDT table memory at [mem 0x43ad5000-0x43ad5ad8]</span>
<span style="color:#000000;background-color:#000000;">Mfeb 10 07:48:06 klad kernel: ACPI: Reserving WSMT table memory at [mem 0x43ad6000-0x43ad6027]</span>
<span style="color:#000000;background-color:#000000;">Mfeb 10 07:48:06 klad kernel: ACPI: Reserving LPIT table memory at [mem 0x43ad7000-0x43ad70cb]</span>
<span style="color:#000000;background-color:#000000;">Mfeb 10 07:48:06 klad kernel: ACPI: Reserving SSDT table memory at [mem 0x43ad8000-0x43ad9b1c]</span>
<span style="color:#000000;background-color:#000000;">Mfeb 10 07:48:06 klad kernel: ACPI: Reserving MSDM table memory at [mem 0x43ada000-0x43ada054]</span>
<span style="color:#000000;background-color:#000000;">Mfeb 10 07:48:06 klad kernel: ACPI: Reserving TPM2 table memory at [mem 0x43adb000-0x43adb04b]</span>
<span style="color:#000000;background-color:#000000;">Mfeb 10 07:48:06 klad kernel: ACPI: Reserving SSDT table memory at [mem 0x43adc000-0x43adc77a]</span>
<span style="color:#000000;background-color:#000000;">Mfeb 10 07:48:06 klad kernel: ACPI: Reserving SSDT table memory at [mem 0x43add000-0x43aea2b2]</span>
<span style="color:#000000;background-color:#000000;">Mfeb 10 07:48:06 klad kernel: ACPI: Reserving SSDT table memory at [mem 0x43aeb000-0x43aee3d2]</span>
<span style="color:#000000;background-color:#000000;">Mfeb 10 07:48:06 klad kernel: ACPI: Reserving SSDT table memory at [mem 0x43aef000-0x43af1a06]</span>
<span style="color:#000000;background-color:#000000;">Mfeb 10 07:48:06 klad kernel: ACPI: Reserving SSDT table memory at [mem 0x43af2000-0x43af7d2b]</span>
<span style="color:#000000;background-color:#000000;">Mfeb 10 07:48:06 klad kernel: ACPI: Reserving SSDT table memory at [mem 0x43af8000-0x43af838b]</span>
<span style="color:#000000;background-color:#000000;">Mfeb 10 07:48:06 klad kernel: ACPI: Reserving SSDT table memory at [mem 0x43af9000-0x43afcb85]</span>
<span style="color:#000000;background-color:#000000;">Mfeb 10 07:48:06 klad kernel: ACPI: Reserving UEFI table memory at [mem 0x43a2e000-0x43a2e235]</span>
<span style="color:#000000;background-color:#000000;">Mfeb 10 07:48:06 klad kernel: ACPI: Reserving FACS table memory at [mem 0x43980000-0x4398003f]</span>
<span style="color:#000000;background-color:#000000;">Mfeb 10 07:48:06 klad kernel: ACPI: Reserving DSDT table memory at [mem 0x43a4f000-0x43ac10c0]</span>
<span style="color:#000000;background-color:#000000;">Mfeb 10 07:48:06 klad kernel: ACPI: Reserving FACP table memory at [mem 0x43ac5000-0x43ac5113]</span>
<span style="color:#000000;background-color:#000000;">Mfeb 10 07:48:06 klad kernel: ACPI: BGRT 0x0000000043A39000 000038 (v01 ACRSYS ACRPRDCT 00000001 1025 </span><span style="color:#000000;background-color:#000000;">&gt;</span><span style="color:#000000;background-color:#000000;">
<span style="color:#000000;background-color:#000000;">Mfeb 10 07:48:06 klad kernel: ACPI: PHAT 0x0000000043A38000 0007FC (v01 ACRSYS ACRPRDCT 00000005 1025 </span><span style="color:#000000;background-color:#000000;">&gt;</span><span style="color:#000000;background-color:#000000;">
<span style="color:#000000;background-color:#000000;">Mfeb 10 07:48:06 klad kernel: ACPI: FPDT 0x0000000043A3A000 000044 (v01 ACRSYS ACRPRDCT 00000002 1025 </span><span style="color:#000000;background-color:#000000;">&gt;</span><span style="color:#000000;background-color:#000000;">
<span style="color:#000000;background-color:#000000;">Mfeb 10 07:48:06 klad kernel: ACPI: SSDT 0x0000000043A3B000 0000F8 (v01 ACRSYS ACRPRDCT 00001000 1025 </span><span style="color:#000000;background-color:#000000;">&gt;</span><span style="color:#000000;background-color:#000000;">
<span style="color:#000000;background-color:#000000;">Mfeb 10 07:48:06 klad kernel: ACPI: SSDT 0x0000000043A3C000 0039DA (v02 ACRSYS ACRPRDCT 00003000 1025 </span><span style="color:#000000;background-color:#000000;">&gt;</span><span style="color:#000000;background-color:#000000;">
<span style="color:#000000;background-color:#000000;">Mfeb 10 07:48:06 klad kernel: ACPI: SSDT 0x0000000043A40000 003AEA (v02 ACRSYS ACRPRDCT 00003000 1025 </span><span style="color:#000000;background-color:#000000;">&gt;</span><span style="color:#000000;background-color:#000000;">
<span style="color:#000000;background-color:#000000;">Mfeb 10 07:48:06 klad kernel: ACPI: SSDT 0x0000000043A44000 000B45 (v02 ACRSYS ACRPRDCT 00000000 1025 </span><span style="color:#000000;background-color:#000000;">&gt;</span><span style="color:#000000;background-color:#000000;">
<span style="color:#000000;background-color:#000000;">Mfeb 10 07:48:06 klad kernel: ACPI: DMAR 0x0000000043A45000 000088 (v02 ACRSYS ACRPRDCT 00000002 1025 </span><span style="color:#000000;background-color:#000000;">&gt;</span><span style="color:#000000;background-color:#000000;">
<span style="color:#000000;background-color:#000000;">Mfeb 10 07:48:06 klad kernel: ACPI: $H2O 0x0000000043A46000 00002C (v01 ACRSYS ACRPRDCT 00000001 1025 </span><span style="color:#000000;background-color:#000000;">&gt;</span><span style="color:#000000;background-color:#000000;">
<span style="color:#000000;background-color:#000000;">Mfeb 10 07:48:06 klad kernel: ACPI: SSDT 0x0000000043A47000 001D0E (v02 ACRSYS ACRPRDCT 00000002 1025 </span><span style="color:#000000;background-color:#000000;">&gt;</span><span style="color:#000000;background-color:#000000;">
<span style="color:#000000;background-color:#000000;">Mfeb 10 07:48:06 klad kernel: ACPI: SSDT 0x0000000043A49000 005AC0 (v02 ACRSYS ACRPRDCT 00000002 1025 </span><span style="color:#000000;background-color:#000000;">&gt;</span><span style="color:#000000;background-color:#000000;">
<span style="color:#000000;background-color:#000000;">Mfeb 10 07:48:06 klad kernel: ACPI: MCFG 0x0000000043AC2000 00003C (v01 ACRSYS ACRPRDCT 00000002 1025 </span><span style="color:#000000;background-color:#000000;">&gt;</span><span style="color:#000000;background-color:#000000;">
<span style="color:#000000;background-color:#000000;">Mfeb 10 07:48:06 klad kernel: ACPI: APIC 0x0000000043AC3000 0001DC (v04 ACRSYS ACRPRDCT 00000002 1025 </span><span style="color:#000000;background-color:#000000;">&gt;</span><span style="color:#000000;background-color:#000000;">
<span style="color:#000000;background-color:#000000;">Mfeb 10 07:48:06 klad kernel: ACPI: HPET 0x0000000043AC4000 000038 (v01 ACRSYS ACRPRDCT 00000002 1025 </span><span style="color:#000000;background-color:#000000;">&gt;</span><span style="color:#000000;background-color:#000000;">
<span style="color:#000000;background-color:#000000;">Mfeb 10 07:48:06 klad kernel: ACPI: ECDT 0x0000000043AFD000 000069 (v01 ACRSYS ACRPRDCT 00000002 1025 </span><span style="color:#000000;background-color:#000000;">&gt;</span><span style="color:#000000;background-color:#000000;">
<span style="color:#000000;background-color:#000000;">Mfeb 10 07:48:06 klad kernel: ACPI: SSDT 0x0000000043AC7000 006EF7 (v01 ACRSYS ACRPRDCT 00001000 1025 </span><span style="color:#000000;background-color:#000000;">&gt;</span><span style="color:#000000;background-color:#000000;">
<span style="color:#000000;background-color:#000000;">Mfeb 10 07:48:06 klad kernel: ACPI: NHLT 0x0000000043ACE000 001B64 (v00 ACRSYS ACRPRDCT 00000002 1025 </span><span style="color:#000000;background-color:#000000;">&gt;</span><span style="color:#000000;background-color:#000000;">
<span style="color:#000000;background-color:#000000;">Mfeb 10 07:48:06 klad kernel: ACPI: DBG2 0x0000000043AD0000 000054 (v00 ACRSYS ACRPRDCT 00000002 1025 </span><span style="color:#000000;background-color:#000000;">&gt;</span><span style="color:#000000;background-color:#000000;">
<span style="color:#000000;background-color:#000000;">Mfeb 10 07:48:06 klad kernel: ACPI: DBGP 0x0000000043AD1000 000034 (v01 ACRSYS ACRPRDCT 00000002 1025 </span><span style="color:#000000;background-color:#000000;">&gt;</span><span style="color:#000000;background-color:#000000;">
<span style="color:#000000;background-color:#000000;">Mfeb 10 07:48:06 klad kernel: ACPI: SSDT 0x0000000043AD2000 002357 (v02 ACRSYS ACRPRDCT 00000000 1025 </span><span style="color:#000000;background-color:#000000;">&gt;</span><span style="color:#000000;background-color:#000000;">
<span style="color:#000000;background-color:#000000;">Mfeb 10 07:48:06 klad kernel: ACPI: SSDT 0x0000000043AD5000 000AD9 (v02 ACRSYS ACRPRDCT 00001000 1025 </span><span style="color:#000000;background-color:#000000;">&gt;</span><span style="color:#000000;background-color:#000000;">
<span style="color:#000000;background-color:#000000;">Mfeb 10 07:48:06 klad kernel: ACPI: WSMT 0x0000000043AD6000 000028 (v01 ACRSYS ACRPRDCT 00000002 1025 </span><span style="color:#000000;background-color:#000000;">&gt;</span><span style="color:#000000;background-color:#000000;">
<span style="color:#000000;background-color:#000000;">Mfeb 10 07:48:06 klad kernel: ACPI: LPIT 0x0000000043AD7000 0000CC (v01 ACRSYS ACRPRDCT 00000002 1025 </span><span style="color:#000000;background-color:#000000;">&gt;</span><span style="color:#000000;background-color:#000000;">
<span style="color:#000000;background-color:#000000;">Mfeb 10 07:48:06 klad kernel: ACPI: SSDT 0x0000000043AD8000 001B1D (v02 ACRSYS ACRPRDCT 00001000 1025 </span><span style="color:#000000;background-color:#000000;">&gt;</span><span style="color:#000000;background-color:#000000;">
<span style="color:#000000;background-color:#000000;">Mfeb 10 07:48:06 klad kernel: ACPI: MSDM 0x0000000043ADA000 000055 (v03 ACRSYS ACRPRDCT 00000001 1025 </span><span style="color:#000000;background-color:#000000;">&gt;</span><span style="color:#000000;background-color:#000000;">
<span style="color:#000000;background-color:#000000;">Mfeb 10 07:48:06 klad kernel: ACPI: TPM2 0x0000000043ADB000 00004C (v04 ACRSYS ACRPRDCT 00000002 1025 </span><span style="color:#000000;background-color:#000000;">&gt;</span><span style="color:#000000;background-color:#000000;">
<span style="color:#000000;background-color:#000000;">Mfeb 10 07:48:06 klad kernel: ACPI: SSDT 0x0000000043ADC000 00077B (v02 ACRSYS ACRPRDCT 00001000 1025 </span><span style="color:#000000;background-color:#000000;">&gt;</span><span style="color:#000000;background-color:#000000;">
<span style="color:#000000;background-color:#000000;">Mfeb 10 07:48:06 klad kernel: ACPI: SSDT 0x0000000043ADD000 00D2B3 (v02 INTEL  TcssSsdt 00001000 INTL </span><span style="color:#000000;background-color:#000000;">&gt;</span><span style="color:#000000;background-color:#000000;">
<span style="color:#000000;background-color:#000000;">Mfeb 10 07:48:06 klad kernel: ACPI: SSDT 0x0000000043AEB000 0033D3 (v02 ACRSYS ACRPRDCT 00003000 1025 </span><span style="color:#000000;background-color:#000000;">&gt;</span><span style="color:#000000;background-color:#000000;">
<span style="color:#000000;background-color:#000000;">Mfeb 10 07:48:06 klad kernel: ACPI: SSDT 0x0000000043AEF000 002A07 (v02 ACRSYS ACRPRDCT 00003000 1025 </span><span style="color:#000000;background-color:#000000;">&gt;</span><span style="color:#000000;background-color:#000000;">
<span style="color:#000000;background-color:#000000;">Mfeb 10 07:48:06 klad kernel: ACPI: SSDT 0x0000000043AF2000 005D2C (v02 ACRSYS ACRPRDCT 00003000 1025 </span><span style="color:#000000;background-color:#000000;">&gt;</span><span style="color:#000000;background-color:#000000;">
<span style="color:#000000;background-color:#000000;">Mfeb 10 07:48:06 klad kernel: ACPI: SSDT 0x0000000043AF8000 00038C (v02 ACRSYS ACRPRDCT 00000001 1025 </span><span style="color:#000000;background-color:#000000;">&gt;</span><span style="color:#000000;background-color:#000000;">
<span style="color:#000000;background-color:#000000;">Mfeb 10 07:48:06 klad kernel: ACPI: SSDT 0x0000000043AF9000 003B86 (v02 ACRSYS ACRPRDCT 00001000 1025 </span><span style="color:#000000;background-color:#000000;">&gt;</span><span style="color:#000000;background-color:#000000;">
<span style="color:#000000;background-color:#000000;">Mfeb 10 07:48:06 klad kernel: ACPI: UEFI 0x0000000043A2E000 000236 (v01 ACRSYS ACRPRDCT 00000001 1025 </span><span style="color:#000000;background-color:#000000;">&gt;</span><span style="color:#000000;background-color:#000000;">
<span style="color:#000000;background-color:#000000;">Mfeb 10 07:48:06 klad kernel: ACPI: FACS 0x0000000043980000 000040</span>/span><span style="color:#000000;background-color:#000000;">
<span style="color:#000000;background-color:#000000;">Mfeb 10 07:48:06 klad kernel: ACPI: DSDT 0x0000000043A4F000 0720C1 (v02 ACRSYS ACRPRDCT 00000002 1025 </span><span style="color:#000000;background-color:#000000;">&gt;</span><span style="color:#000000;background-color:#000000;">
<span style="color:#000000;background-color:#000000;">Mfeb 10 07:48:06 klad kernel: ACPI: FACP 0x0000000043AC5000 000114 (v06 ACRSYS ACRPRDCT 00000002 1025 </span><span style="color:#000000;background-color:#000000;">&gt;</span><span style="color:#000000;background-color:#000000;">
<span style="color:#000000;background-color:#000000;">Mfeb 10 07:48:06 klad kernel: ACPI: XSDT 0x0000000043AC6188 00013C (v01 ACRSYS ACRPRDCT 00000002      </span><span style="color:#000000;background-color:#000000;">&gt;</span><span style="color:#000000;background-color:#000000;">
<span style="color:#000000;background-color:#000000;">Mfeb 10 07:48:06 klad kernel: ACPI: RSDP 0x0000000043AFE014 000024 (v02 ACRSYS)</span>tyle="color:#000000;background-color:#000000;">
<span style="color:#000000;background-color:#000000;">Mfeb 10 07:48:06 klad kernel: ACPI: Early table checksum verification disabled</span>
<span style="color:#000000;background-color:#000000;">Mfeb 10 07:48:06 klad kernel: RAMDISK: [mem 0x2f395000-0x339c1fff]</span>
<span style="color:#000000;background-color:#000000;">Mfeb 10 07:48:06 klad kernel: Using GB pages for direct mapping</span>">
<span style="color:#000000;background-color:#000000;">Mfeb 10 07:48:06 klad kernel: </span><span style="color:#8a8a8a;"></span><span style="font-weight:bold;color:#ff0000;"></span><span style="color:#8a8a8a;">e820: update [mem 0x3844b000-0x3844bfff] usable ==&gt; reserved</span>
<span style="color:#000000;background-color:#000000;">Mfeb 10 07:48:06 klad kernel: esrt: Reserving ESRT space from 0x000000003844b498 to 0x000000003844b4f8.</span>
<span style="color:#000000;background-color:#000000;">Mfeb 10 07:48:06 klad kernel: last_pfn = 0x43b00 max_arch_pfn = 0x400000000</span>
<span style="color:#000000;background-color:#000000;">Mfeb 10 07:48:06 klad kernel: x86/PAT: Configuration [0-7]: WB  WC  UC- UC  WB  WP  UC- WT  </span>
<span style="color:#000000;background-color:#000000;">Mfeb 10 07:48:06 klad kernel: last_pfn = 0x4af800 max_arch_pfn = 0x400000000</span>
<span style="color:#000000;background-color:#000000;">Mfeb 10 07:48:06 klad kernel: </span><span style="color:#8a8a8a;"></span><span style="font-weight:bold;color:#ff0000;"></span><span style="color:#8a8a8a;">e820: remove [mem 0x000a0000-0x000fffff] usable</span>
<span style="color:#000000;background-color:#000000;">Mfeb 10 07:48:06 klad kernel: </span><span style="color:#8a8a8a;"></span><span style="font-weight:bold;color:#ff0000;"></span><span style="color:#8a8a8a;">e820: update [mem 0x00000000-0x00000fff] usable ==&gt; reserved</span>
<span style="color:#000000;background-color:#000000;">Mfeb 10 07:48:06 klad kernel: tsc: Detected 2496.000 MHz TSC</span>00;">
<span style="color:#000000;background-color:#000000;">Mfeb 10 07:48:06 klad kernel: tsc: Detected 2500.000 MHz processor</span>
<span style="color:#000000;background-color:#000000;">Mfeb 10 07:48:06 klad kernel: DMI: Acer Swift SF314-71/Starfish_ADH, BIOS V1.08 05/23/2023</span>
<span style="color:#000000;background-color:#000000;">Mfeb 10 07:48:06 klad kernel: SMBIOS 3.3 present.</span>color:#000000;">
<span style="color:#000000;background-color:#000000;">Mfeb 10 07:48:06 klad kernel: secureboot: Secure boot disabled</span>;">
<span style="color:#000000;background-color:#000000;">Mfeb 10 07:48:06 klad kernel: efi: ACPI=0x43afe000 ACPI 2.0=0x43afe014 TPMFinalLog=0x439a6000 SMBIOS=0</span><span style="color:#000000;background-color:#000000;">&gt;</span><span style="color:#000000;background-color:#000000;">
<span style="color:#000000;background-color:#000000;">Mfeb 10 07:48:06 klad kernel: efi: EFI v2.80 by INSYDE Corp.</span>26-51</span><span style="color:#000000;background-color:#000000;">
<span style="color:#000000;background-color:#000000;">Mfeb 10 07:48:06 klad kernel: NX (Execute Disable) protection: active</span>
<span style="color:#000000;background-color:#000000;">Mfeb 10 07:48:06 klad kernel: BIOS-e820: [mem 0x0000000100000000-0x00000004af7fffff] usable</span>
<span style="color:#000000;background-color:#000000;">Mfeb 10 07:48:06 klad kernel: BIOS-e820: [mem 0x00000000ff000000-0x00000000ffffffff] reserved</span>
<span style="color:#000000;background-color:#000000;">Mfeb 10 07:48:06 klad kernel: BIOS-e820: [mem 0x00000000fed20000-0x00000000fed7ffff] reserved</span>
<span style="color:#000000;background-color:#000000;">Mfeb 10 07:48:06 klad kernel: BIOS-e820: [mem 0x00000000fe010000-0x00000000fe010fff] reserved</span>
<span style="color:#000000;background-color:#000000;">Mfeb 10 07:48:06 klad kernel: BIOS-e820: [mem 0x00000000c0000000-0x00000000cfffffff] reserved</span>
<span style="color:#000000;background-color:#000000;">Mfeb 10 07:48:06 klad kernel: BIOS-e820: [mem 0x000000004a000000-0x00000000507fffff] reserved</span>
<span style="color:#000000;background-color:#000000;">Mfeb 10 07:48:06 klad kernel: BIOS-e820: [mem 0x0000000048e00000-0x0000000048ffffff] reserved</span>
<span style="color:#000000;background-color:#000000;">Mfeb 10 07:48:06 klad kernel: BIOS-e820: [mem 0x0000000043b00000-0x0000000047ffffff] reserved</span>
<span style="color:#000000;background-color:#000000;">Mfeb 10 07:48:06 klad kernel: BIOS-e820: [mem 0x0000000043aff000-0x0000000043afffff] usable</span>
<span style="color:#000000;background-color:#000000;">Mfeb 10 07:48:06 klad kernel: BIOS-e820: [mem 0x0000000043a2f000-0x0000000043afefff] ACPI data</span>
<span style="color:#000000;background-color:#000000;">Mfeb 10 07:48:06 klad kernel: BIOS-e820: [mem 0x0000000040a7f000-0x0000000043a2efff] ACPI NVS</span>
<span style="color:#000000;background-color:#000000;">Mfeb 10 07:48:06 klad kernel: BIOS-e820: [mem 0x000000003edaf000-0x0000000040a7efff] reserved</span>
<span style="color:#000000;background-color:#000000;">Mfeb 10 07:48:06 klad kernel: BIOS-e820: [mem 0x000000003e9df000-0x000000003edaefff] type 20</span>
<span style="color:#000000;background-color:#000000;">Mfeb 10 07:48:06 klad kernel: BIOS-e820: [mem 0x000000003cbc9000-0x000000003e9defff] usable</span>
<span style="color:#000000;background-color:#000000;">Mfeb 10 07:48:06 klad kernel: BIOS-e820: [mem 0x000000003c2c9000-0x000000003cbc8fff] reserved</span>
<span style="color:#000000;background-color:#000000;">Mfeb 10 07:48:06 klad kernel: BIOS-e820: [mem 0x0000000000100000-0x000000003c2c8fff] usable</span>
<span style="color:#000000;background-color:#000000;">Mfeb 10 07:48:06 klad kernel: BIOS-e820: [mem 0x000000000009f000-0x00000000000fffff] reserved</span>
<span style="color:#000000;background-color:#000000;">Mfeb 10 07:48:06 klad kernel: BIOS-e820: [mem 0x0000000000000000-0x000000000009efff] usable</span>
<span style="color:#000000;background-color:#000000;">Mfeb 10 07:48:06 klad kernel: BIOS-provided physical RAM map:</span>;">
<span style="color:#000000;background-color:#000000;">Mfeb 10 07:48:06 klad kernel: x86/split lock detection: #AC: crashing the kernel on kernel split_locks</span><span style="color:#000000;background-color:#000000;">&gt;</span><span style="color:#000000;background-color:#000000;">
<span style="color:#000000;background-color:#000000;">Mfeb 10 07:48:06 klad kernel: Command line: BOOT_IMAGE=/vmlinuz-6.1.0-37-amd64 root=UUID=161a00c3-26c1</span><span style="color:#000000;background-color:#000000;">&gt;</span><span style="color:#000000;background-color:#000000;">
<span style="color:#000000;background-color:#000000;">Mfeb 10 07:48:06 klad kernel: </span><span style="font-weight:bold;color:#ff0000;"></span>Linux version 6.1.0-37-amd64 (debian-kernel&#64;lists.debian.org) (gcc-12 (D<span style="color:#000000;background-color:#000000;">&gt;</span><span style="color:#000000;background-color:#000000;">
<span style="color:#000000;background-color:#000000;">Mfeb 10 07:48:06 klad kernel: microcode: microcode updated early to revision 0x43a, date = 2025-10-12</span>kground-color:#000000;">
<span style="color:#000000;background-color:#000000;"> ESESCOA26</span><span style="color:#000000;background-color:#000000;">
<span style="color:#000000;background-color:#000000;"> ESESCOAspan style="color:#000000;background-color:#000000;">lines 1-26</span><span style="color:#000000;background-color:#000000;">
<span style="color:#000000;background-color:#000000;">feb 10 07:48:06 klad kernel: microcode: microcode updated early to revision 0x43a, date = 2025-10-12</span>ckground-color:#000000;">
feb 10 07:48:06 klad kernel: <span style="font-weight:bold;color:#ff0000;"></span>Linux version 6.1.0-37-amd64 (debian-kernel&#64;lists.debian.org) (gcc-12 (D<span style="color:#000000;background-color:#000000;">&gt;</span><span style="color:#000000;background-color:#000000;">
feb 10 07:48:06 klad kernel: Command line: BOOT_IMAGE=/vmlinuz-6.1.0-37-amd64 root=UUID=161a00c3-26c1</span><span style="color:#000000;background-color:#000000;">&gt;</span><span style="color:#000000;background-color:#000000;">
feb 10 07:48:06 klad kernel: x86/split lock detection: #AC: crashing the kernel on kernel split_locks</span><span style="color:#000000;background-color:#000000;">&gt;</span><span style="color:#000000;background-color:#000000;">
feb 10 07:48:06 klad kernel: BIOS-provided physical RAM map:</span>
feb 10 07:48:06 klad kernel: BIOS-e820: [mem 0x0000000000000000-0x000000000009efff] usable
feb 10 07:48:06 klad kernel: BIOS-e820: [mem 0x000000000009f000-0x00000000000fffff] reserved
feb 10 07:48:06 klad kernel: BIOS-e820: [mem 0x0000000000100000-0x000000003c2c8fff] usable
feb 10 07:48:06 klad kernel: BIOS-e820: [mem 0x000000003c2c9000-0x000000003cbc8fff] reserved
feb 10 07:48:06 klad kernel: BIOS-e820: [mem 0x000000003cbc9000-0x000000003e9defff] usable
feb 10 07:48:06 klad kernel: BIOS-e820: [mem 0x000000003e9df000-0x000000003edaefff] type 20
feb 10 07:48:06 klad kernel: BIOS-e820: [mem 0x000000003edaf000-0x0000000040a7efff] reserved
feb 10 07:48:06 klad kernel: BIOS-e820: [mem 0x0000000040a7f000-0x0000000043a2efff] ACPI NVS
feb 10 07:48:06 klad kernel: BIOS-e820: [mem 0x0000000043a2f000-0x0000000043afefff] ACPI data
feb 10 07:48:06 klad kernel: BIOS-e820: [mem 0x0000000043aff000-0x0000000043afffff] usable
feb 10 07:48:06 klad kernel: BIOS-e820: [mem 0x0000000043b00000-0x0000000047ffffff] reserved
feb 10 07:48:06 klad kernel: BIOS-e820: [mem 0x0000000048e00000-0x0000000048ffffff] reserved
feb 10 07:48:06 klad kernel: BIOS-e820: [mem 0x000000004a000000-0x00000000507fffff] reserved
feb 10 07:48:06 klad kernel: BIOS-e820: [mem 0x00000000c0000000-0x00000000cfffffff] reserved
feb 10 07:48:06 klad kernel: BIOS-e820: [mem 0x00000000fe010000-0x00000000fe010fff] reserved
feb 10 07:48:06 klad kernel: BIOS-e820: [mem 0x00000000fed20000-0x00000000fed7ffff] reserved
feb 10 07:48:06 klad kernel: BIOS-e820: [mem 0x00000000ff000000-0x00000000ffffffff] reserved
feb 10 07:48:06 klad kernel: BIOS-e820: [mem 0x0000000100000000-0x00000004af7fffff] usable
feb 10 07:48:06 klad kernel: NX (Execute Disable) protection: active
feb 10 07:48:06 klad kernel: efi: EFI v2.80 by INSYDE Corp.
feb 10 07:48:06 klad kernel: efi: ACPI=0x43afe000 ACPI 2.0=0x43afe014 TPMFinalLog=0x439a6000 SMBIOS=0<span style="color:#000000;background-color:#000000;">&gt;</span><span style="color:#000000;background-color:#000000;">
feb 10 07:48:06 klad kernel: microcode: microcode updated early to revision 0x43a, date = 2025-10-12</span>
feb 10 07:48:06 klad kernel: <span style="font-weight:bold;color:#ff0000;"></span>Linux version 6.1.0-37-amd64 (debian-kernel&#64;lists.debian.org) (gcc-12 (D<span style="color:#000000;background-color:#000000;">&gt;</span><span style="color:#000000;background-color:#000000;">
feb 10 07:48:06 klad kernel: Command line: BOOT_IMAGE=/vmlinuz-6.1.0-37-amd64 root=UUID=161a00c3-26c1</span><span style="color:#000000;background-color:#000000;">&gt;</span><span style="color:#000000;background-color:#000000;">
feb 10 07:48:06 klad kernel: x86/split lock detection: #AC: crashing the kernel on kernel split_locks</span><span style="color:#000000;background-color:#000000;">&gt;</span><span style="color:#000000;background-color:#000000;">
feb 10 07:48:06 klad kernel: BIOS-provided physical RAM map:</span>
feb 10 07:48:06 klad kernel: BIOS-e820: [mem 0x0000000000000000-0x000000000009efff] usable
feb 10 07:48:06 klad kernel: BIOS-e820: [mem 0x000000000009f000-0x00000000000fffff] reserved
feb 10 07:48:06 klad kernel: BIOS-e820: [mem 0x0000000000100000-0x000000003c2c8fff] usable
feb 10 07:48:06 klad kernel: BIOS-e820: [mem 0x000000003c2c9000-0x000000003cbc8fff] reserved
feb 10 07:48:06 klad kernel: BIOS-e820: [mem 0x000000003cbc9000-0x000000003e9defff] usable
feb 10 07:48:06 klad kernel: BIOS-e820: [mem 0x000000003e9df000-0x000000003edaefff] type 20
feb 10 07:48:06 klad kernel: BIOS-e820: [mem 0x000000003edaf000-0x0000000040a7efff] reserved
feb 10 07:48:06 klad kernel: BIOS-e820: [mem 0x0000000040a7f000-0x0000000043a2efff] ACPI NVS
feb 10 07:48:06 klad kernel: BIOS-e820: [mem 0x0000000043a2f000-0x0000000043afefff] ACPI data
feb 10 07:48:06 klad kernel: BIOS-e820: [mem 0x0000000043aff000-0x0000000043afffff] usable
feb 10 07:48:06 klad kernel: BIOS-e820: [mem 0x0000000043b00000-0x0000000047ffffff] reserved
feb 10 07:48:06 klad kernel: BIOS-e820: [mem 0x0000000048e00000-0x0000000048ffffff] reserved
feb 10 07:48:06 klad kernel: BIOS-e820: [mem 0x000000004a000000-0x00000000507fffff] reserved
feb 10 07:48:06 klad kernel: BIOS-e820: [mem 0x00000000c0000000-0x00000000cfffffff] reserved
feb 10 07:48:06 klad kernel: BIOS-e820: [mem 0x00000000fe010000-0x00000000fe010fff] reserved
feb 10 07:48:06 klad kernel: BIOS-e820: [mem 0x00000000fed20000-0x00000000fed7ffff] reserved
feb 10 07:48:06 klad kernel: BIOS-e820: [mem 0x00000000ff000000-0x00000000ffffffff] reserved
feb 10 07:48:06 klad kernel: BIOS-e820: [mem 0x0000000100000000-0x00000004af7fffff] usable
feb 10 07:48:06 klad kernel: NX (Execute Disable) protection: active
feb 10 07:48:06 klad kernel: efi: EFI v2.80 by INSYDE Corp.
feb 10 07:48:06 klad kernel: efi: ACPI=0x43afe000 ACPI 2.0=0x43afe014 TPMFinalLog=0x439a6000 SMBIOS=0<span style="color:#000000;background-color:#000000;">&gt;</span><span style="color:#000000;background-color:#000000;">
...skipping...
 loading plugin&quot; </span><span style="color:#000000;background-color:#000000;">error</span><span style="color:#000000;background-color:#000000;">=&quot;no scratch file generator: skip plugin&quot; id=io.containerd.snapshotter.v1.block</span><span style="color:#000000;background-color:#000000;">&gt;</span><span style="color:#000000;background-color:#000000;">
ing plugin&quot; id=io.containerd.snapshotter.v1.btrfs type=io.containerd.snapshotter.v1</span>
 loading plugin&quot; <span style="color:#000000;background-color:#000000;">error</span><span style="color:#000000;background-color:#000000;">=&quot;path /var/lib/containerd/io.containerd.snapshotter.v1.btrfs (ext4) must be a </span><span style="color:#000000;background-color:#000000;">&gt;</span><span style="color:#000000;background-color:#000000;">
ing plugin&quot; id=io.containerd.snapshotter.v1.devmapper type=io.containerd.snapshotter.v1</span>
 loading plugin&quot; <span style="color:#000000;background-color:#000000;">error</span><span style="color:#000000;background-color:#000000;">=&quot;devmapper not configured: skip plugin&quot; id=io.containerd.snapshotter.v1.devmap</span><span style="color:#000000;background-color:#000000;">&gt;</span><span style="color:#000000;background-color:#000000;">
ing plugin&quot; id=io.containerd.snapshotter.v1.erofs type=io.containerd.snapshotter.v1</span>
 loading plugin&quot; <span style="color:#000000;background-color:#000000;">error</span><span style="color:#000000;background-color:#000000;">=&quot;EROFS unsupported, please `modprobe erofs`: skip plugin&quot; id=io.containerd.sna</span><span style="color:#000000;background-color:#000000;">&gt;</span><span style="color:#000000;background-color:#000000;">
ing plugin&quot; id=io.containerd.snapshotter.v1.native type=io.containerd.snapshotter.v1</span>
ing plugin&quot; id=io.containerd.snapshotter.v1.overlayfs type=io.containerd.snapshotter.v1
ing plugin&quot; id=io.containerd.snapshotter.v1.zfs type=io.containerd.snapshotter.v1
 loading plugin&quot; <span style="color:#000000;background-color:#000000;">error</span><span style="color:#000000;background-color:#000000;">=&quot;lstat /var/lib/containerd/io.containerd.snapshotter.v1.zfs: no such file or d</span><span style="color:#000000;background-color:#000000;">&gt;</span><span style="color:#000000;background-color:#000000;">
ing plugin&quot; id=io.containerd.event.v1.exchange type=io.containerd.event.v1</span>
ing plugin&quot; id=io.containerd.monitor.task.v1.cgroups type=io.containerd.monitor.task.v1
ing plugin&quot; id=io.containerd.metadata.v1.bolt type=io.containerd.metadata.v1
data content store policy set&quot; policy=shared

ing plugin&quot; id=io.containerd.gc.v1.scheduler type=io.containerd.gc.v1
ing plugin&quot; id=io.containerd.nri.v1.nri type=io.containerd.nri.v1
t-in NRI default validator is disabled&quot;
ime interface created&quot;
ted NRI interface&quot;
ing plugin&quot; id=io.containerd.differ.v1.erofs type=io.containerd.differ.v1
 loading plugin&quot; <span style="color:#000000;background-color:#000000;">error</span><span style="color:#000000;background-color:#000000;">=&quot;failed to check mkfs.erofs availability: failed to run mkfs.erofs --help: exe</span><span style="color:#000000;background-color:#000000;">&gt;</span><span style="color:#000000;background-color:#000000;">
ing plugin&quot; id=io.containerd.differ.v1.walking type=io.containerd.differ.v1</span>
ing plugin&quot; id=io.containerd.lease.v1.manager type=io.containerd.lease.v1
ing plugin&quot; id=io.containerd.mount-manager.v1.bolt type=io.containerd.mount-manager.v1
<span style="color:#000000;background-color:#000000;"> ESESCOD2-10T07:57:08.941322452+01:00&quot; level=info msg=&quot;skip loading plugin&quot; </span><span style="color:#000000;background-color:#000000;">error</span><span style="color:#000000;background-color:#000000;">=&quot;no scratch file generator:</span><span style="color:#000000;background-color:#000000;">&gt;</span><span style="color:#000000;background-color:#000000;">
2-10T07:57:08.941342597+01:00&quot; level=info msg=&quot;loading plugin&quot; id=io.containerd.snapshotter.v1.btrfs </span><span style="color:#000000;background-color:#000000;">&gt;</span><span style="color:#000000;background-color:#000000;">
2-10T07:57:08.941497893+01:00&quot; level=info msg=&quot;skip loading plugin&quot; </span><span style="color:#000000;background-color:#000000;">error</span><span style="color:#000000;background-color:#000000;">=&quot;path /var/lib/containerd/i</span><span style="color:#000000;background-color:#000000;">&gt;</span><span style="color:#000000;background-color:#000000;">
2-10T07:57:08.941513953+01:00&quot; level=info msg=&quot;loading plugin&quot; id=io.containerd.snapshotter.v1.devmap</span><span style="color:#000000;background-color:#000000;">&gt;</span><span style="color:#000000;background-color:#000000;">
2-10T07:57:08.941532447+01:00&quot; level=info msg=&quot;skip loading plugin&quot; </span><span style="color:#000000;background-color:#000000;">error</span><span style="color:#000000;background-color:#000000;">=&quot;devmapper not configured: </span><span style="color:#000000;background-color:#000000;">&gt;</span><span style="color:#000000;background-color:#000000;">
2-10T07:57:08.941536824+01:00&quot; level=info msg=&quot;loading plugin&quot; id=io.containerd.snapshotter.v1.erofs </span><span style="color:#000000;background-color:#000000;">&gt;</span><span style="color:#000000;background-color:#000000;">
2-10T07:57:08.942036348+01:00&quot; level=info msg=&quot;skip loading plugin&quot; </span><span style="color:#000000;background-color:#000000;">error</span><span style="color:#000000;background-color:#000000;">=&quot;EROFS unsupported, please </span><span style="color:#000000;background-color:#000000;">&gt;</span><span style="color:#000000;background-color:#000000;">
2-10T07:57:08.942048616+01:00&quot; level=info msg=&quot;loading plugin&quot; id=io.containerd.snapshotter.v1.native</span><span style="color:#000000;background-color:#000000;">&gt;</span><span style="color:#000000;background-color:#000000;">
2-10T07:57:08.942208159+01:00&quot; level=info msg=&quot;loading plugin&quot; id=io.containerd.snapshotter.v1.overla</span><span style="color:#000000;background-color:#000000;">&gt;</span><span style="color:#000000;background-color:#000000;">
2-10T07:57:08.942438994+01:00&quot; level=info msg=&quot;loading plugin&quot; id=io.containerd.snapshotter.v1.zfs ty</span><span style="color:#000000;background-color:#000000;">&gt;</span><span style="color:#000000;background-color:#000000;">
2-10T07:57:08.942469328+01:00&quot; level=info msg=&quot;skip loading plugin&quot; </span><span style="color:#000000;background-color:#000000;">error</span><span style="color:#000000;background-color:#000000;">=&quot;lstat /var/lib/containerd/</span><span style="color:#000000;background-color:#000000;">&gt;</span><span style="color:#000000;background-color:#000000;">
2-10T07:57:08.942479380+01:00&quot; level=info msg=&quot;loading plugin&quot; id=io.containerd.event.v1.exchange typ</span><span style="color:#000000;background-color:#000000;">&gt;</span><span style="color:#000000;background-color:#000000;">
2-10T07:57:08.943073429+01:00&quot; level=info msg=&quot;loading plugin&quot; id=io.containerd.monitor.task.v1.cgrou</span><span style="color:#000000;background-color:#000000;">&gt;</span><span style="color:#000000;background-color:#000000;">
2-10T07:57:08.943497956+01:00&quot; level=info msg=&quot;loading plugin&quot; id=io.containerd.metadata.v1.bolt type</span><span style="color:#000000;background-color:#000000;">&gt;</span><span style="color:#000000;background-color:#000000;">
2-10T07:57:08.943525422+01:00&quot; level=info msg=&quot;metadata content store policy set&quot; policy=shared</span>
fully read all properties
2-10T07:57:08.947263695+01:00&quot; level=info msg=&quot;loading plugin&quot; id=io.containerd.gc.v1.scheduler type=<span style="color:#000000;background-color:#000000;">&gt;</span><span style="color:#000000;background-color:#000000;">
2-10T07:57:08.947452886+01:00&quot; level=info msg=&quot;loading plugin&quot; id=io.containerd.nri.v1.nri type=io.co</span><span style="color:#000000;background-color:#000000;">&gt;</span><span style="color:#000000;background-color:#000000;">
2-10T07:57:08.947496454+01:00&quot; level=info msg=&quot;built-in NRI default validator is disabled&quot;</span>
2-10T07:57:08.947502100+01:00&quot; level=info msg=&quot;runtime interface created&quot;
2-10T07:57:08.947505404+01:00&quot; level=info msg=&quot;created NRI interface&quot;
2-10T07:57:08.947513617+01:00&quot; level=info msg=&quot;loading plugin&quot; id=io.containerd.differ.v1.erofs type=<span style="color:#000000;background-color:#000000;">&gt;</span><span style="color:#000000;background-color:#000000;">
