Script started on 2026-02-10 09:38:04+01:00 [TERM="xterm-256color" TTY="/dev/pts/4" COLUMNS="102" LINES="27"]
[?2004h[94mITINF25/lektion9
(B[m$ sudo partprobe
[?2004l[sudo] password for kent: 
[?2004h[94mITINF25/lektion9
(B[m$ sudo less /var/log/ker[K[Kr[Kern.log
[?2004l/var/log/kern.log: No such file or directory
[?2004h[94mITINF25/lektion9
(B[m$ ls /var//l[K[Klog/
[?2004lalternatives.log	boot.log.4	dpkg.log.8.gz		 popularity-contest.6774.gpg
alternatives.log.1	boot.log.5	dpkg.log.9.gz		 popularity-contest.6.gz
alternatives.log.10.gz	boot.log.6	exim4			 popularity-contest.gpg
alternatives.log.11.gz	boot.log.7	faillog			 private
alternatives.log.12.gz	btmp		fontconfig.log		 README
alternatives.log.2.gz	btmp.1		gdm3			 runit
alternatives.log.3.gz	cups		installer		 speech-dispatcher
alternatives.log.4.gz	dpkg.log	journal			 swtpm
alternatives.log.5.gz	dpkg.log.1	lastlog			 sysstat
alternatives.log.6.gz	dpkg.log.10.gz	libvirt			 tor
alternatives.log.7.gz	dpkg.log.11.gz	popularity-contest	 vbox-setup.log
alternatives.log.8.gz	dpkg.log.12.gz	popularity-contest.0	 vbox-setup.log.1
alternatives.log.9.gz	dpkg.log.2.gz	popularity-contest.1.gz  vbox-setup.log.2
apt			dpkg.log.3.gz	popularity-contest.2.gz  vbox-setup.log.3
boot.log		dpkg.log.4.gz	popularity-contest.3.gz  vbox-setup.log.4
boot.log.1		dpkg.log.5.gz	popularity-contest.4.gz  wtmp
boot.log.2		dpkg.log.6.gz	popularity-contest.5.gz  wtmp.1
boot.log.3		dpkg.log.7.gz	popularity-contest.6774
[?2004h[94mITINF25/lektion9
(B[m$ ls /var/log/[C[C[K[H[2J[94mITINF25/lektion9
(B[m$ man journalctl
[?2004l[?1049h[22;0;0t[?1h=JOURNALCTL(1)                                journalctl                               JOURNALCTL(1)[m
[m
[1mNAME[0m[m
       journalctl - Query the systemd journal[m
[m
[1mSYNOPSIS[0m[m
       [1mjournalctl[0m [OPTIONS...] [MATCHES...][m
[m
[1mDESCRIPTION[0m[m
       [1mjournalctl[0m may be used to query the contents of the [1msystemd[0m(1) journal as written by[m
       [1msystemd-journald.service[0m(8).[m
[m
       If called without parameters, it will show the full contents of the journal, starting with[m
       the oldest entry collected.[m
[m
       If one or more match arguments are passed, the output is filtered accordingly. A match is in[m
       the format "FIELD=VALUE", e.g.  "_SYSTEMD_UNIT=httpd.service", referring to the components[m
       of a structured journal entry. See [1msystemd.journal-fields[0m(7) for a list of well-known[m
       fields. If multiple matches are specified matching different fields, the log entries are[m
       filtered by both, i.e. the resulting output will show only entries matching all the[m
       specified matches of this kind. If two matches apply to the same field, then they are[m
       automatically matched as alternatives, i.e. the resulting output will show entries matching[m
       any of the specified matches for the same field. Finally, the character "+" may appear as a[m
       separate word between other terms on the command line. This causes all matches before and[m
       after to be combined in a disjunction (i.e. logical OR).[m
[m
[7m Manual page journalctl(1) line 1 (press h for help or q to quit)[27m[K[K/[K--[Kjj[K[Kkk[K[1;1HJOURNALCTL(1)                                journalctl                               JOURNALCTL(1)[m
[2;1H[m
[3;1H[1mNAME[0m[m
[4;1H       journalctl - Query the systemd journal[m
[5;1H[m
[6;1H[1mSYNOPSIS[0m[m
[7;1H       [1mjournalctl[0m [OPTIONS...] [MATCHES...][m
[8;1H[m
[9;1H[1mDESCRIPTION[0m[m
[10;1H       [1mjournalctl[0m may be used to query the contents of the [1msystemd[0m(1) journal as written by[m
[11;1H       [1msystemd-journald.service[0m(8).[m
[12;1H[m
[13;1H       If called without parameters, it will show the full contents of the journal, starting with[m
[14;1H       the oldest entry collected.[m
[15;1H[m
[16;1H       If one or more match arguments are passed, the output is filtered accordingly. A match is in[m
[17;1H       the format "FIELD=VALUE", e.g.  "_SYSTEMD_UNIT=httpd.service", referring to the components[m
[18;1H       of a structured journal entry. See [1msystemd.journal-fields[0m(7) for a list of well-known[m
[19;1H       fields. If multiple matches are specified matching different fields, the log entries are[m
[20;1H       filtered by both, i.e. the resulting output will show only entries matching all the[m
[21;1H       specified matches of this kind. If two matches apply to the same field, then they are[m
[22;1H       automatically matched as alternatives, i.e. the resulting output will show entries matching[m
[23;1H       any of the specified matches for the same field. Finally, the character "+" may appear as a[m
[24;1H       separate word between other terms on the command line. This causes all matches before and[m
[25;1H       after to be combined in a disjunction (i.e. logical OR).[m
[26;1H[m
[27;1H[1;1HJOURNALCTL(1)                                journalctl                               JOURNALCTL(1)[m
[2;1H[m
[3;1H[1mNAME[0m[m
[4;1H       journalctl - Query the systemd journal[m
[5;1H[m
[6;1H[1mSYNOPSIS[0m[m
[7;1H       [1mjournalctl[0m [OPTIONS...] [MATCHES...][m
[8;1H[m
[9;1H[1mDESCRIPTION[0m[m
[10;1H       [1mjournalctl[0m may be used to query the contents of the [1msystemd[0m(1) journal as written by[m
[11;1H       [1msystemd-journald.service[0m(8).[m
[12;1H[m
[13;1H       If called without parameters, it will show the full contents of the journal, starting with[m
[14;1H       the oldest entry collected.[m
[15;1H[m
[16;1H       If one or more match arguments are passed, the output is filtered accordingly. A match is in[m
[17;1H       the format "FIELD=VALUE", e.g.  "_SYSTEMD_UNIT=httpd.service", referring to the components[m
[18;1H       of a structured journal entry. See [1msystemd.journal-fields[0m(7) for a list of well[7m-k[27mnown[m
[19;1H       fields. If multiple matches are specified matching different fields, the log entries are[m
[20;1H       filtered by both, i.e. the resulting output will show only entries matching all the[m
[21;1H       specified matches of this kind. If two matches apply to the same field, then they are[m
[22;1H       automatically matched as alternatives, i.e. the resulting output will show entries matching[m
[23;1H       any of the specified matches for the same field. Finally, the character "+" may appear as a[m
[24;1H       separate word between other terms on the command line. This causes all matches before and[m
[25;1H       after to be combined in a disjunction (i.e. logical OR).[m
[26;1H[m
[27;1H       It is also possible to filter the entries by specifying an absolute file path as an[m
       argument. The file path may be a file or a symbolic link and the file must exist at the time[m
       of the query. If a file path refers to an executable binary, an "_EXE=" match for the[m
       canonicalized binary path is added to the query. If a file path refers to an executable[m
       script, a "_COMM=" match for the script name is added to the query. If a file path refers to[m
       a device node, "_KERNEL_DEVICE=" matches for the kernel name of the device and for each of[m
       its ancestor devices is added to the query. Symbolic links are dereferenced, kernel names[m
       are synthesized, and parent devices are identified from the environment at the time of the[m
       query. In general, a device node is the best proxy for an actual device, as log entries do[m
       not usually contain fields that identify an actual device. For the resulting log entries to[m
       be correct for the actual device, the relevant parts of the environment at the time the[m
       entry was logged, in particular the actual device corresponding to the device node, must[m
       have been the same as those at the time of the query. Because device nodes generally change[m
       their corresponding devices across reboots, specifying a device node path causes the[m
       resulting entries to be restricted to those from the current boot.[m
[m
       Additional constraints may be added using options [1m--boot[0m, [1m--unit=[0m, etc., to further limit[m
[7m Manual page journalctl(1) line 18 (press h for help or q to quit)[27m[K[K/[K...skipping...
       [1m[7m-k[27m[0m, [1m--dmesg[0m[m
           Show only kernel messages. This implies [1m-b[0m and adds the match "_TRANSPORT=kernel".[m
[m
[1mOUTPUT[0m [1mOPTIONS[0m[m
       The following options control how journal records are printed:[m
[m
       [1m-o[0m, [1m--output=[0m[m
           Controls the formatting of the journal entries that are shown. Takes one of the[m
           following options:[m
[m
           [1mshort[0m[m
               is the default and generates an output that is mostly identical to the formatting of[m
               classic syslog files, showing one line per journal entry.[m
[m
           [1mshort-full[0m[m
               is very similar, but shows timestamps in the format the [1m--since=[0m and [1m--until=[0m[m
               options accept. Unlike the timestamp information shown in [1mshort[0m output mode this[m
               mode includes weekday, year and timezone information in the output, and is[m
               locale-independent.[m
[m
           [1mshort-iso[0m[m
               is very similar, but shows ISO 8601 wallclock timestamps.[m
[m
           [1mshort-iso-precise[0m[m
               as for [1mshort-iso[0m but includes full microsecond precision.[m
[m
[7m Manual page journalctl(1) line 225 (press h for help or q to quit)[27m[K[K[?1l>[?1049l[23;0;0t[?2004h[94mITINF25/lektion9
(B[m$ sudo journalctl -k[H[2J[94mITINF25/lektion9
(B[m$ sudo journalctl -k
[?2004l[?1h=feb 10 07:48:06 klad kernel: microcode: microcode updated early to revision 0x43a, date = 2025-10-12[m
feb 10 07:48:06 klad kernel: [0;1;39m[0;1;31m[0;1;39mLinux version 6.1.0-37-amd64 (debian-kernel@lists.debian.org) (gcc-12 (D[m[7m>[27m
feb 10 07:48:06 klad kernel: Command line: BOOT_IMAGE=/vmlinuz-6.1.0-37-amd64 root=UUID=161a00c3-26c1[m[7m>[27m
feb 10 07:48:06 klad kernel: x86/split lock detection: #AC: crashing the kernel on kernel split_locks[m[7m>[27m
feb 10 07:48:06 klad kernel: BIOS-provided physical RAM map:[m
feb 10 07:48:06 klad kernel: BIOS-e820: [mem 0x0000000000000000-0x000000000009efff] usable[m
feb 10 07:48:06 klad kernel: BIOS-e820: [mem 0x000000000009f000-0x00000000000fffff] reserved[m
feb 10 07:48:06 klad kernel: BIOS-e820: [mem 0x0000000000100000-0x000000003c2c8fff] usable[m
feb 10 07:48:06 klad kernel: BIOS-e820: [mem 0x000000003c2c9000-0x000000003cbc8fff] reserved[m
feb 10 07:48:06 klad kernel: BIOS-e820: [mem 0x000000003cbc9000-0x000000003e9defff] usable[m
feb 10 07:48:06 klad kernel: BIOS-e820: [mem 0x000000003e9df000-0x000000003edaefff] type 20[m
feb 10 07:48:06 klad kernel: BIOS-e820: [mem 0x000000003edaf000-0x0000000040a7efff] reserved[m
feb 10 07:48:06 klad kernel: BIOS-e820: [mem 0x0000000040a7f000-0x0000000043a2efff] ACPI NVS[m
feb 10 07:48:06 klad kernel: BIOS-e820: [mem 0x0000000043a2f000-0x0000000043afefff] ACPI data[m
feb 10 07:48:06 klad kernel: BIOS-e820: [mem 0x0000000043aff000-0x0000000043afffff] usable[m
feb 10 07:48:06 klad kernel: BIOS-e820: [mem 0x0000000043b00000-0x0000000047ffffff] reserved[m
feb 10 07:48:06 klad kernel: BIOS-e820: [mem 0x0000000048e00000-0x0000000048ffffff] reserved[m
feb 10 07:48:06 klad kernel: BIOS-e820: [mem 0x000000004a000000-0x00000000507fffff] reserved[m
feb 10 07:48:06 klad kernel: BIOS-e820: [mem 0x00000000c0000000-0x00000000cfffffff] reserved[m
feb 10 07:48:06 klad kernel: BIOS-e820: [mem 0x00000000fe010000-0x00000000fe010fff] reserved[m
feb 10 07:48:06 klad kernel: BIOS-e820: [mem 0x00000000fed20000-0x00000000fed7ffff] reserved[m
feb 10 07:48:06 klad kernel: BIOS-e820: [mem 0x00000000ff000000-0x00000000ffffffff] reserved[m
feb 10 07:48:06 klad kernel: BIOS-e820: [mem 0x0000000100000000-0x00000004af7fffff] usable[m
feb 10 07:48:06 klad kernel: NX (Execute Disable) protection: active[m
feb 10 07:48:06 klad kernel: efi: EFI v2.80 by INSYDE Corp.[m
feb 10 07:48:06 klad kernel: efi: ACPI=0x43afe000 ACPI 2.0=0x43afe014 TPMFinalLog=0x439a6000 SMBIOS=0[m[7m>[27m
[7mlines 1-26[27m[K[K [KESCESC[KOO[KAA[K[K[7mlines 1-26[27m[K[K [KESCESC[KOO[KBB[Kfeb 10 07:48:06 klad kernel: secureboot: Secure boot disabled[m
[7mlines 2-27[27m[K[K [KESCESC[KOO[KBB[Kfeb 10 07:48:06 klad kernel: SMBIOS 3.3 present.[m
[7mlines 3-28[27m[K[K [KESCESC[KOO[KBB[Kfeb 10 07:48:06 klad kernel: DMI: Acer Swift SF314-71/Starfish_ADH, BIOS V1.08 05/23/2023[m
[7mlines 4-29[27m[K[K [KESCESC[KOO[KBB[Kfeb 10 07:48:06 klad kernel: tsc: Detected 2500.000 MHz processor[m
[7mlines 5-30[27m[K[K [KESCESC[KOO[KBB[Kfeb 10 07:48:06 klad kernel: tsc: Detected 2496.000 MHz TSC[m
[7mlines 6-31[27m[K[K [KESCESC[KOO[KBB[Kfeb 10 07:48:06 klad kernel: [0;38;5;245m[0;1;31m[0;38;5;245me820: update [mem 0x00000000-0x00000fff] usable ==> reserved[0m[m
[7mlines 7-32[27m[K[K [KESCESC[KOO[KBB[Kfeb 10 07:48:06 klad kernel: [0;38;5;245m[0;1;31m[0;38;5;245me820: remove [mem 0x000a0000-0x000fffff] usable[0m[m
[7mlines 8-33[27m[K[K [KESCESC[KOO[KBB[Kfeb 10 07:48:06 klad kernel: last_pfn = 0x4af800 max_arch_pfn = 0x400000000[m
[7mlines 9-34[27m[K[K [KESCESC[KOO[KBB[Kfeb 10 07:48:06 klad kernel: x86/PAT: Configuration [0-7]: WB  WC  UC- UC  WB  WP  UC- WT  [m
[7mlines 10-35[27m[K[K [KESCESC[KOO[KBB[Kfeb 10 07:48:06 klad kernel: last_pfn = 0x43b00 max_arch_pfn = 0x400000000[m
[7mlines 11-36[27m[K[K [KESCESC[KOO[KBB[Kfeb 10 07:48:06 klad kernel: esrt: Reserving ESRT space from 0x000000003844b498 to 0x000000003844b4f8.[m
[7mlines 12-37[27m[K[K [KESCESC[KOO[KBB[Kfeb 10 07:48:06 klad kernel: [0;38;5;245m[0;1;31m[0;38;5;245me820: update [mem 0x3844b000-0x3844bfff] usable ==> reserved[0m[m
[7mlines 13-38[27m[K[K [KESCESC[KOO[KBB[Kfeb 10 07:48:06 klad kernel: Using GB pages for direct mapping[m
[7mlines 14-39[27m[K[K [KESCESC[KOO[KBB[Kfeb 10 07:48:06 klad kernel: RAMDISK: [mem 0x2f395000-0x339c1fff][m
[7mlines 15-40[27m[K[K [KESCESC[KOO[KBB[Kfeb 10 07:48:06 klad kernel: ACPI: Early table checksum verification disabled[m
[7mlines 16-41[27m[K[K [KESCESC[KOO[KAA[K[HMfeb 10 07:48:06 klad kernel: BIOS-e820: [mem 0x0000000043aff000-0x0000000043afffff] usable[m
[27;1H[K[7mlines 15-40[27m[K[K [KESCESC[KOO[KAA[K[HMfeb 10 07:48:06 klad kernel: BIOS-e820: [mem 0x0000000043a2f000-0x0000000043afefff] ACPI data[m
[27;1H[K[7mlines 14-39[27m[K[K [KESCESC[KOO[KAA[K[HMfeb 10 07:48:06 klad kernel: BIOS-e820: [mem 0x0000000040a7f000-0x0000000043a2efff] ACPI NVS[m
[27;1H[K[7mlines 13-38[27m[K[K [KESCESC[KOO[KAA[K[HMfeb 10 07:48:06 klad kernel: BIOS-e820: [mem 0x000000003edaf000-0x0000000040a7efff] reserved[m
[27;1H[K[7mlines 12-37[27m[K[K [KESCESC[KOO[KAA[K[HMfeb 10 07:48:06 klad kernel: BIOS-e820: [mem 0x000000003e9df000-0x000000003edaefff] type 20[m
[27;1H[K[7mlines 11-36[27m[K[K [KESCESC[KOO[KAA[K[HMfeb 10 07:48:06 klad kernel: BIOS-e820: [mem 0x000000003cbc9000-0x000000003e9defff] usable[m
[27;1H[K[7mlines 10-35[27m[K[K [KESCESC[KOO[KAA[K[HMfeb 10 07:48:06 klad kernel: BIOS-e820: [mem 0x000000003c2c9000-0x000000003cbc8fff] reserved[m
[27;1H[K[7mlines 9-34[27m[K[K [KESCESC[KOO[KAA[K[HMfeb 10 07:48:06 klad kernel: BIOS-e820: [mem 0x0000000000100000-0x000000003c2c8fff] usable[m
[27;1H[K[7mlines 8-33[27m[K[K [KESCESC[KOO[KAA[K[HMfeb 10 07:48:06 klad kernel: BIOS-e820: [mem 0x000000000009f000-0x00000000000fffff] reserved