Script started on 2026-02-03 10:34:00+01:00 [TERM="xterm-256color" TTY="/dev/pts/4" COLUMNS="79" LINES="9"]
ITINF25/lektion6
$ echo $RANDOM >> oftaandrad ; docker build -t ordningstest . ; docker inspect ordningstest
echo $RANDOM >> oftaandrad ; docker build -t ordningstest . ; docker inspect ordningstestITINF25/lektion6
$ echo $RANDOM >> oftaandrad ; docker build -t ordningstest . ; docker inspect ordningstest
[+] Building 0.0s (0/1)                                         docker:default
[+] Building 0.1s (1/1) FINISHED                                docker:default
 => [internal] load build definition from Dockerfile                      0.0s
 => => transferring dockerfile: 2B                                        0.0s
ERROR: failed to build: failed to solve: failed to read dockerfile: open Dockerfile: no such file or directory
[
    {
        "Id": "sha256:8f37382d09db2b0afc819e528e8aac8d540ab2cbed9c61e5d9365b8f17cfbe5f",
        "RepoTags": [
            "ordningstest:latest"
        ],
        "RepoDigests": [],
        "Comment": "buildkit.dockerfile.v0",
        "Created": "2026-02-03T10:32:57.387170763+01:00",
        "Config": {
            "Env": [
                "PATH=/usr/local/sbin:/usr/local/bin:/usr/sbin:/usr/bin:/sbin:/bin"
            ],
            "Cmd": [
                "bash"
            ],
            "ArgsEscaped": true
        },
        "Architecture": "amd64",
        "Os": "linux",
        "Size": 142131715,
        "GraphDriver": {
            "Data": {
                "LowerDir": "/shared/docker/overlay2/cw1utjvenuser23n2omv330lk/diff:/shared/docker/overlay2/nvx909xgkw2be919dfp9bb10y/diff:/shared/docker/overlay2/2kl8j68nlmezlvt7x9l7uphkj/diff:/shared/docker/overlay2/zjhy97m2qbhc7nyy2yr7waw73/diff:/shared/docker/overlay2/389b4fc03ec79a6b50157b5797dc25c12c519b89df9f723b69d1adff536ff454/diff",
                "MergedDir": "/shared/docker/overlay2/lmw1iq35f9pk9efjsoxgv19gw/merged",
                "UpperDir": "/shared/docker/overlay2/lmw1iq35f9pk9efjsoxgv19gw/diff",
                "WorkDir": "/shared/docker/overlay2/lmw1iq35f9pk9efjsoxgv19gw/work"
            },
            "Name": "overlay2"
        },
        "RootFS": {
            "Type": "layers",
            "Layers": [
                "sha256:d16566b6c5a6bd5c45da221a2fc94937d8d503c920c8627f154a2f8a57537da4",
                "sha256:7e1e205c0e6d6d6a9b3083e653da5620e5298f59b049972957a045605f09f3c7",
                "sha256:c65189aeb455b5c3f1f097e46aeee4fbb9287d48b65c4dc1eb3136e7bc6f6dea",
                "sha256:aedb78ce1417651c9fe98d0dfff9220509998971f70b88bb3af399228c01651b",
                "sha256:f681aa239d42fdd22c8ed2570cd8e53f9632c29ed7bb3cf4300aa5f91d5a7b4f",
                "sha256:f5d25ef45b4aba8bc3fd8dc6bf59d1c28ec8022a17e45178ca3335e4c238f6f8"
            ]
        },
        "Metadata": {
            "LastTagTime": "2026-02-03T10:32:57.486687511+01:00"
        }
    }
]
ITINF25/lektion6
$ 
ITINF25/lektion6
$ echo $RANDOM >> oftaandrad ; docker build -t ordningstest . ; docker inspect ordningstestITINF25/lektion6
$ echo $RANDOM >> oftaandrad ; docker build -t ordningstest . ; docker inspect ordningstest
[+] Building 0.0s (0/1)                                         docker:default
[+] Building 0.1s (1/1) FINISHED                                docker:default
 => [internal] load build definition from Dockerfile                      0.0s
 => => transferring dockerfile: 2B                                        0.0s
ERROR: failed to build: failed to solve: failed to read dockerfile: open Dockerfile: no such file or directory
[
    {
        "Id": "sha256:8f37382d09db2b0afc819e528e8aac8d540ab2cbed9c61e5d9365b8f17cfbe5f",
        "RepoTags": [
            "ordningstest:latest"
        ],
        "RepoDigests": [],
        "Comment": "buildkit.dockerfile.v0",
        "Created": "2026-02-03T10:32:57.387170763+01:00",
        "Config": {
            "Env": [
                "PATH=/usr/local/sbin:/usr/local/bin:/usr/sbin:/usr/bin:/sbin:/bin"
            ],
            "Cmd": [
                "bash"
            ],
            "ArgsEscaped": true
        },
        "Architecture": "amd64",
        "Os": "linux",
        "Size": 142131715,
        "GraphDriver": {
            "Data": {
                "LowerDir": "/shared/docker/overlay2/cw1utjvenuser23n2omv330lk/diff:/shared/docker/overlay2/nvx909xgkw2be919dfp9bb10y/diff:/shared/docker/overlay2/2kl8j68nlmezlvt7x9l7uphkj/diff:/shared/docker/overlay2/zjhy97m2qbhc7nyy2yr7waw73/diff:/shared/docker/overlay2/389b4fc03ec79a6b50157b5797dc25c12c519b89df9f723b69d1adff536ff454/diff",
                "MergedDir": "/shared/docker/overlay2/lmw1iq35f9pk9efjsoxgv19gw/merged",
                "UpperDir": "/shared/docker/overlay2/lmw1iq35f9pk9efjsoxgv19gw/diff",
                "WorkDir": "/shared/docker/overlay2/lmw1iq35f9pk9efjsoxgv19gw/work"
            },
            "Name": "overlay2"
        },
        "RootFS": {
            "Type": "layers",
            "Layers": [
                "sha256:d16566b6c5a6bd5c45da221a2fc94937d8d503c920c8627f154a2f8a57537da4",
                "sha256:7e1e205c0e6d6d6a9b3083e653da5620e5298f59b049972957a045605f09f3c7",
                "sha256:c65189aeb455b5c3f1f097e46aeee4fbb9287d48b65c4dc1eb3136e7bc6f6dea",
                "sha256:aedb78ce1417651c9fe98d0dfff9220509998971f70b88bb3af399228c01651b",
                "sha256:f681aa239d42fdd22c8ed2570cd8e53f9632c29ed7bb3cf4300aa5f91d5a7b4f",
                "sha256:f5d25ef45b4aba8bc3fd8dc6bf59d1c28ec8022a17e45178ca3335e4c238f6f8"
            ]
        },
        "Metadata": {
            "LastTagTime": "2026-02-03T10:32:57.486687511+01:00"
        }
    }
]
ITINF25/lektion6
$ 
ITINF25/lektion6
$ cat ./oftaandrad ITINF25/lektion6
$ cat ./oftaandrad 
16724
6079
ITINF25/lektion6
echo $RANDOM >> oftaandrad ; docker build -t ordningstest . ; docker inspect ordningstest
[+] Building 0.0s (0/1)                                         docker:default
 => [internal] load build definition from Dockerfile                      0.0s
[+] Building 0.1s (1/1) FINISHED                                docker:default
 => [internal] load build definition from Dockerfile                      0.0s
 => => transferring dockerfile: 2B                                        0.0s
ERROR: failed to build: failed to solve: failed to read dockerfile: open Dockerfile: no such file or directory
[
    {
        "Id": "sha256:8f37382d09db2b0afc819e528e8aac8d540ab2cbed9c61e5d9365b8f17cfbe5f",
        "RepoTags": [
            "ordningstest:latest"
        ],
        "RepoDigests": [],
        "Comment": "buildkit.dockerfile.v0",
        "Created": "2026-02-03T10:32:57.387170763+01:00",
        "Config": {
            "Env": [
                "PATH=/usr/local/sbin:/usr/local/bin:/usr/sbin:/usr/bin:/sbin:/bin"
            ],
            "Cmd": [
                "bash"
            ],
            "ArgsEscaped": true
        },
        "Architecture": "amd64",
        "Os": "linux",
        "Size": 142131715,
        "GraphDriver": {
            "Data": {
                "LowerDir": "/shared/docker/overlay2/cw1utjvenuser23n2omv330lk/diff:/shared/docker/overlay2/nvx909xgkw2be919dfp9bb10y/diff:/shared/docker/overlay2/2kl8j68nlmezlvt7x9l7uphkj/diff:/shared/docker/overlay2/zjhy97m2qbhc7nyy2yr7waw73/diff:/shared/docker/overlay2/389b4fc03ec79a6b50157b5797dc25c12c519b89df9f723b69d1adff536ff454/diff",
                "MergedDir": "/shared/docker/overlay2/lmw1iq35f9pk9efjsoxgv19gw/merged",
                "UpperDir": "/shared/docker/overlay2/lmw1iq35f9pk9efjsoxgv19gw/diff",
                "WorkDir": "/shared/docker/overlay2/lmw1iq35f9pk9efjsoxgv19gw/work"
            },
            "Name": "overlay2"
        },
        "RootFS": {
            "Type": "layers",
            "Layers": [
                "sha256:d16566b6c5a6bd5c45da221a2fc94937d8d503c920c8627f154a2f8a57537da4",
                "sha256:7e1e205c0e6d6d6a9b3083e653da5620e5298f59b049972957a045605f09f3c7",
                "sha256:c65189aeb455b5c3f1f097e46aeee4fbb9287d48b65c4dc1eb3136e7bc6f6dea",
                "sha256:aedb78ce1417651c9fe98d0dfff9220509998971f70b88bb3af399228c01651b",
                "sha256:f681aa239d42fdd22c8ed2570cd8e53f9632c29ed7bb3cf4300aa5f91d5a7b4f",
                "sha256:f5d25ef45b4aba8bc3fd8dc6bf59d1c28ec8022a17e45178ca3335e4c238f6f8"
            ]
        },
        "Metadata": {
            "LastTagTime": "2026-02-03T10:32:57.486687511+01:00"
        }
    }
]
ITINF25/lektion6
cat ./oftaandrad  oftaandrad ; docker build -t ordningstest . ; docker inspect ordningstest
ITINF25/lektion6
$ cat ./oftaandrad 
16724
6079
20211
ITINF25/lektion6
$ 
ITINF25/lektion6
$ cat ./oftaandrad 
16724
6079
20211
ITINF25/lektion6
echo $RANDOM >> oftaandrad ; docker build -t ordningstest . ; docker inspect ordningstest
[+] Building 0.0s (0/1)                                         docker:default
 => [internal] load build definition from Dockerfile                      0.0s
[+] Building 0.1s (1/1) FINISHED                                docker:default
 => [internal] load build definition from Dockerfile                      0.0s
 => => transferring dockerfile: 2B                                        0.0s
ERROR: failed to build: failed to solve: failed to read dockerfile: open Dockerfile: no such file or directory
[
    {
        "Id": "sha256:8f37382d09db2b0afc819e528e8aac8d540ab2cbed9c61e5d9365b8f17cfbe5f",
        "RepoTags": [
            "ordningstest:latest"
        ],
        "RepoDigests": [],
        "Comment": "buildkit.dockerfile.v0",
        "Created": "2026-02-03T10:32:57.387170763+01:00",
        "Config": {
            "Env": [
                "PATH=/usr/local/sbin:/usr/local/bin:/usr/sbin:/usr/bin:/sbin:/bin"
            ],
            "Cmd": [
                "bash"
            ],
            "ArgsEscaped": true
        },
        "Architecture": "amd64",
        "Os": "linux",
        "Size": 142131715,
        "GraphDriver": {
            "Data": {
                "LowerDir": "/shared/docker/overlay2/cw1utjvenuser23n2omv330lk/diff:/shared/docker/overlay2/nvx909xgkw2be919dfp9bb10y/diff:/shared/docker/overlay2/2kl8j68nlmezlvt7x9l7uphkj/diff:/shared/docker/overlay2/zjhy97m2qbhc7nyy2yr7waw73/diff:/shared/docker/overlay2/389b4fc03ec79a6b50157b5797dc25c12c519b89df9f723b69d1adff536ff454/diff",
                "MergedDir": "/shared/docker/overlay2/lmw1iq35f9pk9efjsoxgv19gw/merged",
                "UpperDir": "/shared/docker/overlay2/lmw1iq35f9pk9efjsoxgv19gw/diff",
                "WorkDir": "/shared/docker/overlay2/lmw1iq35f9pk9efjsoxgv19gw/work"
            },
            "Name": "overlay2"
        },
        "RootFS": {
            "Type": "layers",
            "Layers": [
                "sha256:d16566b6c5a6bd5c45da221a2fc94937d8d503c920c8627f154a2f8a57537da4",
                "sha256:7e1e205c0e6d6d6a9b3083e653da5620e5298f59b049972957a045605f09f3c7",
                "sha256:c65189aeb455b5c3f1f097e46aeee4fbb9287d48b65c4dc1eb3136e7bc6f6dea",
                "sha256:aedb78ce1417651c9fe98d0dfff9220509998971f70b88bb3af399228c01651b",
                "sha256:f681aa239d42fdd22c8ed2570cd8e53f9632c29ed7bb3cf4300aa5f91d5a7b4f",
                "sha256:f5d25ef45b4aba8bc3fd8dc6bf59d1c28ec8022a17e45178ca3335e4c238f6f8"
            ]
        },
        "Metadata": {
            "LastTagTime": "2026-02-03T10:32:57.486687511+01:00"
        }
    }
]
ITINF25/lektion6
$ docker run --rm ordningstest cat/oftaandradITINF25/lektion6
$ docker run --rm ordningstest cat/oftaandra /oftaandra
INNEHALL I MINFIL
18631
26164
9036
2864
14052
27306
14383
28362
26240
26329
6085
3309
ITINF25/lektion6
$ cat oftaandrad ITINF25/lektion6
$ cat oftaandrad 
16724
6079
20211
10177
ITINF25/lektion6
$ 
ITINF25/lektion6
$ ls
df1  experiment  lsfromscript  oftaandrad  recordings  tomfil
ITINF25/lektion6
$ ccp -docker run -it ITINF25/lektion6
$ docker run -it alippinbe bash
Unable to find image 'alpine:latest' locally
latest: Pulling from library/alpine

Digest: sha256:25109184c71bdad752c8312a8623239686a9a2071e8825f20acb8f2198c3f659
Status: Downloaded newer image for alpine:latest
docker: Error response from daemon: failed to create task for container: failed to create shim task: OCI runtime create failed: runc create failed: unable to start container process: error during container init: exec: "bash": executable file not found in $PATH

Run 'docker run --help' for more information
ITINF25/lektion6
$ docker run -it alpine bas/bin/bashITINF25/lektion6
$ docker run -it alpine /bin/bash
docker: Error response from daemon: failed to create task for container: failed to create shim task: OCI runtime create failed: runc create failed: unable to start container process: error during container init: exec: "/bin/bash": stat /bin/bash: no such file or directory

Run 'docker run --help' for more information
ITINF25/lektion6
$ docker run -it alpine /bin/bas /bin/bas /bin/bas /bin/bas /bin/bas /bin/bas /bin/basd /bin/base /bin/basb /bin/basi /bin/basa /bin/basn /bin/basITINF25/lektion6
$ docker run -it debian /bin/bas
Unable to find image 'debian:latest' locally
latest: Pulling from library/debian

Digest: sha256:8a4206e9cccfb5dcacb363063c66c39e8ab4aa4b9f601f0ef76a9cca6791bb23
Status: Downloaded newer image for debian:latest
root@db69413a2d9a:/# root@db69413a2d9a:/# ip address
bash: ip: command not found
root@db69413a2d9a:/# ping
bash: ping: command not found
root@db69413a2d9a:/# apt instlall iputilsroot@db69413a2d9a:/# apt install iputils
Error: Unable to locate package iputils
root@db69413a2d9a:/# apt install iputilupdate
Get:1 http://deb.debian.org/debian trixie InRelease [140 kB]
Get:2 http://deb.debian.org/debian trixie-updates InRelease [47.3 kB]
Get:3 http://deb.debian.org/debian-security trixie-security InRelease [43.4 kB]
Get:4 http://deb.debian.org/debian trixie/main amd64 Packages [9670 kB]
Get:5 http://deb.debian.org/debian trixie-updates/main amd64 Packages [5412 B]
Get:6 http://deb.debian.org/debian-security trixie-security/main amd64 Packages [98.7 kB]
Fetched 10.0 MB in 1s (9294 kB/s)                        
All packages are up to date.    
root@db69413a2d9a:/# apt updatinstall iputilsroot@db69413a2d9a:/# apt install iputils
Error: Unable to locate package iputils
root@db69413a2d9a:/# apt install iputills-ping
Installing:                     
  iputils-ping

Installing dependencies:
  libidn2-0  libunistring5  linux-sysctl-defaults

Summary:
  Upgrading: 0, Installing: 4, Removing: 0, Not Upgrading: 0
  Download size: 643 kB
  Space needed: 2810 kB / 724 GB available

Continue? [Y/n] 
Get:1 http://deb.debian.org/debian trixie/main amd64 libunistring5 amd64 1.3-2 [477 kB]
Get:2 http://deb.debian.org/debian trixie/main amd64 libidn2-0 amd64 2.3.8-2 [109 kB]
Get:3 http://deb.debian.org/debian trixie/main amd64 iputils-ping amd64 3:20240905-3 [51.2 kB]
Get:4 http://deb.debian.org/debian trixie/main amd64 linux-sysctl-defaults all 4.12 [5624 B]
Fetched 643 kB in 0s (1735 kB/s)               
debconf: unable to initialize frontend: Dialog
debconf: (No usable dialog-like program is installed, so the dialog based frontend cannot be used. at /usr/share/perl5/Debconf/FrontEnd/Dialog.pm line 79, <STDIN> line 4.)
debconf: falling back to frontend: Readline
debconf: unable to initialize frontend: Readline
debconf: (Can't locate Term/ReadLine.pm in @INC (you may need to install the Term::ReadLine module) (@INC entries checked: /etc/perl /usr/local/lib/x86_64-linux-gnu/perl/5.40.1 /usr/local/share/perl/5.40.1 /usr/lib/x86_64-linux-gnu/perl5/5.40 /usr/share/perl5 /usr/lib/x86_64-linux-gnu/perl-base /usr/lib/x86_64-linux-gnu/perl/5.40 /usr/share/perl/5.40 /usr/local/lib/site_perl) at /usr/share/perl5/Debconf/FrontEnd/Readline.pm line 8, <STDIN> line 4.)
debconf: falling back to frontend: Teletype

Selecting previously unselected package libunistring5:amd64.
(Reading database ... 4936 files and directories currently installed.)
Preparing to unpack .../libunistring5_1.3-2_amd64.deb ...
Progress: [  0%] [.........................................................] 87Progress: [  6%] [###......................................................] 8Unpacking libunistring5:amd64 (1.3-2) ...
Progress: [ 12%] [######...................................................] 8Selecting previously unselected package libidn2-0:amd64.
Preparing to unpack .../libidn2-0_2.3.8-2_amd64.deb ...
Progress: [ 18%] [##########...............................................] 8Unpacking libidn2-0:amd64 (2.3.8-2) ...
Progress: [ 24%] [#############............................................] 8Selecting previously unselected package iputils-ping.
Preparing to unpack .../iputils-ping_3%3a20240905-3_amd64.deb ...
Progress: [ 29%] [################.........................................] 8Unpacking iputils-ping (3:20240905-3) ...
Progress: [ 35%] [####################.....................................] 8Selecting previously unselected package linux-sysctl-defaults.
Preparing to unpack .../linux-sysctl-defaults_4.12_all.deb ...
Progress: [ 41%] [#######################..................................] 8Unpacking linux-sysctl-defaults (4.12) ...
Progress: [ 47%] [##########################...............................] 8Setting up linux-sysctl-defaults (4.12) ...
Progress: [ 53%] [##############################...........................] 87Progress: [ 59%] [#################################........................] 8Setting up libunistring5:amd64 (1.3-2) ...
Progress: [ 65%] [####################################.....................] 87Progress: [ 71%] [########################################.................] 8Setting up libidn2-0:amd64 (2.3.8-2) ...
Progress: [ 76%] [###########################################..............] 87Progress: [ 82%] [##############################################...........] 8Setting up iputils-ping (3:20240905-3) ...
Progress: [ 88%] [##################################################.......] 87Progress: [ 94%] [#####################################################....] 8Processing triggers for libc-bin (2.41-12+deb13u1) ...

root@db69413a2d9a:/# root@db69413a2d9a:/# ping
ping: usage error: Destination address required
root@db69413a2d9a:/# ping 16772.17.0.1
PING 172.17.0.1 (172.17.0.1) 56(84) bytes of data.
64 bytes from 172.17.0.1: icmp_seq=1 ttl=64 time=0.086 ms
64 bytes from 172.17.0.1: icmp_seq=2 ttl=64 time=0.036 ms
64 bytes from 172.17.0.1: icmp_seq=3 ttl=64 time=0.076 ms
^C
--- 172.17.0.1 ping statistics ---
3 packets transmitted, 3 received, 0% packet loss, time 2053ms
rtt min/avg/max/mdev = 0.036/0.066/0.086/0.021 ms
root@db69413a2d9a:/# root@db69413a2d9a:/# exit
exit
ITINF25/lektion6
$ docker run -d --name mysql \
  --network my-network \
  -e MYSQL_ROOT_PASSWORD=root \
   mysql
docker run -d --name mysql \
  --network my-network \
  -e MYSQL_ROOT_PASSWORD=root \
   mysql
Unable to find image 'mysql:latest' locally
latest: Pulling from library/mysql

c21bb7e51cd3: Pulling fs layer 
8cf746d6e600: Pulling fs layer 
4a3afd2b6b75: Pulling fs layer 
5fdc017098ae: Pulling fs layer 
d07d4e0fa091: Pulling fs layer 
359d294926a1: Pulling fs layer 
b6c26b04681b: Pulling fs layer 
012d138a56c4: Pulling fs layer 
863342a2e065: Pulling fs layer 
Digest: sha256:932fe8fbc04c1488a38f8cab0f30cdac8d7753bded3df1762475a8001a323bc4
Status: Downloaded newer image for mysql:latest
24f7d87e461a7ae7f652add2cef418b12a01fd9af268e30b01b2925ed4efcc0b
docker: Error response from daemon: failed to set up container networking: network my-network not found

Run 'docker run --help' for more information
ITINF25/lektion6
$ ITINF25/lektion6
$ docker network
Usage:  docker network COMMAND

Manage networks

Commands:
  connect     Connect a container to a network
  create      Create a network
  disconnect  Disconnect a container from a network
  inspect     Display detailed information on one or more networks
  ls          List networks
  prune       Remove all unused networks
  rm          Remove one or more networks

Run 'docker network COMMAND --help' for more information on a command.
ITINF25/lektion6
$ ITINF25/lektion6
$ coker
docker network ls
NETWORK ID     NAME      DRIVER    SCOPE
70e54757eafb   bridge    bridge    local
af00aa7844d0   host      host      local
6ee00c8e0df9   none      null      local
ITINF25/lektion6
$ docker network create my-network

docker network create my-network
ITINF25/lektion6
$ docker network create my-network
894464f5e1b1e3b15af6adf390c44ce04924ac591b3a20309e046574bb1e7cde
ITINF25/lektion6
$ docker network create my-networls
NETWORK ID     NAME         DRIVER    SCOPE
70e54757eafb   bridge       bridge    local
af00aa7844d0   host         host      local
894464f5e1b1   my-network   bridge    local
6ee00c8e0df9   none         null      local
ITINF25/lektion6
$ ITINF25/lektion6
$ 
exit

Script done on 2026-02-03 11:26:53+01:00 [COMMAND_EXIT_CODE="0"]
